******************************************************************************
             TMS320C2000 Linker PC v22.6.2                     
******************************************************************************
>> Linked Fri Mar 20 14:50:12 2026

OUTPUT FILE NAME:   <dual_axis_servo_drive_fcl_qep_f2837x.out>
ENTRY POINT SYMBOL: "code_start"  address: 00080000


MEMORY CONFIGURATION

         name            origin    length      used     unused   attr    fill
----------------------  --------  ---------  --------  --------  ----  --------
  BOOT_RSVD             00000002   00000121  00000000  00000121  RWIX
  RAMM0                 00000123   000002dd  00000000  000002dd  RWIX
  RAMM1                 00000400   000003f8  00000380  00000078  RWIX
  ADCA_RESULT           00000b00   00000020  00000000  00000020  RWIX
  ADCB_RESULT           00000b20   00000020  00000000  00000020  RWIX
  ADCC_RESULT           00000b40   00000020  00000000  00000020  RWIX
  ADCD_RESULT           00000b60   00000020  00000000  00000020  RWIX
  CPU_TIMER0            00000c00   00000008  00000000  00000008  RWIX
  CPU_TIMER1            00000c08   00000008  00000000  00000008  RWIX
  CPU_TIMER2            00000c10   00000008  00000000  00000008  RWIX
  PIE_CTRL              00000ce0   00000020  0000001a  00000006  RWIX
  PIE_VECT              00000d00   00000200  00000000  00000200  RWIX
  DMA                   00001000   00000200  00000000  00000200  RWIX
  CLA1                  00001400   00000040  00000000  00000040  RWIX
  CLA1_MSGRAMLOW        00001480   00000080  00000000  00000080  RWIX
  CLA1_MSGRAMHIGH       00001500   00000080  00000000  00000080  RWIX
  EPWM1                 00004000   00000100  00000000  00000100  RWIX
  EPWM2                 00004100   00000100  00000000  00000100  RWIX
  EPWM3                 00004200   00000100  00000000  00000100  RWIX
  EPWM4                 00004300   00000100  00000000  00000100  RWIX
  EPWM5                 00004400   00000100  00000000  00000100  RWIX
  EPWM6                 00004500   00000100  00000000  00000100  RWIX
  EPWM7                 00004600   00000100  00000000  00000100  RWIX
  EPWM8                 00004700   00000100  00000000  00000100  RWIX
  EPWM9                 00004800   00000100  00000000  00000100  RWIX
  EPWM10                00004900   00000100  00000000  00000100  RWIX
  EPWM11                00004a00   00000100  00000000  00000100  RWIX
  EPWM12                00004b00   00000100  00000000  00000100  RWIX
  ECAP1                 00005000   00000020  00000000  00000020  RWIX
  ECAP2                 00005020   00000020  00000000  00000020  RWIX
  ECAP3                 00005040   00000020  00000000  00000020  RWIX
  ECAP4                 00005060   00000020  00000000  00000020  RWIX
  ECAP5                 00005080   00000020  00000000  00000020  RWIX
  ECAP6                 000050a0   00000020  00000000  00000020  RWIX
  EQEP1                 00005100   00000040  00000000  00000040  RWIX
  EQEP2                 00005140   00000040  00000000  00000040  RWIX
  EQEP3                 00005180   00000040  00000000  00000040  RWIX
  DACA                  00005c00   00000010  00000000  00000010  RWIX
  DACB                  00005c10   00000010  00000000  00000010  RWIX
  DACC                  00005c20   00000010  00000000  00000010  RWIX
  CMPSS1                00005c80   00000020  00000000  00000020  RWIX
  CMPSS2                00005ca0   00000020  00000000  00000020  RWIX
  CMPSS3                00005cc0   00000020  00000000  00000020  RWIX
  CMPSS4                00005ce0   00000020  00000000  00000020  RWIX
  CMPSS5                00005d00   00000020  00000000  00000020  RWIX
  CMPSS6                00005d20   00000020  00000000  00000020  RWIX
  CMPSS7                00005d40   00000020  00000000  00000020  RWIX
  CMPSS8                00005d60   00000020  00000000  00000020  RWIX
  SDFM1                 00005e00   00000080  00000000  00000080  RWIX
  SDFM2                 00005e80   00000080  00000000  00000080  RWIX
  MCBSPA                00006000   00000040  00000000  00000040  RWIX
  MCBSPB                00006040   00000040  00000000  00000040  RWIX
  SPIA                  00006100   00000010  00000000  00000010  RWIX
  SPIB                  00006110   00000010  00000000  00000010  RWIX
  SPIC                  00006120   00000010  00000000  00000010  RWIX
  SPID                  00006130   00000010  00000000  00000010  RWIX
  UPP                   00006200   00000100  00000000  00000100  RWIX
  WD                    00007000   00000040  00000000  00000040  RWIX
  NMIINTRUPT            00007060   00000010  00000000  00000010  RWIX
  XINT                  00007070   00000010  00000000  00000010  RWIX
  SCIA                  00007200   00000010  00000000  00000010  RWIX
  SCIB                  00007210   00000010  00000000  00000010  RWIX
  SCIC                  00007220   00000010  00000000  00000010  RWIX
  SCID                  00007230   00000010  00000000  00000010  RWIX
  I2CA                  00007300   00000040  00000000  00000040  RWIX
  I2CB                  00007340   00000040  00000000  00000040  RWIX
  ADCA                  00007400   00000080  00000000  00000080  RWIX
  ADCB                  00007480   00000080  00000000  00000080  RWIX
  ADCC                  00007500   00000080  00000000  00000080  RWIX
  ADCD                  00007580   00000080  00000000  00000080  RWIX
  INPUT_XBAR            00007900   00000020  00000000  00000020  RWIX
  XBAR                  00007920   00000020  00000000  00000020  RWIX
  SYNC_SOC              00007940   00000010  00000000  00000010  RWIX
  DMACLASRCSEL          00007980   00000040  00000000  00000040  RWIX
  EPWM_XBAR             00007a00   00000040  00000000  00000040  RWIX
  CLB_XBAR              00007a40   00000040  00000000  00000040  RWIX
  OUTPUT_XBAR           00007a80   00000040  00000000  00000040  RWIX
  GPIOCTRL              00007c00   00000180  00000000  00000180  RWIX
  GPIODAT               00007f00   00000030  00000000  00000030  RWIX
  RAMLS0                00008000   00000800  0000075f  000000a1  RWIX
  RAMLS1                00008800   00000800  00000000  00000800  RWIX
  RAMLS2                00009000   00000800  00000100  00000700  RWIX
  RAMLS3                00009800   00000800  0000033c  000004c4  RWIX
  RAMLS4                0000a000   00000800  00000384  0000047c  RWIX
  RAMLS5                0000a800   00000800  00000000  00000800  RWIX
  RAMD0                 0000b000   00000800  00000000  00000800  RWIX
  RAMD1                 0000b800   00000800  00000000  00000800  RWIX
  RAMGS0                0000c000   00001000  00000a30  000005d0  RWIX
  RAMGS1                0000d000   00001000  00000000  00001000  RWIX
  RAMGS2                0000e000   00001000  00000000  00001000  RWIX
  RAMGS3                0000f000   00001000  00000000  00001000  RWIX
  RAMGS4                00010000   00001000  00000000  00001000  RWIX
  RAMGS5                00011000   00001000  00000000  00001000  RWIX
  RAMGS6                00012000   00001000  00000000  00001000  RWIX
  RAMGS7                00013000   00001000  00000000  00001000  RWIX
  RAMGS8                00014000   00001000  00000000  00001000  RWIX
  RAMGS9                00015000   00001000  00000000  00001000  RWIX
  RAMGS10               00016000   00001000  00000000  00001000  RWIX
  RAMGS11               00017000   00001000  00000000  00001000  RWIX
  RAMGS12               00018000   00001000  00000000  00001000  RWIX
  RAMGS13               00019000   00001000  00000000  00001000  RWIX
  RAMGS14               0001a000   00001000  00000000  00001000  RWIX
  RAMGS15               0001b000   00000ff8  00000000  00000ff8  RWIX
  CPU2TOCPU1RAM         0003f800   00000400  00000000  00000400  RWIX
  CPU1TOCPU2RAM         0003fc00   00000400  00000000  00000400  RWIX
  EMIF1                 00047000   00000800  00000000  00000800  RWIX
  EMIF2                 00047800   00000800  00000000  00000800  RWIX
  CANA                  00048000   00000800  00000000  00000800  RWIX
  CANA_MSG_RAM          00049000   00000800  00000000  00000800  RWIX
  CANB                  0004a000   00000800  00000000  00000800  RWIX
  CANB_MSG_RAM          0004b000   00000800  00000000  00000800  RWIX
  IPC                   00050000   00000024  00000000  00000024  RWIX
  FLASHPUMPSEMAPHORE    00050024   00000002  00000000  00000002  RWIX
  DEV_CFG               0005d000   00000180  00000000  00000180  RWIX
  ANALOG_SUBSYS         0005d180   00000080  00000000  00000080  RWIX
  CLK_CFG               0005d200   00000100  00000000  00000100  RWIX
  CPU_SYS               0005d300   00000100  00000000  00000100  RWIX
  ROMPREFETCH           0005e608   00000002  00000000  00000002  RWIX
  DCSM_Z1               0005f000   00000030  00000000  00000030  RWIX
  DCSM_Z2               0005f040   00000030  00000000  00000030  RWIX
  DCSM_COMMON           0005f070   00000010  00000000  00000010  RWIX
  MEMCFG                0005f400   00000080  00000000  00000080  RWIX
  EMIF1CONFIG           0005f480   00000020  00000000  00000020  RWIX
  EMIF2CONFIG           0005f4a0   00000020  00000000  00000020  RWIX
  ACCESSPROTECTION      0005f4c0   00000040  00000000  00000040  RWIX
  MEMORYERROR           0005f500   00000040  00000000  00000040  RWIX
  ROMWAITSTATE          0005f540   00000002  00000000  00000002  RWIX
  FLASH0_CTRL           0005f800   00000300  00000000  00000300  RWIX
  FLASH0_ECC            0005fb00   00000040  00000000  00000040  RWIX
  BEGIN                 00080000   00000002  00000002  00000000  RWIX
  FLASHA                00080002   00001ffe  00001ffc  00000002  RWIX
  FLASHB                00082000   00002000  00000024  00001fdc  RWIX
  FLASHC                00084000   00002000  00000000  00002000  RWIX
  FLASHD                00086000   00002000  00000000  00002000  RWIX
  FLASHE                00088000   00008000  00000a30  000075d0  RWIX
  FLASHF                00090000   00008000  00000384  00007c7c  RWIX
  FLASHG                00098000   00008000  000000ac  00007f54  RWIX
  FLASHH                000a0000   00008000  00000000  00008000  RWIX
  FLASHI                000a8000   00008000  00000000  00008000  RWIX
  FLASHJ                000b0000   00008000  00000000  00008000  RWIX
  FLASHK                000b8000   00002000  00000000  00002000  RWIX
  FLASHL                000ba000   00002000  00000000  00002000  RWIX
  FLASHM                000bc000   00002000  00000000  00002000  RWIX
  FLASHN                000be000   00001ff0  00000000  00001ff0  RWIX
  RESET                 003fffc0   00000002  00000000  00000002  RWIX


SECTION ALLOCATION MAP

 output                                  attributes/
section   page    origin      length       input sections
--------  ----  ----------  ----------   ----------------
Cla1SoftIntRegsFile 
*          0    00000ce0    00000000     DSECT

PieCtrlRegsFile 
*          0    00000ce0    0000001a     UNINITIALIZED
                  00000ce0    0000001a     F2837xD_GlobalVariableDefs.obj (PieCtrlRegsFile)

codestart 
*          0    00080000    00000002     
                  00080000    00000002     F2837xD_CodeStartBranch.obj (codestart)

.cinit     0    00098000    000000ac     
                  00098000    00000072     (.cinit.ClaData.load) [load image, compression = lzss]
                  00098072    00000023     (.cinit..data.load) [load image, compression = lzss]
                  00098095    00000001     --HOLE-- [fill = 0]
                  00098096    00000006     (__TI_handler_table)
                  0009809c    00000004     (.cinit..bss.load) [load image, compression = zero_init]
                  000980a0    0000000c     (__TI_cinit_table)

.reset     0    003fffc0    00000000     DSECT

.stack     0    00000400    00000380     UNINITIALIZED
                  00000400    00000380     --HOLE--

.init_array 
*          0    00098000    00000000     UNINITIALIZED

.bss       0    0000868c    000000d6     UNINITIALIZED
                  0000868c    00000024     dual_axis_servo_drive.obj (.bss:halMtr)
                  000086b0    00000004     dual_axis_servo_drive.obj (.bss:halMtrHandle)
                  000086b4    00000002     dual_axis_servo_drive.obj (.bss:FCL_cycleCount)
                  000086b6    0000000a     --HOLE--
                  000086c0    00000062     dual_axis_servo_drive.obj (.bss)
                  00008722    00000040     dual_axis_servo_drive.obj (.bss:sciPrepBuffer)

.data      0    00008000    00000689     UNINITIALIZED
                  00008000    00000190     dual_axis_servo_drive.obj (.data:DBUFF_4CH1)
                  00008190    00000190     dual_axis_servo_drive.obj (.data:DBUFF_4CH2)
                  00008320    00000190     dual_axis_servo_drive.obj (.data:DBUFF_4CH3)
                  000084b0    00000190     dual_axis_servo_drive.obj (.data:DBUFF_4CH4)
                  00008640    0000002e     dual_axis_servo_drive.obj (.data)
                  0000866e    00000006     device.obj (.data)
                  00008674    00000006     rts2800_fpu32_eabi.lib : exit.c.obj (.data)
                  0000867a    00000004     dual_axis_servo_drive.obj (.data:vTimer0)
                  0000867e    00000004     dual_axis_servo_drive.obj (.data:vTimer1)
                  00008682    00000004     dual_axis_servo_drive.obj (.data:vTimer2)
                  00008686    00000002     rts2800_fpu32_eabi.lib : _lock.c.obj (.data:_lock)
                  00008688    00000001     dual_axis_servo_drive_user.obj (.data)

ClaData    0    00009800    0000033c     UNINITIALIZED
                  00009800    00000298     dual_axis_servo_drive.obj (ClaData)
                  00009a98    000000a4     fcl_cpu_code_dm.obj (ClaData)

Cla1Prog   0    00090000    00000384     RUN ADDR = 0000a000
                  00090000    000000d4     fcl_cla_code_dm.obj (Cla1Prog:Cla1Task5)
                  000900d4    000000ca     fcl_cla_code_dm.obj (Cla1Prog:Cla1Task1)
                  0009019e    000000b0     fcl_cla_code_dm.obj (Cla1Prog:Cla1Task8)
                  0009024e    000000aa     fcl_cla_code_dm.obj (Cla1Prog:Cla1Task4)
                  000902f8    0000002c     fcl_cla_code_dm.obj (Cla1Prog:Cla1Task3)
                  00090324    00000024     fcl_cla_code_dm.obj (Cla1Prog:Cla1Task2)
                  00090348    00000022     fcl_cla_code_dm.obj (Cla1Prog:Cla1Task7)
                  0009036a    0000001a     fcl_cla_code_dm.obj (Cla1Prog:Cla1Task6)

CLAscratch 
*          0    00009000    00000100     UNINITIALIZED
                  00009000    00000100     --HOLE--

.const_cla 
*          0    0000a000    00000000     UNINITIALIZED

.TI.ramfunc 
*          0    00088000    00000a30     RUN ADDR = 0000c000
                  00088000    00000344     dual_axis_servo_drive.obj (.TI.ramfunc:motor2ControlISR)
                  00088344    00000306     dual_axis_servo_drive.obj (.TI.ramfunc:motor1ControlISR)
                  0008864a    000000e5     fcl_cpu_code_dm.obj (.TI.ramfunc:FCL_runPICtrlWrap_M1)
                  0008872f    00000001     --HOLE-- [fill = 0]
                  00088730    000000da     fcl_cpu_code_dm.obj (.TI.ramfunc:FCL_runPICtrlWrap_M2)
                  0008880a    000000d7     fcl_cpu_code_dm.obj (.TI.ramfunc:FCL_runPICtrl_M1)
                  000888e1    00000001     --HOLE-- [fill = 0]
                  000888e2    000000d3     fcl_cpu_code_dm.obj (.TI.ramfunc:FCL_runPICtrl_M2)
                  000889b5    00000046     driverlib_eabi.lib : flash.obj (.TI.ramfunc:Flash_initModule)
                  000889fb    00000031     fcl_cpu_code_dm.obj (.TI.ramfunc:FCL_resetController)
                  00088a2c    00000004     driverlib_eabi.lib : sysctl.obj (.TI.ramfunc)

.text.1    0    00080004    00001ffc     
                  00080004    000003ce     dual_axis_servo_drive_hal.obj (.text:HAL_setupGPIOs)
                  000803d2    00000294     dual_axis_servo_drive_user.obj (.text:initMotorParameters)
                  00080666    0000022c     dual_axis_servo_drive.obj (.text:main)
                  00080892    000001cd     driverlib_eabi.lib : sysctl.obj (.text:SysCtl_setClock)
                  00080a5f    000001c9     dual_axis_servo_drive_user.obj (.text:runOffsetsCalculation)
                  00080c28    00000171     dual_axis_servo_drive.obj (.text:runMotorControl)
                  00080d99    00000158     dual_axis_servo_drive_user.obj (.text:initControlVars)
                  00080ef1    0000012e     dual_axis_servo_drive_hal.obj (.text:HAL_setupMotorPWMs)
                  0008101f    00000001     rts2800_fpu32_eabi.lib : _lock.c.obj (.text)
                  00081020    0000010b     dual_axis_servo_drive_hal.obj (.text:HAL_setupMotorFaultProtection)
                  0008112b    000000e5     dual_axis_servo_drive_hal.obj (.text:HAL_setupADCs)
                  00081210    000000de     device.obj (.text:Device_enableAllPeripherals)
                  000812ee    000000b3     dual_axis_servo_drive_hal.obj (.text:HAL_setupCLA)
                  000813a1    000000b1     driverlib_eabi.lib : sysctl.obj (.text:SysCtl_selectXTAL)
                  00081452    00000088     rts2800_fpu32_eabi.lib : fs_div28.asm.obj (.text)
                  000814da    00000086     motorboard.obj (.text:mySCIB_init)
                  00081560    00000073     dual_axis_servo_drive_hal.obj (.text:HAL_setupCMPSS)
                  000815d3    00000063     dlog_4ch_f.obj (.text:DLOG_4CH_F_FUNC)
                  00081636    0000005c     driverlib_eabi.lib : adc.obj (.text:ADC_setINLTrim)
                  00081692    00000058     dual_axis_servo_drive_hal.obj (.text:HAL_setupInterrupts)
                  000816ea    00000056     dual_axis_servo_drive_hal.obj (.text:HAL_setupQEP)
                  00081740    00000053     dual_axis_servo_drive_hal.obj (.text:HAL_init)
                  00081793    00000053     driverlib_eabi.lib : memcfg.obj (.text:MemCfg_getInitStatus)
                  000817e6    00000051     dual_axis_servo_drive.obj (.text:sendWaveformData)
                  00081837    00000049     dual_axis_servo_drive_hal.obj (.text:HAL_MTR_init)
                  00081880    00000044     driverlib_eabi.lib : sysctl.obj (.text:SysCtl_getDeviceParametric)
                  000818c4    00000043                        : memcfg.obj (.text:MemCfg_initSections)
                  00081907    00000041                        : interrupt.obj (.text:Interrupt_initModule)
                  00081948    00000040     dual_axis_servo_drive.obj (.text:runSyncControl)
                  00081988    0000003f     device.obj (.text:Device_init)
                  000819c7    0000003f     driverlib_eabi.lib : gpio.obj (.text:GPIO_setPadConfig)
                  00081a06    0000003d                        : adc.obj (.text:ADC_setOffsetTrim)
                  00081a43    0000003a     dual_axis_servo_drive_user.obj (.text:resetControlVars)
                  00081a7d    00000036     dual_axis_servo_drive_hal.obj (.text:HAL_setParams)
                  00081ab3    00000036     driverlib_eabi.lib : interrupt.obj (.text:Interrupt_enable)
                  00081ae9    00000033     device.obj (.text:Device_configureTMXAnalogTrim)
                  00081b1c    00000030     driverlib_eabi.lib : gpio.obj (.text:GPIO_setPinConfig)
                  00081b4c    0000002e     rts2800_fpu32_eabi.lib : copy_decompress_lzss.c.obj (.text:decompress:lzss)
                  00081b7a    0000002b     driverlib_eabi.lib : sysctl.obj (.text:SysCtl_selectOscSource)
                  00081ba5    0000002b                        : xbar.obj (.text:XBAR_setEPWMMuxConfig)
                  00081bd0    0000002b     rts2800_fpu32_eabi.lib : autoinit.c.obj (.text:__TI_auto_init_nobinit_nopinit)
                  00081bfb    00000029                            : exit.c.obj (.text)
                  00081c24    00000027     fcl_cpu_code_dm.obj (.text:FCL_initADC_3I)
                  00081c4b    00000026     dual_axis_servo_drive.obj (.text:generateWaveforms)
                  00081c71    00000025     driverlib_eabi.lib : memcfg.obj (.text:MemCfg_setLSRAMControllerSel)
                  00081c96    00000023     motorboard.obj (.text:Board_init)
                  00081cb9    00000023     driverlib_eabi.lib : sci.obj (.text:SCI_setConfig)
                  00081cdc    00000022                        : gpio.obj (.text:GPIO_setControllerCore)
                  00081cfe    00000022                        : gpio.obj (.text:GPIO_setQualificationMode)
                  00081d20    00000020     device.obj (.text:Device_enableUnbondedGPIOPullups)
                  00081d40    00000020     driverlib_eabi.lib : gpio.obj (.text:GPIO_setDirectionMode)
                  00081d60    0000001f     dlog_4ch_f.obj (.text:DLOG_4CH_F_init)
                  00081d7f    0000001e     device.obj (.text:Device_initGPIO)
                  00081d9d    0000001d     device.obj (.text:Device_enableUnbondedGPIOPullupsFor100Pin)
                  00081dba    0000001d     rts2800_fpu32_eabi.lib : memcpy.c.obj (.text)
                  00081dd7    0000001c     driverlib_eabi.lib : cla.obj (.text:CLA_setTriggerSource)
                  00081df3    0000001c     fcl_cpu_code_dm.obj (.text:FCL_initPWM)
                  00081e0f    0000001c     driverlib_eabi.lib : sci.obj (.text:SCI_clearInterruptStatus)
                  00081e2b    0000001c     dual_axis_servo_drive.obj (.text:ramper)
                  00081e47    0000001a     dual_axis_servo_drive.obj (.text:A0)
                  00081e61    0000001a     dual_axis_servo_drive_hal.obj (.text:HAL_setupCpuTimer)
                  00081e7b    00000019     driverlib_eabi.lib : cmpss.obj (.text:CMPSS_configFilterHigh)
                  00081e94    00000019                        : cmpss.obj (.text:CMPSS_configFilterLow)
                  00081ead    00000019     dual_axis_servo_drive_hal.obj (.text:HAL_setupCMPSS_DACValue)
                  00081ec6    00000018     dual_axis_servo_drive_hal.obj (.text:HAL_enableInterrupts)
                  00081ede    00000017     dual_axis_servo_drive.obj (.text:B0)
                  00081ef5    00000017     dual_axis_servo_drive.obj (.text:B2)
                  00081f0c    00000017     dual_axis_servo_drive.obj (.text:C0)
                  00081f23    00000017     rts2800_fpu32_eabi.lib : boot28.asm.obj (.text)
                  00081f3a    00000015     driverlib_eabi.lib : interrupt.obj (.text:Interrupt_initVectorTable)
                  00081f4f    00000012     dual_axis_servo_drive.obj (.text:C1)
                  00081f61    00000011     driverlib_eabi.lib : adc.obj (.text:ADC_setMode)
                  00081f72    00000010     dual_axis_servo_drive.obj (.text:A3)
                  00081f82    0000000f     driverlib_eabi.lib : sysctl.obj (.text:SysCtl_pollCpuTimer)
                  00081f91    0000000d     dual_axis_servo_drive.obj (.text:A1)
                  00081f9e    0000000d     rts2800_fpu32_eabi.lib : copy_zero_init.c.obj (.text:decompress:ZI:__TI_zero_init_nomemset)
                  00081fab    0000000c     dual_axis_servo_drive_hal.obj (.text:HAL_setMotorParams)
                  00081fb7    0000000c     driverlib_eabi.lib : interrupt.obj (.text:Interrupt_defaultHandler)
                  00081fc3    0000000c     rts2800_fpu32_eabi.lib : args_main.c.obj (.text)
                  00081fcf    0000000a     driverlib_eabi.lib : interrupt.obj (.text:Interrupt_illegalOperationHandler)
                  00081fd9    0000000a                        : interrupt.obj (.text:Interrupt_nmiHandler)
                  00081fe3    00000008     F2837xD_CodeStartBranch.obj (.text)
                  00081feb    00000008     fcl_cpu_code_dm.obj (.text:FCL_initQEP)
                  00081ff3    00000008     rts2800_fpu32_eabi.lib : copy_decompress_none.c.obj (.text:decompress:none)
                  00081ffb    00000002     fcl_cpu_code_dm.obj (.text:FCL_getSwVersion)
                  00081ffd    00000002     rts2800_fpu32_eabi.lib : pre_init.c.obj (.text)
                  00081fff    00000001                            : startup.c.obj (.text)

.text.2    0    00082000    00000024     
                  00082000    00000006     dual_axis_servo_drive.obj (.text:A2)
                  00082006    00000006     dual_axis_servo_drive.obj (.text:B1)
                  0008200c    00000006     dual_axis_servo_drive.obj (.text:B3)
                  00082012    00000006     dual_axis_servo_drive.obj (.text:C2)
                  00082018    00000006     dual_axis_servo_drive.obj (.text:C3)
                  0008201e    00000006     driverlib_eabi.lib : cputimer.obj (.text:CPUTimer_setEmulationMode)

MODULE SUMMARY

       Module                           code    ro data   rw data
       ------                           ----    -------   -------
    .\sources\
       dual_axis_servo_drive.obj        4528    0         2526   
       dual_axis_servo_drive_hal.obj    2537    0         0      
       fcl_cpu_code_dm.obj              1921    0         164    
       fcl_cla_code_dm.obj              1800    0         0      
       dual_axis_servo_drive_user.obj   1519    0         1      
       motorboard.obj                   169     0         0      
       dlog_4ch_f.obj                   130     0         0      
    +--+--------------------------------+-------+---------+---------+
       Total:                           12604   0         2691   
                                                                 
    .\src_device\
       device.obj                       427     0         6      
       F2837xD_GlobalVariableDefs.obj   0       0         26     
       F2837xD_CodeStartBranch.obj      10      0         0      
    +--+--------------------------------+-------+---------+---------+
       Total:                           437     0         32     
                                                                 
    C:\TI\C2000Ware_MotorControl_SDK_5_04_00_00\c2000ware\driverlib\f2837xd\driverlib\ccs\Release\driverlib_eabi.lib
       sysctl.obj                       772     0         0      
       gpio.obj                         211     0         0      
       memcfg.obj                       187     0         0      
       interrupt.obj                    172     0         0      
       adc.obj                          170     0         0      
       flash.obj                        140     0         0      
       sci.obj                          63      0         0      
       cmpss.obj                        50      0         0      
       xbar.obj                         43      0         0      
       cla.obj                          28      0         0      
       cputimer.obj                     6       0         0      
    +--+--------------------------------+-------+---------+---------+
       Total:                           1842    0         0      
                                                                 
    D:\TI\ccs\ccs\tools\compiler\ti-cgt-c2000_22.6.2.LTS\lib\rts2800_fpu32_eabi.lib
       fs_div28.asm.obj                 136     0         0      
       exit.c.obj                       41      0         6      
       copy_decompress_lzss.c.obj       46      0         0      
       autoinit.c.obj                   43      0         0      
       memcpy.c.obj                     29      0         0      
       boot28.asm.obj                   23      0         0      
       copy_zero_init.c.obj             13      0         0      
       args_main.c.obj                  12      0         0      
       copy_decompress_none.c.obj       8       0         0      
       _lock.c.obj                      1       0         2      
       pre_init.c.obj                   2       0         0      
       startup.c.obj                    1       0         0      
    +--+--------------------------------+-------+---------+---------+
       Total:                           355     0         8      
                                                                 
       Stack:                           0       0         896    
       Linker Generated:                0       171       0      
    +--+--------------------------------+-------+---------+---------+
       Grand Total:                     15238   171       3627   


LINKER GENERATED COPY TABLES

__TI_cinit_table @ 000980a0 records: 3, size/record: 4, table size: 12
	ClaData: load addr=00098000, load size=00000072 bytes, run addr=00009800, run size=0000033c bytes, compression=lzss
	.data: load addr=00098072, load size=00000023 bytes, run addr=00008000, run size=00000689 bytes, compression=lzss
	.bss: load addr=0009809c, load size=00000004 bytes, run addr=0000868c, run size=000000d6 bytes, compression=zero_init


LINKER GENERATED HANDLER TABLE

__TI_handler_table @ 00098096 records: 3, size/record: 2, table size: 6
	index: 0, handler: __TI_zero_init
	index: 1, handler: __TI_decompress_lzss
	index: 2, handler: __TI_decompress_none


GLOBAL DATA SYMBOLS: SORTED BY DATA PAGE

address     data page           name
--------    ----------------    ----
00000400      10 (00000400)     __stack

00000ce0      33 (00000cc0)     PieCtrlRegs

00008000     200 (00008000)     DBUFF_4CH1

00008190     206 (00008180)     DBUFF_4CH2

00008320     20c (00008300)     DBUFF_4CH3

000084b0     212 (00008480)     DBUFF_4CH4

00008640     219 (00008640)     serialCommsTimer
00008641     219 (00008640)     sciTxIndex
00008642     219 (00008640)     sciTxCount
00008643     219 (00008640)     sciPrepCount
00008644     219 (00008640)     sciTxBusy
00008645     219 (00008640)     sciDataReady
00008646     219 (00008640)     clkPrescale
00008647     219 (00008640)     sampWin
00008648     219 (00008640)     thresh
00008649     219 (00008640)     enableFlag
0000864a     219 (00008640)     backTicker
0000864b     219 (00008640)     led1Cnt
0000864c     219 (00008640)     led2Cnt
0000864d     219 (00008640)     runMotor
0000864e     219 (00008640)     ctrlState
0000864f     219 (00008640)     flagSyncRun
00008650     219 (00008640)     t
00008652     219 (00008640)     amplitude
00008654     219 (00008640)     period
00008656     219 (00008640)     samplingRate
00008658     219 (00008640)     VdTesting
0000865a     219 (00008640)     VqTesting
0000865c     219 (00008640)     posPtrMax
0000865e     219 (00008640)     dlogCh1
00008660     219 (00008640)     dlogCh2
00008662     219 (00008640)     dlogCh3
00008664     219 (00008640)     dlogCh4
00008666     219 (00008640)     speedRef
00008668     219 (00008640)     IdRef
0000866a     219 (00008640)     IqRef
0000866c     219 (00008640)     rampDelayMax
0000866e     219 (00008640)     Example_Result
00008670     219 (00008640)     Example_PassCount
00008672     219 (00008640)     Example_Fail
00008674     219 (00008640)     __TI_enable_exit_profile_output
00008676     219 (00008640)     __TI_cleanup_ptr
00008678     219 (00008640)     __TI_dtors_ptr
0000867a     219 (00008640)     vTimer0
0000867e     219 (00008640)     vTimer1

00008682     21a (00008680)     vTimer2
00008686     21a (00008680)     _lock
00008688     21a (00008680)     offsetCalCounter
0000868c     21a (00008680)     halMtr
000086b0     21a (00008680)     halMtrHandle
000086b4     21a (00008680)     FCL_cycleCount

000086c0     21b (000086c0)     Alpha_State_Ptr
000086c2     21b (000086c0)     A_Task_Ptr
000086c4     21b (000086c0)     B_Task_Ptr
000086c6     21b (000086c0)     C_Task_Ptr
000086c8     21b (000086c0)     dt
000086ca     21b (000086c0)     halHandle
000086cc     21b (000086c0)     dlog_4ch1

00008700     21c (00008700)     hal
00008722     21c (00008700)     sciPrepBuffer

00009800     260 (00009800)     motorVars

00009a98     26a (00009a80)     fclVars


GLOBAL SYMBOLS: SORTED ALPHABETICALLY BY Name 

page  address   name                                     
----  -------   ----                                     
0     00081e47  A0                                       
0     00081f91  A1                                       
0     00082000  A2                                       
0     00081f72  A3                                       
0     00081636  ADC_setINLTrim                           
0     00081f61  ADC_setMode                              
0     00081a06  ADC_setOffsetTrim                        
0     000086c2  A_Task_Ptr                               
0     000086c0  Alpha_State_Ptr                          
0     00081ede  B0                                       
0     00082006  B1                                       
0     00081ef5  B2                                       
0     0008200c  B3                                       
0     000086c4  B_Task_Ptr                               
0     00081c96  Board_init                               
0     00081bfb  C$$EXIT                                  
0     00081f0c  C0                                       
0     00081f4f  C1                                       
0     00082012  C2                                       
0     00082018  C3                                       
abs   00000100  CLA_SCRATCHPAD_SIZE                      
0     00081dd7  CLA_setTriggerSource                     
0     00081e7b  CMPSS_configFilterHigh                   
0     00081e94  CMPSS_configFilterLow                    
0     0008201e  CPUTimer_setEmulationMode                
0     000086c6  C_Task_Ptr                               
abs   00000000  Cla1ConstLoadSize                        
0     0000a000  Cla1ConstLoadStart                       
0     0000a000  Cla1ConstRunStart                        
0     0000a0d4  Cla1Task1                                
0     0000a324  Cla1Task2                                
0     0000a2f8  Cla1Task3                                
0     0000a24e  Cla1Task4                                
0     0000a000  Cla1Task5                                
0     0000a36a  Cla1Task6                                
0     0000a348  Cla1Task7                                
0     0000a19e  Cla1Task8                                
0     00090384  Cla1funcsLoadEnd                         
abs   00000384  Cla1funcsLoadSize                        
0     00090000  Cla1funcsLoadStart                       
0     0000a000  Cla1funcsRunStart                        
0     00008000  DBUFF_4CH1                               
0     00008190  DBUFF_4CH2                               
0     00008320  DBUFF_4CH3                               
0     000084b0  DBUFF_4CH4                               
0     000815d3  DLOG_4CH_F_FUNC                          
0     00081d60  DLOG_4CH_F_init                          
0     00081ae9  Device_configureTMXAnalogTrim            
0     00081210  Device_enableAllPeripherals              
0     00081d20  Device_enableUnbondedGPIOPullups         
0     00081d9d  Device_enableUnbondedGPIOPullupsFor100Pin
0     00081988  Device_init                              
0     00081d7f  Device_initGPIO                          
0     00008672  Example_Fail                             
0     00008670  Example_PassCount                        
0     0000866e  Example_Result                           
0     000086b4  FCL_cycleCount                           
0     00081ffb  FCL_getSwVersion                         
0     00081c24  FCL_initADC_3I                           
0     00081df3  FCL_initPWM                              
0     00081feb  FCL_initQEP                              
0     0000c9fb  FCL_resetController                      
0     0000c64a  FCL_runPICtrlWrap_M1                     
0     0000c730  FCL_runPICtrlWrap_M2                     
0     0000c80a  FCL_runPICtrl_M1                         
0     0000c8e2  FCL_runPICtrl_M2                         
0     0000c9b5  Flash_initModule                         
0     00081cdc  GPIO_setControllerCore                   
0     00081d40  GPIO_setDirectionMode                    
0     000819c7  GPIO_setPadConfig                        
0     00081b1c  GPIO_setPinConfig                        
0     00081cfe  GPIO_setQualificationMode                
0     00081837  HAL_MTR_init                             
0     00081ec6  HAL_enableInterrupts                     
0     00081740  HAL_init                                 
0     00081fab  HAL_setMotorParams                       
0     00081a7d  HAL_setParams                            
0     0008112b  HAL_setupADCs                            
0     000812ee  HAL_setupCLA                             
0     00081560  HAL_setupCMPSS                           
0     00081ead  HAL_setupCMPSS_DACValue                  
0     00081e61  HAL_setupCpuTimer                        
0     00080004  HAL_setupGPIOs                           
0     00081692  HAL_setupInterrupts                      
0     00081020  HAL_setupMotorFaultProtection            
0     00080ef1  HAL_setupMotorPWMs                       
0     000816ea  HAL_setupQEP                             
0     00008668  IdRef                                    
0     00081fb7  Interrupt_defaultHandler                 
0     00081ab3  Interrupt_enable                         
0     00081fcf  Interrupt_illegalOperationHandler        
0     00081907  Interrupt_initModule                     
0     00081f3a  Interrupt_initVectorTable                
0     00081fd9  Interrupt_nmiHandler                     
0     0000866a  IqRef                                    
0     00081793  MemCfg_getInitStatus                     
0     000818c4  MemCfg_initSections                      
0     00081c71  MemCfg_setLSRAMControllerSel             
0     00000ce0  PieCtrlRegs                              
0     00088a30  RamfuncsLoadEnd                          
abs   00000a30  RamfuncsLoadSize                         
0     00088000  RamfuncsLoadStart                        
0     0000ca30  RamfuncsRunEnd                           
abs   00000a30  RamfuncsRunSize                          
0     0000c000  RamfuncsRunStart                         
0     00081e0f  SCI_clearInterruptStatus                 
0     000814da  SCI_init                                 
0     00081cb9  SCI_setConfig                            
0     0000ca2c  SysCtl_delay                             
0     00081880  SysCtl_getDeviceParametric               
0     00081b7a  SysCtl_selectOscSource                   
0     000813a1  SysCtl_selectXTAL                        
0     00080892  SysCtl_setClock                          
0     00008658  VdTesting                                
0     0000865a  VqTesting                                
0     00081ba5  XBAR_setEPWMMuxConfig                    
0     000980a0  __TI_CINIT_Base                          
0     000980ac  __TI_CINIT_Limit                         
0     000980ac  __TI_CINIT_Warm                          
0     00098096  __TI_Handler_Table_Base                  
0     0009809c  __TI_Handler_Table_Limit                 
0     00000780  __TI_STACK_END                           
abs   00000380  __TI_STACK_SIZE                          
0     00081bd0  __TI_auto_init_nobinit_nopinit           
0     00008676  __TI_cleanup_ptr                         
0     00081b4c  __TI_decompress_lzss                     
0     00081ff3  __TI_decompress_none                     
0     00008678  __TI_dtors_ptr                           
0     00008674  __TI_enable_exit_profile_output          
abs   ffffffff  __TI_pprof_out_hndl                      
abs   ffffffff  __TI_prof_data_size                      
abs   ffffffff  __TI_prof_data_start                     
0     00081f9e  __TI_zero_init_nomemset                  
0     00081452  __c28xabi_divf                           
n/a   UNDEFED   __c_args__                               
0     00000400  __stack                                  
0     00081fc3  _args_main                               
0     00081f23  _c_int00                                 
0     00008686  _lock                                    
0     0008101f  _nop                                     
0     00081fff  _system_post_cinit                       
0     00081ffd  _system_pre_init                         
0     00081bfb  abort                                    
0     00008652  amplitude                                
0     0000864a  backTicker                               
0     00008646  clkPrescale                              
0     00080000  code_start                               
0     0000864e  ctrlState                                
0     0000865e  dlogCh1                                  
0     00008660  dlogCh2                                  
0     00008662  dlogCh3                                  
0     00008664  dlogCh4                                  
0     000086cc  dlog_4ch1                                
0     000086c8  dt                                       
0     00008649  enableFlag                               
0     00081bfd  exit                                     
0     00009a98  fclVars                                  
0     0000864f  flagSyncRun                              
0     00081c4b  generateWaveforms                        
0     00008700  hal                                      
0     000086ca  halHandle                                
0     0000868c  halMtr                                   
0     000086b0  halMtrHandle                             
0     00080d99  initControlVars                          
0     000803d2  initMotorParameters                      
0     0000864b  led1Cnt                                  
0     0000864c  led2Cnt                                  
0     00080666  main                                     
0     00081dba  memcpy                                   
0     0000c344  motor1ControlISR                         
0     0000c000  motor2ControlISR                         
0     00009800  motorVars                                
0     000814da  mySCIB_init                              
0     00008688  offsetCalCounter                         
0     00008654  period                                   
0     0000865c  posPtrMax                                
0     0000866c  rampDelayMax                             
0     00081e2b  ramper                                   
0     00081a43  resetControlVars                         
0     0000864d  runMotor                                 
0     00080c28  runMotorControl                          
0     00080a5f  runOffsetsCalculation                    
0     00081948  runSyncControl                           
0     00008647  sampWin                                  
0     00008656  samplingRate                             
0     00008645  sciDataReady                             
0     00008722  sciPrepBuffer                            
0     00008643  sciPrepCount                             
0     00008644  sciTxBusy                                
0     00008642  sciTxCount                               
0     00008641  sciTxIndex                               
0     000817e6  sendWaveformData                         
0     00008640  serialCommsTimer                         
0     00008666  speedRef                                 
0     00008650  t                                        
0     00008648  thresh                                   
0     0000867a  vTimer0                                  
0     0000867e  vTimer1                                  
0     00008682  vTimer2                                  


GLOBAL SYMBOLS: SORTED BY Symbol Address 

page  address   name                                     
----  -------   ----                                     
0     00000400  __stack                                  
0     00000780  __TI_STACK_END                           
0     00000ce0  PieCtrlRegs                              
0     00008000  DBUFF_4CH1                               
0     00008190  DBUFF_4CH2                               
0     00008320  DBUFF_4CH3                               
0     000084b0  DBUFF_4CH4                               
0     00008640  serialCommsTimer                         
0     00008641  sciTxIndex                               
0     00008642  sciTxCount                               
0     00008643  sciPrepCount                             
0     00008644  sciTxBusy                                
0     00008645  sciDataReady                             
0     00008646  clkPrescale                              
0     00008647  sampWin                                  
0     00008648  thresh                                   
0     00008649  enableFlag                               
0     0000864a  backTicker                               
0     0000864b  led1Cnt                                  
0     0000864c  led2Cnt                                  
0     0000864d  runMotor                                 
0     0000864e  ctrlState                                
0     0000864f  flagSyncRun                              
0     00008650  t                                        
0     00008652  amplitude                                
0     00008654  period                                   
0     00008656  samplingRate                             
0     00008658  VdTesting                                
0     0000865a  VqTesting                                
0     0000865c  posPtrMax                                
0     0000865e  dlogCh1                                  
0     00008660  dlogCh2                                  
0     00008662  dlogCh3                                  
0     00008664  dlogCh4                                  
0     00008666  speedRef                                 
0     00008668  IdRef                                    
0     0000866a  IqRef                                    
0     0000866c  rampDelayMax                             
0     0000866e  Example_Result                           
0     00008670  Example_PassCount                        
0     00008672  Example_Fail                             
0     00008674  __TI_enable_exit_profile_output          
0     00008676  __TI_cleanup_ptr                         
0     00008678  __TI_dtors_ptr                           
0     0000867a  vTimer0                                  
0     0000867e  vTimer1                                  
0     00008682  vTimer2                                  
0     00008686  _lock                                    
0     00008688  offsetCalCounter                         
0     0000868c  halMtr                                   
0     000086b0  halMtrHandle                             
0     000086b4  FCL_cycleCount                           
0     000086c0  Alpha_State_Ptr                          
0     000086c2  A_Task_Ptr                               
0     000086c4  B_Task_Ptr                               
0     000086c6  C_Task_Ptr                               
0     000086c8  dt                                       
0     000086ca  halHandle                                
0     000086cc  dlog_4ch1                                
0     00008700  hal                                      
0     00008722  sciPrepBuffer                            
0     00009800  motorVars                                
0     00009a98  fclVars                                  
0     0000a000  Cla1ConstLoadStart                       
0     0000a000  Cla1ConstRunStart                        
0     0000a000  Cla1Task5                                
0     0000a000  Cla1funcsRunStart                        
0     0000a0d4  Cla1Task1                                
0     0000a19e  Cla1Task8                                
0     0000a24e  Cla1Task4                                
0     0000a2f8  Cla1Task3                                
0     0000a324  Cla1Task2                                
0     0000a348  Cla1Task7                                
0     0000a36a  Cla1Task6                                
0     0000c000  RamfuncsRunStart                         
0     0000c000  motor2ControlISR                         
0     0000c344  motor1ControlISR                         
0     0000c64a  FCL_runPICtrlWrap_M1                     
0     0000c730  FCL_runPICtrlWrap_M2                     
0     0000c80a  FCL_runPICtrl_M1                         
0     0000c8e2  FCL_runPICtrl_M2                         
0     0000c9b5  Flash_initModule                         
0     0000c9fb  FCL_resetController                      
0     0000ca2c  SysCtl_delay                             
0     0000ca30  RamfuncsRunEnd                           
0     00080000  code_start                               
0     00080004  HAL_setupGPIOs                           
0     000803d2  initMotorParameters                      
0     00080666  main                                     
0     00080892  SysCtl_setClock                          
0     00080a5f  runOffsetsCalculation                    
0     00080c28  runMotorControl                          
0     00080d99  initControlVars                          
0     00080ef1  HAL_setupMotorPWMs                       
0     0008101f  _nop                                     
0     00081020  HAL_setupMotorFaultProtection            
0     0008112b  HAL_setupADCs                            
0     00081210  Device_enableAllPeripherals              
0     000812ee  HAL_setupCLA                             
0     000813a1  SysCtl_selectXTAL                        
0     00081452  __c28xabi_divf                           
0     000814da  SCI_init                                 
0     000814da  mySCIB_init                              
0     00081560  HAL_setupCMPSS                           
0     000815d3  DLOG_4CH_F_FUNC                          
0     00081636  ADC_setINLTrim                           
0     00081692  HAL_setupInterrupts                      
0     000816ea  HAL_setupQEP                             
0     00081740  HAL_init                                 
0     00081793  MemCfg_getInitStatus                     
0     000817e6  sendWaveformData                         
0     00081837  HAL_MTR_init                             
0     00081880  SysCtl_getDeviceParametric               
0     000818c4  MemCfg_initSections                      
0     00081907  Interrupt_initModule                     
0     00081948  runSyncControl                           
0     00081988  Device_init                              
0     000819c7  GPIO_setPadConfig                        
0     00081a06  ADC_setOffsetTrim                        
0     00081a43  resetControlVars                         
0     00081a7d  HAL_setParams                            
0     00081ab3  Interrupt_enable                         
0     00081ae9  Device_configureTMXAnalogTrim            
0     00081b1c  GPIO_setPinConfig                        
0     00081b4c  __TI_decompress_lzss                     
0     00081b7a  SysCtl_selectOscSource                   
0     00081ba5  XBAR_setEPWMMuxConfig                    
0     00081bd0  __TI_auto_init_nobinit_nopinit           
0     00081bfb  C$$EXIT                                  
0     00081bfb  abort                                    
0     00081bfd  exit                                     
0     00081c24  FCL_initADC_3I                           
0     00081c4b  generateWaveforms                        
0     00081c71  MemCfg_setLSRAMControllerSel             
0     00081c96  Board_init                               
0     00081cb9  SCI_setConfig                            
0     00081cdc  GPIO_setControllerCore                   
0     00081cfe  GPIO_setQualificationMode                
0     00081d20  Device_enableUnbondedGPIOPullups         
0     00081d40  GPIO_setDirectionMode                    
0     00081d60  DLOG_4CH_F_init                          
0     00081d7f  Device_initGPIO                          
0     00081d9d  Device_enableUnbondedGPIOPullupsFor100Pin
0     00081dba  memcpy                                   
0     00081dd7  CLA_setTriggerSource                     
0     00081df3  FCL_initPWM                              
0     00081e0f  SCI_clearInterruptStatus                 
0     00081e2b  ramper                                   
0     00081e47  A0                                       
0     00081e61  HAL_setupCpuTimer                        
0     00081e7b  CMPSS_configFilterHigh                   
0     00081e94  CMPSS_configFilterLow                    
0     00081ead  HAL_setupCMPSS_DACValue                  
0     00081ec6  HAL_enableInterrupts                     
0     00081ede  B0                                       
0     00081ef5  B2                                       
0     00081f0c  C0                                       
0     00081f23  _c_int00                                 
0     00081f3a  Interrupt_initVectorTable                
0     00081f4f  C1                                       
0     00081f61  ADC_setMode                              
0     00081f72  A3                                       
0     00081f91  A1                                       
0     00081f9e  __TI_zero_init_nomemset                  
0     00081fab  HAL_setMotorParams                       
0     00081fb7  Interrupt_defaultHandler                 
0     00081fc3  _args_main                               
0     00081fcf  Interrupt_illegalOperationHandler        
0     00081fd9  Interrupt_nmiHandler                     
0     00081feb  FCL_initQEP                              
0     00081ff3  __TI_decompress_none                     
0     00081ffb  FCL_getSwVersion                         
0     00081ffd  _system_pre_init                         
0     00081fff  _system_post_cinit                       
0     00082000  A2                                       
0     00082006  B1                                       
0     0008200c  B3                                       
0     00082012  C2                                       
0     00082018  C3                                       
0     0008201e  CPUTimer_setEmulationMode                
0     00088000  RamfuncsLoadStart                        
0     00088a30  RamfuncsLoadEnd                          
0     00090000  Cla1funcsLoadStart                       
0     00090384  Cla1funcsLoadEnd                         
0     00098096  __TI_Handler_Table_Base                  
0     0009809c  __TI_Handler_Table_Limit                 
0     000980a0  __TI_CINIT_Base                          
0     000980ac  __TI_CINIT_Limit                         
0     000980ac  __TI_CINIT_Warm                          
abs   00000000  Cla1ConstLoadSize                        
abs   00000100  CLA_SCRATCHPAD_SIZE                      
abs   00000380  __TI_STACK_SIZE                          
abs   00000384  Cla1funcsLoadSize                        
abs   00000a30  RamfuncsLoadSize                         
abs   00000a30  RamfuncsRunSize                          
abs   ffffffff  __TI_pprof_out_hndl                      
abs   ffffffff  __TI_prof_data_size                      
abs   ffffffff  __TI_prof_data_start                     
n/a   UNDEFED   __c_args__                               

[199 symbols]
