******************************************************************************
             TMS320C2000 Linker PC v22.6.2                     
******************************************************************************
>> Linked Thu Mar  5 16:43:47 2026

OUTPUT FILE NAME:   <dual_axis_servo_drive_fcl_qep_f2837x.out>
ENTRY POINT SYMBOL: "code_start"  address: 00000000


MEMORY CONFIGURATION

         name            origin    length      used     unused   attr    fill
----------------------  --------  ---------  --------  --------  ----  --------
  BEGIN                 00000000   00000002  00000002  00000000  RWIX
  BOOT_RSVD             00000002   00000121  00000000  00000121  RWIX
  RAMM0                 00000123   000002dd  000000a2  0000023b  RWIX
  RAMM1                 00000400   000003f8  00000380  00000078  RWIX
  ADCA_RESULT           00000b00   00000020  00000000  00000020  RWIX
  ADCB_RESULT           00000b20   00000020  00000000  00000020  RWIX
  ADCC_RESULT           00000b40   00000020  00000000  00000020  RWIX
  ADCD_RESULT           00000b60   00000020  00000000  00000020  RWIX
  CPU_TIMER0            00000c00   00000008  00000000  00000008  RWIX
  CPU_TIMER1            00000c08   00000008  00000000  00000008  RWIX
  CPU_TIMER2            00000c10   00000008  00000000  00000008  RWIX
  PIE_CTRL              00000ce0   00000020  00000000  00000020  RWIX
  PIE_VECT              00000d00   00000200  00000000  00000200  RWIX
  DMA                   00001000   00000200  00000000  00000200  RWIX
  CLA1                  00001400   00000040  00000000  00000040  RWIX
  CLA1_MSGRAMLOW        00001480   00000080  00000000  00000080  RWIX
  CLA1_MSGRAMHIGH       00001500   00000080  00000000  00000080  RWIX
  EPWM1                 00004000   00000100  00000000  00000100  RWIX
  EPWM2                 00004100   00000100  00000000  00000100  RWIX
  EPWM3                 00004200   00000100  00000000  00000100  RWIX
  EPWM4                 00004300   00000100  00000000  00000100  RWIX
  EPWM5                 00004400   00000100  00000000  00000100  RWIX
  EPWM6                 00004500   00000100  00000000  00000100  RWIX
  EPWM7                 00004600   00000100  00000000  00000100  RWIX
  EPWM8                 00004700   00000100  00000000  00000100  RWIX
  EPWM9                 00004800   00000100  00000000  00000100  RWIX
  EPWM10                00004900   00000100  00000000  00000100  RWIX
  EPWM11                00004a00   00000100  00000000  00000100  RWIX
  EPWM12                00004b00   00000100  00000000  00000100  RWIX
  ECAP1                 00005000   00000020  00000000  00000020  RWIX
  ECAP2                 00005020   00000020  00000000  00000020  RWIX
  ECAP3                 00005040   00000020  00000000  00000020  RWIX
  ECAP4                 00005060   00000020  00000000  00000020  RWIX
  ECAP5                 00005080   00000020  00000000  00000020  RWIX
  ECAP6                 000050a0   00000020  00000000  00000020  RWIX
  EQEP1                 00005100   00000040  00000000  00000040  RWIX
  EQEP2                 00005140   00000040  00000000  00000040  RWIX
  EQEP3                 00005180   00000040  00000000  00000040  RWIX
  DACA                  00005c00   00000010  00000000  00000010  RWIX
  DACB                  00005c10   00000010  00000000  00000010  RWIX
  DACC                  00005c20   00000010  00000000  00000010  RWIX
  CMPSS1                00005c80   00000020  00000000  00000020  RWIX
  CMPSS2                00005ca0   00000020  00000000  00000020  RWIX
  CMPSS3                00005cc0   00000020  00000000  00000020  RWIX
  CMPSS4                00005ce0   00000020  00000000  00000020  RWIX
  CMPSS5                00005d00   00000020  00000000  00000020  RWIX
  CMPSS6                00005d20   00000020  00000000  00000020  RWIX
  CMPSS7                00005d40   00000020  00000000  00000020  RWIX
  CMPSS8                00005d60   00000020  00000000  00000020  RWIX
  SDFM1                 00005e00   00000080  00000000  00000080  RWIX
  SDFM2                 00005e80   00000080  00000000  00000080  RWIX
  MCBSPA                00006000   00000040  00000000  00000040  RWIX
  MCBSPB                00006040   00000040  00000000  00000040  RWIX
  SPIA                  00006100   00000010  00000000  00000010  RWIX
  SPIB                  00006110   00000010  00000000  00000010  RWIX
  SPIC                  00006120   00000010  00000000  00000010  RWIX
  SPID                  00006130   00000010  00000000  00000010  RWIX
  UPP                   00006200   00000100  00000000  00000100  RWIX
  WD                    00007000   00000040  00000000  00000040  RWIX
  NMIINTRUPT            00007060   00000010  00000000  00000010  RWIX
  XINT                  00007070   00000010  00000000  00000010  RWIX
  SCIA                  00007200   00000010  00000000  00000010  RWIX
  SCIB                  00007210   00000010  00000000  00000010  RWIX
  SCIC                  00007220   00000010  00000000  00000010  RWIX
  SCID                  00007230   00000010  00000000  00000010  RWIX
  I2CA                  00007300   00000040  00000000  00000040  RWIX
  I2CB                  00007340   00000040  00000000  00000040  RWIX
  ADCA                  00007400   00000080  00000000  00000080  RWIX
  ADCB                  00007480   00000080  00000000  00000080  RWIX
  ADCC                  00007500   00000080  00000000  00000080  RWIX
  ADCD                  00007580   00000080  00000000  00000080  RWIX
  INPUT_XBAR            00007900   00000020  00000000  00000020  RWIX
  XBAR                  00007920   00000020  00000000  00000020  RWIX
  SYNC_SOC              00007940   00000010  00000000  00000010  RWIX
  DMACLASRCSEL          00007980   00000040  00000000  00000040  RWIX
  EPWM_XBAR             00007a00   00000040  00000000  00000040  RWIX
  CLB_XBAR              00007a40   00000040  00000000  00000040  RWIX
  OUTPUT_XBAR           00007a80   00000040  00000000  00000040  RWIX
  GPIOCTRL              00007c00   00000180  00000000  00000180  RWIX
  GPIODAT               00007f00   00000030  00000000  00000030  RWIX
  RAMLS0                00008000   00000800  00000707  000000f9  RWIX
  RAMLS1                00008800   00000800  00000000  00000800  RWIX
  RAMLS2                00009000   00000800  00000100  00000700  RWIX
  RAMLS3                00009800   00000800  0000033c  000004c4  RWIX
  RAMLS4                0000a000   00000800  00000384  0000047c  RWIX
  RAMLS5                0000a800   00000800  00000000  00000800  RWIX
  RAMD0                 0000b000   00000800  00000000  00000800  RWIX
  RAMD1                 0000b800   00000800  00000000  00000800  RWIX
  RAMGS0                0000c000   00001000  00001000  00000000  RWIX
  RAMGS1                0000d000   00001000  00001000  00000000  RWIX
  RAMGS2                0000e000   00001000  0000044c  00000bb4  RWIX
  RAMGS3                0000f000   00001000  00000000  00001000  RWIX
  RAMGS4                00010000   00001000  00000000  00001000  RWIX
  RAMGS5                00011000   00001000  00000000  00001000  RWIX
  RAMGS6                00012000   00001000  00000000  00001000  RWIX
  RAMGS7                00013000   00001000  00000000  00001000  RWIX
  RAMGS8                00014000   00001000  00000000  00001000  RWIX
  RAMGS9                00015000   00001000  00000000  00001000  RWIX
  RAMGS10               00016000   00001000  00000000  00001000  RWIX
  RAMGS11               00017000   00001000  00000000  00001000  RWIX
  RAMGS12               00018000   00001000  00000000  00001000  RWIX
  RAMGS13               00019000   00001000  00000000  00001000  RWIX
  RAMGS14               0001a000   00001000  00000000  00001000  RWIX
  RAMGS15               0001b000   00000ff8  00000000  00000ff8  RWIX
  CPU2TOCPU1RAM         0003f800   00000400  00000000  00000400  RWIX
  CPU1TOCPU2RAM         0003fc00   00000400  00000000  00000400  RWIX
  EMIF1                 00047000   00000800  00000000  00000800  RWIX
  EMIF2                 00047800   00000800  00000000  00000800  RWIX
  CANA                  00048000   00000800  00000000  00000800  RWIX
  CANA_MSG_RAM          00049000   00000800  00000000  00000800  RWIX
  CANB                  0004a000   00000800  00000000  00000800  RWIX
  CANB_MSG_RAM          0004b000   00000800  00000000  00000800  RWIX
  IPC                   00050000   00000024  00000000  00000024  RWIX
  FLASHPUMPSEMAPHORE    00050024   00000002  00000000  00000002  RWIX
  DEV_CFG               0005d000   00000180  00000000  00000180  RWIX
  ANALOG_SUBSYS         0005d180   00000080  00000000  00000080  RWIX
  CLK_CFG               0005d200   00000100  00000000  00000100  RWIX
  CPU_SYS               0005d300   00000100  00000000  00000100  RWIX
  ROMPREFETCH           0005e608   00000002  00000000  00000002  RWIX
  DCSM_Z1               0005f000   00000030  00000000  00000030  RWIX
  DCSM_Z2               0005f040   00000030  00000000  00000030  RWIX
  DCSM_COMMON           0005f070   00000010  00000000  00000010  RWIX
  MEMCFG                0005f400   00000080  00000000  00000080  RWIX
  EMIF1CONFIG           0005f480   00000020  00000000  00000020  RWIX
  EMIF2CONFIG           0005f4a0   00000020  00000000  00000020  RWIX
  ACCESSPROTECTION      0005f4c0   00000040  00000000  00000040  RWIX
  MEMORYERROR           0005f500   00000040  00000000  00000040  RWIX
  ROMWAITSTATE          0005f540   00000002  00000000  00000002  RWIX
  FLASH0_CTRL           0005f800   00000300  00000000  00000300  RWIX
  FLASH0_ECC            0005fb00   00000040  00000000  00000040  RWIX
  RESET                 003fffc0   00000002  00000000  00000002  RWIX


SECTION ALLOCATION MAP

 output                                  attributes/
section   page    origin      length       input sections
--------  ----  ----------  ----------   ----------------
Cla1SoftIntRegsFile 
*          0    00000ce0    00000000     DSECT

codestart 
*          0    00000000    00000002     
                  00000000    00000002     F2837xD_CodeStartBranch.obj (codestart)

.cinit     0    00000124    000000a2     
                  00000124    00000072     (.cinit.ClaData.load) [load image, compression = lzss]
                  00000196    0000001a     (.cinit..data.load) [load image, compression = lzss]
                  000001b0    00000006     (__TI_handler_table)
                  000001b6    00000004     (.cinit..bss.load) [load image, compression = zero_init]
                  000001ba    0000000c     (__TI_cinit_table)

.reset     0    003fffc0    00000000     DSECT

.stack     0    00000400    00000380     UNINITIALIZED
                  00000400    00000380     --HOLE--

.init_array 
*          0    0000c000    00000000     UNINITIALIZED

.bss       0    00008680    0000008a     UNINITIALIZED
                  00008680    00000062     dual_axis_servo_drive.obj (.bss)
                  000086e2    00000024     dual_axis_servo_drive.obj (.bss:halMtr)
                  00008706    00000004     dual_axis_servo_drive.obj (.bss:halMtrHandle)

.init_array 
*          0    00000123    00000000     UNINITIALIZED

.data      0    00008000    0000067d     UNINITIALIZED
                  00008000    00000190     dual_axis_servo_drive.obj (.data:DBUFF_4CH1)
                  00008190    00000190     dual_axis_servo_drive.obj (.data:DBUFF_4CH2)
                  00008320    00000190     dual_axis_servo_drive.obj (.data:DBUFF_4CH3)
                  000084b0    00000190     dual_axis_servo_drive.obj (.data:DBUFF_4CH4)
                  00008640    00000022     dual_axis_servo_drive.obj (.data)
                  00008662    00000006     device.obj (.data)
                  00008668    00000006     rts2800_fpu32_eabi.lib : exit.c.obj (.data)
                  0000866e    00000004     dual_axis_servo_drive.obj (.data:vTimer0)
                  00008672    00000004     dual_axis_servo_drive.obj (.data:vTimer1)
                  00008676    00000004     dual_axis_servo_drive.obj (.data:vTimer2)
                  0000867a    00000002     rts2800_fpu32_eabi.lib : _lock.c.obj (.data:_lock)
                  0000867c    00000001     dual_axis_servo_drive_user.obj (.data)

ClaData    0    00009800    0000033c     UNINITIALIZED
                  00009800    00000298     dual_axis_servo_drive.obj (ClaData)
                  00009a98    000000a4     fcl_cpu_code_dm.obj (ClaData)

CLAscratch 
*          0    00009000    00000100     UNINITIALIZED
                  00009000    00000100     --HOLE--

Cla1Prog   0    0000a000    00000384     
                  0000a000    000000d4     fcl_cla_code_dm.obj (Cla1Prog:Cla1Task5)
                  0000a0d4    000000ca     fcl_cla_code_dm.obj (Cla1Prog:Cla1Task1)
                  0000a19e    000000b0     fcl_cla_code_dm.obj (Cla1Prog:Cla1Task8)
                  0000a24e    000000aa     fcl_cla_code_dm.obj (Cla1Prog:Cla1Task4)
                  0000a2f8    0000002c     fcl_cla_code_dm.obj (Cla1Prog:Cla1Task3)
                  0000a324    00000024     fcl_cla_code_dm.obj (Cla1Prog:Cla1Task2)
                  0000a348    00000022     fcl_cla_code_dm.obj (Cla1Prog:Cla1Task7)
                  0000a36a    0000001a     fcl_cla_code_dm.obj (Cla1Prog:Cla1Task6)

.text.1    0    0000c000    00001000     
                  0000c000    000003fa     dual_axis_servo_drive_hal.obj (.text:HAL_setupGPIOs)
                  0000c3fa    000002ca     dual_axis_servo_drive.obj (.text:motor1ControlISR)
                  0000c6c4    00000296     dual_axis_servo_drive_user.obj (.text:initMotorParameters)
                  0000c95a    00000296     dual_axis_servo_drive.obj (.text:motor2ControlISR)
                  0000cbf0    0000026a     dual_axis_servo_drive.obj (.text:main)
                  0000ce5a    00000171     dual_axis_servo_drive.obj (.text:runMotorControl)
                  0000cfcb    00000033     device.obj (.text:Device_configureTMXAnalogTrim)
                  0000cffe    00000002     fcl_cpu_code_dm.obj (.text:FCL_getSwVersion)

.text.2    0    0000d000    00001000     
                  0000d000    000001cd     driverlib_eabi.lib : sysctl.obj (.text:SysCtl_setClock)
                  0000d1cd    000001c9     dual_axis_servo_drive_user.obj (.text:runOffsetsCalculation)
                  0000d396    00000158     dual_axis_servo_drive_user.obj (.text:initControlVars)
                  0000d4ee    0000012e     dual_axis_servo_drive_hal.obj (.text:HAL_setupMotorPWMs)
                  0000d61c    00000108     dual_axis_servo_drive_hal.obj (.text:HAL_setupMotorFaultProtection)
                  0000d724    000000e5     dual_axis_servo_drive_hal.obj (.text:HAL_setupADCs)
                  0000d809    000000de     device.obj (.text:Device_enableAllPeripherals)
                  0000d8e7    000000b1     driverlib_eabi.lib : sysctl.obj (.text:SysCtl_selectXTAL)
                  0000d998    0000009e     dual_axis_servo_drive_hal.obj (.text:HAL_setupCLA)
                  0000da36    00000088     rts2800_fpu32_eabi.lib : fs_div28.asm.obj (.text)
                  0000dabe    00000067     dual_axis_servo_drive_hal.obj (.text:HAL_setupCMPSS)
                  0000db25    00000063     dlog_4ch_f.obj (.text:DLOG_4CH_F_FUNC)
                  0000db88    0000005d     dual_axis_servo_drive_hal.obj (.text:HAL_setupQEP)
                  0000dbe5    0000005c     driverlib_eabi.lib : adc.obj (.text:ADC_setINLTrim)
                  0000dc41    00000058     dual_axis_servo_drive_hal.obj (.text:HAL_setupInterrupts)
                  0000dc99    00000053     dual_axis_servo_drive_hal.obj (.text:HAL_init)
                  0000dcec    00000053     driverlib_eabi.lib : memcfg.obj (.text:MemCfg_getInitStatus)
                  0000dd3f    00000049     dual_axis_servo_drive_hal.obj (.text:HAL_MTR_init)
                  0000dd88    00000048     dual_axis_servo_drive.obj (.text:runSyncControl)
                  0000ddd0    00000044     driverlib_eabi.lib : sysctl.obj (.text:SysCtl_getDeviceParametric)
                  0000de14    00000043                        : memcfg.obj (.text:MemCfg_initSections)
                  0000de57    00000041                        : interrupt.obj (.text:Interrupt_initModule)
                  0000de98    0000003f                        : gpio.obj (.text:GPIO_setPadConfig)
                  0000ded7    0000003d                        : adc.obj (.text:ADC_setOffsetTrim)
                  0000df14    0000003d     device.obj (.text:Device_init)
                  0000df51    0000003a     dual_axis_servo_drive_user.obj (.text:resetControlVars)
                  0000df8b    00000036     driverlib_eabi.lib : interrupt.obj (.text:Interrupt_enable)
                  0000dfc1    00000030                        : gpio.obj (.text:GPIO_setPinConfig)
                  0000dff1    0000000f                        : sysctl.obj (.text:SysCtl_pollCpuTimer)

.text.3    0    0000e000    00000448     
                  0000e000    0000002f     dual_axis_servo_drive_hal.obj (.text:HAL_setParams)
                  0000e02f    0000002e     rts2800_fpu32_eabi.lib : copy_decompress_lzss.c.obj (.text:decompress:lzss)
                  0000e05d    0000002b     driverlib_eabi.lib : sysctl.obj (.text:SysCtl_selectOscSource)
                  0000e088    0000002b                        : xbar.obj (.text:XBAR_setEPWMMuxConfig)
                  0000e0b3    0000002b     rts2800_fpu32_eabi.lib : autoinit.c.obj (.text:__TI_auto_init_nobinit_nopinit)
                  0000e0de    00000029                            : exit.c.obj (.text)
                  0000e107    00000027     fcl_cpu_code_dm.obj (.text:FCL_initADC_3I)
                  0000e12e    00000025     driverlib_eabi.lib : memcfg.obj (.text:MemCfg_setLSRAMControllerSel)
                  0000e153    00000022                        : gpio.obj (.text:GPIO_setControllerCore)
                  0000e175    00000022                        : gpio.obj (.text:GPIO_setQualificationMode)
                  0000e197    00000020     device.obj (.text:Device_enableUnbondedGPIOPullups)
                  0000e1b7    00000020     driverlib_eabi.lib : gpio.obj (.text:GPIO_setDirectionMode)
                  0000e1d7    0000001f     dlog_4ch_f.obj (.text:DLOG_4CH_F_init)
                  0000e1f6    0000001e     device.obj (.text:Device_initGPIO)
                  0000e214    0000001d     device.obj (.text:Device_enableUnbondedGPIOPullupsFor100Pin)
                  0000e231    0000001c     driverlib_eabi.lib : cla.obj (.text:CLA_setTriggerSource)
                  0000e24d    0000001c     fcl_cpu_code_dm.obj (.text:FCL_initPWM)
                  0000e269    0000001c     rts2800_fpu32_eabi.lib : memcpy.c.obj (.text)
                  0000e285    0000001a     dual_axis_servo_drive.obj (.text:A0)
                  0000e29f    0000001a     dual_axis_servo_drive_hal.obj (.text:HAL_setupCpuTimer)
                  0000e2b9    00000019     driverlib_eabi.lib : cmpss.obj (.text:CMPSS_configFilterHigh)
                  0000e2d2    00000019                        : cmpss.obj (.text:CMPSS_configFilterLow)
                  0000e2eb    00000019     dual_axis_servo_drive_hal.obj (.text:HAL_setupCMPSS_DACValue)
                  0000e304    00000018     dual_axis_servo_drive_hal.obj (.text:HAL_enableInterrupts)
                  0000e31c    00000017     dual_axis_servo_drive.obj (.text:B0)
                  0000e333    00000017     dual_axis_servo_drive.obj (.text:C0)
                  0000e34a    00000017     rts2800_fpu32_eabi.lib : boot28.asm.obj (.text)
                  0000e361    00000015     driverlib_eabi.lib : interrupt.obj (.text:Interrupt_initVectorTable)
                  0000e376    00000012     dual_axis_servo_drive.obj (.text:C1)
                  0000e388    00000011     driverlib_eabi.lib : adc.obj (.text:ADC_setMode)
                  0000e399    00000010     dual_axis_servo_drive.obj (.text:A3)
                  0000e3a9    0000000d     dual_axis_servo_drive.obj (.text:A1)
                  0000e3b6    0000000d     dual_axis_servo_drive.obj (.text:A2)
                  0000e3c3    0000000d     rts2800_fpu32_eabi.lib : copy_zero_init.c.obj (.text:decompress:ZI:__TI_zero_init_nomemset)
                  0000e3d0    0000000c     dual_axis_servo_drive_hal.obj (.text:HAL_setMotorParams)
                  0000e3dc    0000000c     driverlib_eabi.lib : interrupt.obj (.text:Interrupt_defaultHandler)
                  0000e3e8    0000000c     rts2800_fpu32_eabi.lib : args_main.c.obj (.text)
                  0000e3f4    0000000a     driverlib_eabi.lib : interrupt.obj (.text:Interrupt_illegalOperationHandler)
                  0000e3fe    0000000a                        : interrupt.obj (.text:Interrupt_nmiHandler)
                  0000e408    00000008     F2837xD_CodeStartBranch.obj (.text)
                  0000e410    00000008     fcl_cpu_code_dm.obj (.text:FCL_initQEP)
                  0000e418    00000008     rts2800_fpu32_eabi.lib : copy_decompress_none.c.obj (.text:decompress:none)
                  0000e420    00000006     dual_axis_servo_drive.obj (.text:B1)
                  0000e426    00000006     dual_axis_servo_drive.obj (.text:B2)
                  0000e42c    00000006     dual_axis_servo_drive.obj (.text:B3)
                  0000e432    00000006     dual_axis_servo_drive.obj (.text:C2)
                  0000e438    00000006     dual_axis_servo_drive.obj (.text:C3)
                  0000e43e    00000006     driverlib_eabi.lib : cputimer.obj (.text:CPUTimer_setEmulationMode)
                  0000e444    00000002     rts2800_fpu32_eabi.lib : pre_init.c.obj (.text)
                  0000e446    00000001                            : _lock.c.obj (.text)
                  0000e447    00000001                            : startup.c.obj (.text)

.TI.ramfunc 
*          0    0000e448    00000004     
                  0000e448    00000004     driverlib_eabi.lib : sysctl.obj (.TI.ramfunc)

MODULE SUMMARY

       Module                           code    ro data   rw data
       ------                           ----    -------   -------
    .\sources\
       dual_axis_servo_drive.obj        2597    0         2448   
       dual_axis_servo_drive_hal.obj    2545    0         0      
       dual_axis_servo_drive_user.obj   1521    0         1      
       fcl_cla_code_dm.obj              900     0         0      
       fcl_cpu_code_dm.obj              77      0         164    
       dlog_4ch_f.obj                   130     0         0      
    +--+--------------------------------+-------+---------+---------+
       Total:                           7770    0         2613   
                                                                 
    .\src_device\
       device.obj                       425     0         6      
       F2837xD_CodeStartBranch.obj      10      0         0      
    +--+--------------------------------+-------+---------+---------+
       Total:                           435     0         6      
                                                                 
    C:\TI\C2000Ware_MotorControl_SDK_5_04_00_00\c2000ware\driverlib\f2837xd\driverlib\ccs\Release\driverlib_eabi.lib
       sysctl.obj                       768     0         0      
       gpio.obj                         211     0         0      
       memcfg.obj                       187     0         0      
       interrupt.obj                    172     0         0      
       adc.obj                          170     0         0      
       cmpss.obj                        50      0         0      
       xbar.obj                         43      0         0      
       cla.obj                          28      0         0      
       cputimer.obj                     6       0         0      
    +--+--------------------------------+-------+---------+---------+
       Total:                           1635    0         0      
                                                                 
    D:\TI\ccs\ccs\tools\compiler\ti-cgt-c2000_22.6.2.LTS\lib\rts2800_fpu32_eabi.lib
       fs_div28.asm.obj                 136     0         0      
       exit.c.obj                       41      0         6      
       copy_decompress_lzss.c.obj       46      0         0      
       autoinit.c.obj                   43      0         0      
       memcpy.c.obj                     28      0         0      
       boot28.asm.obj                   23      0         0      
       copy_zero_init.c.obj             13      0         0      
       args_main.c.obj                  12      0         0      
       copy_decompress_none.c.obj       8       0         0      
       _lock.c.obj                      1       0         2      
       pre_init.c.obj                   2       0         0      
       startup.c.obj                    1       0         0      
    +--+--------------------------------+-------+---------+---------+
       Total:                           354     0         8      
                                                                 
       Stack:                           0       0         896    
       Linker Generated:                0       162       0      
    +--+--------------------------------+-------+---------+---------+
       Grand Total:                     10194   162       3523   


LINKER GENERATED COPY TABLES

__TI_cinit_table @ 000001ba records: 3, size/record: 4, table size: 12
	ClaData: load addr=00000124, load size=00000072 bytes, run addr=00009800, run size=0000033c bytes, compression=lzss
	.data: load addr=00000196, load size=0000001a bytes, run addr=00008000, run size=0000067d bytes, compression=lzss
	.bss: load addr=000001b6, load size=00000004 bytes, run addr=00008680, run size=0000008a bytes, compression=zero_init


LINKER GENERATED HANDLER TABLE

__TI_handler_table @ 000001b0 records: 3, size/record: 2, table size: 6
	index: 0, handler: __TI_zero_init
	index: 1, handler: __TI_decompress_lzss
	index: 2, handler: __TI_decompress_none


GLOBAL DATA SYMBOLS: SORTED BY DATA PAGE

address     data page           name
--------    ----------------    ----
00000400      10 (00000400)     __stack

00008000     200 (00008000)     DBUFF_4CH1

00008190     206 (00008180)     DBUFF_4CH2

00008320     20c (00008300)     DBUFF_4CH3

000084b0     212 (00008480)     DBUFF_4CH4

00008640     219 (00008640)     serialCommsTimer
00008641     219 (00008640)     clkPrescale
00008642     219 (00008640)     sampWin
00008643     219 (00008640)     thresh
00008644     219 (00008640)     enableFlag
00008645     219 (00008640)     backTicker
00008646     219 (00008640)     led1Cnt
00008647     219 (00008640)     led2Cnt
00008648     219 (00008640)     runMotor
00008649     219 (00008640)     ctrlState
0000864a     219 (00008640)     flagSyncRun
0000864c     219 (00008640)     VdTesting
0000864e     219 (00008640)     VqTesting
00008650     219 (00008640)     posPtrMax
00008652     219 (00008640)     dlogCh1
00008654     219 (00008640)     dlogCh2
00008656     219 (00008640)     dlogCh3
00008658     219 (00008640)     dlogCh4
0000865a     219 (00008640)     speedRef
0000865c     219 (00008640)     IdRef
0000865e     219 (00008640)     IqRef
00008660     219 (00008640)     rampDelayMax
00008662     219 (00008640)     Example_Result
00008664     219 (00008640)     Example_PassCount
00008666     219 (00008640)     Example_Fail
00008668     219 (00008640)     __TI_enable_exit_profile_output
0000866a     219 (00008640)     __TI_cleanup_ptr
0000866c     219 (00008640)     __TI_dtors_ptr
0000866e     219 (00008640)     vTimer0
00008672     219 (00008640)     vTimer1
00008676     219 (00008640)     vTimer2
0000867a     219 (00008640)     _lock
0000867c     219 (00008640)     offsetCalCounter

00008680     21a (00008680)     Alpha_State_Ptr
00008682     21a (00008680)     A_Task_Ptr
00008684     21a (00008680)     B_Task_Ptr
00008686     21a (00008680)     C_Task_Ptr
00008688     21a (00008680)     halHandle
0000868a     21a (00008680)     dlog_4ch1

000086c0     21b (000086c0)     hal
000086e2     21b (000086c0)     halMtr

00008706     21c (00008700)     halMtrHandle

00009800     260 (00009800)     motorVars

00009a98     26a (00009a80)     fclVars


GLOBAL SYMBOLS: SORTED ALPHABETICALLY BY Name 

page  address   name                                     
----  -------   ----                                     
0     0000e285  A0                                       
0     0000e3a9  A1                                       
0     0000e3b6  A2                                       
0     0000e399  A3                                       
0     0000dbe5  ADC_setINLTrim                           
0     0000e388  ADC_setMode                              
0     0000ded7  ADC_setOffsetTrim                        
0     00008682  A_Task_Ptr                               
0     00008680  Alpha_State_Ptr                          
0     0000e31c  B0                                       
0     0000e420  B1                                       
0     0000e426  B2                                       
0     0000e42c  B3                                       
0     00008684  B_Task_Ptr                               
0     0000e0de  C$$EXIT                                  
0     0000e333  C0                                       
0     0000e376  C1                                       
0     0000e432  C2                                       
0     0000e438  C3                                       
abs   00000100  CLA_SCRATCHPAD_SIZE                      
0     0000e231  CLA_setTriggerSource                     
0     0000e2b9  CMPSS_configFilterHigh                   
0     0000e2d2  CMPSS_configFilterLow                    
0     0000e43e  CPUTimer_setEmulationMode                
0     00008686  C_Task_Ptr                               
0     0000a0d4  Cla1Task1                                
0     0000a324  Cla1Task2                                
0     0000a2f8  Cla1Task3                                
0     0000a24e  Cla1Task4                                
0     0000a000  Cla1Task5                                
0     0000a36a  Cla1Task6                                
0     0000a348  Cla1Task7                                
0     0000a19e  Cla1Task8                                
0     00008000  DBUFF_4CH1                               
0     00008190  DBUFF_4CH2                               
0     00008320  DBUFF_4CH3                               
0     000084b0  DBUFF_4CH4                               
0     0000db25  DLOG_4CH_F_FUNC                          
0     0000e1d7  DLOG_4CH_F_init                          
0     0000cfcb  Device_configureTMXAnalogTrim            
0     0000d809  Device_enableAllPeripherals              
0     0000e197  Device_enableUnbondedGPIOPullups         
0     0000e214  Device_enableUnbondedGPIOPullupsFor100Pin
0     0000df14  Device_init                              
0     0000e1f6  Device_initGPIO                          
0     00008666  Example_Fail                             
0     00008664  Example_PassCount                        
0     00008662  Example_Result                           
0     0000cffe  FCL_getSwVersion                         
0     0000e107  FCL_initADC_3I                           
0     0000e24d  FCL_initPWM                              
0     0000e410  FCL_initQEP                              
0     0000e153  GPIO_setControllerCore                   
0     0000e1b7  GPIO_setDirectionMode                    
0     0000de98  GPIO_setPadConfig                        
0     0000dfc1  GPIO_setPinConfig                        
0     0000e175  GPIO_setQualificationMode                
0     0000dd3f  HAL_MTR_init                             
0     0000e304  HAL_enableInterrupts                     
0     0000dc99  HAL_init                                 
0     0000e3d0  HAL_setMotorParams                       
0     0000e000  HAL_setParams                            
0     0000d724  HAL_setupADCs                            
0     0000d998  HAL_setupCLA                             
0     0000dabe  HAL_setupCMPSS                           
0     0000e2eb  HAL_setupCMPSS_DACValue                  
0     0000e29f  HAL_setupCpuTimer                        
0     0000c000  HAL_setupGPIOs                           
0     0000dc41  HAL_setupInterrupts                      
0     0000d61c  HAL_setupMotorFaultProtection            
0     0000d4ee  HAL_setupMotorPWMs                       
0     0000db88  HAL_setupQEP                             
0     0000865c  IdRef                                    
0     0000e3dc  Interrupt_defaultHandler                 
0     0000df8b  Interrupt_enable                         
0     0000e3f4  Interrupt_illegalOperationHandler        
0     0000de57  Interrupt_initModule                     
0     0000e361  Interrupt_initVectorTable                
0     0000e3fe  Interrupt_nmiHandler                     
0     0000865e  IqRef                                    
0     0000dcec  MemCfg_getInitStatus                     
0     0000de14  MemCfg_initSections                      
0     0000e12e  MemCfg_setLSRAMControllerSel             
0     0000e448  SysCtl_delay                             
0     0000ddd0  SysCtl_getDeviceParametric               
0     0000e05d  SysCtl_selectOscSource                   
0     0000d8e7  SysCtl_selectXTAL                        
0     0000d000  SysCtl_setClock                          
0     0000864c  VdTesting                                
0     0000864e  VqTesting                                
0     0000e088  XBAR_setEPWMMuxConfig                    
0     000001ba  __TI_CINIT_Base                          
0     000001c6  __TI_CINIT_Limit                         
0     000001c6  __TI_CINIT_Warm                          
0     000001b0  __TI_Handler_Table_Base                  
0     000001b6  __TI_Handler_Table_Limit                 
0     00000780  __TI_STACK_END                           
abs   00000380  __TI_STACK_SIZE                          
0     0000e0b3  __TI_auto_init_nobinit_nopinit           
0     0000866a  __TI_cleanup_ptr                         
0     0000e02f  __TI_decompress_lzss                     
0     0000e418  __TI_decompress_none                     
0     0000866c  __TI_dtors_ptr                           
0     00008668  __TI_enable_exit_profile_output          
abs   ffffffff  __TI_pprof_out_hndl                      
abs   ffffffff  __TI_prof_data_size                      
abs   ffffffff  __TI_prof_data_start                     
0     0000e3c3  __TI_zero_init_nomemset                  
0     0000da36  __c28xabi_divf                           
n/a   UNDEFED   __c_args__                               
0     00000400  __stack                                  
0     0000e3e8  _args_main                               
0     0000e34a  _c_int00                                 
0     0000867a  _lock                                    
0     0000e446  _nop                                     
0     0000e447  _system_post_cinit                       
0     0000e444  _system_pre_init                         
0     0000e0de  abort                                    
0     00008645  backTicker                               
0     00008641  clkPrescale                              
0     00000000  code_start                               
0     00008649  ctrlState                                
0     00008652  dlogCh1                                  
0     00008654  dlogCh2                                  
0     00008656  dlogCh3                                  
0     00008658  dlogCh4                                  
0     0000868a  dlog_4ch1                                
0     00008644  enableFlag                               
0     0000e0e0  exit                                     
0     00009a98  fclVars                                  
0     0000864a  flagSyncRun                              
0     000086c0  hal                                      
0     00008688  halHandle                                
0     000086e2  halMtr                                   
0     00008706  halMtrHandle                             
0     0000d396  initControlVars                          
0     0000c6c4  initMotorParameters                      
0     00008646  led1Cnt                                  
0     00008647  led2Cnt                                  
0     0000cbf0  main                                     
0     0000e269  memcpy                                   
0     0000c3fa  motor1ControlISR                         
0     0000c95a  motor2ControlISR                         
0     00009800  motorVars                                
0     0000867c  offsetCalCounter                         
0     00008650  posPtrMax                                
0     00008660  rampDelayMax                             
0     0000df51  resetControlVars                         
0     00008648  runMotor                                 
0     0000ce5a  runMotorControl                          
0     0000d1cd  runOffsetsCalculation                    
0     0000dd88  runSyncControl                           
0     00008642  sampWin                                  
0     00008640  serialCommsTimer                         
0     0000865a  speedRef                                 
0     00008643  thresh                                   
0     0000866e  vTimer0                                  
0     00008672  vTimer1                                  
0     00008676  vTimer2                                  


GLOBAL SYMBOLS: SORTED BY Symbol Address 

page  address   name                                     
----  -------   ----                                     
0     00000000  code_start                               
0     000001b0  __TI_Handler_Table_Base                  
0     000001b6  __TI_Handler_Table_Limit                 
0     000001ba  __TI_CINIT_Base                          
0     000001c6  __TI_CINIT_Limit                         
0     000001c6  __TI_CINIT_Warm                          
0     00000400  __stack                                  
0     00000780  __TI_STACK_END                           
0     00008000  DBUFF_4CH1                               
0     00008190  DBUFF_4CH2                               
0     00008320  DBUFF_4CH3                               
0     000084b0  DBUFF_4CH4                               
0     00008640  serialCommsTimer                         
0     00008641  clkPrescale                              
0     00008642  sampWin                                  
0     00008643  thresh                                   
0     00008644  enableFlag                               
0     00008645  backTicker                               
0     00008646  led1Cnt                                  
0     00008647  led2Cnt                                  
0     00008648  runMotor                                 
0     00008649  ctrlState                                
0     0000864a  flagSyncRun                              
0     0000864c  VdTesting                                
0     0000864e  VqTesting                                
0     00008650  posPtrMax                                
0     00008652  dlogCh1                                  
0     00008654  dlogCh2                                  
0     00008656  dlogCh3                                  
0     00008658  dlogCh4                                  
0     0000865a  speedRef                                 
0     0000865c  IdRef                                    
0     0000865e  IqRef                                    
0     00008660  rampDelayMax                             
0     00008662  Example_Result                           
0     00008664  Example_PassCount                        
0     00008666  Example_Fail                             
0     00008668  __TI_enable_exit_profile_output          
0     0000866a  __TI_cleanup_ptr                         
0     0000866c  __TI_dtors_ptr                           
0     0000866e  vTimer0                                  
0     00008672  vTimer1                                  
0     00008676  vTimer2                                  
0     0000867a  _lock                                    
0     0000867c  offsetCalCounter                         
0     00008680  Alpha_State_Ptr                          
0     00008682  A_Task_Ptr                               
0     00008684  B_Task_Ptr                               
0     00008686  C_Task_Ptr                               
0     00008688  halHandle                                
0     0000868a  dlog_4ch1                                
0     000086c0  hal                                      
0     000086e2  halMtr                                   
0     00008706  halMtrHandle                             
0     00009800  motorVars                                
0     00009a98  fclVars                                  
0     0000a000  Cla1Task5                                
0     0000a0d4  Cla1Task1                                
0     0000a19e  Cla1Task8                                
0     0000a24e  Cla1Task4                                
0     0000a2f8  Cla1Task3                                
0     0000a324  Cla1Task2                                
0     0000a348  Cla1Task7                                
0     0000a36a  Cla1Task6                                
0     0000c000  HAL_setupGPIOs                           
0     0000c3fa  motor1ControlISR                         
0     0000c6c4  initMotorParameters                      
0     0000c95a  motor2ControlISR                         
0     0000cbf0  main                                     
0     0000ce5a  runMotorControl                          
0     0000cfcb  Device_configureTMXAnalogTrim            
0     0000cffe  FCL_getSwVersion                         
0     0000d000  SysCtl_setClock                          
0     0000d1cd  runOffsetsCalculation                    
0     0000d396  initControlVars                          
0     0000d4ee  HAL_setupMotorPWMs                       
0     0000d61c  HAL_setupMotorFaultProtection            
0     0000d724  HAL_setupADCs                            
0     0000d809  Device_enableAllPeripherals              
0     0000d8e7  SysCtl_selectXTAL                        
0     0000d998  HAL_setupCLA                             
0     0000da36  __c28xabi_divf                           
0     0000dabe  HAL_setupCMPSS                           
0     0000db25  DLOG_4CH_F_FUNC                          
0     0000db88  HAL_setupQEP                             
0     0000dbe5  ADC_setINLTrim                           
0     0000dc41  HAL_setupInterrupts                      
0     0000dc99  HAL_init                                 
0     0000dcec  MemCfg_getInitStatus                     
0     0000dd3f  HAL_MTR_init                             
0     0000dd88  runSyncControl                           
0     0000ddd0  SysCtl_getDeviceParametric               
0     0000de14  MemCfg_initSections                      
0     0000de57  Interrupt_initModule                     
0     0000de98  GPIO_setPadConfig                        
0     0000ded7  ADC_setOffsetTrim                        
0     0000df14  Device_init                              
0     0000df51  resetControlVars                         
0     0000df8b  Interrupt_enable                         
0     0000dfc1  GPIO_setPinConfig                        
0     0000e000  HAL_setParams                            
0     0000e02f  __TI_decompress_lzss                     
0     0000e05d  SysCtl_selectOscSource                   
0     0000e088  XBAR_setEPWMMuxConfig                    
0     0000e0b3  __TI_auto_init_nobinit_nopinit           
0     0000e0de  C$$EXIT                                  
0     0000e0de  abort                                    
0     0000e0e0  exit                                     
0     0000e107  FCL_initADC_3I                           
0     0000e12e  MemCfg_setLSRAMControllerSel             
0     0000e153  GPIO_setControllerCore                   
0     0000e175  GPIO_setQualificationMode                
0     0000e197  Device_enableUnbondedGPIOPullups         
0     0000e1b7  GPIO_setDirectionMode                    
0     0000e1d7  DLOG_4CH_F_init                          
0     0000e1f6  Device_initGPIO                          
0     0000e214  Device_enableUnbondedGPIOPullupsFor100Pin
0     0000e231  CLA_setTriggerSource                     
0     0000e24d  FCL_initPWM                              
0     0000e269  memcpy                                   
0     0000e285  A0                                       
0     0000e29f  HAL_setupCpuTimer                        
0     0000e2b9  CMPSS_configFilterHigh                   
0     0000e2d2  CMPSS_configFilterLow                    
0     0000e2eb  HAL_setupCMPSS_DACValue                  
0     0000e304  HAL_enableInterrupts                     
0     0000e31c  B0                                       
0     0000e333  C0                                       
0     0000e34a  _c_int00                                 
0     0000e361  Interrupt_initVectorTable                
0     0000e376  C1                                       
0     0000e388  ADC_setMode                              
0     0000e399  A3                                       
0     0000e3a9  A1                                       
0     0000e3b6  A2                                       
0     0000e3c3  __TI_zero_init_nomemset                  
0     0000e3d0  HAL_setMotorParams                       
0     0000e3dc  Interrupt_defaultHandler                 
0     0000e3e8  _args_main                               
0     0000e3f4  Interrupt_illegalOperationHandler        
0     0000e3fe  Interrupt_nmiHandler                     
0     0000e410  FCL_initQEP                              
0     0000e418  __TI_decompress_none                     
0     0000e420  B1                                       
0     0000e426  B2                                       
0     0000e42c  B3                                       
0     0000e432  C2                                       
0     0000e438  C3                                       
0     0000e43e  CPUTimer_setEmulationMode                
0     0000e444  _system_pre_init                         
0     0000e446  _nop                                     
0     0000e447  _system_post_cinit                       
0     0000e448  SysCtl_delay                             
abs   00000100  CLA_SCRATCHPAD_SIZE                      
abs   00000380  __TI_STACK_SIZE                          
abs   ffffffff  __TI_pprof_out_hndl                      
abs   ffffffff  __TI_prof_data_size                      
abs   ffffffff  __TI_prof_data_start                     
n/a   UNDEFED   __c_args__                               

[159 symbols]
