<?xml version="1.0" encoding="ISO-8859-1" ?>
<link_info>
   <banner>TMS320C2000 Linker PC v22.6.2.LTS</banner>
   <copyright>Copyright (c) 1996-2018 Texas Instruments Incorporated</copyright>
   <link_time>0x69bab342</link_time>
   <link_errors>0x0</link_errors>
   <output_file>dual_axis_servo_drive_fcl_qep_f2837x.out</output_file>
   <entry_point>
      <name>code_start</name>
      <address>0x0</address>
   </entry_point>
   <input_file_list>
      <input_file id="fl-2">
         <path>.\sources\</path>
         <kind>object</kind>
         <file>dlog_4ch_f.obj</file>
         <name>dlog_4ch_f.obj</name>
      </input_file>
      <input_file id="fl-6">
         <path>.\sources\</path>
         <kind>object</kind>
         <file>dual_axis_servo_drive_user.obj</file>
         <name>dual_axis_servo_drive_user.obj</name>
      </input_file>
      <input_file id="fl-a">
         <path>.\sources\</path>
         <kind>object</kind>
         <file>sfra_gui.obj</file>
         <name>sfra_gui.obj</name>
      </input_file>
      <input_file id="fl-d">
         <path>.\src_device\</path>
         <kind>object</kind>
         <file>F2837xD_GlobalVariableDefs.obj</file>
         <name>F2837xD_GlobalVariableDefs.obj</name>
      </input_file>
      <input_file id="fl-33">
         <path>D:\TI\ccs\ccs\tools\compiler\ti-cgt-c2000_22.6.2.LTS\lib\</path>
         <kind>archive</kind>
         <file>rts2800_fpu32_eabi.lib</file>
         <name>e_expf.c.obj</name>
      </input_file>
      <input_file id="fl-39">
         <path>D:\TI\ccs\ccs\tools\compiler\ti-cgt-c2000_22.6.2.LTS\lib\</path>
         <kind>archive</kind>
         <file>rts2800_fpu32_eabi.lib</file>
         <name>pre_init.c.obj</name>
      </input_file>
      <input_file id="fl-3b">
         <path>D:\TI\ccs\ccs\tools\compiler\ti-cgt-c2000_22.6.2.LTS\lib\</path>
         <kind>archive</kind>
         <file>rts2800_fpu32_eabi.lib</file>
         <name>copy_zero_init.c.obj</name>
      </input_file>
      <input_file id="fl-3c">
         <path>D:\TI\ccs\ccs\tools\compiler\ti-cgt-c2000_22.6.2.LTS\lib\</path>
         <kind>archive</kind>
         <file>rts2800_fpu32_eabi.lib</file>
         <name>copy_decompress_none.c.obj</name>
      </input_file>
      <input_file id="fl-3d">
         <path>D:\TI\ccs\ccs\tools\compiler\ti-cgt-c2000_22.6.2.LTS\lib\</path>
         <kind>archive</kind>
         <file>rts2800_fpu32_eabi.lib</file>
         <name>copy_decompress_lzss.c.obj</name>
      </input_file>
      <input_file id="fl-3f">
         <path>D:\TI\ccs\ccs\tools\compiler\ti-cgt-c2000_22.6.2.LTS\lib\</path>
         <kind>archive</kind>
         <file>rts2800_fpu32_eabi.lib</file>
         <name>_lock.c.obj</name>
      </input_file>
      <input_file id="fl-41">
         <path>D:\TI\ccs\ccs\tools\compiler\ti-cgt-c2000_22.6.2.LTS\lib\</path>
         <kind>archive</kind>
         <file>rts2800_fpu32_eabi.lib</file>
         <name>memset.c.obj</name>
      </input_file>
      <input_file id="fl-42">
         <path>D:\TI\ccs\ccs\tools\compiler\ti-cgt-c2000_22.6.2.LTS\lib\</path>
         <kind>archive</kind>
         <file>rts2800_fpu32_eabi.lib</file>
         <name>errno.c.obj</name>
      </input_file>
      <input_file id="fl-43">
         <path>D:\TI\ccs\ccs\tools\compiler\ti-cgt-c2000_22.6.2.LTS\lib\</path>
         <kind>archive</kind>
         <file>rts2800_fpu32_eabi.lib</file>
         <name>cpy_tbl.c.obj</name>
      </input_file>
      <input_file id="fl-44">
         <path>D:\TI\ccs\ccs\tools\compiler\ti-cgt-c2000_22.6.2.LTS\lib\</path>
         <kind>archive</kind>
         <file>rts2800_fpu32_eabi.lib</file>
         <name>memcpy.c.obj</name>
      </input_file>
      <input_file id="fl-46">
         <path>C:\Users\JUNLI\AppData\Local\Temp\</path>
         <kind>object</kind>
         <file>{F247E104-20CC-4071-950E-0EB7C89F61FD}</file>
         <name>{F247E104-20CC-4071-950E-0EB7C89F61FD}</name>
      </input_file>
      <input_file id="fl-3">
         <path>.\sources\</path>
         <kind>object</kind>
         <file>dual_axis_servo_drive.obj</file>
         <name>dual_axis_servo_drive.obj</name>
      </input_file>
      <input_file id="fl-4">
         <path>.\sources\</path>
         <kind>object</kind>
         <file>dual_axis_servo_drive_cla_tasks.obj</file>
         <name>dual_axis_servo_drive_cla_tasks.obj</name>
      </input_file>
      <input_file id="fl-5">
         <path>.\sources\</path>
         <kind>object</kind>
         <file>dual_axis_servo_drive_hal.obj</file>
         <name>dual_axis_servo_drive_hal.obj</name>
      </input_file>
      <input_file id="fl-7">
         <path>.\sources\</path>
         <kind>object</kind>
         <file>fcl_cla_code_dm.obj</file>
         <name>fcl_cla_code_dm.obj</name>
      </input_file>
      <input_file id="fl-8">
         <path>.\sources\</path>
         <kind>object</kind>
         <file>fcl_cpu_code_dm.obj</file>
         <name>fcl_cpu_code_dm.obj</name>
      </input_file>
      <input_file id="fl-9">
         <path>.\sources\</path>
         <kind>object</kind>
         <file>motorboard.obj</file>
         <name>motorboard.obj</name>
      </input_file>
      <input_file id="fl-b">
         <path>.\sources\</path>
         <kind>object</kind>
         <file>sfra_gui_scicomms_driverlib.obj</file>
         <name>sfra_gui_scicomms_driverlib.obj</name>
      </input_file>
      <input_file id="fl-c">
         <path>.\src_device\</path>
         <kind>object</kind>
         <file>F2837xD_CodeStartBranch.obj</file>
         <name>F2837xD_CodeStartBranch.obj</name>
      </input_file>
      <input_file id="fl-e">
         <path>.\src_device\</path>
         <kind>object</kind>
         <file>device.obj</file>
         <name>device.obj</name>
      </input_file>
      <input_file id="fl-15">
         <kind>object</kind>
         <file>&lt;internal&gt;</file>
         <name>&lt;internal&gt;</name>
      </input_file>
      <input_file id="fl-19">
         <path>C:\TI\C2000Ware_MotorControl_SDK_5_04_00_00\c2000ware\driverlib\f2837xd\driverlib\ccs\Release\</path>
         <kind>archive</kind>
         <file>driverlib_eabi.lib</file>
         <name>adc.obj</name>
      </input_file>
      <input_file id="fl-1a">
         <path>C:\TI\C2000Ware_MotorControl_SDK_5_04_00_00\c2000ware\driverlib\f2837xd\driverlib\ccs\Release\</path>
         <kind>archive</kind>
         <file>driverlib_eabi.lib</file>
         <name>cla.obj</name>
      </input_file>
      <input_file id="fl-1b">
         <path>C:\TI\C2000Ware_MotorControl_SDK_5_04_00_00\c2000ware\driverlib\f2837xd\driverlib\ccs\Release\</path>
         <kind>archive</kind>
         <file>driverlib_eabi.lib</file>
         <name>cmpss.obj</name>
      </input_file>
      <input_file id="fl-1c">
         <path>C:\TI\C2000Ware_MotorControl_SDK_5_04_00_00\c2000ware\driverlib\f2837xd\driverlib\ccs\Release\</path>
         <kind>archive</kind>
         <file>driverlib_eabi.lib</file>
         <name>cputimer.obj</name>
      </input_file>
      <input_file id="fl-1d">
         <path>C:\TI\C2000Ware_MotorControl_SDK_5_04_00_00\c2000ware\driverlib\f2837xd\driverlib\ccs\Release\</path>
         <kind>archive</kind>
         <file>driverlib_eabi.lib</file>
         <name>gpio.obj</name>
      </input_file>
      <input_file id="fl-1e">
         <path>C:\TI\C2000Ware_MotorControl_SDK_5_04_00_00\c2000ware\driverlib\f2837xd\driverlib\ccs\Release\</path>
         <kind>archive</kind>
         <file>driverlib_eabi.lib</file>
         <name>interrupt.obj</name>
      </input_file>
      <input_file id="fl-1f">
         <path>C:\TI\C2000Ware_MotorControl_SDK_5_04_00_00\c2000ware\driverlib\f2837xd\driverlib\ccs\Release\</path>
         <kind>archive</kind>
         <file>driverlib_eabi.lib</file>
         <name>memcfg.obj</name>
      </input_file>
      <input_file id="fl-20">
         <path>C:\TI\C2000Ware_MotorControl_SDK_5_04_00_00\c2000ware\driverlib\f2837xd\driverlib\ccs\Release\</path>
         <kind>archive</kind>
         <file>driverlib_eabi.lib</file>
         <name>sci.obj</name>
      </input_file>
      <input_file id="fl-21">
         <path>C:\TI\C2000Ware_MotorControl_SDK_5_04_00_00\c2000ware\driverlib\f2837xd\driverlib\ccs\Release\</path>
         <kind>archive</kind>
         <file>driverlib_eabi.lib</file>
         <name>sysctl.obj</name>
      </input_file>
      <input_file id="fl-22">
         <path>C:\TI\C2000Ware_MotorControl_SDK_5_04_00_00\c2000ware\driverlib\f2837xd\driverlib\ccs\Release\</path>
         <kind>archive</kind>
         <file>driverlib_eabi.lib</file>
         <name>xbar.obj</name>
      </input_file>
      <input_file id="fl-27">
         <path>C:\TI\C2000Ware_MotorControl_SDK_5_04_00_00\libraries\sfra\lib\</path>
         <kind>archive</kind>
         <file>sfra_f32_tmu_eabi.lib</file>
         <name>sfra_f32_tmu_config_reset.obj</name>
      </input_file>
      <input_file id="fl-34">
         <path>D:\TI\ccs\ccs\tools\compiler\ti-cgt-c2000_22.6.2.LTS\lib\</path>
         <kind>archive</kind>
         <file>rts2800_fpu32_eabi.lib</file>
         <name>boot28.asm.obj</name>
      </input_file>
      <input_file id="fl-35">
         <path>D:\TI\ccs\ccs\tools\compiler\ti-cgt-c2000_22.6.2.LTS\lib\</path>
         <kind>archive</kind>
         <file>rts2800_fpu32_eabi.lib</file>
         <name>fs_div28.asm.obj</name>
      </input_file>
      <input_file id="fl-36">
         <path>D:\TI\ccs\ccs\tools\compiler\ti-cgt-c2000_22.6.2.LTS\lib\</path>
         <kind>archive</kind>
         <file>rts2800_fpu32_eabi.lib</file>
         <name>ll_cmp28.asm.obj</name>
      </input_file>
      <input_file id="fl-37">
         <path>D:\TI\ccs\ccs\tools\compiler\ti-cgt-c2000_22.6.2.LTS\lib\</path>
         <kind>archive</kind>
         <file>rts2800_fpu32_eabi.lib</file>
         <name>fs_tofdfpu32.asm.obj</name>
      </input_file>
      <input_file id="fl-38">
         <path>D:\TI\ccs\ccs\tools\compiler\ti-cgt-c2000_22.6.2.LTS\lib\</path>
         <kind>archive</kind>
         <file>rts2800_fpu32_eabi.lib</file>
         <name>fd_tofsfpu32.asm.obj</name>
      </input_file>
      <input_file id="fl-3a">
         <path>D:\TI\ccs\ccs\tools\compiler\ti-cgt-c2000_22.6.2.LTS\lib\</path>
         <kind>archive</kind>
         <file>rts2800_fpu32_eabi.lib</file>
         <name>autoinit.c.obj</name>
      </input_file>
      <input_file id="fl-3e">
         <path>D:\TI\ccs\ccs\tools\compiler\ti-cgt-c2000_22.6.2.LTS\lib\</path>
         <kind>archive</kind>
         <file>rts2800_fpu32_eabi.lib</file>
         <name>exit.c.obj</name>
      </input_file>
      <input_file id="fl-40">
         <path>D:\TI\ccs\ccs\tools\compiler\ti-cgt-c2000_22.6.2.LTS\lib\</path>
         <kind>archive</kind>
         <file>rts2800_fpu32_eabi.lib</file>
         <name>args_main.c.obj</name>
      </input_file>
      <input_file id="fl-45">
         <path>D:\TI\ccs\ccs\tools\compiler\ti-cgt-c2000_22.6.2.LTS\lib\</path>
         <kind>archive</kind>
         <file>rts2800_fpu32_eabi.lib</file>
         <name>startup.c.obj</name>
      </input_file>
   </input_file_list>
   <object_component_list>
      <object_component id="oc-138">
         <name>PieCtrlRegsFile</name>
         <uninitialized>true</uninitialized>
         <run_address>0xce0</run_address>
         <size>0x1a</size>
         <input_file_ref idref="fl-d"/>
      </object_component>
      <object_component id="oc-95">
         <name>codestart</name>
         <load_address>0x0</load_address>
         <run_address>0x0</run_address>
         <size>0x2</size>
         <input_file_ref idref="fl-c"/>
      </object_component>
      <object_component id="oc-2b4">
         <name>.text:HAL_setupGPIOs</name>
         <load_address>0xc000</load_address>
         <run_address>0xc000</run_address>
         <size>0x3ce</size>
         <input_file_ref idref="fl-5"/>
      </object_component>
      <object_component id="oc-9b">
         <name>.text:motor2ControlISR</name>
         <load_address>0xc3ce</load_address>
         <run_address>0xc3ce</run_address>
         <size>0x344</size>
         <input_file_ref idref="fl-3"/>
      </object_component>
      <object_component id="oc-a7">
         <name>.text:motor1ControlISR</name>
         <load_address>0xc712</load_address>
         <run_address>0xc712</run_address>
         <size>0x306</size>
         <input_file_ref idref="fl-3"/>
      </object_component>
      <object_component id="oc-1f1">
         <name>.text:initMotorParameters</name>
         <load_address>0xca18</load_address>
         <run_address>0xca18</run_address>
         <size>0x294</size>
         <input_file_ref idref="fl-6"/>
      </object_component>
      <object_component id="oc-1a2">
         <name>.text:main</name>
         <load_address>0xccac</load_address>
         <run_address>0xccac</run_address>
         <size>0x21e</size>
         <input_file_ref idref="fl-3"/>
      </object_component>
      <object_component id="oc-2c1">
         <name>.text:HAL_setupMotorPWMs</name>
         <load_address>0xceca</load_address>
         <run_address>0xceca</run_address>
         <size>0x12e</size>
         <input_file_ref idref="fl-5"/>
      </object_component>
      <object_component id="oc-db">
         <name>.text</name>
         <load_address>0xcff8</load_address>
         <run_address>0xcff8</run_address>
         <size>0x8</size>
         <input_file_ref idref="fl-c"/>
      </object_component>
      <object_component id="oc-26e">
         <name>.text:SysCtl_setClock</name>
         <load_address>0xd000</load_address>
         <run_address>0xd000</run_address>
         <size>0x1cd</size>
         <input_file_ref idref="fl-21"/>
      </object_component>
      <object_component id="oc-239">
         <name>.text:runOffsetsCalculation</name>
         <load_address>0xd1cd</load_address>
         <run_address>0xd1cd</run_address>
         <size>0x1c9</size>
         <input_file_ref idref="fl-6"/>
      </object_component>
      <object_component id="oc-2fb">
         <name>.text:runMotorControl</name>
         <load_address>0xd396</load_address>
         <run_address>0xd396</run_address>
         <size>0x171</size>
         <input_file_ref idref="fl-3"/>
      </object_component>
      <object_component id="oc-1f7">
         <name>.text:initControlVars</name>
         <load_address>0xd507</load_address>
         <run_address>0xd507</run_address>
         <size>0x158</size>
         <input_file_ref idref="fl-6"/>
      </object_component>
      <object_component id="oc-251">
         <name>.text</name>
         <load_address>0xd65f</load_address>
         <run_address>0xd65f</run_address>
         <size>0x1</size>
         <input_file_ref idref="fl-3f"/>
      </object_component>
      <object_component id="oc-1fd">
         <name>.text:HAL_setupMotorFaultProtection</name>
         <load_address>0xd660</load_address>
         <run_address>0xd660</run_address>
         <size>0x10b</size>
         <input_file_ref idref="fl-5"/>
      </object_component>
      <object_component id="oc-2ba">
         <name>.text:HAL_setupADCs</name>
         <load_address>0xd76b</load_address>
         <run_address>0xd76b</run_address>
         <size>0xe5</size>
         <input_file_ref idref="fl-5"/>
      </object_component>
      <object_component id="oc-274">
         <name>.text:Device_enableAllPeripherals</name>
         <load_address>0xd850</load_address>
         <run_address>0xd850</run_address>
         <size>0xde</size>
         <input_file_ref idref="fl-e"/>
      </object_component>
      <object_component id="oc-410">
         <name>.text:SysCtl_selectXTAL</name>
         <load_address>0xd92e</load_address>
         <run_address>0xd92e</run_address>
         <size>0xb1</size>
         <input_file_ref idref="fl-21"/>
      </object_component>
      <object_component id="oc-2a2">
         <name>.text:HAL_setupCLA</name>
         <load_address>0xd9df</load_address>
         <run_address>0xd9df</run_address>
         <size>0x9e</size>
         <input_file_ref idref="fl-5"/>
      </object_component>
      <object_component id="oc-339">
         <name>.text</name>
         <load_address>0xda7d</load_address>
         <run_address>0xda7d</run_address>
         <size>0x88</size>
         <input_file_ref idref="fl-35"/>
      </object_component>
      <object_component id="oc-298">
         <name>.text:mySCIB_init</name>
         <load_address>0xdb05</load_address>
         <run_address>0xdb05</run_address>
         <size>0x86</size>
         <input_file_ref idref="fl-9"/>
      </object_component>
      <object_component id="oc-2c7">
         <name>.text:HAL_setupCMPSS</name>
         <load_address>0xdb8b</load_address>
         <run_address>0xdb8b</run_address>
         <size>0x73</size>
         <input_file_ref idref="fl-5"/>
      </object_component>
      <object_component id="oc-118">
         <name>.text:DLOG_4CH_F_FUNC</name>
         <load_address>0xdbfe</load_address>
         <run_address>0xdbfe</run_address>
         <size>0x63</size>
         <input_file_ref idref="fl-2"/>
      </object_component>
      <object_component id="oc-432">
         <name>.text:ADC_setINLTrim</name>
         <load_address>0xdc61</load_address>
         <run_address>0xdc61</run_address>
         <size>0x5c</size>
         <input_file_ref idref="fl-19"/>
      </object_component>
      <object_component id="oc-a1">
         <name>.text:HAL_setupInterrupts</name>
         <load_address>0xdcbd</load_address>
         <run_address>0xdcbd</run_address>
         <size>0x58</size>
         <input_file_ref idref="fl-5"/>
      </object_component>
      <object_component id="oc-2cd">
         <name>.text:HAL_setupQEP</name>
         <load_address>0xdd15</load_address>
         <run_address>0xdd15</run_address>
         <size>0x56</size>
         <input_file_ref idref="fl-5"/>
      </object_component>
      <object_component id="oc-1d9">
         <name>.text:HAL_init</name>
         <load_address>0xdd6b</load_address>
         <run_address>0xdd6b</run_address>
         <size>0x53</size>
         <input_file_ref idref="fl-5"/>
      </object_component>
      <object_component id="oc-366">
         <name>.text:MemCfg_getInitStatus</name>
         <load_address>0xddbe</load_address>
         <run_address>0xddbe</run_address>
         <size>0x53</size>
         <input_file_ref idref="fl-1f"/>
      </object_component>
      <object_component id="oc-3f3">
         <name>.text:sendWaveformData</name>
         <load_address>0xde11</load_address>
         <run_address>0xde11</run_address>
         <size>0x51</size>
         <input_file_ref idref="fl-3"/>
      </object_component>
      <object_component id="oc-1df">
         <name>.text:HAL_MTR_init</name>
         <load_address>0xde62</load_address>
         <run_address>0xde62</run_address>
         <size>0x49</size>
         <input_file_ref idref="fl-5"/>
      </object_component>
      <object_component id="oc-262">
         <name>.text:SysCtl_getDeviceParametric</name>
         <load_address>0xdeab</load_address>
         <run_address>0xdeab</run_address>
         <size>0x44</size>
         <input_file_ref idref="fl-21"/>
      </object_component>
      <object_component id="oc-360">
         <name>.text:MemCfg_initSections</name>
         <load_address>0xdeef</load_address>
         <run_address>0xdeef</run_address>
         <size>0x43</size>
         <input_file_ref idref="fl-1f"/>
      </object_component>
      <object_component id="oc-2a8">
         <name>.text:Interrupt_initModule</name>
         <load_address>0xdf32</load_address>
         <run_address>0xdf32</run_address>
         <size>0x41</size>
         <input_file_ref idref="fl-1e"/>
      </object_component>
      <object_component id="oc-245">
         <name>.text:runSyncControl</name>
         <load_address>0xdf73</load_address>
         <run_address>0xdf73</run_address>
         <size>0x40</size>
         <input_file_ref idref="fl-3"/>
      </object_component>
      <object_component id="oc-28c">
         <name>.text:GPIO_setPadConfig</name>
         <load_address>0xdfb3</load_address>
         <run_address>0xdfb3</run_address>
         <size>0x3f</size>
         <input_file_ref idref="fl-1d"/>
      </object_component>
      <object_component id="oc-20f">
         <name>.text:A1</name>
         <load_address>0xdff2</load_address>
         <run_address>0xdff2</run_address>
         <size>0xd</size>
         <input_file_ref idref="fl-3"/>
      </object_component>
      <object_component id="oc-1b2">
         <name>.text</name>
         <load_address>0xdfff</load_address>
         <run_address>0xdfff</run_address>
         <size>0x1</size>
         <input_file_ref idref="fl-45"/>
      </object_component>
      <object_component id="oc-438">
         <name>.text:ADC_setOffsetTrim</name>
         <load_address>0xe000</load_address>
         <run_address>0xe000</run_address>
         <size>0x3d</size>
         <input_file_ref idref="fl-19"/>
      </object_component>
      <object_component id="oc-1c7">
         <name>.text:Device_init</name>
         <load_address>0xe03d</load_address>
         <run_address>0xe03d</run_address>
         <size>0x3d</size>
         <input_file_ref idref="fl-e"/>
      </object_component>
      <object_component id="oc-203">
         <name>.text:resetControlVars</name>
         <load_address>0xe07a</load_address>
         <run_address>0xe07a</run_address>
         <size>0x3a</size>
         <input_file_ref idref="fl-6"/>
      </object_component>
      <object_component id="oc-1e5">
         <name>.text:HAL_setParams</name>
         <load_address>0xe0b4</load_address>
         <run_address>0xe0b4</run_address>
         <size>0x36</size>
         <input_file_ref idref="fl-5"/>
      </object_component>
      <object_component id="oc-324">
         <name>.text:Interrupt_enable</name>
         <load_address>0xe0ea</load_address>
         <run_address>0xe0ea</run_address>
         <size>0x36</size>
         <input_file_ref idref="fl-1e"/>
      </object_component>
      <object_component id="oc-268">
         <name>.text:Device_configureTMXAnalogTrim</name>
         <load_address>0xe120</load_address>
         <run_address>0xe120</run_address>
         <size>0x33</size>
         <input_file_ref idref="fl-e"/>
      </object_component>
      <object_component id="oc-286">
         <name>.text:GPIO_setPinConfig</name>
         <load_address>0xe153</load_address>
         <run_address>0xe153</run_address>
         <size>0x30</size>
         <input_file_ref idref="fl-1d"/>
      </object_component>
      <object_component id="oc-88">
         <name>.text:decompress:lzss</name>
         <load_address>0xe183</load_address>
         <run_address>0xe183</run_address>
         <size>0x2e</size>
         <input_file_ref idref="fl-3d"/>
      </object_component>
      <object_component id="oc-333">
         <name>.text:SysCtl_selectOscSource</name>
         <load_address>0xe1b1</load_address>
         <run_address>0xe1b1</run_address>
         <size>0x2b</size>
         <input_file_ref idref="fl-21"/>
      </object_component>
      <object_component id="oc-2e8">
         <name>.text:XBAR_setEPWMMuxConfig</name>
         <load_address>0xe1dc</load_address>
         <run_address>0xe1dc</run_address>
         <size>0x2b</size>
         <input_file_ref idref="fl-22"/>
      </object_component>
      <object_component id="oc-172">
         <name>.text:__TI_auto_init_nobinit_nopinit</name>
         <load_address>0xe207</load_address>
         <run_address>0xe207</run_address>
         <size>0x2b</size>
         <input_file_ref idref="fl-3a"/>
      </object_component>
      <object_component id="oc-163">
         <name>.text</name>
         <load_address>0xe232</load_address>
         <run_address>0xe232</run_address>
         <size>0x29</size>
         <input_file_ref idref="fl-3e"/>
      </object_component>
      <object_component id="oc-2d4">
         <name>.text:FCL_initADC_3I</name>
         <load_address>0xe25b</load_address>
         <run_address>0xe25b</run_address>
         <size>0x27</size>
         <input_file_ref idref="fl-8"/>
      </object_component>
      <object_component id="oc-44e">
         <name>.text:generateWaveforms</name>
         <load_address>0xe282</load_address>
         <run_address>0xe282</run_address>
         <size>0x26</size>
         <input_file_ref idref="fl-3"/>
      </object_component>
      <object_component id="oc-36c">
         <name>.text:MemCfg_setLSRAMControllerSel</name>
         <load_address>0xe2a8</load_address>
         <run_address>0xe2a8</run_address>
         <size>0x25</size>
         <input_file_ref idref="fl-1f"/>
      </object_component>
      <object_component id="oc-1d3">
         <name>.text:Board_init</name>
         <load_address>0xe2cd</load_address>
         <run_address>0xe2cd</run_address>
         <size>0x23</size>
         <input_file_ref idref="fl-9"/>
      </object_component>
      <object_component id="oc-356">
         <name>.text:SCI_setConfig</name>
         <load_address>0xe2f0</load_address>
         <run_address>0xe2f0</run_address>
         <size>0x23</size>
         <input_file_ref idref="fl-20"/>
      </object_component>
      <object_component id="oc-3b1">
         <name>.text:GPIO_setControllerCore</name>
         <load_address>0xe313</load_address>
         <run_address>0xe313</run_address>
         <size>0x22</size>
         <input_file_ref idref="fl-1d"/>
      </object_component>
      <object_component id="oc-292">
         <name>.text:GPIO_setQualificationMode</name>
         <load_address>0xe335</load_address>
         <run_address>0xe335</run_address>
         <size>0x22</size>
         <input_file_ref idref="fl-1d"/>
      </object_component>
      <object_component id="oc-27f">
         <name>.text:Device_enableUnbondedGPIOPullups</name>
         <load_address>0xe357</load_address>
         <run_address>0xe357</run_address>
         <size>0x20</size>
         <input_file_ref idref="fl-e"/>
      </object_component>
      <object_component id="oc-3b7">
         <name>.text:GPIO_setDirectionMode</name>
         <load_address>0xe377</load_address>
         <run_address>0xe377</run_address>
         <size>0x20</size>
         <input_file_ref idref="fl-1d"/>
      </object_component>
      <object_component id="oc-221">
         <name>.text:DLOG_4CH_F_init</name>
         <load_address>0xe397</load_address>
         <run_address>0xe397</run_address>
         <size>0x1f</size>
         <input_file_ref idref="fl-2"/>
      </object_component>
      <object_component id="oc-1cd">
         <name>.text:Device_initGPIO</name>
         <load_address>0xe3b6</load_address>
         <run_address>0xe3b6</run_address>
         <size>0x1e</size>
         <input_file_ref idref="fl-e"/>
      </object_component>
      <object_component id="oc-345">
         <name>.text:Device_enableUnbondedGPIOPullupsFor100Pin</name>
         <load_address>0xe3d4</load_address>
         <run_address>0xe3d4</run_address>
         <size>0x1d</size>
         <input_file_ref idref="fl-e"/>
      </object_component>
      <object_component id="oc-3a2">
         <name>.text:CLA_setTriggerSource</name>
         <load_address>0xe3f1</load_address>
         <run_address>0xe3f1</run_address>
         <size>0x1c</size>
         <input_file_ref idref="fl-1a"/>
      </object_component>
      <object_component id="oc-2da">
         <name>.text:FCL_initPWM</name>
         <load_address>0xe40d</load_address>
         <run_address>0xe40d</run_address>
         <size>0x1c</size>
         <input_file_ref idref="fl-8"/>
      </object_component>
      <object_component id="oc-350">
         <name>.text:SCI_clearInterruptStatus</name>
         <load_address>0xe429</load_address>
         <run_address>0xe429</run_address>
         <size>0x1c</size>
         <input_file_ref idref="fl-20"/>
      </object_component>
      <object_component id="oc-f6">
         <name>.text:ramper</name>
         <load_address>0xe445</load_address>
         <run_address>0xe445</run_address>
         <size>0x1c</size>
         <input_file_ref idref="fl-3"/>
      </object_component>
      <object_component id="oc-c8">
         <name>.text</name>
         <load_address>0xe461</load_address>
         <run_address>0xe461</run_address>
         <size>0x1c</size>
         <input_file_ref idref="fl-44"/>
      </object_component>
      <object_component id="oc-209">
         <name>.text:A0</name>
         <load_address>0xe47d</load_address>
         <run_address>0xe47d</run_address>
         <size>0x1a</size>
         <input_file_ref idref="fl-3"/>
      </object_component>
      <object_component id="oc-2ae">
         <name>.text:HAL_setupCpuTimer</name>
         <load_address>0xe497</load_address>
         <run_address>0xe497</run_address>
         <size>0x1a</size>
         <input_file_ref idref="fl-5"/>
      </object_component>
      <object_component id="oc-3c6">
         <name>.text:CMPSS_configFilterHigh</name>
         <load_address>0xe4b1</load_address>
         <run_address>0xe4b1</run_address>
         <size>0x19</size>
         <input_file_ref idref="fl-1b"/>
      </object_component>
      <object_component id="oc-3cc">
         <name>.text:CMPSS_configFilterLow</name>
         <load_address>0xe4ca</load_address>
         <run_address>0xe4ca</run_address>
         <size>0x19</size>
         <input_file_ref idref="fl-1b"/>
      </object_component>
      <object_component id="oc-3e5">
         <name>.text:HAL_setupCMPSS_DACValue</name>
         <load_address>0xe4e3</load_address>
         <run_address>0xe4e3</run_address>
         <size>0x19</size>
         <input_file_ref idref="fl-5"/>
      </object_component>
      <object_component id="oc-23f">
         <name>.text:HAL_enableInterrupts</name>
         <load_address>0xe4fc</load_address>
         <run_address>0xe4fc</run_address>
         <size>0x18</size>
         <input_file_ref idref="fl-5"/>
      </object_component>
      <object_component id="oc-2f4">
         <name>.text:B0</name>
         <load_address>0xe514</load_address>
         <run_address>0xe514</run_address>
         <size>0x17</size>
         <input_file_ref idref="fl-3"/>
      </object_component>
      <object_component id="oc-308">
         <name>.text:B2</name>
         <load_address>0xe52b</load_address>
         <run_address>0xe52b</run_address>
         <size>0x17</size>
         <input_file_ref idref="fl-3"/>
      </object_component>
      <object_component id="oc-3de">
         <name>.text:C0</name>
         <load_address>0xe542</load_address>
         <run_address>0xe542</run_address>
         <size>0x17</size>
         <input_file_ref idref="fl-3"/>
      </object_component>
      <object_component id="oc-12d">
         <name>.text</name>
         <load_address>0xe559</load_address>
         <run_address>0xe559</run_address>
         <size>0x17</size>
         <input_file_ref idref="fl-34"/>
      </object_component>
      <object_component id="oc-ae">
         <name>.text:Interrupt_initVectorTable</name>
         <load_address>0xe570</load_address>
         <run_address>0xe570</run_address>
         <size>0x15</size>
         <input_file_ref idref="fl-1e"/>
      </object_component>
      <object_component id="oc-21b">
         <name>.text:C1</name>
         <load_address>0xe585</load_address>
         <run_address>0xe585</run_address>
         <size>0x12</size>
         <input_file_ref idref="fl-3"/>
      </object_component>
      <object_component id="oc-3be">
         <name>.text:ADC_setMode</name>
         <load_address>0xe597</load_address>
         <run_address>0xe597</run_address>
         <size>0x11</size>
         <input_file_ref idref="fl-19"/>
      </object_component>
      <object_component id="oc-3ec">
         <name>.text:A3</name>
         <load_address>0xe5a8</load_address>
         <run_address>0xe5a8</run_address>
         <size>0x10</size>
         <input_file_ref idref="fl-3"/>
      </object_component>
      <object_component id="oc-459">
         <name>.text:SysCtl_pollCpuTimer</name>
         <load_address>0xe5b8</load_address>
         <run_address>0xe5b8</run_address>
         <size>0xf</size>
         <input_file_ref idref="fl-21"/>
      </object_component>
      <object_component id="oc-cf">
         <name>.text:decompress:ZI:__TI_zero_init_nomemset</name>
         <load_address>0xe5c7</load_address>
         <run_address>0xe5c7</run_address>
         <size>0xd</size>
         <input_file_ref idref="fl-3b"/>
      </object_component>
      <object_component id="oc-1eb">
         <name>.text:HAL_setMotorParams</name>
         <load_address>0xe5d4</load_address>
         <run_address>0xe5d4</run_address>
         <size>0xc</size>
         <input_file_ref idref="fl-5"/>
      </object_component>
      <object_component id="oc-bf">
         <name>.text:Interrupt_defaultHandler</name>
         <load_address>0xe5e0</load_address>
         <run_address>0xe5e0</run_address>
         <size>0xc</size>
         <input_file_ref idref="fl-1e"/>
      </object_component>
      <object_component id="oc-15d">
         <name>.text</name>
         <load_address>0xe5ec</load_address>
         <run_address>0xe5ec</run_address>
         <size>0xc</size>
         <input_file_ref idref="fl-40"/>
      </object_component>
      <object_component id="oc-b9">
         <name>.text:Interrupt_illegalOperationHandler</name>
         <load_address>0xe5f8</load_address>
         <run_address>0xe5f8</run_address>
         <size>0xa</size>
         <input_file_ref idref="fl-1e"/>
      </object_component>
      <object_component id="oc-ad">
         <name>.text:Interrupt_nmiHandler</name>
         <load_address>0xe602</load_address>
         <run_address>0xe602</run_address>
         <size>0xa</size>
         <input_file_ref idref="fl-1e"/>
      </object_component>
      <object_component id="oc-2e0">
         <name>.text:FCL_initQEP</name>
         <load_address>0xe60c</load_address>
         <run_address>0xe60c</run_address>
         <size>0x8</size>
         <input_file_ref idref="fl-8"/>
      </object_component>
      <object_component id="oc-8e">
         <name>.text:decompress:none</name>
         <load_address>0xe614</load_address>
         <run_address>0xe614</run_address>
         <size>0x8</size>
         <input_file_ref idref="fl-3c"/>
      </object_component>
      <object_component id="oc-301">
         <name>.text:A2</name>
         <load_address>0xe61c</load_address>
         <run_address>0xe61c</run_address>
         <size>0x6</size>
         <input_file_ref idref="fl-3"/>
      </object_component>
      <object_component id="oc-215">
         <name>.text:B1</name>
         <load_address>0xe622</load_address>
         <run_address>0xe622</run_address>
         <size>0x6</size>
         <input_file_ref idref="fl-3"/>
      </object_component>
      <object_component id="oc-3fc">
         <name>.text:B3</name>
         <load_address>0xe628</load_address>
         <run_address>0xe628</run_address>
         <size>0x6</size>
         <input_file_ref idref="fl-3"/>
      </object_component>
      <object_component id="oc-30f">
         <name>.text:C2</name>
         <load_address>0xe62e</load_address>
         <run_address>0xe62e</run_address>
         <size>0x6</size>
         <input_file_ref idref="fl-3"/>
      </object_component>
      <object_component id="oc-403">
         <name>.text:C3</name>
         <load_address>0xe634</load_address>
         <run_address>0xe634</run_address>
         <size>0x6</size>
         <input_file_ref idref="fl-3"/>
      </object_component>
      <object_component id="oc-3aa">
         <name>.text:CPUTimer_setEmulationMode</name>
         <load_address>0xe63a</load_address>
         <run_address>0xe63a</run_address>
         <size>0x6</size>
         <input_file_ref idref="fl-1c"/>
      </object_component>
      <object_component id="oc-233">
         <name>.text:FCL_getSwVersion</name>
         <load_address>0xe640</load_address>
         <run_address>0xe640</run_address>
         <size>0x2</size>
         <input_file_ref idref="fl-8"/>
      </object_component>
      <object_component id="oc-156">
         <name>.text</name>
         <load_address>0xe642</load_address>
         <run_address>0xe642</run_address>
         <size>0x2</size>
         <input_file_ref idref="fl-39"/>
      </object_component>
      <object_component id="oc-515">
         <name>.cinit.ClaData.load</name>
         <load_address>0x124</load_address>
         <run_address>0x124</run_address>
         <size>0x72</size>
      </object_component>
      <object_component id="oc-514">
         <name>.cinit..data.load</name>
         <load_address>0x196</load_address>
         <run_address>0x196</run_address>
         <size>0x22</size>
      </object_component>
      <object_component id="oc-511">
         <name>__TI_handler_table</name>
         <load_address>0x1b8</load_address>
         <run_address>0x1b8</run_address>
         <size>0x6</size>
      </object_component>
      <object_component id="oc-513">
         <name>.cinit..bss.load</name>
         <load_address>0x1be</load_address>
         <run_address>0x1be</run_address>
         <size>0x4</size>
      </object_component>
      <object_component id="oc-512">
         <name>__TI_cinit_table</name>
         <load_address>0x1c2</load_address>
         <run_address>0x1c2</run_address>
         <size>0xc</size>
      </object_component>
      <object_component id="oc-c5">
         <name>.stack</name>
         <uninitialized>true</uninitialized>
         <run_address>0x400</run_address>
         <size>0x0</size>
         <input_file_ref idref="fl-34"/>
      </object_component>
      <object_component id="oc-516">
         <name>.stack</name>
         <uninitialized>true</uninitialized>
         <run_address>0x400</run_address>
         <size>0x0</size>
      </object_component>
      <object_component id="oc-115">
         <name>.bss</name>
         <uninitialized>true</uninitialized>
         <run_address>0x86c0</run_address>
         <size>0x62</size>
         <input_file_ref idref="fl-3"/>
      </object_component>
      <object_component id="oc-ff">
         <name>.bss:FCL_cycleCount</name>
         <uninitialized>true</uninitialized>
         <run_address>0x86b4</run_address>
         <size>0x2</size>
         <input_file_ref idref="fl-3"/>
      </object_component>
      <object_component id="oc-fc">
         <name>.bss:halMtrHandle</name>
         <uninitialized>true</uninitialized>
         <run_address>0x86b0</run_address>
         <size>0x4</size>
         <input_file_ref idref="fl-3"/>
      </object_component>
      <object_component id="oc-104">
         <name>.bss:halMtr</name>
         <uninitialized>true</uninitialized>
         <run_address>0x868c</run_address>
         <size>0x24</size>
         <input_file_ref idref="fl-3"/>
      </object_component>
      <object_component id="oc-3f9">
         <name>.bss:sciPrepBuffer</name>
         <uninitialized>true</uninitialized>
         <run_address>0x8722</run_address>
         <size>0x40</size>
         <input_file_ref idref="fl-3"/>
      </object_component>
      <object_component id="oc-11e">
         <name>.data</name>
         <load_address>0x8640</load_address>
         <run_address>0x8640</run_address>
         <size>0x2e</size>
         <input_file_ref idref="fl-3"/>
      </object_component>
      <object_component id="oc-2f1">
         <name>.data:vTimer0</name>
         <load_address>0x867a</load_address>
         <run_address>0x867a</run_address>
         <size>0x4</size>
         <input_file_ref idref="fl-3"/>
      </object_component>
      <object_component id="oc-3db">
         <name>.data:vTimer1</name>
         <load_address>0x867e</load_address>
         <run_address>0x867e</run_address>
         <size>0x4</size>
         <input_file_ref idref="fl-3"/>
      </object_component>
      <object_component id="oc-448">
         <name>.data:vTimer2</name>
         <load_address>0x8682</load_address>
         <run_address>0x8682</run_address>
         <size>0x4</size>
         <input_file_ref idref="fl-3"/>
      </object_component>
      <object_component id="oc-227">
         <name>.data:DBUFF_4CH1</name>
         <load_address>0x8000</load_address>
         <run_address>0x8000</run_address>
         <size>0x190</size>
         <input_file_ref idref="fl-3"/>
      </object_component>
      <object_component id="oc-22a">
         <name>.data:DBUFF_4CH2</name>
         <load_address>0x8190</load_address>
         <run_address>0x8190</run_address>
         <size>0x190</size>
         <input_file_ref idref="fl-3"/>
      </object_component>
      <object_component id="oc-22d">
         <name>.data:DBUFF_4CH3</name>
         <load_address>0x8320</load_address>
         <run_address>0x8320</run_address>
         <size>0x190</size>
         <input_file_ref idref="fl-3"/>
      </object_component>
      <object_component id="oc-230">
         <name>.data:DBUFF_4CH4</name>
         <load_address>0x84b0</load_address>
         <run_address>0x84b0</run_address>
         <size>0x190</size>
         <input_file_ref idref="fl-3"/>
      </object_component>
      <object_component id="oc-27a">
         <name>.data</name>
         <load_address>0x866e</load_address>
         <run_address>0x866e</run_address>
         <size>0x6</size>
         <input_file_ref idref="fl-e"/>
      </object_component>
      <object_component id="oc-1aa">
         <name>.data</name>
         <load_address>0x8674</load_address>
         <run_address>0x8674</run_address>
         <size>0x6</size>
         <input_file_ref idref="fl-3e"/>
      </object_component>
      <object_component id="oc-320">
         <name>.data</name>
         <load_address>0x8688</load_address>
         <run_address>0x8688</run_address>
         <size>0x1</size>
         <input_file_ref idref="fl-6"/>
      </object_component>
      <object_component id="oc-1ad">
         <name>.data:_lock</name>
         <load_address>0x8686</load_address>
         <run_address>0x8686</run_address>
         <size>0x2</size>
         <input_file_ref idref="fl-3f"/>
      </object_component>
      <object_component id="oc-38a">
         <name>Cla1Prog:Cla1Task5</name>
         <load_address>0xa000</load_address>
         <run_address>0xa000</run_address>
         <size>0xd4</size>
         <input_file_ref idref="fl-7"/>
      </object_component>
      <object_component id="oc-372">
         <name>Cla1Prog:Cla1Task1</name>
         <load_address>0xa0d4</load_address>
         <run_address>0xa0d4</run_address>
         <size>0xca</size>
         <input_file_ref idref="fl-7"/>
      </object_component>
      <object_component id="oc-39c">
         <name>Cla1Prog:Cla1Task8</name>
         <load_address>0xa19e</load_address>
         <run_address>0xa19e</run_address>
         <size>0xb0</size>
         <input_file_ref idref="fl-7"/>
      </object_component>
      <object_component id="oc-384">
         <name>Cla1Prog:Cla1Task4</name>
         <load_address>0xa24e</load_address>
         <run_address>0xa24e</run_address>
         <size>0xaa</size>
         <input_file_ref idref="fl-7"/>
      </object_component>
      <object_component id="oc-37e">
         <name>Cla1Prog:Cla1Task3</name>
         <load_address>0xa2f8</load_address>
         <run_address>0xa2f8</run_address>
         <size>0x2c</size>
         <input_file_ref idref="fl-7"/>
      </object_component>
      <object_component id="oc-378">
         <name>Cla1Prog:Cla1Task2</name>
         <load_address>0xa324</load_address>
         <run_address>0xa324</run_address>
         <size>0x24</size>
         <input_file_ref idref="fl-7"/>
      </object_component>
      <object_component id="oc-396">
         <name>Cla1Prog:Cla1Task7</name>
         <load_address>0xa348</load_address>
         <run_address>0xa348</run_address>
         <size>0x22</size>
         <input_file_ref idref="fl-7"/>
      </object_component>
      <object_component id="oc-390">
         <name>Cla1Prog:Cla1Task6</name>
         <load_address>0xa36a</load_address>
         <run_address>0xa36a</run_address>
         <size>0x1a</size>
         <input_file_ref idref="fl-7"/>
      </object_component>
      <object_component id="oc-e1">
         <name>ClaData</name>
         <load_address>0x9800</load_address>
         <run_address>0x9800</run_address>
         <size>0x298</size>
         <input_file_ref idref="fl-3"/>
      </object_component>
      <object_component id="oc-133">
         <name>ClaData</name>
         <load_address>0x9a98</load_address>
         <run_address>0x9a98</run_address>
         <size>0xa4</size>
         <input_file_ref idref="fl-8"/>
      </object_component>
      <object_component id="oc-10f">
         <name>.TI.ramfunc:FCL_runPICtrlWrap_M1</name>
         <load_address>0xe648</load_address>
         <run_address>0xe648</run_address>
         <size>0xe5</size>
         <input_file_ref idref="fl-8"/>
      </object_component>
      <object_component id="oc-ea">
         <name>.TI.ramfunc:FCL_runPICtrlWrap_M2</name>
         <load_address>0xe72e</load_address>
         <run_address>0xe72e</run_address>
         <size>0xda</size>
         <input_file_ref idref="fl-8"/>
      </object_component>
      <object_component id="oc-109">
         <name>.TI.ramfunc:FCL_runPICtrl_M1</name>
         <load_address>0xe808</load_address>
         <run_address>0xe808</run_address>
         <size>0xd7</size>
         <input_file_ref idref="fl-8"/>
      </object_component>
      <object_component id="oc-e4">
         <name>.TI.ramfunc:FCL_runPICtrl_M2</name>
         <load_address>0xe8e0</load_address>
         <run_address>0xe8e0</run_address>
         <size>0xd3</size>
         <input_file_ref idref="fl-8"/>
      </object_component>
      <object_component id="oc-f0">
         <name>.TI.ramfunc:FCL_resetController</name>
         <load_address>0xe9b3</load_address>
         <run_address>0xe9b3</run_address>
         <size>0x31</size>
         <input_file_ref idref="fl-8"/>
      </object_component>
      <object_component id="oc-2ee">
         <name>.TI.ramfunc</name>
         <load_address>0xe9e4</load_address>
         <run_address>0xe9e4</run_address>
         <size>0x4</size>
         <input_file_ref idref="fl-21"/>
      </object_component>
      <object_component id="oc-103">
         <name>.debug_types</name>
         <load_address>0x0</load_address>
         <run_address>0x0</run_address>
         <size>0x48fd</size>
         <input_file_ref idref="fl-3"/>
      </object_component>
      <object_component id="oc-108">
         <name>.debug_types</name>
         <load_address>0x48fd</load_address>
         <run_address>0x48fd</run_address>
         <size>0x4bc0</size>
         <input_file_ref idref="fl-5"/>
      </object_component>
      <object_component id="oc-424">
         <name>.debug_types</name>
         <load_address>0x94bd</load_address>
         <run_address>0x94bd</run_address>
         <size>0x14f1</size>
         <input_file_ref idref="fl-7"/>
      </object_component>
      <object_component id="oc-13c">
         <name>.debug_types</name>
         <load_address>0xa9ae</load_address>
         <run_address>0xa9ae</run_address>
         <size>0x358e</size>
         <input_file_ref idref="fl-8"/>
      </object_component>
      <object_component id="oc-29f">
         <name>.debug_types</name>
         <load_address>0xdf3c</load_address>
         <run_address>0xdf3c</run_address>
         <size>0x1a1</size>
         <input_file_ref idref="fl-9"/>
      </object_component>
      <object_component id="oc-27e">
         <name>.debug_types</name>
         <load_address>0xe0dd</load_address>
         <run_address>0xe0dd</run_address>
         <size>0x4b0</size>
         <input_file_ref idref="fl-e"/>
      </object_component>
      <object_component id="oc-43f">
         <name>.debug_types</name>
         <load_address>0xe58d</load_address>
         <run_address>0xe58d</run_address>
         <size>0x8d</size>
         <input_file_ref idref="fl-19"/>
      </object_component>
      <object_component id="oc-42d">
         <name>.debug_types</name>
         <load_address>0xe61a</load_address>
         <run_address>0xe61a</run_address>
         <size>0x5e</size>
         <input_file_ref idref="fl-1a"/>
      </object_component>
      <object_component id="oc-441">
         <name>.debug_types</name>
         <load_address>0xe678</load_address>
         <run_address>0xe678</run_address>
         <size>0x2f</size>
         <input_file_ref idref="fl-1b"/>
      </object_component>
      <object_component id="oc-42f">
         <name>.debug_types</name>
         <load_address>0xe6a7</load_address>
         <run_address>0xe6a7</run_address>
         <size>0x2f</size>
         <input_file_ref idref="fl-1c"/>
      </object_component>
      <object_component id="oc-34d">
         <name>.debug_types</name>
         <load_address>0xe6d6</load_address>
         <run_address>0xe6d6</run_address>
         <size>0x256</size>
         <input_file_ref idref="fl-1d"/>
      </object_component>
      <object_component id="oc-123">
         <name>.debug_types</name>
         <load_address>0x0</load_address>
         <run_address>0x0</run_address>
         <size>0x0</size>
         <input_file_ref idref="fl-1e"/>
      </object_component>
      <object_component id="oc-420">
         <name>.debug_types</name>
         <load_address>0xe92c</load_address>
         <run_address>0xe92c</run_address>
         <size>0x224</size>
         <input_file_ref idref="fl-1f"/>
      </object_component>
      <object_component id="oc-41d">
         <name>.debug_types</name>
         <load_address>0xeb50</load_address>
         <run_address>0xeb50</run_address>
         <size>0x56</size>
         <input_file_ref idref="fl-20"/>
      </object_component>
      <object_component id="oc-331">
         <name>.debug_types</name>
         <load_address>0xeba6</load_address>
         <run_address>0xeba6</run_address>
         <size>0x21d</size>
         <input_file_ref idref="fl-21"/>
      </object_component>
      <object_component id="oc-3d8">
         <name>.debug_types</name>
         <load_address>0xedc3</load_address>
         <run_address>0xedc3</run_address>
         <size>0x2830</size>
         <input_file_ref idref="fl-22"/>
      </object_component>
      <object_component id="oc-1b9">
         <name>.debug_types</name>
         <load_address>0x115f3</load_address>
         <run_address>0x115f3</run_address>
         <size>0x46c</size>
         <input_file_ref idref="fl-3a"/>
      </object_component>
      <object_component id="oc-1b1">
         <name>.debug_types</name>
         <load_address>0x11a5f</load_address>
         <run_address>0x11a5f</run_address>
         <size>0xbf</size>
         <input_file_ref idref="fl-3e"/>
      </object_component>
      <object_component id="oc-1a9">
         <name>.debug_types</name>
         <load_address>0x11b1e</load_address>
         <run_address>0x11b1e</run_address>
         <size>0xe1</size>
         <input_file_ref idref="fl-40"/>
      </object_component>
      <object_component id="oc-25d">
         <name>.debug_types</name>
         <load_address>0x0</load_address>
         <run_address>0x0</run_address>
         <size>0x0</size>
         <input_file_ref idref="fl-45"/>
      </object_component>
      <object_component id="oc-c7">
         <name>.debug_types</name>
         <load_address>0x11bff</load_address>
         <run_address>0x11bff</run_address>
         <size>0x5c733</size>
         <input_file_ref idref="fl-46"/>
      </object_component>
      <object_component id="oc-11f">
         <name>.debug_info</name>
         <load_address>0x0</load_address>
         <run_address>0x0</run_address>
         <size>0x572</size>
         <input_file_ref idref="fl-3"/>
      </object_component>
      <object_component id="oc-116">
         <name>.debug_info</name>
         <load_address>0x572</load_address>
         <run_address>0x572</run_address>
         <size>0x216</size>
         <input_file_ref idref="fl-3"/>
      </object_component>
      <object_component id="oc-100">
         <name>.debug_info</name>
         <load_address>0x788</load_address>
         <run_address>0x788</run_address>
         <size>0x11e</size>
         <input_file_ref idref="fl-3"/>
      </object_component>
      <object_component id="oc-2f2">
         <name>.debug_info</name>
         <load_address>0x8a6</load_address>
         <run_address>0x8a6</run_address>
         <size>0x110</size>
         <input_file_ref idref="fl-3"/>
      </object_component>
      <object_component id="oc-3dc">
         <name>.debug_info</name>
         <load_address>0x9b6</load_address>
         <run_address>0x9b6</run_address>
         <size>0x110</size>
         <input_file_ref idref="fl-3"/>
      </object_component>
      <object_component id="oc-449">
         <name>.debug_info</name>
         <load_address>0xac6</load_address>
         <run_address>0xac6</run_address>
         <size>0x110</size>
         <input_file_ref idref="fl-3"/>
      </object_component>
      <object_component id="oc-fd">
         <name>.debug_info</name>
         <load_address>0xbd6</load_address>
         <run_address>0xbd6</run_address>
         <size>0x11a</size>
         <input_file_ref idref="fl-3"/>
      </object_component>
      <object_component id="oc-105">
         <name>.debug_info</name>
         <load_address>0xcf0</load_address>
         <run_address>0xcf0</run_address>
         <size>0x10e</size>
         <input_file_ref idref="fl-3"/>
      </object_component>
      <object_component id="oc-3fa">
         <name>.debug_info</name>
         <load_address>0xdfe</load_address>
         <run_address>0xdfe</run_address>
         <size>0x11c</size>
         <input_file_ref idref="fl-3"/>
      </object_component>
      <object_component id="oc-228">
         <name>.debug_info</name>
         <load_address>0xf1a</load_address>
         <run_address>0xf1a</run_address>
         <size>0x116</size>
         <input_file_ref idref="fl-3"/>
      </object_component>
      <object_component id="oc-22b">
         <name>.debug_info</name>
         <load_address>0x1030</load_address>
         <run_address>0x1030</run_address>
         <size>0x116</size>
         <input_file_ref idref="fl-3"/>
      </object_component>
      <object_component id="oc-22e">
         <name>.debug_info</name>
         <load_address>0x1146</load_address>
         <run_address>0x1146</run_address>
         <size>0x116</size>
         <input_file_ref idref="fl-3"/>
      </object_component>
      <object_component id="oc-231">
         <name>.debug_info</name>
         <load_address>0x125c</load_address>
         <run_address>0x125c</run_address>
         <size>0x116</size>
         <input_file_ref idref="fl-3"/>
      </object_component>
      <object_component id="oc-e2">
         <name>.debug_info</name>
         <load_address>0x1372</load_address>
         <run_address>0x1372</run_address>
         <size>0x114</size>
         <input_file_ref idref="fl-3"/>
      </object_component>
      <object_component id="oc-44f">
         <name>.debug_info</name>
         <load_address>0x1486</load_address>
         <run_address>0x1486</run_address>
         <size>0x1b3</size>
         <input_file_ref idref="fl-3"/>
      </object_component>
      <object_component id="oc-3f4">
         <name>.debug_info</name>
         <load_address>0x1639</load_address>
         <run_address>0x1639</run_address>
         <size>0x1ab</size>
         <input_file_ref idref="fl-3"/>
      </object_component>
      <object_component id="oc-246">
         <name>.debug_info</name>
         <load_address>0x17e4</load_address>
         <run_address>0x17e4</run_address>
         <size>0x152</size>
         <input_file_ref idref="fl-3"/>
      </object_component>
      <object_component id="oc-2fc">
         <name>.debug_info</name>
         <load_address>0x1936</load_address>
         <run_address>0x1936</run_address>
         <size>0x291</size>
         <input_file_ref idref="fl-3"/>
      </object_component>
      <object_component id="oc-f7">
         <name>.debug_info</name>
         <load_address>0x1bc7</load_address>
         <run_address>0x1bc7</run_address>
         <size>0x1b4</size>
         <input_file_ref idref="fl-3"/>
      </object_component>
      <object_component id="oc-9c">
         <name>.debug_info</name>
         <load_address>0x1d7b</load_address>
         <run_address>0x1d7b</run_address>
         <size>0x1c9</size>
         <input_file_ref idref="fl-3"/>
      </object_component>
      <object_component id="oc-a8">
         <name>.debug_info</name>
         <load_address>0x1f44</load_address>
         <run_address>0x1f44</run_address>
         <size>0x1de</size>
         <input_file_ref idref="fl-3"/>
      </object_component>
      <object_component id="oc-404">
         <name>.debug_info</name>
         <load_address>0x2122</load_address>
         <run_address>0x2122</run_address>
         <size>0x13a</size>
         <input_file_ref idref="fl-3"/>
      </object_component>
      <object_component id="oc-310">
         <name>.debug_info</name>
         <load_address>0x225c</load_address>
         <run_address>0x225c</run_address>
         <size>0x13a</size>
         <input_file_ref idref="fl-3"/>
      </object_component>
      <object_component id="oc-3fd">
         <name>.debug_info</name>
         <load_address>0x2396</load_address>
         <run_address>0x2396</run_address>
         <size>0x13a</size>
         <input_file_ref idref="fl-3"/>
      </object_component>
      <object_component id="oc-309">
         <name>.debug_info</name>
         <load_address>0x24d0</load_address>
         <run_address>0x24d0</run_address>
         <size>0x150</size>
         <input_file_ref idref="fl-3"/>
      </object_component>
      <object_component id="oc-3ed">
         <name>.debug_info</name>
         <load_address>0x2620</load_address>
         <run_address>0x2620</run_address>
         <size>0x13a</size>
         <input_file_ref idref="fl-3"/>
      </object_component>
      <object_component id="oc-302">
         <name>.debug_info</name>
         <load_address>0x275a</load_address>
         <run_address>0x275a</run_address>
         <size>0x13a</size>
         <input_file_ref idref="fl-3"/>
      </object_component>
      <object_component id="oc-21c">
         <name>.debug_info</name>
         <load_address>0x2894</load_address>
         <run_address>0x2894</run_address>
         <size>0x13a</size>
         <input_file_ref idref="fl-3"/>
      </object_component>
      <object_component id="oc-216">
         <name>.debug_info</name>
         <load_address>0x29ce</load_address>
         <run_address>0x29ce</run_address>
         <size>0x13a</size>
         <input_file_ref idref="fl-3"/>
      </object_component>
      <object_component id="oc-210">
         <name>.debug_info</name>
         <load_address>0x2b08</load_address>
         <run_address>0x2b08</run_address>
         <size>0x14f</size>
         <input_file_ref idref="fl-3"/>
      </object_component>
      <object_component id="oc-20a">
         <name>.debug_info</name>
         <load_address>0x2c57</load_address>
         <run_address>0x2c57</run_address>
         <size>0x13f</size>
         <input_file_ref idref="fl-3"/>
      </object_component>
      <object_component id="oc-2f5">
         <name>.debug_info</name>
         <load_address>0x2d96</load_address>
         <run_address>0x2d96</run_address>
         <size>0x13f</size>
         <input_file_ref idref="fl-3"/>
      </object_component>
      <object_component id="oc-3df">
         <name>.debug_info</name>
         <load_address>0x2ed5</load_address>
         <run_address>0x2ed5</run_address>
         <size>0x13f</size>
         <input_file_ref idref="fl-3"/>
      </object_component>
      <object_component id="oc-1a3">
         <name>.debug_info</name>
         <load_address>0x3014</load_address>
         <run_address>0x3014</run_address>
         <size>0x4d1</size>
         <input_file_ref idref="fl-3"/>
      </object_component>
      <object_component id="oc-2ce">
         <name>.debug_info</name>
         <load_address>0x34e5</load_address>
         <run_address>0x34e5</run_address>
         <size>0x19a</size>
         <input_file_ref idref="fl-5"/>
      </object_component>
      <object_component id="oc-2c2">
         <name>.debug_info</name>
         <load_address>0x367f</load_address>
         <run_address>0x367f</run_address>
         <size>0x1a6</size>
         <input_file_ref idref="fl-5"/>
      </object_component>
      <object_component id="oc-1fe">
         <name>.debug_info</name>
         <load_address>0x3825</load_address>
         <run_address>0x3825</run_address>
         <size>0x39c</size>
         <input_file_ref idref="fl-5"/>
      </object_component>
      <object_component id="oc-a2">
         <name>.debug_info</name>
         <load_address>0x3bc1</load_address>
         <run_address>0x3bc1</run_address>
         <size>0x198</size>
         <input_file_ref idref="fl-5"/>
      </object_component>
      <object_component id="oc-2b5">
         <name>.debug_info</name>
         <load_address>0x3d59</load_address>
         <run_address>0x3d59</run_address>
         <size>0x1657</size>
         <input_file_ref idref="fl-5"/>
      </object_component>
      <object_component id="oc-2af">
         <name>.debug_info</name>
         <load_address>0x53b0</load_address>
         <run_address>0x53b0</run_address>
         <size>0x1f6</size>
         <input_file_ref idref="fl-5"/>
      </object_component>
      <object_component id="oc-3e6">
         <name>.debug_info</name>
         <load_address>0x55a6</load_address>
         <run_address>0x55a6</run_address>
         <size>0x1d4</size>
         <input_file_ref idref="fl-5"/>
      </object_component>
      <object_component id="oc-2c8">
         <name>.debug_info</name>
         <load_address>0x577a</load_address>
         <run_address>0x577a</run_address>
         <size>0x277</size>
         <input_file_ref idref="fl-5"/>
      </object_component>
      <object_component id="oc-2a3">
         <name>.debug_info</name>
         <load_address>0x59f1</load_address>
         <run_address>0x59f1</run_address>
         <size>0x33c</size>
         <input_file_ref idref="fl-5"/>
      </object_component>
      <object_component id="oc-2bb">
         <name>.debug_info</name>
         <load_address>0x5d2d</load_address>
         <run_address>0x5d2d</run_address>
         <size>0x1df</size>
         <input_file_ref idref="fl-5"/>
      </object_component>
      <object_component id="oc-1e6">
         <name>.debug_info</name>
         <load_address>0x5f0c</load_address>
         <run_address>0x5f0c</run_address>
         <size>0x248</size>
         <input_file_ref idref="fl-5"/>
      </object_component>
      <object_component id="oc-1ec">
         <name>.debug_info</name>
         <load_address>0x6154</load_address>
         <run_address>0x6154</run_address>
         <size>0x1c4</size>
         <input_file_ref idref="fl-5"/>
      </object_component>
      <object_component id="oc-1da">
         <name>.debug_info</name>
         <load_address>0x6318</load_address>
         <run_address>0x6318</run_address>
         <size>0x1a2</size>
         <input_file_ref idref="fl-5"/>
      </object_component>
      <object_component id="oc-240">
         <name>.debug_info</name>
         <load_address>0x64ba</load_address>
         <run_address>0x64ba</run_address>
         <size>0x19e</size>
         <input_file_ref idref="fl-5"/>
      </object_component>
      <object_component id="oc-1e0">
         <name>.debug_info</name>
         <load_address>0x6658</load_address>
         <run_address>0x6658</run_address>
         <size>0x1ba</size>
         <input_file_ref idref="fl-5"/>
      </object_component>
      <object_component id="oc-39d">
         <name>.debug_info</name>
         <load_address>0x6812</load_address>
         <run_address>0x6812</run_address>
         <size>0x159</size>
         <input_file_ref idref="fl-7"/>
      </object_component>
      <object_component id="oc-399">
         <name>.debug_info</name>
         <load_address>0x696b</load_address>
         <run_address>0x696b</run_address>
         <size>0x159</size>
         <input_file_ref idref="fl-7"/>
      </object_component>
      <object_component id="oc-393">
         <name>.debug_info</name>
         <load_address>0x6ac4</load_address>
         <run_address>0x6ac4</run_address>
         <size>0x159</size>
         <input_file_ref idref="fl-7"/>
      </object_component>
      <object_component id="oc-38b">
         <name>.debug_info</name>
         <load_address>0x6c1d</load_address>
         <run_address>0x6c1d</run_address>
         <size>0x159</size>
         <input_file_ref idref="fl-7"/>
      </object_component>
      <object_component id="oc-387">
         <name>.debug_info</name>
         <load_address>0x6d76</load_address>
         <run_address>0x6d76</run_address>
         <size>0x159</size>
         <input_file_ref idref="fl-7"/>
      </object_component>
      <object_component id="oc-380">
         <name>.debug_info</name>
         <load_address>0x6ecf</load_address>
         <run_address>0x6ecf</run_address>
         <size>0x158</size>
         <input_file_ref idref="fl-7"/>
      </object_component>
      <object_component id="oc-37b">
         <name>.debug_info</name>
         <load_address>0x7027</load_address>
         <run_address>0x7027</run_address>
         <size>0x157</size>
         <input_file_ref idref="fl-7"/>
      </object_component>
      <object_component id="oc-374">
         <name>.debug_info</name>
         <load_address>0x717e</load_address>
         <run_address>0x717e</run_address>
         <size>0x157</size>
         <input_file_ref idref="fl-7"/>
      </object_component>
      <object_component id="oc-134">
         <name>.debug_info</name>
         <load_address>0x72d5</load_address>
         <run_address>0x72d5</run_address>
         <size>0x10a</size>
         <input_file_ref idref="fl-8"/>
      </object_component>
      <object_component id="oc-e6">
         <name>.debug_info</name>
         <load_address>0x73df</load_address>
         <run_address>0x73df</run_address>
         <size>0x1f1</size>
         <input_file_ref idref="fl-8"/>
      </object_component>
      <object_component id="oc-10b">
         <name>.debug_info</name>
         <load_address>0x75d0</load_address>
         <run_address>0x75d0</run_address>
         <size>0x1f1</size>
         <input_file_ref idref="fl-8"/>
      </object_component>
      <object_component id="oc-ec">
         <name>.debug_info</name>
         <load_address>0x77c1</load_address>
         <run_address>0x77c1</run_address>
         <size>0x18b</size>
         <input_file_ref idref="fl-8"/>
      </object_component>
      <object_component id="oc-111">
         <name>.debug_info</name>
         <load_address>0x794c</load_address>
         <run_address>0x794c</run_address>
         <size>0x18b</size>
         <input_file_ref idref="fl-8"/>
      </object_component>
      <object_component id="oc-f2">
         <name>.debug_info</name>
         <load_address>0x7ad7</load_address>
         <run_address>0x7ad7</run_address>
         <size>0x178</size>
         <input_file_ref idref="fl-8"/>
      </object_component>
      <object_component id="oc-2e2">
         <name>.debug_info</name>
         <load_address>0x7c4f</load_address>
         <run_address>0x7c4f</run_address>
         <size>0x18a</size>
         <input_file_ref idref="fl-8"/>
      </object_component>
      <object_component id="oc-2dc">
         <name>.debug_info</name>
         <load_address>0x7dd9</load_address>
         <run_address>0x7dd9</run_address>
         <size>0x1ee</size>
         <input_file_ref idref="fl-8"/>
      </object_component>
      <object_component id="oc-2d6">
         <name>.debug_info</name>
         <load_address>0x7fc7</load_address>
         <run_address>0x7fc7</run_address>
         <size>0x290</size>
         <input_file_ref idref="fl-8"/>
      </object_component>
      <object_component id="oc-235">
         <name>.debug_info</name>
         <load_address>0x8257</load_address>
         <run_address>0x8257</run_address>
         <size>0x152</size>
         <input_file_ref idref="fl-8"/>
      </object_component>
      <object_component id="oc-29c">
         <name>.debug_info</name>
         <load_address>0x83a9</load_address>
         <run_address>0x83a9</run_address>
         <size>0x165</size>
         <input_file_ref idref="fl-9"/>
      </object_component>
      <object_component id="oc-1d7">
         <name>.debug_info</name>
         <load_address>0x850e</load_address>
         <run_address>0x850e</run_address>
         <size>0x1dd</size>
         <input_file_ref idref="fl-9"/>
      </object_component>
      <object_component id="oc-96">
         <name>.debug_info</name>
         <load_address>0x86eb</load_address>
         <run_address>0x86eb</run_address>
         <size>0x12d</size>
         <input_file_ref idref="fl-c"/>
      </object_component>
      <object_component id="oc-dc">
         <name>.debug_info</name>
         <load_address>0x8818</load_address>
         <run_address>0x8818</run_address>
         <size>0x12e</size>
         <input_file_ref idref="fl-c"/>
      </object_component>
      <object_component id="oc-27b">
         <name>.debug_info</name>
         <load_address>0x8946</load_address>
         <run_address>0x8946</run_address>
         <size>0x174</size>
         <input_file_ref idref="fl-e"/>
      </object_component>
      <object_component id="oc-348">
         <name>.debug_info</name>
         <load_address>0x8aba</load_address>
         <run_address>0x8aba</run_address>
         <size>0x170</size>
         <input_file_ref idref="fl-e"/>
      </object_component>
      <object_component id="oc-283">
         <name>.debug_info</name>
         <load_address>0x8c2a</load_address>
         <run_address>0x8c2a</run_address>
         <size>0x1a6</size>
         <input_file_ref idref="fl-e"/>
      </object_component>
      <object_component id="oc-1cf">
         <name>.debug_info</name>
         <load_address>0x8dd0</load_address>
         <run_address>0x8dd0</run_address>
         <size>0x162</size>
         <input_file_ref idref="fl-e"/>
      </object_component>
      <object_component id="oc-26a">
         <name>.debug_info</name>
         <load_address>0x8f32</load_address>
         <run_address>0x8f32</run_address>
         <size>0x158</size>
         <input_file_ref idref="fl-e"/>
      </object_component>
      <object_component id="oc-277">
         <name>.debug_info</name>
         <load_address>0x908a</load_address>
         <run_address>0x908a</run_address>
         <size>0x152</size>
         <input_file_ref idref="fl-e"/>
      </object_component>
      <object_component id="oc-1c9">
         <name>.debug_info</name>
         <load_address>0x91dc</load_address>
         <run_address>0x91dc</run_address>
         <size>0x1b0</size>
         <input_file_ref idref="fl-e"/>
      </object_component>
      <object_component id="oc-43a">
         <name>.debug_info</name>
         <load_address>0x938c</load_address>
         <run_address>0x938c</run_address>
         <size>0x261</size>
         <input_file_ref idref="fl-19"/>
      </object_component>
      <object_component id="oc-433">
         <name>.debug_info</name>
         <load_address>0x95ed</load_address>
         <run_address>0x95ed</run_address>
         <size>0x217</size>
         <input_file_ref idref="fl-19"/>
      </object_component>
      <object_component id="oc-3c2">
         <name>.debug_info</name>
         <load_address>0x9804</load_address>
         <run_address>0x9804</run_address>
         <size>0x279</size>
         <input_file_ref idref="fl-19"/>
      </object_component>
      <object_component id="oc-3a6">
         <name>.debug_info</name>
         <load_address>0x9a7d</load_address>
         <run_address>0x9a7d</run_address>
         <size>0x263</size>
         <input_file_ref idref="fl-1a"/>
      </object_component>
      <object_component id="oc-3ce">
         <name>.debug_info</name>
         <load_address>0x9ce0</load_address>
         <run_address>0x9ce0</run_address>
         <size>0x29d</size>
         <input_file_ref idref="fl-1b"/>
      </object_component>
      <object_component id="oc-3c7">
         <name>.debug_info</name>
         <load_address>0x9f7d</load_address>
         <run_address>0x9f7d</run_address>
         <size>0x29f</size>
         <input_file_ref idref="fl-1b"/>
      </object_component>
      <object_component id="oc-3ab">
         <name>.debug_info</name>
         <load_address>0xa21c</load_address>
         <run_address>0xa21c</run_address>
         <size>0x23c</size>
         <input_file_ref idref="fl-1c"/>
      </object_component>
      <object_component id="oc-294">
         <name>.debug_info</name>
         <load_address>0xa458</load_address>
         <run_address>0xa458</run_address>
         <size>0x246</size>
         <input_file_ref idref="fl-1d"/>
      </object_component>
      <object_component id="oc-287">
         <name>.debug_info</name>
         <load_address>0xa69e</load_address>
         <run_address>0xa69e</run_address>
         <size>0x210</size>
         <input_file_ref idref="fl-1d"/>
      </object_component>
      <object_component id="oc-28f">
         <name>.debug_info</name>
         <load_address>0xa8ae</load_address>
         <run_address>0xa8ae</run_address>
         <size>0x254</size>
         <input_file_ref idref="fl-1d"/>
      </object_component>
      <object_component id="oc-3ba">
         <name>.debug_info</name>
         <load_address>0xab02</load_address>
         <run_address>0xab02</run_address>
         <size>0x257</size>
         <input_file_ref idref="fl-1d"/>
      </object_component>
      <object_component id="oc-3b3">
         <name>.debug_info</name>
         <load_address>0xad59</load_address>
         <run_address>0xad59</run_address>
         <size>0x22e</size>
         <input_file_ref idref="fl-1d"/>
      </object_component>
      <object_component id="oc-b6">
         <name>.debug_info</name>
         <load_address>0xaf87</load_address>
         <run_address>0xaf87</run_address>
         <size>0x1ea</size>
         <input_file_ref idref="fl-1e"/>
      </object_component>
      <object_component id="oc-b1">
         <name>.debug_info</name>
         <load_address>0xb171</load_address>
         <run_address>0xb171</run_address>
         <size>0x200</size>
         <input_file_ref idref="fl-1e"/>
      </object_component>
      <object_component id="oc-2a9">
         <name>.debug_info</name>
         <load_address>0xb371</load_address>
         <run_address>0xb371</run_address>
         <size>0x1f4</size>
         <input_file_ref idref="fl-1e"/>
      </object_component>
      <object_component id="oc-ba">
         <name>.debug_info</name>
         <load_address>0xb565</load_address>
         <run_address>0xb565</run_address>
         <size>0x204</size>
         <input_file_ref idref="fl-1e"/>
      </object_component>
      <object_component id="oc-327">
         <name>.debug_info</name>
         <load_address>0xb769</load_address>
         <run_address>0xb769</run_address>
         <size>0x23c</size>
         <input_file_ref idref="fl-1e"/>
      </object_component>
      <object_component id="oc-c2">
         <name>.debug_info</name>
         <load_address>0xb9a5</load_address>
         <run_address>0xb9a5</run_address>
         <size>0x1f2</size>
         <input_file_ref idref="fl-1e"/>
      </object_component>
      <object_component id="oc-36f">
         <name>.debug_info</name>
         <load_address>0xbb97</load_address>
         <run_address>0xbb97</run_address>
         <size>0x26c</size>
         <input_file_ref idref="fl-1f"/>
      </object_component>
      <object_component id="oc-362">
         <name>.debug_info</name>
         <load_address>0xbe03</load_address>
         <run_address>0xbe03</run_address>
         <size>0x21c</size>
         <input_file_ref idref="fl-1f"/>
      </object_component>
      <object_component id="oc-36a">
         <name>.debug_info</name>
         <load_address>0xc01f</load_address>
         <run_address>0xc01f</run_address>
         <size>0x238</size>
         <input_file_ref idref="fl-1f"/>
      </object_component>
      <object_component id="oc-35a">
         <name>.debug_info</name>
         <load_address>0xc257</load_address>
         <run_address>0xc257</run_address>
         <size>0x245</size>
         <input_file_ref idref="fl-20"/>
      </object_component>
      <object_component id="oc-352">
         <name>.debug_info</name>
         <load_address>0xc49c</load_address>
         <run_address>0xc49c</run_address>
         <size>0x23b</size>
         <input_file_ref idref="fl-20"/>
      </object_component>
      <object_component id="oc-45c">
         <name>.debug_info</name>
         <load_address>0xc6d7</load_address>
         <run_address>0xc6d7</run_address>
         <size>0x1fe</size>
         <input_file_ref idref="fl-21"/>
      </object_component>
      <object_component id="oc-411">
         <name>.debug_info</name>
         <load_address>0xc8d5</load_address>
         <run_address>0xc8d5</run_address>
         <size>0x2fa</size>
         <input_file_ref idref="fl-21"/>
      </object_component>
      <object_component id="oc-335">
         <name>.debug_info</name>
         <load_address>0xcbcf</load_address>
         <run_address>0xcbcf</run_address>
         <size>0x220</size>
         <input_file_ref idref="fl-21"/>
      </object_component>
      <object_component id="oc-271">
         <name>.debug_info</name>
         <load_address>0xcdef</load_address>
         <run_address>0xcdef</run_address>
         <size>0x404</size>
         <input_file_ref idref="fl-21"/>
      </object_component>
      <object_component id="oc-263">
         <name>.debug_info</name>
         <load_address>0xd1f3</load_address>
         <run_address>0xd1f3</run_address>
         <size>0x22e</size>
         <input_file_ref idref="fl-21"/>
      </object_component>
      <object_component id="oc-2ec">
         <name>.debug_info</name>
         <load_address>0xd421</load_address>
         <run_address>0xd421</run_address>
         <size>0x248</size>
         <input_file_ref idref="fl-22"/>
      </object_component>
      <object_component id="oc-12f">
         <name>.debug_info</name>
         <load_address>0xd669</load_address>
         <run_address>0xd669</run_address>
         <size>0x147</size>
         <input_file_ref idref="fl-34"/>
      </object_component>
      <object_component id="oc-33a">
         <name>.debug_info</name>
         <load_address>0xd7b0</load_address>
         <run_address>0xd7b0</run_address>
         <size>0x116</size>
         <input_file_ref idref="fl-35"/>
      </object_component>
      <object_component id="oc-173">
         <name>.debug_info</name>
         <load_address>0xd8c6</load_address>
         <run_address>0xd8c6</run_address>
         <size>0x1ae</size>
         <input_file_ref idref="fl-3a"/>
      </object_component>
      <object_component id="oc-1ab">
         <name>.debug_info</name>
         <load_address>0xda74</load_address>
         <run_address>0xda74</run_address>
         <size>0x18d</size>
         <input_file_ref idref="fl-3e"/>
      </object_component>
      <object_component id="oc-167">
         <name>.debug_info</name>
[...]
         <name>sciPrepBuffer</name>
         <value>0x8722</value>
         <object_component_ref idref="oc-3f9"/>
      </symbol>
      <symbol id="sm-276">
         <name>sciDataReady</name>
         <value>0x8645</value>
         <object_component_ref idref="oc-11e"/>
      </symbol>
      <symbol id="sm-277">
         <name>sampWin</name>
         <value>0x8647</value>
         <object_component_ref idref="oc-11e"/>
      </symbol>
      <symbol id="sm-278">
         <name>sendWaveformData</name>
         <value>0xde11</value>
         <object_component_ref idref="oc-3f3"/>
      </symbol>
      <symbol id="sm-279">
         <name>rampDelayMax</name>
         <value>0x866c</value>
         <object_component_ref idref="oc-11e"/>
      </symbol>
      <symbol id="sm-27a">
         <name>C3</name>
         <value>0xe634</value>
         <object_component_ref idref="oc-403"/>
      </symbol>
      <symbol id="sm-27b">
         <name>C2</name>
         <value>0xe62e</value>
         <object_component_ref idref="oc-30f"/>
      </symbol>
      <symbol id="sm-27c">
         <name>C1</name>
         <value>0xe585</value>
         <object_component_ref idref="oc-21b"/>
      </symbol>
      <symbol id="sm-27d">
         <name>led2Cnt</name>
         <value>0x864c</value>
         <object_component_ref idref="oc-11e"/>
      </symbol>
      <symbol id="sm-27e">
         <name>C0</name>
         <value>0xe542</value>
         <object_component_ref idref="oc-3de"/>
      </symbol>
      <symbol id="sm-27f">
         <name>VqTesting</name>
         <value>0x865a</value>
         <object_component_ref idref="oc-11e"/>
      </symbol>
      <symbol id="sm-280">
         <name>generateWaveforms</name>
         <value>0xe282</value>
         <object_component_ref idref="oc-44e"/>
      </symbol>
      <symbol id="sm-281">
         <name>ramper</name>
         <value>0xe445</value>
         <object_component_ref idref="oc-f6"/>
      </symbol>
      <symbol id="sm-282">
         <name>runMotorControl</name>
         <value>0xd396</value>
         <object_component_ref idref="oc-2fb"/>
      </symbol>
      <symbol id="sm-283">
         <name>B3</name>
         <value>0xe628</value>
         <object_component_ref idref="oc-3fc"/>
      </symbol>
      <symbol id="sm-284">
         <name>B2</name>
         <value>0xe52b</value>
         <object_component_ref idref="oc-308"/>
      </symbol>
      <symbol id="sm-285">
         <name>B1</name>
         <value>0xe622</value>
         <object_component_ref idref="oc-215"/>
      </symbol>
      <symbol id="sm-286">
         <name>B0</name>
         <value>0xe514</value>
         <object_component_ref idref="oc-2f4"/>
      </symbol>
      <symbol id="sm-287">
         <name>A3</name>
         <value>0xe5a8</value>
         <object_component_ref idref="oc-3ec"/>
      </symbol>
      <symbol id="sm-288">
         <name>A2</name>
         <value>0xe61c</value>
         <object_component_ref idref="oc-301"/>
      </symbol>
      <symbol id="sm-289">
         <name>A1</name>
         <value>0xdff2</value>
         <object_component_ref idref="oc-20f"/>
      </symbol>
      <symbol id="sm-28a">
         <name>A0</name>
         <value>0xe47d</value>
         <object_component_ref idref="oc-209"/>
      </symbol>
      <symbol id="sm-28b">
         <name>backTicker</name>
         <value>0x864a</value>
         <object_component_ref idref="oc-11e"/>
      </symbol>
      <symbol id="sm-28c">
         <name>dt</name>
         <value>0x86c8</value>
         <object_component_ref idref="oc-115"/>
      </symbol>
      <symbol id="sm-28d">
         <name>clkPrescale</name>
         <value>0x8646</value>
         <object_component_ref idref="oc-11e"/>
      </symbol>
      <symbol id="sm-28e">
         <name>led1Cnt</name>
         <value>0x864b</value>
         <object_component_ref idref="oc-11e"/>
      </symbol>
      <symbol id="sm-28f">
         <name>motor1ControlISR</name>
         <value>0xc712</value>
         <object_component_ref idref="oc-a7"/>
      </symbol>
      <symbol id="sm-290">
         <name>motor2ControlISR</name>
         <value>0xc3ce</value>
         <object_component_ref idref="oc-9b"/>
      </symbol>
      <symbol id="sm-291">
         <name>flagSyncRun</name>
         <value>0x864f</value>
         <object_component_ref idref="oc-11e"/>
      </symbol>
      <symbol id="sm-292">
         <name>DBUFF_4CH1</name>
         <value>0x8000</value>
         <object_component_ref idref="oc-227"/>
      </symbol>
      <symbol id="sm-293">
         <name>DBUFF_4CH2</name>
         <value>0x8190</value>
         <object_component_ref idref="oc-22a"/>
      </symbol>
      <symbol id="sm-294">
         <name>DBUFF_4CH3</name>
         <value>0x8320</value>
         <object_component_ref idref="oc-22d"/>
      </symbol>
      <symbol id="sm-295">
         <name>DBUFF_4CH4</name>
         <value>0x84b0</value>
         <object_component_ref idref="oc-230"/>
      </symbol>
      <symbol id="sm-296">
         <name>enableFlag</name>
         <value>0x8649</value>
         <object_component_ref idref="oc-11e"/>
      </symbol>
      <symbol id="sm-297">
         <name>IqRef</name>
         <value>0x866a</value>
         <object_component_ref idref="oc-11e"/>
      </symbol>
      <symbol id="sm-298">
         <name>period</name>
         <value>0x8654</value>
         <object_component_ref idref="oc-11e"/>
      </symbol>
      <symbol id="sm-299">
         <name>posPtrMax</name>
         <value>0x865c</value>
         <object_component_ref idref="oc-11e"/>
      </symbol>
      <symbol id="sm-29a">
         <name>ctrlState</name>
         <value>0x864e</value>
         <object_component_ref idref="oc-11e"/>
      </symbol>
      <symbol id="sm-324">
         <name>HAL_MTR_init</name>
         <value>0xde62</value>
         <object_component_ref idref="oc-1df"/>
      </symbol>
      <symbol id="sm-325">
         <name>HAL_setupADCs</name>
         <value>0xd76b</value>
         <object_component_ref idref="oc-2ba"/>
      </symbol>
      <symbol id="sm-326">
         <name>HAL_init</name>
         <value>0xdd6b</value>
         <object_component_ref idref="oc-1d9"/>
      </symbol>
      <symbol id="sm-327">
         <name>HAL_setupQEP</name>
         <value>0xdd15</value>
         <object_component_ref idref="oc-2cd"/>
      </symbol>
      <symbol id="sm-328">
         <name>HAL_setupMotorPWMs</name>
         <value>0xceca</value>
         <object_component_ref idref="oc-2c1"/>
      </symbol>
      <symbol id="sm-329">
         <name>HAL_setMotorParams</name>
         <value>0xe5d4</value>
         <object_component_ref idref="oc-1eb"/>
      </symbol>
      <symbol id="sm-32a">
         <name>HAL_enableInterrupts</name>
         <value>0xe4fc</value>
         <object_component_ref idref="oc-23f"/>
      </symbol>
      <symbol id="sm-32b">
         <name>HAL_setupGPIOs</name>
         <value>0xc000</value>
         <object_component_ref idref="oc-2b4"/>
      </symbol>
      <symbol id="sm-32c">
         <name>HAL_setParams</name>
         <value>0xe0b4</value>
         <object_component_ref idref="oc-1e5"/>
      </symbol>
      <symbol id="sm-32d">
         <name>HAL_setupCMPSS</name>
         <value>0xdb8b</value>
         <object_component_ref idref="oc-2c7"/>
      </symbol>
      <symbol id="sm-32e">
         <name>HAL_setupCpuTimer</name>
         <value>0xe497</value>
         <object_component_ref idref="oc-2ae"/>
      </symbol>
      <symbol id="sm-32f">
         <name>HAL_setupCLA</name>
         <value>0xd9df</value>
         <object_component_ref idref="oc-2a2"/>
      </symbol>
      <symbol id="sm-330">
         <name>HAL_setupMotorFaultProtection</name>
         <value>0xd660</value>
         <object_component_ref idref="oc-1fd"/>
      </symbol>
      <symbol id="sm-331">
         <name>HAL_setupInterrupts</name>
         <value>0xdcbd</value>
         <object_component_ref idref="oc-a1"/>
      </symbol>
      <symbol id="sm-332">
         <name>HAL_setupCMPSS_DACValue</name>
         <value>0xe4e3</value>
         <object_component_ref idref="oc-3e5"/>
      </symbol>
      <symbol id="sm-386">
         <name>Cla1Task2</name>
         <value>0xa324</value>
         <object_component_ref idref="oc-378"/>
      </symbol>
      <symbol id="sm-387">
         <name>Cla1Task3</name>
         <value>0xa2f8</value>
         <object_component_ref idref="oc-37e"/>
      </symbol>
      <symbol id="sm-388">
         <name>Cla1Task1</name>
         <value>0xa0d4</value>
         <object_component_ref idref="oc-372"/>
      </symbol>
      <symbol id="sm-389">
         <name>Cla1Task6</name>
         <value>0xa36a</value>
         <object_component_ref idref="oc-390"/>
      </symbol>
      <symbol id="sm-38a">
         <name>Cla1Task7</name>
         <value>0xa348</value>
         <object_component_ref idref="oc-396"/>
      </symbol>
      <symbol id="sm-38b">
         <name>Cla1Task4</name>
         <value>0xa24e</value>
         <object_component_ref idref="oc-384"/>
      </symbol>
      <symbol id="sm-38c">
         <name>Cla1Task5</name>
         <value>0xa000</value>
         <object_component_ref idref="oc-38a"/>
      </symbol>
      <symbol id="sm-38d">
         <name>Cla1Task8</name>
         <value>0xa19e</value>
         <object_component_ref idref="oc-39c"/>
      </symbol>
      <symbol id="sm-3df">
         <name>FCL_getSwVersion</name>
         <value>0xe640</value>
         <object_component_ref idref="oc-233"/>
      </symbol>
      <symbol id="sm-3e0">
         <name>fclVars</name>
         <value>0x9a98</value>
         <object_component_ref idref="oc-133"/>
      </symbol>
      <symbol id="sm-3e1">
         <name>FCL_runPICtrlWrap_M1</name>
         <value>0xe648</value>
         <object_component_ref idref="oc-10f"/>
      </symbol>
      <symbol id="sm-3e2">
         <name>FCL_runPICtrlWrap_M2</name>
         <value>0xe72e</value>
         <object_component_ref idref="oc-ea"/>
      </symbol>
      <symbol id="sm-3e3">
         <name>FCL_runPICtrl_M1</name>
         <value>0xe808</value>
         <object_component_ref idref="oc-109"/>
      </symbol>
      <symbol id="sm-3e4">
         <name>FCL_runPICtrl_M2</name>
         <value>0xe8e0</value>
         <object_component_ref idref="oc-e4"/>
      </symbol>
      <symbol id="sm-3e5">
         <name>FCL_resetController</name>
         <value>0xe9b3</value>
         <object_component_ref idref="oc-f0"/>
      </symbol>
      <symbol id="sm-3e6">
         <name>FCL_initPWM</name>
         <value>0xe40d</value>
         <object_component_ref idref="oc-2da"/>
      </symbol>
      <symbol id="sm-3e7">
         <name>FCL_initADC_3I</name>
         <value>0xe25b</value>
         <object_component_ref idref="oc-2d4"/>
      </symbol>
      <symbol id="sm-3e8">
         <name>FCL_initQEP</name>
         <value>0xe60c</value>
         <object_component_ref idref="oc-2e0"/>
      </symbol>
      <symbol id="sm-3ff">
         <name>SCI_init</name>
         <value>0xdb05</value>
         <object_component_ref idref="oc-298"/>
      </symbol>
      <symbol id="sm-400">
         <name>Board_init</name>
         <value>0xe2cd</value>
         <object_component_ref idref="oc-1d3"/>
      </symbol>
      <symbol id="sm-401">
         <name>mySCIB_init</name>
         <value>0xdb05</value>
         <object_component_ref idref="oc-298"/>
      </symbol>
      <symbol id="sm-411">
         <name>code_start</name>
         <value>0x0</value>
         <object_component_ref idref="oc-95"/>
      </symbol>
      <symbol id="sm-449">
         <name>Device_enableAllPeripherals</name>
         <value>0xd850</value>
         <object_component_ref idref="oc-274"/>
      </symbol>
      <symbol id="sm-44a">
         <name>Device_initGPIO</name>
         <value>0xe3b6</value>
         <object_component_ref idref="oc-1cd"/>
      </symbol>
      <symbol id="sm-44b">
         <name>Example_Fail</name>
         <value>0x8672</value>
         <object_component_ref idref="oc-27a"/>
      </symbol>
      <symbol id="sm-44c">
         <name>Device_init</name>
         <value>0xe03d</value>
         <object_component_ref idref="oc-1c7"/>
      </symbol>
      <symbol id="sm-44d">
         <name>Example_Result</name>
         <value>0x866e</value>
         <object_component_ref idref="oc-27a"/>
      </symbol>
      <symbol id="sm-44e">
         <name>Device_enableUnbondedGPIOPullups</name>
         <value>0xe357</value>
         <object_component_ref idref="oc-27f"/>
      </symbol>
      <symbol id="sm-44f">
         <name>Device_configureTMXAnalogTrim</name>
         <value>0xe120</value>
         <object_component_ref idref="oc-268"/>
      </symbol>
      <symbol id="sm-450">
         <name>Example_PassCount</name>
         <value>0x8670</value>
         <object_component_ref idref="oc-27a"/>
      </symbol>
      <symbol id="sm-451">
         <name>Device_enableUnbondedGPIOPullupsFor100Pin</name>
         <value>0xe3d4</value>
         <object_component_ref idref="oc-345"/>
      </symbol>
      <symbol id="sm-477">
         <name>ADC_setOffsetTrim</name>
         <value>0xe000</value>
         <object_component_ref idref="oc-438"/>
      </symbol>
      <symbol id="sm-478">
         <name>ADC_setMode</name>
         <value>0xe597</value>
         <object_component_ref idref="oc-3be"/>
      </symbol>
      <symbol id="sm-479">
         <name>ADC_setINLTrim</name>
         <value>0xdc61</value>
         <object_component_ref idref="oc-432"/>
      </symbol>
      <symbol id="sm-488">
         <name>CLA_setTriggerSource</name>
         <value>0xe3f1</value>
         <object_component_ref idref="oc-3a2"/>
      </symbol>
      <symbol id="sm-49c">
         <name>CMPSS_configFilterHigh</name>
         <value>0xe4b1</value>
         <object_component_ref idref="oc-3c6"/>
      </symbol>
      <symbol id="sm-49d">
         <name>CMPSS_configFilterLow</name>
         <value>0xe4ca</value>
         <object_component_ref idref="oc-3cc"/>
      </symbol>
      <symbol id="sm-4aa">
         <name>CPUTimer_setEmulationMode</name>
         <value>0xe63a</value>
         <object_component_ref idref="oc-3aa"/>
      </symbol>
      <symbol id="sm-4db">
         <name>GPIO_setQualificationMode</name>
         <value>0xe335</value>
         <object_component_ref idref="oc-292"/>
      </symbol>
      <symbol id="sm-4dc">
         <name>GPIO_setPadConfig</name>
         <value>0xdfb3</value>
         <object_component_ref idref="oc-28c"/>
      </symbol>
      <symbol id="sm-4dd">
         <name>GPIO_setDirectionMode</name>
         <value>0xe377</value>
         <object_component_ref idref="oc-3b7"/>
      </symbol>
      <symbol id="sm-4de">
         <name>GPIO_setPinConfig</name>
         <value>0xe153</value>
         <object_component_ref idref="oc-286"/>
      </symbol>
      <symbol id="sm-4df">
         <name>GPIO_setControllerCore</name>
         <value>0xe313</value>
         <object_component_ref idref="oc-3b1"/>
      </symbol>
      <symbol id="sm-516">
         <name>Interrupt_defaultHandler</name>
         <value>0xe5e0</value>
         <object_component_ref idref="oc-bf"/>
      </symbol>
      <symbol id="sm-517">
         <name>Interrupt_initModule</name>
         <value>0xdf32</value>
         <object_component_ref idref="oc-2a8"/>
      </symbol>
      <symbol id="sm-518">
         <name>Interrupt_nmiHandler</name>
         <value>0xe602</value>
         <object_component_ref idref="oc-ad"/>
      </symbol>
      <symbol id="sm-519">
         <name>Interrupt_enable</name>
         <value>0xe0ea</value>
         <object_component_ref idref="oc-324"/>
      </symbol>
      <symbol id="sm-51a">
         <name>Interrupt_initVectorTable</name>
         <value>0xe570</value>
         <object_component_ref idref="oc-ae"/>
      </symbol>
      <symbol id="sm-51b">
         <name>Interrupt_illegalOperationHandler</name>
         <value>0xe5f8</value>
         <object_component_ref idref="oc-b9"/>
      </symbol>
      <symbol id="sm-54a">
         <name>MemCfg_initSections</name>
         <value>0xdeef</value>
         <object_component_ref idref="oc-360"/>
      </symbol>
      <symbol id="sm-54b">
         <name>MemCfg_setLSRAMControllerSel</name>
         <value>0xe2a8</value>
         <object_component_ref idref="oc-36c"/>
      </symbol>
      <symbol id="sm-54c">
         <name>MemCfg_getInitStatus</name>
         <value>0xddbe</value>
         <object_component_ref idref="oc-366"/>
      </symbol>
      <symbol id="sm-564">
         <name>SCI_clearInterruptStatus</name>
         <value>0xe429</value>
         <object_component_ref idref="oc-350"/>
      </symbol>
      <symbol id="sm-565">
         <name>SCI_setConfig</name>
         <value>0xe2f0</value>
         <object_component_ref idref="oc-356"/>
      </symbol>
      <symbol id="sm-5bb">
         <name>SysCtl_delay</name>
         <value>0xe9e4</value>
         <object_component_ref idref="oc-2ee"/>
      </symbol>
      <symbol id="sm-5bc">
         <name>SysCtl_getDeviceParametric</name>
         <value>0xdeab</value>
         <object_component_ref idref="oc-262"/>
      </symbol>
      <symbol id="sm-5bd">
         <name>SysCtl_selectXTAL</name>
         <value>0xd92e</value>
         <object_component_ref idref="oc-410"/>
      </symbol>
      <symbol id="sm-5be">
         <name>SysCtl_selectOscSource</name>
         <value>0xe1b1</value>
         <object_component_ref idref="oc-333"/>
      </symbol>
      <symbol id="sm-5bf">
         <name>SysCtl_setClock</name>
         <value>0xd000</value>
         <object_component_ref idref="oc-26e"/>
      </symbol>
      <symbol id="sm-5cc">
         <name>XBAR_setEPWMMuxConfig</name>
         <value>0xe1dc</value>
         <object_component_ref idref="oc-2e8"/>
      </symbol>
      <symbol id="sm-5d7">
         <name>_c_int00</name>
         <value>0xe559</value>
         <object_component_ref idref="oc-12d"/>
      </symbol>
      <symbol id="sm-5d8">
         <name>__stack</name>
         <value>0x400</value>
         <object_component_ref idref="oc-c5"/>
      </symbol>
      <symbol id="sm-5e5">
         <name>__c28xabi_divf</name>
         <value>0xda7d</value>
         <object_component_ref idref="oc-339"/>
      </symbol>
      <symbol id="sm-5f7">
         <name>__TI_auto_init_nobinit_nopinit</name>
         <value>0xe207</value>
         <object_component_ref idref="oc-172"/>
      </symbol>
      <symbol id="sm-60d">
         <name>C$$EXIT</name>
         <value>0xe232</value>
         <object_component_ref idref="oc-163"/>
      </symbol>
      <symbol id="sm-60e">
         <name>abort</name>
         <value>0xe232</value>
         <object_component_ref idref="oc-163"/>
      </symbol>
      <symbol id="sm-60f">
         <name>exit</name>
         <value>0xe234</value>
         <object_component_ref idref="oc-163"/>
      </symbol>
      <symbol id="sm-610">
         <name>__TI_dtors_ptr</name>
         <value>0x8678</value>
         <object_component_ref idref="oc-1aa"/>
      </symbol>
      <symbol id="sm-611">
         <name>__TI_cleanup_ptr</name>
         <value>0x8676</value>
         <object_component_ref idref="oc-1aa"/>
      </symbol>
      <symbol id="sm-612">
         <name>__TI_enable_exit_profile_output</name>
         <value>0x8674</value>
         <object_component_ref idref="oc-1aa"/>
      </symbol>
      <symbol id="sm-621">
         <name>_args_main</name>
         <value>0xe5ec</value>
         <object_component_ref idref="oc-15d"/>
      </symbol>
      <symbol id="sm-62e">
         <name>_system_post_cinit</name>
         <value>0xdfff</value>
         <object_component_ref idref="oc-1b2"/>
      </symbol>
      <symbol id="sm-630">
         <name>__c_args__</name>
         <value>0x0</value>
      </symbol>
   </symbol_table>
   <title>Link successful</title>
</link_info>
