******************************************************************************
             TMS320C2000 Linker PC v22.6.2                     
******************************************************************************
>> Linked Fri Jun 26 17:11:21 2026

OUTPUT FILE NAME:   <dual_axis_servo_drive_fcl_qep_f2837x.out>
ENTRY POINT SYMBOL: "code_start"  address: 00000000


MEMORY CONFIGURATION

         name            origin    length      used     unused   attr    fill
----------------------  --------  ---------  --------  --------  ----  --------
  BEGIN                 00000000   00000002  00000002  00000000  RWIX
  BOOT_RSVD             00000002   00000121  00000000  00000121  RWIX
  RAMM0                 00000123   000002dd  000000a6  00000237  RWIX
  RAMM1                 00000400   000003f8  00000380  00000078  RWIX
  ADCA_RESULT           00000b00   00000020  00000000  00000020  RWIX
  ADCB_RESULT           00000b20   00000020  00000000  00000020  RWIX
  ADCC_RESULT           00000b40   00000020  00000000  00000020  RWIX
  ADCD_RESULT           00000b60   00000020  00000000  00000020  RWIX
  CPU_TIMER0            00000c00   00000008  00000000  00000008  RWIX
  CPU_TIMER1            00000c08   00000008  00000000  00000008  RWIX
  CPU_TIMER2            00000c10   00000008  00000000  00000008  RWIX
  PIE_CTRL              00000ce0   00000020  0000001a  00000006  RWIX
  PIE_VECT              00000d00   00000200  00000000  00000200  RWIX
  DMA                   00001000   00000200  00000000  00000200  RWIX
  CLA1                  00001400   00000040  00000000  00000040  RWIX
  CLA1_MSGRAMLOW        00001480   00000080  00000000  00000080  RWIX
  CLA1_MSGRAMHIGH       00001500   00000080  00000000  00000080  RWIX
  EPWM1                 00004000   00000100  00000000  00000100  RWIX
  EPWM2                 00004100   00000100  00000000  00000100  RWIX
  EPWM3                 00004200   00000100  00000000  00000100  RWIX
  EPWM4                 00004300   00000100  00000000  00000100  RWIX
  EPWM5                 00004400   00000100  00000000  00000100  RWIX
  EPWM6                 00004500   00000100  00000000  00000100  RWIX
  EPWM7                 00004600   00000100  00000000  00000100  RWIX
  EPWM8                 00004700   00000100  00000000  00000100  RWIX
  EPWM9                 00004800   00000100  00000000  00000100  RWIX
  EPWM10                00004900   00000100  00000000  00000100  RWIX
  EPWM11                00004a00   00000100  00000000  00000100  RWIX
  EPWM12                00004b00   00000100  00000000  00000100  RWIX
  ECAP1                 00005000   00000020  00000000  00000020  RWIX
  ECAP2                 00005020   00000020  00000000  00000020  RWIX
  ECAP3                 00005040   00000020  00000000  00000020  RWIX
  ECAP4                 00005060   00000020  00000000  00000020  RWIX
  ECAP5                 00005080   00000020  00000000  00000020  RWIX
  ECAP6                 000050a0   00000020  00000000  00000020  RWIX
  EQEP1                 00005100   00000040  00000000  00000040  RWIX
  EQEP2                 00005140   00000040  00000000  00000040  RWIX
  EQEP3                 00005180   00000040  00000000  00000040  RWIX
  DACA                  00005c00   00000010  00000000  00000010  RWIX
  DACB                  00005c10   00000010  00000000  00000010  RWIX
  DACC                  00005c20   00000010  00000000  00000010  RWIX
  CMPSS1                00005c80   00000020  00000000  00000020  RWIX
  CMPSS2                00005ca0   00000020  00000000  00000020  RWIX
  CMPSS3                00005cc0   00000020  00000000  00000020  RWIX
  CMPSS4                00005ce0   00000020  00000000  00000020  RWIX
  CMPSS5                00005d00   00000020  00000000  00000020  RWIX
  CMPSS6                00005d20   00000020  00000000  00000020  RWIX
  CMPSS7                00005d40   00000020  00000000  00000020  RWIX
  CMPSS8                00005d60   00000020  00000000  00000020  RWIX
  SDFM1                 00005e00   00000080  00000000  00000080  RWIX
  SDFM2                 00005e80   00000080  00000000  00000080  RWIX
  MCBSPA                00006000   00000040  00000000  00000040  RWIX
  MCBSPB                00006040   00000040  00000000  00000040  RWIX
  SPIA                  00006100   00000010  00000000  00000010  RWIX
  SPIB                  00006110   00000010  00000000  00000010  RWIX
  SPIC                  00006120   00000010  00000000  00000010  RWIX
  SPID                  00006130   00000010  00000000  00000010  RWIX
  UPP                   00006200   00000100  00000000  00000100  RWIX
  WD                    00007000   00000040  00000000  00000040  RWIX
  NMIINTRUPT            00007060   00000010  00000000  00000010  RWIX
  XINT                  00007070   00000010  00000000  00000010  RWIX
  SCIA                  00007200   00000010  00000000  00000010  RWIX
  SCIB                  00007210   00000010  00000000  00000010  RWIX
  SCIC                  00007220   00000010  00000000  00000010  RWIX
  SCID                  00007230   00000010  00000000  00000010  RWIX
  I2CA                  00007300   00000040  00000000  00000040  RWIX
  I2CB                  00007340   00000040  00000000  00000040  RWIX
  ADCA                  00007400   00000080  00000000  00000080  RWIX
  ADCB                  00007480   00000080  00000000  00000080  RWIX
  ADCC                  00007500   00000080  00000000  00000080  RWIX
  ADCD                  00007580   00000080  00000000  00000080  RWIX
  INPUT_XBAR            00007900   00000020  00000000  00000020  RWIX
  XBAR                  00007920   00000020  00000000  00000020  RWIX
  SYNC_SOC              00007940   00000010  00000000  00000010  RWIX
  DMACLASRCSEL          00007980   00000040  00000000  00000040  RWIX
  EPWM_XBAR             00007a00   00000040  00000000  00000040  RWIX
  CLB_XBAR              00007a40   00000040  00000000  00000040  RWIX
  OUTPUT_XBAR           00007a80   00000040  00000000  00000040  RWIX
  GPIOCTRL              00007c00   00000180  00000000  00000180  RWIX
  GPIODAT               00007f00   00000030  00000000  00000030  RWIX
  RAMLS0                00008000   00000800  00000800  00000000  RWIX
  RAMLS1                00008800   00000800  00000345  000004bb  RWIX
  RAMLS2                00009000   00000800  00000100  00000700  RWIX
  RAMLS3                00009800   00000800  00000348  000004b8  RWIX
  RAMLS4                0000a000   00000800  00000384  0000047c  RWIX
  RAMLS5                0000a800   00000800  00000000  00000800  RWIX
  RAMD0                 0000b000   00000800  00000000  00000800  RWIX
  RAMD1                 0000b800   00000800  00000000  00000800  RWIX
  RAMGS0                0000c000   00001000  00001000  00000000  RWIX
  RAMGS1                0000d000   00001000  00001000  00000000  RWIX
  RAMGS2                0000e000   00001000  00000aff  00000501  RWIX
  RAMGS3                0000f000   00001000  00000000  00001000  RWIX
  RAMGS4                00010000   00001000  00000000  00001000  RWIX
  RAMGS5                00011000   00001000  00000000  00001000  RWIX
  RAMGS6                00012000   00001000  00000000  00001000  RWIX
  RAMGS7                00013000   00001000  00000000  00001000  RWIX
  RAMGS8                00014000   00001000  00000000  00001000  RWIX
  RAMGS9                00015000   00001000  00000000  00001000  RWIX
  RAMGS10               00016000   00001000  00000000  00001000  RWIX
  RAMGS11               00017000   00001000  00000000  00001000  RWIX
  RAMGS12               00018000   00001000  00000000  00001000  RWIX
  RAMGS13               00019000   00001000  00000000  00001000  RWIX
  RAMGS14               0001a000   00001000  00000000  00001000  RWIX
  RAMGS15               0001b000   00000ff8  00000000  00000ff8  RWIX
  CPU2TOCPU1RAM         0003f800   00000400  00000000  00000400  RWIX
  CPU1TOCPU2RAM         0003fc00   00000400  00000000  00000400  RWIX
  EMIF1                 00047000   00000800  00000000  00000800  RWIX
  EMIF2                 00047800   00000800  00000000  00000800  RWIX
  CANA                  00048000   00000800  00000000  00000800  RWIX
  CANA_MSG_RAM          00049000   00000800  00000000  00000800  RWIX
  CANB                  0004a000   00000800  00000000  00000800  RWIX
  CANB_MSG_RAM          0004b000   00000800  00000000  00000800  RWIX
  IPC                   00050000   00000024  00000000  00000024  RWIX
  FLASHPUMPSEMAPHORE    00050024   00000002  00000000  00000002  RWIX
  DEV_CFG               0005d000   00000180  00000000  00000180  RWIX
  ANALOG_SUBSYS         0005d180   00000080  00000000  00000080  RWIX
  CLK_CFG               0005d200   00000100  00000000  00000100  RWIX
  CPU_SYS               0005d300   00000100  00000000  00000100  RWIX
  ROMPREFETCH           0005e608   00000002  00000000  00000002  RWIX
  DCSM_Z1               0005f000   00000030  00000000  00000030  RWIX
  DCSM_Z2               0005f040   00000030  00000000  00000030  RWIX
  DCSM_COMMON           0005f070   00000010  00000000  00000010  RWIX
  MEMCFG                0005f400   00000080  00000000  00000080  RWIX
  EMIF1CONFIG           0005f480   00000020  00000000  00000020  RWIX
  EMIF2CONFIG           0005f4a0   00000020  00000000  00000020  RWIX
  ACCESSPROTECTION      0005f4c0   00000040  00000000  00000040  RWIX
  MEMORYERROR           0005f500   00000040  00000000  00000040  RWIX
  ROMWAITSTATE          0005f540   00000002  00000000  00000002  RWIX
  FLASH0_CTRL           0005f800   00000300  00000000  00000300  RWIX
  FLASH0_ECC            0005fb00   00000040  00000000  00000040  RWIX
  RESET                 003fffc0   00000002  00000000  00000002  RWIX


SECTION ALLOCATION MAP

 output                                  attributes/
section   page    origin      length       input sections
--------  ----  ----------  ----------   ----------------
Cla1SoftIntRegsFile 
*          0    00000ce0    00000000     DSECT

PieCtrlRegsFile 
*          0    00000ce0    0000001a     UNINITIALIZED
                  00000ce0    0000001a     F2837xD_GlobalVariableDefs.obj (PieCtrlRegsFile)

codestart 
*          0    00000000    00000002     
                  00000000    00000002     F2837xD_CodeStartBranch.obj (codestart)

.cinit     0    00000124    000000a6     
                  00000124    00000069     (.cinit.ClaData.load) [load image, compression = lzss]
                  0000018d    00000018     (.cinit..data.1.load) [load image, compression = lzss]
                  000001a5    0000000b     (.cinit..data.2.load) [load image, compression = lzss]
                  000001b0    00000006     (__TI_handler_table)
                  000001b6    00000004     (.cinit..bss.load) [load image, compression = zero_init]
                  000001ba    00000010     (__TI_cinit_table)

.reset     0    003fffc0    00000000     DSECT

.stack     0    00000400    00000380     UNINITIALIZED
                  00000400    00000380     --HOLE--

.init_array 
*          0    0000c000    00000000     UNINITIALIZED

.bss       0    00008aac    0000009a     UNINITIALIZED
                  00008aac    00000006     dual_axis_servo_drive.obj (.bss:adc_raw)
                  00008ab2    00000004     dual_axis_servo_drive.obj (.bss:halMtrHandle)
                  00008ab6    00000002     dual_axis_servo_drive.obj (.bss:FCL_cycleCount)
                  00008ab8    00000008     --HOLE--
                  00008ac0    00000062     dual_axis_servo_drive.obj (.bss)
                  00008b22    00000024     dual_axis_servo_drive.obj (.bss:halMtr)

.init_array 
*          0    00000123    00000000     UNINITIALIZED

ClaData    0    00009800    00000348     UNINITIALIZED
                  00009800    000002a4     dual_axis_servo_drive.obj (ClaData)
                  00009aa4    000000a4     fcl_cpu_code_dm.obj (ClaData)

CLAscratch 
*          0    00009000    00000100     UNINITIALIZED
                  00009000    00000100     --HOLE--

.data.1    0    00008000    00000800     UNINITIALIZED
                  00008000    00000190     dual_axis_servo_drive.obj (.data:DBUFF_4CH1)
                  00008190    00000190     dual_axis_servo_drive.obj (.data:DBUFF_4CH2)
                  00008320    00000190     dual_axis_servo_drive.obj (.data:DBUFF_4CH3)
                  000084b0    00000190     dual_axis_servo_drive.obj (.data:DBUFF_4CH4)
                  00008640    00000190     dual_axis_servo_drive.obj (.data:m1_pos_history)
                  000087d0    00000030     dual_axis_servo_drive.obj (.data)

.data.2    0    00008800    000002ab     UNINITIALIZED
                  00008800    00000190     dual_axis_servo_drive.obj (.data:m2_pos_history)
                  00008990    00000080     dual_axis_servo_drive.obj (.data:m1_pos_sample_queue)
                  00008a10    00000080     dual_axis_servo_drive.obj (.data:m2_pos_sample_queue)
                  00008a90    00000006     device.obj (.data)
                  00008a96    00000006     rts2800_fpu32_eabi.lib : exit.c.obj (.data)
                  00008a9c    00000004     dual_axis_servo_drive.obj (.data:vTimer0)
                  00008aa0    00000004     dual_axis_servo_drive.obj (.data:vTimer1)
                  00008aa4    00000004     dual_axis_servo_drive.obj (.data:vTimer2)
                  00008aa8    00000002     rts2800_fpu32_eabi.lib : _lock.c.obj (.data:_lock)
                  00008aaa    00000001     dual_axis_servo_drive_user.obj (.data)

Cla1Prog   0    0000a000    00000384     
                  0000a000    000000d4     fcl_cla_code_dm.obj (Cla1Prog:Cla1Task5)
                  0000a0d4    000000ca     fcl_cla_code_dm.obj (Cla1Prog:Cla1Task1)
                  0000a19e    000000b0     fcl_cla_code_dm.obj (Cla1Prog:Cla1Task8)
                  0000a24e    000000aa     fcl_cla_code_dm.obj (Cla1Prog:Cla1Task4)
                  0000a2f8    0000002c     fcl_cla_code_dm.obj (Cla1Prog:Cla1Task3)
                  0000a324    00000024     fcl_cla_code_dm.obj (Cla1Prog:Cla1Task2)
                  0000a348    00000022     fcl_cla_code_dm.obj (Cla1Prog:Cla1Task7)
                  0000a36a    0000001a     fcl_cla_code_dm.obj (Cla1Prog:Cla1Task6)

.text.1    0    0000c000    00001000     
                  0000c000    0000046c     dual_axis_servo_drive.obj (.text:motor2ControlISR)
                  0000c46c    00000455     dual_axis_servo_drive.obj (.text:motor1ControlISR)
                  0000c8c1    000003c0     dual_axis_servo_drive_hal.obj (.text:HAL_setupGPIOs)
                  0000cc81    00000345     dual_axis_servo_drive.obj (.text:main)
                  0000cfc6    0000003a     dual_axis_servo_drive_user.obj (.text:resetControlVars)

.text.2    0    0000d000    00001000     
                  0000d000    00000298     dual_axis_servo_drive_user.obj (.text:initMotorParameters)
                  0000d298    000001cd     driverlib_eabi.lib : sysctl.obj (.text:SysCtl_setClock)
                  0000d465    000001c9     dual_axis_servo_drive_user.obj (.text:runOffsetsCalculation)
                  0000d62e    00000147     dual_axis_servo_drive_user.obj (.text:initControlVars)
                  0000d775    00000119     dual_axis_servo_drive_hal.obj (.text:HAL_setupMotorPWMs)
                  0000d88e    000000e6     dual_axis_servo_drive_hal.obj (.text:HAL_setupADCs)
                  0000d974    000000de     device.obj (.text:Device_enableAllPeripherals)
                  0000da52    000000b1     driverlib_eabi.lib : sysctl.obj (.text:SysCtl_selectXTAL)
                  0000db03    0000009e     dual_axis_servo_drive_hal.obj (.text:HAL_setupCLA)
                  0000dba1    00000088     rts2800_fpu32_eabi.lib : fs_div28.asm.obj (.text)
                  0000dc29    00000086     HAL_sci_init.obj (.text:HAL_SCI_mySCIB_init)
                  0000dcaf    00000073     dual_axis_servo_drive_hal.obj (.text:HAL_setupCMPSS)
                  0000dd22    00000063     dlog_4ch_f.obj (.text:DLOG_4CH_F_FUNC)
                  0000dd85    0000005d     dual_axis_servo_drive_hal.obj (.text:HAL_setupQEP)
                  0000dde2    0000005c     driverlib_eabi.lib : adc.obj (.text:ADC_setINLTrim)
                  0000de3e    00000058     dual_axis_servo_drive_hal.obj (.text:HAL_setupInterrupts)
                  0000de96    00000057     dual_axis_servo_drive.obj (.text:runMotorControl)
                  0000deed    00000053     dual_axis_servo_drive_hal.obj (.text:HAL_init)
                  0000df40    00000053     driverlib_eabi.lib : memcfg.obj (.text:MemCfg_getInitStatus)
                  0000df93    00000049     dual_axis_servo_drive_hal.obj (.text:HAL_MTR_init)
                  0000dfdc    00000023     HAL_sci_init.obj (.text:HAL_SCI_init)
                  0000dfff    00000001     rts2800_fpu32_eabi.lib : _lock.c.obj (.text)

.text.3    0    0000e000    00000744     
                  0000e000    00000044     driverlib_eabi.lib : sysctl.obj (.text:SysCtl_getDeviceParametric)
                  0000e044    00000043                        : memcfg.obj (.text:MemCfg_initSections)
                  0000e087    00000041                        : interrupt.obj (.text:Interrupt_initModule)
                  0000e0c8    00000040     dual_axis_servo_drive.obj (.text:runSyncControl)
                  0000e108    0000003f     driverlib_eabi.lib : gpio.obj (.text:GPIO_setPadConfig)
                  0000e147    0000003d                        : adc.obj (.text:ADC_setOffsetTrim)
                  0000e184    0000003d     device.obj (.text:Device_init)
                  0000e1c1    0000003d     dual_axis_servo_drive.obj (.text:HAL_SCI_prepareWaveformData)
                  0000e1fe    00000036     dual_axis_servo_drive_hal.obj (.text:HAL_setParams)
                  0000e234    00000036     driverlib_eabi.lib : interrupt.obj (.text:Interrupt_enable)
                  0000e26a    00000033     device.obj (.text:Device_configureTMXAnalogTrim)
                  0000e29d    00000032     dual_axis_servo_drive.obj (.text:B2)
                  0000e2cf    00000030     driverlib_eabi.lib : gpio.obj (.text:GPIO_setPinConfig)
                  0000e2ff    0000002e     rts2800_fpu32_eabi.lib : copy_decompress_lzss.c.obj (.text:decompress:lzss)
                  0000e32d    0000002b     driverlib_eabi.lib : sysctl.obj (.text:SysCtl_selectOscSource)
                  0000e358    0000002b     rts2800_fpu32_eabi.lib : autoinit.c.obj (.text:__TI_auto_init_nobinit_nopinit)
                  0000e383    00000029                            : exit.c.obj (.text)
                  0000e3ac    00000027     fcl_cpu_code_dm.obj (.text:FCL_initADC_3I)
                  0000e3d3    00000025     driverlib_eabi.lib : memcfg.obj (.text:MemCfg_setLSRAMControllerSel)
                  0000e3f8    00000023                        : sci.obj (.text:SCI_setConfig)
                  0000e41b    00000022                        : gpio.obj (.text:GPIO_setControllerCore)
                  0000e43d    00000022                        : gpio.obj (.text:GPIO_setQualificationMode)
                  0000e45f    00000020     device.obj (.text:Device_enableUnbondedGPIOPullups)
                  0000e47f    00000020     driverlib_eabi.lib : gpio.obj (.text:GPIO_setDirectionMode)
                  0000e49f    0000001f     dlog_4ch_f.obj (.text:DLOG_4CH_F_init)
                  0000e4be    0000001e     device.obj (.text:Device_initGPIO)
                  0000e4dc    0000001d     device.obj (.text:Device_enableUnbondedGPIOPullupsFor100Pin)
                  0000e4f9    0000001c     driverlib_eabi.lib : cla.obj (.text:CLA_setTriggerSource)
                  0000e515    0000001c     fcl_cpu_code_dm.obj (.text:FCL_initPWM)
                  0000e531    0000001c     driverlib_eabi.lib : sci.obj (.text:SCI_clearInterruptStatus)
                  0000e54d    0000001c     dual_axis_servo_drive.obj (.text:ramper)
                  0000e569    0000001c     rts2800_fpu32_eabi.lib : memcpy.c.obj (.text)
                  0000e585    0000001a     dual_axis_servo_drive.obj (.text:A0)
                  0000e59f    0000001a     dual_axis_servo_drive_hal.obj (.text:HAL_setupCpuTimer)
                  0000e5b9    00000019     driverlib_eabi.lib : cmpss.obj (.text:CMPSS_configFilterHigh)
                  0000e5d2    00000019                        : cmpss.obj (.text:CMPSS_configFilterLow)
                  0000e5eb    00000018     dual_axis_servo_drive_hal.obj (.text:HAL_enableInterrupts)
                  0000e603    00000017     dual_axis_servo_drive.obj (.text:B0)
                  0000e61a    00000017     dual_axis_servo_drive.obj (.text:C0)
                  0000e631    00000017     rts2800_fpu32_eabi.lib : boot28.asm.obj (.text)
                  0000e648    00000015     driverlib_eabi.lib : interrupt.obj (.text:Interrupt_initVectorTable)
                  0000e65d    00000012     dual_axis_servo_drive.obj (.text:C1)
                  0000e66f    00000011     driverlib_eabi.lib : adc.obj (.text:ADC_setMode)
                  0000e680    00000011     dual_axis_servo_drive.obj (.text:HAL_SCI_generateWaveforms)
                  0000e691    00000010     dual_axis_servo_drive.obj (.text:A3)
                  0000e6a1    0000000f     driverlib_eabi.lib : sysctl.obj (.text:SysCtl_pollCpuTimer)
                  0000e6b0    0000000d     rts2800_fpu32_eabi.lib : copy_zero_init.c.obj (.text:decompress:ZI:__TI_zero_init_nomemset)
                  0000e6bd    0000000c     dual_axis_servo_drive_hal.obj (.text:HAL_setMotorParams)
                  0000e6c9    0000000c     driverlib_eabi.lib : interrupt.obj (.text:Interrupt_defaultHandler)
                  0000e6d5    0000000c     rts2800_fpu32_eabi.lib : args_main.c.obj (.text)
                  0000e6e1    0000000a     dual_axis_servo_drive.obj (.text:A1)
                  0000e6eb    0000000a     dual_axis_servo_drive.obj (.text:A2)
                  0000e6f5    0000000a     driverlib_eabi.lib : interrupt.obj (.text:Interrupt_illegalOperationHandler)
                  0000e6ff    0000000a                        : interrupt.obj (.text:Interrupt_nmiHandler)
                  0000e709    00000008     F2837xD_CodeStartBranch.obj (.text)
                  0000e711    00000008     fcl_cpu_code_dm.obj (.text:FCL_initQEP)
                  0000e719    00000008     rts2800_fpu32_eabi.lib : copy_decompress_none.c.obj (.text:decompress:none)
                  0000e721    00000006     dual_axis_servo_drive.obj (.text:B1)
                  0000e727    00000006     dual_axis_servo_drive.obj (.text:B3)
                  0000e72d    00000006     dual_axis_servo_drive.obj (.text:C2)
                  0000e733    00000006     dual_axis_servo_drive.obj (.text:C3)
                  0000e739    00000006     driverlib_eabi.lib : cputimer.obj (.text:CPUTimer_setEmulationMode)
                  0000e73f    00000002     fcl_cpu_code_dm.obj (.text:FCL_getSwVersion)
                  0000e741    00000002     rts2800_fpu32_eabi.lib : pre_init.c.obj (.text)
                  0000e743    00000001                            : startup.c.obj (.text)

.TI.ramfunc 
*          0    0000e748    000003bb     
                  0000e748    000000f0     fcl_cpu_code_dm.obj (.TI.ramfunc:FCL_runPICtrlWrap_M1)
                  0000e838    000000e6     fcl_cpu_code_dm.obj (.TI.ramfunc:FCL_runPICtrlWrap_M2)
                  0000e91e    000000da     fcl_cpu_code_dm.obj (.TI.ramfunc:FCL_runPICtrl_M1)
                  0000e9f8    000000d6     fcl_cpu_code_dm.obj (.TI.ramfunc:FCL_runPICtrl_M2)
                  0000eace    00000031     fcl_cpu_code_dm.obj (.TI.ramfunc:FCL_resetController)
                  0000eaff    00000004     driverlib_eabi.lib : sysctl.obj (.TI.ramfunc)

MODULE SUMMARY

       Module                           code    ro data   rw data
       ------                           ----    -------   -------
    .\sources\
       dual_axis_servo_drive.obj        3535    0         3538   
       dual_axis_servo_drive_hal.obj    2197    0         0      
       dual_axis_servo_drive_user.obj   1506    0         1      
       fcl_cpu_code_dm.obj              1028    0         164    
       fcl_cla_code_dm.obj              900     0         0      
       HAL_sci_init.obj                 169     0         0      
       dlog_4ch_f.obj                   130     0         0      
    +--+--------------------------------+-------+---------+---------+
       Total:                           9465    0         3703   
                                                                 
    .\src_device\
       device.obj                       425     0         6      
       F2837xD_GlobalVariableDefs.obj   0       0         26     
       F2837xD_CodeStartBranch.obj      10      0         0      
    +--+--------------------------------+-------+---------+---------+
       Total:                           435     0         32     
                                                                 
    C:\TI\C2000Ware_MotorControl_SDK_5_04_00_00\c2000ware\driverlib\f2837xd\driverlib\ccs\Release\driverlib_eabi.lib
       sysctl.obj                       768     0         0      
       gpio.obj                         211     0         0      
       memcfg.obj                       187     0         0      
       interrupt.obj                    172     0         0      
       adc.obj                          170     0         0      
       sci.obj                          63      0         0      
       cmpss.obj                        50      0         0      
       cla.obj                          28      0         0      
       cputimer.obj                     6       0         0      
    +--+--------------------------------+-------+---------+---------+
       Total:                           1655    0         0      
                                                                 
    D:\TI\ccs\ccs\tools\compiler\ti-cgt-c2000_22.6.2.LTS\lib\rts2800_fpu32_eabi.lib
       fs_div28.asm.obj                 136     0         0      
       exit.c.obj                       41      0         6      
       copy_decompress_lzss.c.obj       46      0         0      
       autoinit.c.obj                   43      0         0      
       memcpy.c.obj                     28      0         0      
       boot28.asm.obj                   23      0         0      
       copy_zero_init.c.obj             13      0         0      
       args_main.c.obj                  12      0         0      
       copy_decompress_none.c.obj       8       0         0      
       _lock.c.obj                      1       0         2      
       pre_init.c.obj                   2       0         0      
       startup.c.obj                    1       0         0      
    +--+--------------------------------+-------+---------+---------+
       Total:                           354     0         8      
                                                                 
       Stack:                           0       0         896    
       Linker Generated:                0       166       0      
    +--+--------------------------------+-------+---------+---------+
       Grand Total:                     11909   166       4639   


LINKER GENERATED COPY TABLES

__TI_cinit_table @ 000001ba records: 4, size/record: 4, table size: 16
	ClaData: load addr=00000124, load size=00000069 bytes, run addr=00009800, run size=00000348 bytes, compression=lzss
	.data.1: load addr=0000018d, load size=00000018 bytes, run addr=00008000, run size=00000800 bytes, compression=lzss
	.data.2: load addr=000001a5, load size=0000000b bytes, run addr=00008800, run size=000002ab bytes, compression=lzss
	.bss: load addr=000001b6, load size=00000004 bytes, run addr=00008aac, run size=0000009a bytes, compression=zero_init


LINKER GENERATED HANDLER TABLE

__TI_handler_table @ 000001b0 records: 3, size/record: 2, table size: 6
	index: 0, handler: __TI_zero_init
	index: 1, handler: __TI_decompress_lzss
	index: 2, handler: __TI_decompress_none


GLOBAL DATA SYMBOLS: SORTED BY DATA PAGE

address     data page           name
--------    ----------------    ----
00000400      10 (00000400)     __stack

00000ce0      33 (00000cc0)     PieCtrlRegs

00008000     200 (00008000)     DBUFF_4CH1

00008190     206 (00008180)     DBUFF_4CH2

00008320     20c (00008300)     DBUFF_4CH3

000084b0     212 (00008480)     DBUFF_4CH4

00008640     219 (00008640)     m1_pos_history

000087d0     21f (000087c0)     serialCommsTimer
000087d1     21f (000087c0)     m1_pos_idx
000087d2     21f (000087c0)     m1_pos_sample_head
000087d3     21f (000087c0)     m1_pos_sample_tail
000087d4     21f (000087c0)     m1_pos_sample_overflow
000087d5     21f (000087c0)     m1_customSpeedActive
000087d6     21f (000087c0)     m2_pos_idx
000087d7     21f (000087c0)     m2_pos_sample_head
000087d8     21f (000087c0)     m2_pos_sample_tail
000087d9     21f (000087c0)     m2_pos_sample_overflow
000087da     21f (000087c0)     m2_customSpeedActive
000087db     21f (000087c0)     clkPrescale
000087dc     21f (000087c0)     sampWin
000087dd     21f (000087c0)     thresh
000087de     21f (000087c0)     enableFlag
000087df     21f (000087c0)     backTicker
000087e0     21f (000087c0)     led1Cnt
000087e1     21f (000087c0)     led2Cnt
000087e2     21f (000087c0)     runMotor
000087e3     21f (000087c0)     ctrlState
000087e4     21f (000087c0)     flagSyncRun
000087e6     21f (000087c0)     m1_custom_speed_pu
000087e8     21f (000087c0)     m2_custom_speed_pu
000087ea     21f (000087c0)     VdTesting
000087ec     21f (000087c0)     VqTesting
000087ee     21f (000087c0)     posPtrMax
000087f0     21f (000087c0)     dlogCh1
000087f2     21f (000087c0)     dlogCh2
000087f4     21f (000087c0)     dlogCh3
000087f6     21f (000087c0)     dlogCh4
000087f8     21f (000087c0)     speedRef
000087fa     21f (000087c0)     IdRef
000087fc     21f (000087c0)     IqRef
000087fe     21f (000087c0)     rampDelayMax

00008800     220 (00008800)     m2_pos_history

00008990     226 (00008980)     m1_pos_sample_queue

00008a10     228 (00008a00)     m2_pos_sample_queue

00008a90     22a (00008a80)     Example_Result
00008a92     22a (00008a80)     Example_PassCount
00008a94     22a (00008a80)     Example_Fail
00008a96     22a (00008a80)     __TI_enable_exit_profile_output
00008a98     22a (00008a80)     __TI_cleanup_ptr
00008a9a     22a (00008a80)     __TI_dtors_ptr
00008a9c     22a (00008a80)     vTimer0
00008aa0     22a (00008a80)     vTimer1
00008aa4     22a (00008a80)     vTimer2
00008aa8     22a (00008a80)     _lock
00008aaa     22a (00008a80)     offsetCalCounter
00008aac     22a (00008a80)     adc_raw
00008ab2     22a (00008a80)     halMtrHandle
00008ab6     22a (00008a80)     FCL_cycleCount

00008ac0     22b (00008ac0)     Alpha_State_Ptr
00008ac2     22b (00008ac0)     A_Task_Ptr
00008ac4     22b (00008ac0)     B_Task_Ptr
00008ac6     22b (00008ac0)     C_Task_Ptr
00008ac8     22b (00008ac0)     halHandle
00008aca     22b (00008ac0)     dlog_4ch1

00008b00     22c (00008b00)     hal
00008b22     22c (00008b00)     halMtr

00009800     260 (00009800)     motorVars

00009aa4     26a (00009a80)     fclVars


GLOBAL SYMBOLS: SORTED ALPHABETICALLY BY Name 

page  address   name                                     
----  -------   ----                                     
0     0000e585  A0                                       
0     0000e6e1  A1                                       
0     0000e6eb  A2                                       
0     0000e691  A3                                       
0     0000dde2  ADC_setINLTrim                           
0     0000e66f  ADC_setMode                              
0     0000e147  ADC_setOffsetTrim                        
0     00008ac2  A_Task_Ptr                               
0     00008ac0  Alpha_State_Ptr                          
0     0000e603  B0                                       
0     0000e721  B1                                       
0     0000e29d  B2                                       
0     0000e727  B3                                       
0     00008ac4  B_Task_Ptr                               
0     0000e383  C$$EXIT                                  
0     0000e61a  C0                                       
0     0000e65d  C1                                       
0     0000e72d  C2                                       
0     0000e733  C3                                       
abs   00000100  CLA_SCRATCHPAD_SIZE                      
0     0000e4f9  CLA_setTriggerSource                     
0     0000e5b9  CMPSS_configFilterHigh                   
0     0000e5d2  CMPSS_configFilterLow                    
0     0000e739  CPUTimer_setEmulationMode                
0     00008ac6  C_Task_Ptr                               
0     0000a0d4  Cla1Task1                                
0     0000a324  Cla1Task2                                
0     0000a2f8  Cla1Task3                                
0     0000a24e  Cla1Task4                                
0     0000a000  Cla1Task5                                
0     0000a36a  Cla1Task6                                
0     0000a348  Cla1Task7                                
0     0000a19e  Cla1Task8                                
0     00008000  DBUFF_4CH1                               
0     00008190  DBUFF_4CH2                               
0     00008320  DBUFF_4CH3                               
0     000084b0  DBUFF_4CH4                               
0     0000dd22  DLOG_4CH_F_FUNC                          
0     0000e49f  DLOG_4CH_F_init                          
0     0000e26a  Device_configureTMXAnalogTrim            
0     0000d974  Device_enableAllPeripherals              
0     0000e45f  Device_enableUnbondedGPIOPullups         
0     0000e4dc  Device_enableUnbondedGPIOPullupsFor100Pin
0     0000e184  Device_init                              
0     0000e4be  Device_initGPIO                          
0     00008a94  Example_Fail                             
0     00008a92  Example_PassCount                        
0     00008a90  Example_Result                           
0     00008ab6  FCL_cycleCount                           
0     0000e73f  FCL_getSwVersion                         
0     0000e3ac  FCL_initADC_3I                           
0     0000e515  FCL_initPWM                              
0     0000e711  FCL_initQEP                              
0     0000eace  FCL_resetController                      
0     0000e748  FCL_runPICtrlWrap_M1                     
0     0000e838  FCL_runPICtrlWrap_M2                     
0     0000e91e  FCL_runPICtrl_M1                         
0     0000e9f8  FCL_runPICtrl_M2                         
0     0000e41b  GPIO_setControllerCore                   
0     0000e47f  GPIO_setDirectionMode                    
0     0000e108  GPIO_setPadConfig                        
0     0000e2cf  GPIO_setPinConfig                        
0     0000e43d  GPIO_setQualificationMode                
0     0000df93  HAL_MTR_init                             
0     0000e680  HAL_SCI_generateWaveforms                
0     0000dfdc  HAL_SCI_init                             
0     0000dc29  HAL_SCI_mySCIB_init                      
0     0000e1c1  HAL_SCI_prepareWaveformData              
0     0000e5eb  HAL_enableInterrupts                     
0     0000deed  HAL_init                                 
0     0000e6bd  HAL_setMotorParams                       
0     0000e1fe  HAL_setParams                            
0     0000d88e  HAL_setupADCs                            
0     0000db03  HAL_setupCLA                             
0     0000dcaf  HAL_setupCMPSS                           
0     0000e59f  HAL_setupCpuTimer                        
0     0000c8c1  HAL_setupGPIOs                           
0     0000de3e  HAL_setupInterrupts                      
0     0000d775  HAL_setupMotorPWMs                       
0     0000dd85  HAL_setupQEP                             
0     000087fa  IdRef                                    
0     0000e6c9  Interrupt_defaultHandler                 
0     0000e234  Interrupt_enable                         
0     0000e6f5  Interrupt_illegalOperationHandler        
0     0000e087  Interrupt_initModule                     
0     0000e648  Interrupt_initVectorTable                
0     0000e6ff  Interrupt_nmiHandler                     
0     000087fc  IqRef                                    
0     0000df40  MemCfg_getInitStatus                     
0     0000e044  MemCfg_initSections                      
0     0000e3d3  MemCfg_setLSRAMControllerSel             
0     00000ce0  PieCtrlRegs                              
0     0000e531  SCI_clearInterruptStatus                 
0     0000e3f8  SCI_setConfig                            
0     0000eaff  SysCtl_delay                             
0     0000e000  SysCtl_getDeviceParametric               
0     0000e32d  SysCtl_selectOscSource                   
0     0000da52  SysCtl_selectXTAL                        
0     0000d298  SysCtl_setClock                          
0     000087ea  VdTesting                                
0     000087ec  VqTesting                                
0     000001ba  __TI_CINIT_Base                          
0     000001ca  __TI_CINIT_Limit                         
0     000001ca  __TI_CINIT_Warm                          
0     000001b0  __TI_Handler_Table_Base                  
0     000001b6  __TI_Handler_Table_Limit                 
0     00000780  __TI_STACK_END                           
abs   00000380  __TI_STACK_SIZE                          
0     0000e358  __TI_auto_init_nobinit_nopinit           
0     00008a98  __TI_cleanup_ptr                         
0     0000e2ff  __TI_decompress_lzss                     
0     0000e719  __TI_decompress_none                     
0     00008a9a  __TI_dtors_ptr                           
0     00008a96  __TI_enable_exit_profile_output          
abs   ffffffff  __TI_pprof_out_hndl                      
abs   ffffffff  __TI_prof_data_size                      
abs   ffffffff  __TI_prof_data_start                     
0     0000e6b0  __TI_zero_init_nomemset                  
0     0000dba1  __c28xabi_divf                           
n/a   UNDEFED   __c_args__                               
0     00000400  __stack                                  
0     0000e6d5  _args_main                               
0     0000e631  _c_int00                                 
0     00008aa8  _lock                                    
0     0000dfff  _nop                                     
0     0000e743  _system_post_cinit                       
0     0000e741  _system_pre_init                         
0     0000e383  abort                                    
0     00008aac  adc_raw                                  
0     000087df  backTicker                               
0     000087db  clkPrescale                              
0     00000000  code_start                               
0     000087e3  ctrlState                                
0     000087f0  dlogCh1                                  
0     000087f2  dlogCh2                                  
0     000087f4  dlogCh3                                  
0     000087f6  dlogCh4                                  
0     00008aca  dlog_4ch1                                
0     000087de  enableFlag                               
0     0000e385  exit                                     
0     00009aa4  fclVars                                  
0     000087e4  flagSyncRun                              
0     00008b00  hal                                      
0     00008ac8  halHandle                                
0     00008b22  halMtr                                   
0     00008ab2  halMtrHandle                             
0     0000d62e  initControlVars                          
0     0000d000  initMotorParameters                      
0     000087e0  led1Cnt                                  
0     000087e1  led2Cnt                                  
0     000087d5  m1_customSpeedActive                     
0     000087e6  m1_custom_speed_pu                       
0     00008640  m1_pos_history                           
0     000087d1  m1_pos_idx                               
0     000087d2  m1_pos_sample_head                       
0     000087d4  m1_pos_sample_overflow                   
0     00008990  m1_pos_sample_queue                      
0     000087d3  m1_pos_sample_tail                       
0     000087da  m2_customSpeedActive                     
0     000087e8  m2_custom_speed_pu                       
0     00008800  m2_pos_history                           
0     000087d6  m2_pos_idx                               
0     000087d7  m2_pos_sample_head                       
0     000087d9  m2_pos_sample_overflow                   
0     00008a10  m2_pos_sample_queue                      
0     000087d8  m2_pos_sample_tail                       
0     0000cc81  main                                     
0     0000e569  memcpy                                   
0     0000c46c  motor1ControlISR                         
0     0000c000  motor2ControlISR                         
0     00009800  motorVars                                
0     00008aaa  offsetCalCounter                         
0     000087ee  posPtrMax                                
0     000087fe  rampDelayMax                             
0     0000e54d  ramper                                   
0     0000cfc6  resetControlVars                         
0     000087e2  runMotor                                 
0     0000de96  runMotorControl                          
0     0000d465  runOffsetsCalculation                    
0     0000e0c8  runSyncControl                           
0     000087dc  sampWin                                  
0     000087d0  serialCommsTimer                         
0     000087f8  speedRef                                 
0     000087dd  thresh                                   
0     00008a9c  vTimer0                                  
0     00008aa0  vTimer1                                  
0     00008aa4  vTimer2                                  


GLOBAL SYMBOLS: SORTED BY Symbol Address 

page  address   name                                     
----  -------   ----                                     
0     00000000  code_start                               
0     000001b0  __TI_Handler_Table_Base                  
0     000001b6  __TI_Handler_Table_Limit                 
0     000001ba  __TI_CINIT_Base                          
0     000001ca  __TI_CINIT_Limit                         
0     000001ca  __TI_CINIT_Warm                          
0     00000400  __stack                                  
0     00000780  __TI_STACK_END                           
0     00000ce0  PieCtrlRegs                              
0     00008000  DBUFF_4CH1                               
0     00008190  DBUFF_4CH2                               
0     00008320  DBUFF_4CH3                               
0     000084b0  DBUFF_4CH4                               
0     00008640  m1_pos_history                           
0     000087d0  serialCommsTimer                         
0     000087d1  m1_pos_idx                               
0     000087d2  m1_pos_sample_head                       
0     000087d3  m1_pos_sample_tail                       
0     000087d4  m1_pos_sample_overflow                   
0     000087d5  m1_customSpeedActive                     
0     000087d6  m2_pos_idx                               
0     000087d7  m2_pos_sample_head                       
0     000087d8  m2_pos_sample_tail                       
0     000087d9  m2_pos_sample_overflow                   
0     000087da  m2_customSpeedActive                     
0     000087db  clkPrescale                              
0     000087dc  sampWin                                  
0     000087dd  thresh                                   
0     000087de  enableFlag                               
0     000087df  backTicker                               
0     000087e0  led1Cnt                                  
0     000087e1  led2Cnt                                  
0     000087e2  runMotor                                 
0     000087e3  ctrlState                                
0     000087e4  flagSyncRun                              
0     000087e6  m1_custom_speed_pu                       
0     000087e8  m2_custom_speed_pu                       
0     000087ea  VdTesting                                
0     000087ec  VqTesting                                
0     000087ee  posPtrMax                                
0     000087f0  dlogCh1                                  
0     000087f2  dlogCh2                                  
0     000087f4  dlogCh3                                  
0     000087f6  dlogCh4                                  
0     000087f8  speedRef                                 
0     000087fa  IdRef                                    
0     000087fc  IqRef                                    
0     000087fe  rampDelayMax                             
0     00008800  m2_pos_history                           
0     00008990  m1_pos_sample_queue                      
0     00008a10  m2_pos_sample_queue                      
0     00008a90  Example_Result                           
0     00008a92  Example_PassCount                        
0     00008a94  Example_Fail                             
0     00008a96  __TI_enable_exit_profile_output          
0     00008a98  __TI_cleanup_ptr                         
0     00008a9a  __TI_dtors_ptr                           
0     00008a9c  vTimer0                                  
0     00008aa0  vTimer1                                  
0     00008aa4  vTimer2                                  
0     00008aa8  _lock                                    
0     00008aaa  offsetCalCounter                         
0     00008aac  adc_raw                                  
0     00008ab2  halMtrHandle                             
0     00008ab6  FCL_cycleCount                           
0     00008ac0  Alpha_State_Ptr                          
0     00008ac2  A_Task_Ptr                               
0     00008ac4  B_Task_Ptr                               
0     00008ac6  C_Task_Ptr                               
0     00008ac8  halHandle                                
0     00008aca  dlog_4ch1                                
0     00008b00  hal                                      
0     00008b22  halMtr                                   
0     00009800  motorVars                                
0     00009aa4  fclVars                                  
0     0000a000  Cla1Task5                                
0     0000a0d4  Cla1Task1                                
0     0000a19e  Cla1Task8                                
0     0000a24e  Cla1Task4                                
0     0000a2f8  Cla1Task3                                
0     0000a324  Cla1Task2                                
0     0000a348  Cla1Task7                                
0     0000a36a  Cla1Task6                                
0     0000c000  motor2ControlISR                         
0     0000c46c  motor1ControlISR                         
0     0000c8c1  HAL_setupGPIOs                           
0     0000cc81  main                                     
0     0000cfc6  resetControlVars                         
0     0000d000  initMotorParameters                      
0     0000d298  SysCtl_setClock                          
0     0000d465  runOffsetsCalculation                    
0     0000d62e  initControlVars                          
0     0000d775  HAL_setupMotorPWMs                       
0     0000d88e  HAL_setupADCs                            
0     0000d974  Device_enableAllPeripherals              
0     0000da52  SysCtl_selectXTAL                        
0     0000db03  HAL_setupCLA                             
0     0000dba1  __c28xabi_divf                           
0     0000dc29  HAL_SCI_mySCIB_init                      
0     0000dcaf  HAL_setupCMPSS                           
0     0000dd22  DLOG_4CH_F_FUNC                          
0     0000dd85  HAL_setupQEP                             
0     0000dde2  ADC_setINLTrim                           
0     0000de3e  HAL_setupInterrupts                      
0     0000de96  runMotorControl                          
0     0000deed  HAL_init                                 
0     0000df40  MemCfg_getInitStatus                     
0     0000df93  HAL_MTR_init                             
0     0000dfdc  HAL_SCI_init                             
0     0000dfff  _nop                                     
0     0000e000  SysCtl_getDeviceParametric               
0     0000e044  MemCfg_initSections                      
0     0000e087  Interrupt_initModule                     
0     0000e0c8  runSyncControl                           
0     0000e108  GPIO_setPadConfig                        
0     0000e147  ADC_setOffsetTrim                        
0     0000e184  Device_init                              
0     0000e1c1  HAL_SCI_prepareWaveformData              
0     0000e1fe  HAL_setParams                            
0     0000e234  Interrupt_enable                         
0     0000e26a  Device_configureTMXAnalogTrim            
0     0000e29d  B2                                       
0     0000e2cf  GPIO_setPinConfig                        
0     0000e2ff  __TI_decompress_lzss                     
0     0000e32d  SysCtl_selectOscSource                   
0     0000e358  __TI_auto_init_nobinit_nopinit           
0     0000e383  C$$EXIT                                  
0     0000e383  abort                                    
0     0000e385  exit                                     
0     0000e3ac  FCL_initADC_3I                           
0     0000e3d3  MemCfg_setLSRAMControllerSel             
0     0000e3f8  SCI_setConfig                            
0     0000e41b  GPIO_setControllerCore                   
0     0000e43d  GPIO_setQualificationMode                
0     0000e45f  Device_enableUnbondedGPIOPullups         
0     0000e47f  GPIO_setDirectionMode                    
0     0000e49f  DLOG_4CH_F_init                          
0     0000e4be  Device_initGPIO                          
0     0000e4dc  Device_enableUnbondedGPIOPullupsFor100Pin
0     0000e4f9  CLA_setTriggerSource                     
0     0000e515  FCL_initPWM                              
0     0000e531  SCI_clearInterruptStatus                 
0     0000e54d  ramper                                   
0     0000e569  memcpy                                   
0     0000e585  A0                                       
0     0000e59f  HAL_setupCpuTimer                        
0     0000e5b9  CMPSS_configFilterHigh                   
0     0000e5d2  CMPSS_configFilterLow                    
0     0000e5eb  HAL_enableInterrupts                     
0     0000e603  B0                                       
0     0000e61a  C0                                       
0     0000e631  _c_int00                                 
0     0000e648  Interrupt_initVectorTable                
0     0000e65d  C1                                       
0     0000e66f  ADC_setMode                              
0     0000e680  HAL_SCI_generateWaveforms                
0     0000e691  A3                                       
0     0000e6b0  __TI_zero_init_nomemset                  
0     0000e6bd  HAL_setMotorParams                       
0     0000e6c9  Interrupt_defaultHandler                 
0     0000e6d5  _args_main                               
0     0000e6e1  A1                                       
0     0000e6eb  A2                                       
0     0000e6f5  Interrupt_illegalOperationHandler        
0     0000e6ff  Interrupt_nmiHandler                     
0     0000e711  FCL_initQEP                              
0     0000e719  __TI_decompress_none                     
0     0000e721  B1                                       
0     0000e727  B3                                       
0     0000e72d  C2                                       
0     0000e733  C3                                       
0     0000e739  CPUTimer_setEmulationMode                
0     0000e73f  FCL_getSwVersion                         
0     0000e741  _system_pre_init                         
0     0000e743  _system_post_cinit                       
0     0000e748  FCL_runPICtrlWrap_M1                     
0     0000e838  FCL_runPICtrlWrap_M2                     
0     0000e91e  FCL_runPICtrl_M1                         
0     0000e9f8  FCL_runPICtrl_M2                         
0     0000eace  FCL_resetController                      
0     0000eaff  SysCtl_delay                             
abs   00000100  CLA_SCRATCHPAD_SIZE                      
abs   00000380  __TI_STACK_SIZE                          
abs   ffffffff  __TI_pprof_out_hndl                      
abs   ffffffff  __TI_prof_data_size                      
abs   ffffffff  __TI_prof_data_start                     
n/a   UNDEFED   __c_args__                               

[187 symbols]
