******************************************************************************
             TMS320C2000 Linker PC v22.6.2                     
******************************************************************************
>> Linked Wed Dec 24 19:38:02 2025

OUTPUT FILE NAME:   <empty_driverlib_5.out>
ENTRY POINT SYMBOL: "code_start"  address: 00000000


MEMORY CONFIGURATION

         name            origin    length      used     unused   attr    fill
----------------------  --------  ---------  --------  --------  ----  --------
PAGE 0:
  BEGIN                 00000000   00000002  00000002  00000000  RWIX
  RAMM0                 00000123   000002dd  00000030  000002ad  RWIX
  RAMLS0                00008000   00000800  00000697  00000169  RWIX
  RAMLS1                00008800   00000800  00000000  00000800  RWIX
  RAMLS2                00009000   00000800  00000000  00000800  RWIX
  RAMLS3                00009800   00000800  00000000  00000800  RWIX
  RAMLS4                0000a000   00000800  00000000  00000800  RWIX
  RAMD0                 0000b000   00000800  000007fe  00000002  RWIX
  RAMGS0                0000c000   00001000  00000000  00001000  RWIX
  RAMGS1                0000d000   00001000  00000000  00001000  RWIX
  RAMGS2                0000e000   00001000  00000000  00001000  RWIX
  RAMGS3                0000f000   00001000  00000000  00001000  RWIX
  RAMGS4                00010000   00001000  00000000  00001000  RWIX
  RAMGS5                00011000   00001000  00000000  00001000  RWIX
  FLASHA                00080002   00001ffe  00000000  00001ffe  RWIX
  FLASHB                00082000   00002000  00000000  00002000  RWIX
  FLASHC                00084000   00002000  00000000  00002000  RWIX
  FLASHD                00086000   00002000  00000000  00002000  RWIX
  FLASHE                00088000   00008000  00000000  00008000  RWIX
  FLASHF                00090000   00008000  00000000  00008000  RWIX
  FLASHG                00098000   00008000  00000000  00008000  RWIX
  FLASHH                000a0000   00008000  00000000  00008000  RWIX
  FLASHI                000a8000   00008000  00000000  00008000  RWIX
  FLASHJ                000b0000   00008000  00000000  00008000  RWIX
  FLASHK                000b8000   00002000  00000000  00002000  RWIX
  FLASHL                000ba000   00002000  00000000  00002000  RWIX
  FLASHM                000bc000   00002000  00000000  00002000  RWIX
  FLASHN                000be000   00001ff0  00000000  00001ff0  RWIX
  RESET                 003fffc0   00000002  00000000  00000002  RWIX

PAGE 1:
  BOOT_RSVD             00000002   00000121  00000000  00000121  RWIX
  RAMM1                 00000400   000003f8  00000100  000002f8  RWIX
  Cla1ProgRam           00008000   00000800  00000000  00000800  RWIX
  RAMLS5                0000a800   00000400  000002c6  0000013a  RWIX
  Cla1DataRam           0000ac00   00000400  00000000  00000400  RWIX
  RAMD1                 0000b800   00000800  00000000  00000800  RWIX
  RAMGS0_PAGE1          0000c000   00001000  00000000  00001000  RWIX
  RAMGS1_PAGE1          0000d000   00001000  00000000  00001000  RWIX
  RAMGS2_PAGE1          0000e000   00001000  00000000  00001000  RWIX
  RAMGS3_PAGE1          0000f000   00001000  00000000  00001000  RWIX
  RAMGS4_PAGE1          00010000   00001000  00000000  00001000  RWIX
  RAMGS5_PAGE1          00011000   00001000  00000000  00001000  RWIX
  RAMGS6                00012000   00001000  00000000  00001000  RWIX
  RAMGS7                00013000   00001000  00000000  00001000  RWIX
  RAMGS8                00014000   00001000  00000000  00001000  RWIX
  RAMGS9                00015000   00001000  00000000  00001000  RWIX
  RAMGS10               00016000   00001000  00000000  00001000  RWIX
  RAMGS11               00017000   00001000  00000000  00001000  RWIX
  RAMGS12               00018000   00001000  00000000  00001000  RWIX
  RAMGS13               00019000   00001000  00000000  00001000  RWIX
  RAMGS14               0001a000   00001000  00000000  00001000  RWIX
  RAMGS15               0001b000   00000ff8  00000000  00000ff8  RWIX
  CPU2TOCPU1RAM         0003f800   00000400  00000000  00000400  RWIX
  CPU1TOCPU2RAM         0003fc00   00000400  00000000  00000400  RWIX
  CANA_MSG_RAM          00049000   00000800  00000000  00000800  RWIX
  CANB_MSG_RAM          0004b000   00000800  00000000  00000800  RWIX


SECTION ALLOCATION MAP

 output                                  attributes/
section   page    origin      length       input sections
--------  ----  ----------  ----------   ----------------
codestart 
*          0    00000000    00000002     
                  00000000    00000002     F2837xD_CodeStartBranch.obj (codestart)

.cinit     0    00000128    0000002c     
                  00000128    0000001a     (.cinit..data.load) [load image, compression = lzss]
                  00000142    00000006     (__TI_handler_table)
                  00000148    00000004     (.cinit..bss.load) [load image, compression = zero_init]
                  0000014c    00000008     (__TI_cinit_table)

.reset     0    003fffc0    00000000     DSECT

.stack     1    00000400    00000100     UNINITIALIZED
                  00000400    00000100     --HOLE--

.bss       1    0000aabc    0000000a     UNINITIALIZED
                  0000aabc    0000000a     FOC_CLA_SVPWM.obj (.bss:spiTxBuffer)

.init_array 
*          0    00000123    00000000     UNINITIALIZED

.const     1    0000a800    0000029c     
                  0000a800    000000c2     driverlib_eabi.lib : sysctl.obj (.const:.string)
                  0000a8c2    000000bc                        : gpio.obj (.const:.string)
                  0000a97e    000000bb                        : spi.obj (.const:.string)
                  0000aa39    00000001     --HOLE-- [fill = 0]
                  0000aa3a    00000062                        : cputimer.obj (.const:.string)

.data      1    0000aa9c    00000020     UNINITIALIZED
                  0000aa9c    00000010     FOC_CLA_SVPWM.obj (.data)
                  0000aaac    00000006     device.obj (.data)
                  0000aab2    00000006     rts2800_fpu32_eabi.lib : exit.c.obj (.data)
                  0000aab8    00000002                            : _lock.c.obj (.data:_lock)
                  0000aaba    00000002                            : _lock.c.obj (.data:_unlock)

GETBUFFER 
*          0    0003f800    00000000     DSECT

GETWRITEIDX 
*          0    0003f800    00000000     DSECT

PUTREADIDX 
*          0    0003f800    00000000     DSECT

.TI.ramfunc 
*          0    00000123    00000004     
                  00000123    00000004     driverlib_eabi.lib : sysctl.obj (.TI.ramfunc)

Cla1funcs 
*          0    00008000    00000000     UNINITIALIZED

.text.1    0    00008000    00000697     
                  00008000    00000088     rts2800_fpu32_eabi.lib : fs_div28.asm.obj (.text)
                  00008088    0000005c     driverlib_eabi.lib : spi.obj (.text:SPI_setConfig)
                  000080e4    00000052                        : gpio.obj (.text:GPIO_setPadConfig)
                  00008136    00000051                        : sysctl.obj (.text:SysCtl_getClock)
                  00008187    00000048                        : sysctl.obj (.text:SysCtl_selectOscSource)
                  000081cf    0000003d                        : interrupt.obj (.text:Interrupt_initModule)
                  0000820c    0000003d     FOC_CLA_SVPWM.obj (.text:retain)
                  00008249    00000037     driverlib_eabi.lib : gpio.obj (.text:GPIO_setControllerCore)
                  00008280    00000037                        : gpio.obj (.text:GPIO_setPinConfig)
                  000082b7    00000037                        : gpio.obj (.text:GPIO_setQualificationMode)
                  000082ee    00000037                        : interrupt.obj (.text:Interrupt_enable)
                  00008325    00000031                        : gpio.obj (.text:GPIO_setDirectionMode)
                  00008356    0000002e     rts2800_fpu32_eabi.lib : copy_decompress_lzss.c.obj (.text:decompress:lzss)
                  00008384    0000002b                            : autoinit.c.obj (.text:__TI_auto_init_nobinit_nopinit)
                  000083af    00000029                            : exit.c.obj (.text)
                  000083d8    00000028     driverlib_eabi.lib : sysctl.obj (.text:CPUTimer_selectClockSource)
                  00008400    0000001f                        : sysctl.obj (.text:CPUTimer_getTimerOverflowStatus)
                  0000841f    0000001e                        : interrupt.obj (.text:Interrupt_initVectorTable)
                  0000843d    0000001d                        : spi.obj (.text:SPI_setTxFifoTransmitDelay)
                  0000845a    0000001d     rts2800_fpu32_eabi.lib : memcpy.c.obj (.text)
                  00008477    0000001a     driverlib_eabi.lib : sysctl.obj (.text:CPUTimer_startTimer)
                  00008491    0000001a                        : sysctl.obj (.text:SysCtl_getLowSpeedClock)
                  000084ab    00000019                        : spi.obj (.text:SPI_writeDataBlockingFIFO)
                  000084c4    00000018                        : spi.obj (.text:SPI_disableFIFO)
                  000084dc    00000018                        : spi.obj (.text:SPI_enableFIFO)
                  000084f4    00000017                        : cputimer.obj (.text:CPUTimer_isBaseValid)
                  0000850b    00000017                        : sysctl.obj (.text:CPUTimer_isBaseValid)
                  00008522    00000017                        : spi.obj (.text:SPI_isBaseValid)
                  00008539    00000017     rts2800_fpu32_eabi.lib : boot28.asm.obj (.text)
                  00008550    00000016     driverlib_eabi.lib : interrupt.obj (.text:Interrupt_defaultHandler)
                  00008566    00000015                        : spi.obj (.text:SPI_readDataBlockingFIFO)
                  0000857b    00000014                        : sysctl.obj (.text:CPUTimer_stopTimer)
                  0000858f    00000014                        : spi.obj (.text:SPI_getRxFIFOStatus)
                  000085a3    00000014                        : spi.obj (.text:SPI_getTxFIFOStatus)
                  000085b7    00000013                        : cputimer.obj (.text:CPUTimer_setEmulationMode)
                  000085ca    00000012                        : sysctl.obj (.text:CPUTimer_clearOverflowFlag)
                  000085dc    00000012                        : sysctl.obj (.text:CPUTimer_disableInterrupt)
                  000085ee    00000011                        : sysctl.obj (.text:CPUTimer_setPeriod)
                  000085ff    0000000f                        : sysctl.obj (.text:SysCtl_pollCpuTimer)
                  0000860e    0000000e                        : gpio.obj (.text:GPIO_isPinValid)
                  0000861c    0000000d                        : interrupt.obj (.text:Interrupt_disableGlobal)
                  00008629    0000000d                        : interrupt.obj (.text:Interrupt_enableGlobal)
                  00008636    0000000d     rts2800_fpu32_eabi.lib : copy_zero_init.c.obj (.text:decompress:ZI:__TI_zero_init_nomemset)
                  00008643    0000000c                            : args_main.c.obj (.text)
                  0000864f    0000000b     driverlib_eabi.lib : sysctl.obj (.text:SysCtl_isMCDClockFailureDetected)
                  0000865a    0000000a                        : interrupt.obj (.text:Interrupt_illegalOperationHandler)
                  00008664    0000000a                        : interrupt.obj (.text:Interrupt_nmiHandler)
                  0000866e    00000009                        : sysctl.obj (.text:SysCtl_serviceWatchdog)
                  00008677    00000009     rts2800_fpu32_eabi.lib : _lock.c.obj (.text)
                  00008680    00000008     F2837xD_CodeStartBranch.obj (.text)
                  00008688    00000008     rts2800_fpu32_eabi.lib : copy_decompress_none.c.obj (.text:decompress:none)
                  00008690    00000007     driverlib_eabi.lib : sysctl.obj (.text:SysCtl_resetMCD)

.text.2    0    0000b000    000007fe     
                  0000b000    00000358     device.obj (.text)
                  0000b358    00000209     driverlib_eabi.lib : sysctl.obj (.text:SysCtl_setClock)
                  0000b561    0000010c     FOC_CLA_SVPWM.obj (.text)
                  0000b66d    00000096     driverlib_eabi.lib : spi.obj (.text:SPI_pollingFIFOTransaction)
                  0000b703    00000090                        : sysctl.obj (.text:SysCtl_selectXTAL)
                  0000b793    00000068                        : sysctl.obj (.text:SysCtl_getDeviceParametric)
                  0000b7fb    00000002     rts2800_fpu32_eabi.lib : pre_init.c.obj (.text)
                  0000b7fd    00000001                            : startup.c.obj (.text)

MODULE SUMMARY

       Module                        code   ro data   rw data
       ------                        ----   -------   -------
    .\
       FOC_CLA_SVPWM.obj             329    0         26     
    +--+-----------------------------+------+---------+---------+
       Total:                        329    0         26     
                                                             
    .\device\
       device.obj                    856    0         6      
       F2837xD_CodeStartBranch.obj   10     0         0      
    +--+-----------------------------+------+---------+---------+
       Total:                        866    0         6      
                                                             
    C:\TI\C2000Ware_6_00_01_00\driverlib\f2837xd\driverlib\ccs\Debug\driverlib_eabi.lib
       sysctl.obj                    1187   194       0      
       spi.obj                       428    187       0      
       gpio.obj                      310    188       0      
       interrupt.obj                 214    0         0      
       cputimer.obj                  42     98        0      
    +--+-----------------------------+------+---------+---------+
       Total:                        2181   667       0      
                                                             
    D:\TI\ccs\tools\compiler\ti-cgt-c2000_22.6.2.LTS\lib\rts2800_fpu32_eabi.lib
       fs_div28.asm.obj              136    0         0      
       exit.c.obj                    41     0         6      
       copy_decompress_lzss.c.obj    46     0         0      
       autoinit.c.obj                43     0         0      
       memcpy.c.obj                  29     0         0      
       boot28.asm.obj                23     0         0      
       _lock.c.obj                   9      0         4      
       copy_zero_init.c.obj          13     0         0      
       args_main.c.obj               12     0         0      
       copy_decompress_none.c.obj    8      0         0      
       pre_init.c.obj                2      0         0      
       startup.c.obj                 1      0         0      
    +--+-----------------------------+------+---------+---------+
       Total:                        363    0         10     
                                                             
       Stack:                        0      0         256    
       Linker Generated:             0      44        0      
    +--+-----------------------------+------+---------+---------+
       Grand Total:                  3739   711       298    


LINKER GENERATED COPY TABLES

__TI_cinit_table @ 0000014c records: 2, size/record: 4, table size: 8
	.data: load addr=00000128, load size=0000001a bytes, run addr=0000aa9c, run size=00000020 bytes, compression=lzss
	.bss: load addr=00000148, load size=00000004 bytes, run addr=0000aabc, run size=0000000a bytes, compression=zero_init


LINKER GENERATED HANDLER TABLE

__TI_handler_table @ 00000142 records: 3, size/record: 2, table size: 6
	index: 0, handler: __TI_zero_init
	index: 1, handler: __TI_decompress_lzss
	index: 2, handler: __TI_decompress_none


GLOBAL DATA SYMBOLS: SORTED BY DATA PAGE

address     data page           name
--------    ----------------    ----
00000400      10 (00000400)     __stack

0000aa9c     2aa (0000aa80)     v_a
0000aa9e     2aa (0000aa80)     v_b
0000aaa0     2aa (0000aa80)     v_c
0000aaa2     2aa (0000aa80)     i_a
0000aaa4     2aa (0000aa80)     i_b
0000aaa6     2aa (0000aa80)     i_c
0000aaa8     2aa (0000aa80)     motor_speed
0000aaaa     2aa (0000aa80)     motor_torque
0000aaac     2aa (0000aa80)     Example_Result
0000aaae     2aa (0000aa80)     Example_PassCount
0000aab0     2aa (0000aa80)     Example_Fail
0000aab2     2aa (0000aa80)     __TI_enable_exit_profile_output
0000aab4     2aa (0000aa80)     __TI_cleanup_ptr
0000aab6     2aa (0000aa80)     __TI_dtors_ptr
0000aab8     2aa (0000aa80)     _lock
0000aaba     2aa (0000aa80)     _unlock
0000aabc     2aa (0000aa80)     spiTxBuffer


GLOBAL SYMBOLS: SORTED ALPHABETICALLY BY Name 

page  address   name                                     
----  -------   ----                                     
0     000083af  C$$EXIT                                  
0     000085b7  CPUTimer_setEmulationMode                
abs   00000000  Cla1funcsLoadSize                        
0     00008000  Cla1funcsLoadStart                       
0     00008000  Cla1funcsRunStart                        
0     0000b1e8  Device_bootCPU2                          
0     0000b07c  Device_configureTMXAnalogTrim            
0     0000b0af  Device_enableAllPeripherals              
0     0000b03e  Device_enableUnbondedGPIOPullups         
0     0000b021  Device_enableUnbondedGPIOPullupsFor100Pin
0     0000b00e  Device_enableUnbondedGPIOPullupsFor176Pin
0     0000b18d  Device_init                              
0     0000b05e  Device_initGPIO                          
1     0000aab0  Example_Fail                             
1     0000aaae  Example_PassCount                        
1     0000aaac  Example_Result                           
0     0000b00d  Example_done                             
0     0000b008  Example_setResultFail                    
0     0000b003  Example_setResultPass                    
0     00008249  GPIO_setControllerCore                   
0     00008325  GPIO_setDirectionMode                    
0     000080e4  GPIO_setPadConfig                        
0     00008280  GPIO_setPinConfig                        
0     000082b7  GPIO_setQualificationMode                
0     00008550  Interrupt_defaultHandler                 
0     000082ee  Interrupt_enable                         
0     0000865a  Interrupt_illegalOperationHandler        
0     000081cf  Interrupt_initModule                     
0     0000841f  Interrupt_initVectorTable                
0     00008664  Interrupt_nmiHandler                     
0     0000b66d  SPI_pollingFIFOTransaction               
0     00008088  SPI_setConfig                            
0     00000123  SysCtl_delay                             
0     00008136  SysCtl_getClock                          
0     0000b793  SysCtl_getDeviceParametric               
0     00008491  SysCtl_getLowSpeedClock                  
0     00008187  SysCtl_selectOscSource                   
0     0000b703  SysCtl_selectXTAL                        
0     0000b358  SysCtl_setClock                          
0     0000014c  __TI_CINIT_Base                          
0     00000154  __TI_CINIT_Limit                         
0     00000154  __TI_CINIT_Warm                          
0     00000142  __TI_Handler_Table_Base                  
0     00000148  __TI_Handler_Table_Limit                 
1     00000500  __TI_STACK_END                           
abs   00000100  __TI_STACK_SIZE                          
0     00008384  __TI_auto_init_nobinit_nopinit           
1     0000aab4  __TI_cleanup_ptr                         
0     00008356  __TI_decompress_lzss                     
0     00008688  __TI_decompress_none                     
1     0000aab6  __TI_dtors_ptr                           
1     0000aab2  __TI_enable_exit_profile_output          
abs   ffffffff  __TI_pprof_out_hndl                      
abs   ffffffff  __TI_prof_data_size                      
abs   ffffffff  __TI_prof_data_start                     
0     00008636  __TI_zero_init_nomemset                  
0     00008000  __c28xabi_divf                           
n/a   UNDEFED   __c_args__                               
0     0000b000  __error__                                
1     00000400  __stack                                  
0     00008643  _args_main                               
0     00008539  _c_int00                                 
1     0000aab8  _lock                                    
0     0000867f  _nop                                     
0     0000867b  _register_lock                           
0     00008677  _register_unlock                         
0     0000b7fd  _system_post_cinit                       
0     0000b7fb  _system_pre_init                         
1     0000aaba  _unlock                                  
0     000083af  abort                                    
0     00000000  code_start                               
0     0000820c  cpu_timer0_isr                           
0     000083b1  exit                                     
1     0000aaa2  i_a                                      
1     0000aaa4  i_b                                      
1     0000aaa6  i_c                                      
0     0000b5d7  initGPIO                                 
0     0000b602  initMotorSPI                             
0     0000b62e  main                                     
0     0000845a  memcpy                                   
1     0000aaa8  motor_speed                              
1     0000aaaa  motor_torque                             
0     0000b561  sendMotorData                            
1     0000aabc  spiTxBuffer                              
1     0000aa9c  v_a                                      
1     0000aa9e  v_b                                      
1     0000aaa0  v_c                                      


GLOBAL SYMBOLS: SORTED BY Symbol Address 

page  address   name                                     
----  -------   ----                                     
0     00000000  code_start                               
0     00000123  SysCtl_delay                             
0     00000142  __TI_Handler_Table_Base                  
0     00000148  __TI_Handler_Table_Limit                 
0     0000014c  __TI_CINIT_Base                          
0     00000154  __TI_CINIT_Limit                         
0     00000154  __TI_CINIT_Warm                          
0     00008000  Cla1funcsLoadStart                       
0     00008000  Cla1funcsRunStart                        
0     00008000  __c28xabi_divf                           
0     00008088  SPI_setConfig                            
0     000080e4  GPIO_setPadConfig                        
0     00008136  SysCtl_getClock                          
0     00008187  SysCtl_selectOscSource                   
0     000081cf  Interrupt_initModule                     
0     0000820c  cpu_timer0_isr                           
0     00008249  GPIO_setControllerCore                   
0     00008280  GPIO_setPinConfig                        
0     000082b7  GPIO_setQualificationMode                
0     000082ee  Interrupt_enable                         
0     00008325  GPIO_setDirectionMode                    
0     00008356  __TI_decompress_lzss                     
0     00008384  __TI_auto_init_nobinit_nopinit           
0     000083af  C$$EXIT                                  
0     000083af  abort                                    
0     000083b1  exit                                     
0     0000841f  Interrupt_initVectorTable                
0     0000845a  memcpy                                   
0     00008491  SysCtl_getLowSpeedClock                  
0     00008539  _c_int00                                 
0     00008550  Interrupt_defaultHandler                 
0     000085b7  CPUTimer_setEmulationMode                
0     00008636  __TI_zero_init_nomemset                  
0     00008643  _args_main                               
0     0000865a  Interrupt_illegalOperationHandler        
0     00008664  Interrupt_nmiHandler                     
0     00008677  _register_unlock                         
0     0000867b  _register_lock                           
0     0000867f  _nop                                     
0     00008688  __TI_decompress_none                     
0     0000b000  __error__                                
0     0000b003  Example_setResultPass                    
0     0000b008  Example_setResultFail                    
0     0000b00d  Example_done                             
0     0000b00e  Device_enableUnbondedGPIOPullupsFor176Pin
0     0000b021  Device_enableUnbondedGPIOPullupsFor100Pin
0     0000b03e  Device_enableUnbondedGPIOPullups         
0     0000b05e  Device_initGPIO                          
0     0000b07c  Device_configureTMXAnalogTrim            
0     0000b0af  Device_enableAllPeripherals              
0     0000b18d  Device_init                              
0     0000b1e8  Device_bootCPU2                          
0     0000b358  SysCtl_setClock                          
0     0000b561  sendMotorData                            
0     0000b5d7  initGPIO                                 
0     0000b602  initMotorSPI                             
0     0000b62e  main                                     
0     0000b66d  SPI_pollingFIFOTransaction               
0     0000b703  SysCtl_selectXTAL                        
0     0000b793  SysCtl_getDeviceParametric               
0     0000b7fb  _system_pre_init                         
0     0000b7fd  _system_post_cinit                       
1     00000400  __stack                                  
1     00000500  __TI_STACK_END                           
1     0000aa9c  v_a                                      
1     0000aa9e  v_b                                      
1     0000aaa0  v_c                                      
1     0000aaa2  i_a                                      
1     0000aaa4  i_b                                      
1     0000aaa6  i_c                                      
1     0000aaa8  motor_speed                              
1     0000aaaa  motor_torque                             
1     0000aaac  Example_Result                           
1     0000aaae  Example_PassCount                        
1     0000aab0  Example_Fail                             
1     0000aab2  __TI_enable_exit_profile_output          
1     0000aab4  __TI_cleanup_ptr                         
1     0000aab6  __TI_dtors_ptr                           
1     0000aab8  _lock                                    
1     0000aaba  _unlock                                  
1     0000aabc  spiTxBuffer                              
abs   00000000  Cla1funcsLoadSize                        
abs   00000100  __TI_STACK_SIZE                          
abs   ffffffff  __TI_pprof_out_hndl                      
abs   ffffffff  __TI_prof_data_size                      
abs   ffffffff  __TI_prof_data_start                     
n/a   UNDEFED   __c_args__                               

[87 symbols]
