******************************************************************************
             TMS320C2000 Linker PC v22.6.2                     
******************************************************************************
>> Linked Thu Dec 25 14:55:16 2025

OUTPUT FILE NAME:   <empty_driverlib_5.out>
ENTRY POINT SYMBOL: "code_start"  address: 00000000


MEMORY CONFIGURATION

         name            origin    length      used     unused   attr    fill
----------------------  --------  ---------  --------  --------  ----  --------
PAGE 0:
  BEGIN                 00000000   00000002  00000002  00000000  RWIX
  RAMM0                 00000123   000002dd  00000032  000002ab  RWIX
  RAMLS0                00008000   00000800  00000800  00000000  RWIX
  RAMLS1                00008800   00000800  00000007  000007f9  RWIX
  RAMLS2                00009000   00000800  00000000  00000800  RWIX
  RAMLS3                00009800   00000800  00000000  00000800  RWIX
  RAMLS4                0000a000   00000800  00000000  00000800  RWIX
  RAMD0                 0000b000   00000800  00000800  00000000  RWIX
  RAMGS0                0000c000   00001000  00000000  00001000  RWIX
  RAMGS1                0000d000   00001000  00000000  00001000  RWIX
  RAMGS2                0000e000   00001000  00000000  00001000  RWIX
  RAMGS3                0000f000   00001000  00000000  00001000  RWIX
  RAMGS4                00010000   00001000  00000000  00001000  RWIX
  RAMGS5                00011000   00001000  00000000  00001000  RWIX
  FLASHA                00080002   00001ffe  00000000  00001ffe  RWIX
  FLASHB                00082000   00002000  00000000  00002000  RWIX
  FLASHC                00084000   00002000  00000000  00002000  RWIX
  FLASHD                00086000   00002000  00000000  00002000  RWIX
  FLASHE                00088000   00008000  00000000  00008000  RWIX
  FLASHF                00090000   00008000  00000000  00008000  RWIX
  FLASHG                00098000   00008000  00000000  00008000  RWIX
  FLASHH                000a0000   00008000  00000000  00008000  RWIX
  FLASHI                000a8000   00008000  00000000  00008000  RWIX
  FLASHJ                000b0000   00008000  00000000  00008000  RWIX
  FLASHK                000b8000   00002000  00000000  00002000  RWIX
  FLASHL                000ba000   00002000  00000000  00002000  RWIX
  FLASHM                000bc000   00002000  00000000  00002000  RWIX
  FLASHN                000be000   00001ff0  00000000  00001ff0  RWIX
  RESET                 003fffc0   00000002  00000000  00000002  RWIX

PAGE 1:
  BOOT_RSVD             00000002   00000121  00000000  00000121  RWIX
  RAMM1                 00000400   000003f8  00000100  000002f8  RWIX
  Cla1ProgRam           00008000   00000800  00000000  00000800  RWIX
  RAMLS5                0000a800   00000400  000002d2  0000012e  RWIX
  Cla1DataRam           0000ac00   00000400  00000000  00000400  RWIX
  RAMD1                 0000b800   00000800  00000000  00000800  RWIX
  RAMGS0_PAGE1          0000c000   00001000  00000000  00001000  RWIX
  RAMGS1_PAGE1          0000d000   00001000  00000000  00001000  RWIX
  RAMGS2_PAGE1          0000e000   00001000  00000000  00001000  RWIX
  RAMGS3_PAGE1          0000f000   00001000  00000000  00001000  RWIX
  RAMGS4_PAGE1          00010000   00001000  00000000  00001000  RWIX
  RAMGS5_PAGE1          00011000   00001000  00000000  00001000  RWIX
  RAMGS6                00012000   00001000  00000000  00001000  RWIX
  RAMGS7                00013000   00001000  00000000  00001000  RWIX
  RAMGS8                00014000   00001000  00000000  00001000  RWIX
  RAMGS9                00015000   00001000  00000000  00001000  RWIX
  RAMGS10               00016000   00001000  00000000  00001000  RWIX
  RAMGS11               00017000   00001000  00000000  00001000  RWIX
  RAMGS12               00018000   00001000  00000000  00001000  RWIX
  RAMGS13               00019000   00001000  00000000  00001000  RWIX
  RAMGS14               0001a000   00001000  00000000  00001000  RWIX
  RAMGS15               0001b000   00000ff8  00000000  00000ff8  RWIX
  CPU2TOCPU1RAM         0003f800   00000400  00000000  00000400  RWIX
  CPU1TOCPU2RAM         0003fc00   00000400  00000000  00000400  RWIX
  CANA_MSG_RAM          00049000   00000800  00000000  00000800  RWIX
  CANB_MSG_RAM          0004b000   00000800  00000000  00000800  RWIX


SECTION ALLOCATION MAP

 output                                  attributes/
section   page    origin      length       input sections
--------  ----  ----------  ----------   ----------------
codestart 
*          0    00000000    00000002     
                  00000000    00000002     F2837xD_CodeStartBranch.obj (codestart)

.cinit     0    00000128    0000002e     
                  00000128    0000001c     (.cinit..data.load) [load image, compression = lzss]
                  00000144    00000006     (__TI_handler_table)
                  0000014a    00000004     (.cinit..bss.load) [load image, compression = zero_init]
                  0000014e    00000008     (__TI_cinit_table)

.reset     0    003fffc0    00000000     DSECT

.stack     1    00000400    00000100     UNINITIALIZED
                  00000400    00000100     --HOLE--

.bss       1    0000aabe    00000014     UNINITIALIZED
                  0000aabe    0000000a     FOC_SPI.obj (.bss:spiRxBuffer)
                  0000aac8    0000000a     FOC_SPI.obj (.bss:spiTxBuffer)

.init_array 
*          0    00000123    00000000     UNINITIALIZED

.const     1    0000a800    0000029c     
                  0000a800    000000c2     driverlib_eabi.lib : sysctl.obj (.const:.string)
                  0000a8c2    000000bc                        : gpio.obj (.const:.string)
                  0000a97e    000000bb                        : spi.obj (.const:.string)
                  0000aa39    00000001     --HOLE-- [fill = 0]
                  0000aa3a    00000062                        : cputimer.obj (.const:.string)

.data      1    0000aa9c    00000022     UNINITIALIZED
                  0000aa9c    00000012     FOC_SPI.obj (.data)
                  0000aaae    00000006     device.obj (.data)
                  0000aab4    00000006     rts2800_fpu32_eabi.lib : exit.c.obj (.data)
                  0000aaba    00000002                            : _lock.c.obj (.data:_lock)
                  0000aabc    00000002                            : _lock.c.obj (.data:_unlock)

GETBUFFER 
*          0    0003f800    00000000     DSECT

GETWRITEIDX 
*          0    0003f800    00000000     DSECT

PUTREADIDX 
*          0    0003f800    00000000     DSECT

.TI.ramfunc 
*          0    00000123    00000004     
                  00000123    00000004     driverlib_eabi.lib : sysctl.obj (.TI.ramfunc)

Cla1funcs 
*          0    00008000    00000000     UNINITIALIZED

.text.1    0    00008000    00000800     
                  00008000    00000092     FOC_SPI.obj (.text:retain)
                  00008092    00000090     driverlib_eabi.lib : sysctl.obj (.text:SysCtl_selectXTAL)
                  00008122    00000088     rts2800_fpu32_eabi.lib : fs_div28.asm.obj (.text)
                  000081aa    0000005c     driverlib_eabi.lib : spi.obj (.text:SPI_setConfig)
                  00008206    00000052                        : gpio.obj (.text:GPIO_setPadConfig)
                  00008258    00000051                        : sysctl.obj (.text:SysCtl_getClock)
                  000082a9    00000048                        : sysctl.obj (.text:SysCtl_selectOscSource)
                  000082f1    0000003d                        : interrupt.obj (.text:Interrupt_initModule)
                  0000832e    00000037                        : gpio.obj (.text:GPIO_setControllerCore)
                  00008365    00000037                        : gpio.obj (.text:GPIO_setPinConfig)
                  0000839c    00000037                        : gpio.obj (.text:GPIO_setQualificationMode)
                  000083d3    00000037                        : interrupt.obj (.text:Interrupt_enable)
                  0000840a    00000036                        : spi.obj (.text:SPI_clearInterruptStatus)
                  00008440    00000031                        : gpio.obj (.text:GPIO_setDirectionMode)
                  00008471    0000002f                        : spi.obj (.text:SPI_enableInterrupt)
                  000084a0    0000002f                        : spi.obj (.text:SPI_getInterruptStatus)
                  000084cf    0000002e     rts2800_fpu32_eabi.lib : copy_decompress_lzss.c.obj (.text:decompress:lzss)
                  000084fd    0000002b                            : autoinit.c.obj (.text:__TI_auto_init_nobinit_nopinit)
                  00008528    00000029                            : exit.c.obj (.text)
                  00008551    00000028     driverlib_eabi.lib : sysctl.obj (.text:CPUTimer_selectClockSource)
                  00008579    0000001f                        : sysctl.obj (.text:CPUTimer_getTimerOverflowStatus)
                  00008598    0000001e                        : interrupt.obj (.text:Interrupt_initVectorTable)
                  000085b6    0000001d                        : spi.obj (.text:SPI_setTxFifoTransmitDelay)
                  000085d3    0000001d     rts2800_fpu32_eabi.lib : memcpy.c.obj (.text)
                  000085f0    0000001a     driverlib_eabi.lib : sysctl.obj (.text:CPUTimer_startTimer)
                  0000860a    0000001a                        : sysctl.obj (.text:SysCtl_getLowSpeedClock)
                  00008624    00000019                        : spi.obj (.text:SPI_writeDataBlockingFIFO)
                  0000863d    00000018                        : spi.obj (.text:SPI_disableFIFO)
                  00008655    00000018                        : spi.obj (.text:SPI_enableFIFO)
                  0000866d    00000017                        : cputimer.obj (.text:CPUTimer_isBaseValid)
                  00008684    00000017                        : sysctl.obj (.text:CPUTimer_isBaseValid)
                  0000869b    00000017                        : spi.obj (.text:SPI_isBaseValid)
                  000086b2    00000017     rts2800_fpu32_eabi.lib : boot28.asm.obj (.text)
                  000086c9    00000016     driverlib_eabi.lib : interrupt.obj (.text:Interrupt_defaultHandler)
                  000086df    00000015                        : spi.obj (.text:SPI_readDataBlockingFIFO)
                  000086f4    00000014                        : sysctl.obj (.text:CPUTimer_stopTimer)
                  00008708    00000014                        : spi.obj (.text:SPI_getRxFIFOStatus)
                  0000871c    00000014                        : spi.obj (.text:SPI_getTxFIFOStatus)
                  00008730    00000013                        : cputimer.obj (.text:CPUTimer_setEmulationMode)
                  00008743    00000012                        : sysctl.obj (.text:CPUTimer_clearOverflowFlag)
                  00008755    00000012                        : sysctl.obj (.text:CPUTimer_disableInterrupt)
                  00008767    00000011                        : sysctl.obj (.text:CPUTimer_setPeriod)
                  00008778    0000000f                        : sysctl.obj (.text:SysCtl_pollCpuTimer)
                  00008787    0000000e                        : gpio.obj (.text:GPIO_isPinValid)
                  00008795    0000000d                        : interrupt.obj (.text:Interrupt_disableGlobal)
                  000087a2    0000000d                        : interrupt.obj (.text:Interrupt_enableGlobal)
                  000087af    0000000d     rts2800_fpu32_eabi.lib : copy_zero_init.c.obj (.text:decompress:ZI:__TI_zero_init_nomemset)
                  000087bc    0000000b     driverlib_eabi.lib : sysctl.obj (.text:SysCtl_isMCDClockFailureDetected)
                  000087c7    0000000a                        : interrupt.obj (.text:Interrupt_illegalOperationHandler)
                  000087d1    0000000a                        : interrupt.obj (.text:Interrupt_nmiHandler)
                  000087db    00000009                        : sysctl.obj (.text:SysCtl_serviceWatchdog)
                  000087e4    00000009     rts2800_fpu32_eabi.lib : _lock.c.obj (.text)
                  000087ed    00000008     F2837xD_CodeStartBranch.obj (.text)
                  000087f5    00000008     rts2800_fpu32_eabi.lib : copy_decompress_none.c.obj (.text:decompress:none)
                  000087fd    00000002                            : pre_init.c.obj (.text)
                  000087ff    00000001                            : startup.c.obj (.text)

.text.2    0    00008800    00000007     
                  00008800    00000007     driverlib_eabi.lib : sysctl.obj (.text:SysCtl_resetMCD)

.text.3    0    0000b000    00000800     
                  0000b000    00000358     device.obj (.text)
                  0000b358    00000209     driverlib_eabi.lib : sysctl.obj (.text:SysCtl_setClock)
                  0000b561    00000195     FOC_SPI.obj (.text)
                  0000b6f6    00000096     driverlib_eabi.lib : spi.obj (.text:SPI_pollingFIFOTransaction)
                  0000b78c    00000068                        : sysctl.obj (.text:SysCtl_getDeviceParametric)
                  0000b7f4    0000000c     rts2800_fpu32_eabi.lib : args_main.c.obj (.text)

MODULE SUMMARY

       Module                        code   ro data   rw data
       ------                        ----   -------   -------
    .\
       FOC_SPI.obj                   551    0         38     
    +--+-----------------------------+------+---------+---------+
       Total:                        551    0         38     
                                                             
    .\device\
       device.obj                    856    0         6      
       F2837xD_CodeStartBranch.obj   10     0         0      
    +--+-----------------------------+------+---------+---------+
       Total:                        866    0         6      
                                                             
    C:\TI\C2000Ware_6_00_01_00\driverlib\f2837xd\driverlib\ccs\Debug\driverlib_eabi.lib
       sysctl.obj                    1187   194       0      
       spi.obj                       576    187       0      
       gpio.obj                      310    188       0      
       interrupt.obj                 214    0         0      
       cputimer.obj                  42     98        0      
    +--+-----------------------------+------+---------+---------+
       Total:                        2329   667       0      
                                                             
    D:\TI\ccs\tools\compiler\ti-cgt-c2000_22.6.2.LTS\lib\rts2800_fpu32_eabi.lib
       fs_div28.asm.obj              136    0         0      
       exit.c.obj                    41     0         6      
       copy_decompress_lzss.c.obj    46     0         0      
       autoinit.c.obj                43     0         0      
       memcpy.c.obj                  29     0         0      
       boot28.asm.obj                23     0         0      
       _lock.c.obj                   9      0         4      
       copy_zero_init.c.obj          13     0         0      
       args_main.c.obj               12     0         0      
       copy_decompress_none.c.obj    8      0         0      
       pre_init.c.obj                2      0         0      
       startup.c.obj                 1      0         0      
    +--+-----------------------------+------+---------+---------+
       Total:                        363    0         10     
                                                             
       Stack:                        0      0         256    
       Linker Generated:             0      46        0      
    +--+-----------------------------+------+---------+---------+
       Grand Total:                  4109   713       310    


LINKER GENERATED COPY TABLES

__TI_cinit_table @ 0000014e records: 2, size/record: 4, table size: 8
	.data: load addr=00000128, load size=0000001c bytes, run addr=0000aa9c, run size=00000022 bytes, compression=lzss
	.bss: load addr=0000014a, load size=00000004 bytes, run addr=0000aabe, run size=00000014 bytes, compression=zero_init


LINKER GENERATED HANDLER TABLE

__TI_handler_table @ 00000144 records: 3, size/record: 2, table size: 6
	index: 0, handler: __TI_zero_init
	index: 1, handler: __TI_decompress_lzss
	index: 2, handler: __TI_decompress_none


GLOBAL DATA SYMBOLS: SORTED BY DATA PAGE

address     data page           name
--------    ----------------    ----
00000400      10 (00000400)     __stack

0000aa9c     2aa (0000aa80)     spiDataReceived
0000aa9e     2aa (0000aa80)     motorParams
0000aaae     2aa (0000aa80)     Example_Result
0000aab0     2aa (0000aa80)     Example_PassCount
0000aab2     2aa (0000aa80)     Example_Fail
0000aab4     2aa (0000aa80)     __TI_enable_exit_profile_output
0000aab6     2aa (0000aa80)     __TI_cleanup_ptr
0000aab8     2aa (0000aa80)     __TI_dtors_ptr
0000aaba     2aa (0000aa80)     _lock
0000aabc     2aa (0000aa80)     _unlock
0000aabe     2aa (0000aa80)     spiRxBuffer

0000aac8     2ab (0000aac0)     spiTxBuffer


GLOBAL SYMBOLS: SORTED ALPHABETICALLY BY Name 

page  address   name                                     
----  -------   ----                                     
0     00008528  C$$EXIT                                  
0     00008730  CPUTimer_setEmulationMode                
abs   00000000  Cla1funcsLoadSize                        
0     00008000  Cla1funcsLoadStart                       
0     00008000  Cla1funcsRunStart                        
0     0000b1e8  Device_bootCPU2                          
0     0000b07c  Device_configureTMXAnalogTrim            
0     0000b0af  Device_enableAllPeripherals              
0     0000b03e  Device_enableUnbondedGPIOPullups         
0     0000b021  Device_enableUnbondedGPIOPullupsFor100Pin
0     0000b00e  Device_enableUnbondedGPIOPullupsFor176Pin
0     0000b18d  Device_init                              
0     0000b05e  Device_initGPIO                          
1     0000aab2  Example_Fail                             
1     0000aab0  Example_PassCount                        
1     0000aaae  Example_Result                           
0     0000b00d  Example_done                             
0     0000b008  Example_setResultFail                    
0     0000b003  Example_setResultPass                    
0     0000832e  GPIO_setControllerCore                   
0     00008440  GPIO_setDirectionMode                    
0     00008206  GPIO_setPadConfig                        
0     00008365  GPIO_setPinConfig                        
0     0000839c  GPIO_setQualificationMode                
0     000086c9  Interrupt_defaultHandler                 
0     000083d3  Interrupt_enable                         
0     000087c7  Interrupt_illegalOperationHandler        
0     000082f1  Interrupt_initModule                     
0     00008598  Interrupt_initVectorTable                
0     000087d1  Interrupt_nmiHandler                     
0     0000840a  SPI_clearInterruptStatus                 
0     00008471  SPI_enableInterrupt                      
0     000084a0  SPI_getInterruptStatus                   
0     0000b6f6  SPI_pollingFIFOTransaction               
0     000081aa  SPI_setConfig                            
0     00000123  SysCtl_delay                             
0     00008258  SysCtl_getClock                          
0     0000b78c  SysCtl_getDeviceParametric               
0     0000860a  SysCtl_getLowSpeedClock                  
0     000082a9  SysCtl_selectOscSource                   
0     00008092  SysCtl_selectXTAL                        
0     0000b358  SysCtl_setClock                          
0     0000014e  __TI_CINIT_Base                          
0     00000156  __TI_CINIT_Limit                         
0     00000156  __TI_CINIT_Warm                          
0     00000144  __TI_Handler_Table_Base                  
0     0000014a  __TI_Handler_Table_Limit                 
1     00000500  __TI_STACK_END                           
abs   00000100  __TI_STACK_SIZE                          
0     000084fd  __TI_auto_init_nobinit_nopinit           
1     0000aab6  __TI_cleanup_ptr                         
0     000084cf  __TI_decompress_lzss                     
0     000087f5  __TI_decompress_none                     
1     0000aab8  __TI_dtors_ptr                           
1     0000aab4  __TI_enable_exit_profile_output          
abs   ffffffff  __TI_pprof_out_hndl                      
abs   ffffffff  __TI_prof_data_size                      
abs   ffffffff  __TI_prof_data_start                     
0     000087af  __TI_zero_init_nomemset                  
0     00008122  __c28xabi_divf                           
n/a   UNDEFED   __c_args__                               
0     0000b000  __error__                                
1     00000400  __stack                                  
0     0000b7f4  _args_main                               
0     000086b2  _c_int00                                 
1     0000aaba  _lock                                    
0     000087ec  _nop                                     
0     000087e8  _register_lock                           
0     000087e4  _register_unlock                         
0     000087ff  _system_post_cinit                       
0     000087fd  _system_pre_init                         
1     0000aabc  _unlock                                  
0     00008528  abort                                    
0     00000000  code_start                               
0     00008055  cpu_timer0_isr                           
0     0000852a  exit                                     
0     0000b63a  initGPIO                                 
0     0000b665  initMotorSPI                             
0     0000b6ab  main                                     
0     000085d3  memcpy                                   
1     0000aa9e  motorParams                              
0     0000b639  processReceivedData                      
0     0000b561  sendMotorData                            
0     00008000  spiA_isr                                 
1     0000aa9c  spiDataReceived                          
1     0000aabe  spiRxBuffer                              
1     0000aac8  spiTxBuffer                              


GLOBAL SYMBOLS: SORTED BY Symbol Address 

page  address   name                                     
----  -------   ----                                     
0     00000000  code_start                               
0     00000123  SysCtl_delay                             
0     00000144  __TI_Handler_Table_Base                  
0     0000014a  __TI_Handler_Table_Limit                 
0     0000014e  __TI_CINIT_Base                          
0     00000156  __TI_CINIT_Limit                         
0     00000156  __TI_CINIT_Warm                          
0     00008000  Cla1funcsLoadStart                       
0     00008000  Cla1funcsRunStart                        
0     00008000  spiA_isr                                 
0     00008055  cpu_timer0_isr                           
0     00008092  SysCtl_selectXTAL                        
0     00008122  __c28xabi_divf                           
0     000081aa  SPI_setConfig                            
0     00008206  GPIO_setPadConfig                        
0     00008258  SysCtl_getClock                          
0     000082a9  SysCtl_selectOscSource                   
0     000082f1  Interrupt_initModule                     
0     0000832e  GPIO_setControllerCore                   
0     00008365  GPIO_setPinConfig                        
0     0000839c  GPIO_setQualificationMode                
0     000083d3  Interrupt_enable                         
0     0000840a  SPI_clearInterruptStatus                 
0     00008440  GPIO_setDirectionMode                    
0     00008471  SPI_enableInterrupt                      
0     000084a0  SPI_getInterruptStatus                   
0     000084cf  __TI_decompress_lzss                     
0     000084fd  __TI_auto_init_nobinit_nopinit           
0     00008528  C$$EXIT                                  
0     00008528  abort                                    
0     0000852a  exit                                     
0     00008598  Interrupt_initVectorTable                
0     000085d3  memcpy                                   
0     0000860a  SysCtl_getLowSpeedClock                  
0     000086b2  _c_int00                                 
0     000086c9  Interrupt_defaultHandler                 
0     00008730  CPUTimer_setEmulationMode                
0     000087af  __TI_zero_init_nomemset                  
0     000087c7  Interrupt_illegalOperationHandler        
0     000087d1  Interrupt_nmiHandler                     
0     000087e4  _register_unlock                         
0     000087e8  _register_lock                           
0     000087ec  _nop                                     
0     000087f5  __TI_decompress_none                     
0     000087fd  _system_pre_init                         
0     000087ff  _system_post_cinit                       
0     0000b000  __error__                                
0     0000b003  Example_setResultPass                    
0     0000b008  Example_setResultFail                    
0     0000b00d  Example_done                             
0     0000b00e  Device_enableUnbondedGPIOPullupsFor176Pin
0     0000b021  Device_enableUnbondedGPIOPullupsFor100Pin
0     0000b03e  Device_enableUnbondedGPIOPullups         
0     0000b05e  Device_initGPIO                          
0     0000b07c  Device_configureTMXAnalogTrim            
0     0000b0af  Device_enableAllPeripherals              
0     0000b18d  Device_init                              
0     0000b1e8  Device_bootCPU2                          
0     0000b358  SysCtl_setClock                          
0     0000b561  sendMotorData                            
0     0000b639  processReceivedData                      
0     0000b63a  initGPIO                                 
0     0000b665  initMotorSPI                             
0     0000b6ab  main                                     
0     0000b6f6  SPI_pollingFIFOTransaction               
0     0000b78c  SysCtl_getDeviceParametric               
0     0000b7f4  _args_main                               
1     00000400  __stack                                  
1     00000500  __TI_STACK_END                           
1     0000aa9c  spiDataReceived                          
1     0000aa9e  motorParams                              
1     0000aaae  Example_Result                           
1     0000aab0  Example_PassCount                        
1     0000aab2  Example_Fail                             
1     0000aab4  __TI_enable_exit_profile_output          
1     0000aab6  __TI_cleanup_ptr                         
1     0000aab8  __TI_dtors_ptr                           
1     0000aaba  _lock                                    
1     0000aabc  _unlock                                  
1     0000aabe  spiRxBuffer                              
1     0000aac8  spiTxBuffer                              
abs   00000000  Cla1funcsLoadSize                        
abs   00000100  __TI_STACK_SIZE                          
abs   ffffffff  __TI_pprof_out_hndl                      
abs   ffffffff  __TI_prof_data_size                      
abs   ffffffff  __TI_prof_data_start                     
n/a   UNDEFED   __c_args__                               

[87 symbols]
