******************************************************************************
             TMS320C2000 Linker PC v22.6.2                     
******************************************************************************
>> Linked Sun Jun 14 13:44:16 2026

OUTPUT FILE NAME:   <ipc_ex2_gpio_sysconfig_cpu2.out>
ENTRY POINT SYMBOL: "code_start"  address: 00000000


MEMORY CONFIGURATION

         name            origin    length      used     unused   attr    fill
----------------------  --------  ---------  --------  --------  ----  --------
  RAMM0_BEGIN           00000000   00000002  00000002  00000000  RWIX
  RAMM0                 000000a2   0000035e  00000000  0000035e  RWIX
  RAMM1                 00000400   000003f8  00000100  000002f8  RWIX
  CLATOCPU_MSGRAM       00001480   00000080  00000000  00000080  RWIX
  CPUTOCLA_MSGRAM       00001500   00000080  00000000  00000080  RWIX
  RAMLS0                00008000   00000800  00000128  000006d8  RWIX
  RAMLS1                00008800   00000800  00000000  00000800  RWIX
  RAMLS2                00009000   00000800  00000000  00000800  RWIX
  RAMLS3                00009800   00000800  00000000  00000800  RWIX
  RAMLS4                0000a000   00000800  00000000  00000800  RWIX
  RAMLS5                0000a800   00000800  0000001e  000007e2  RWIX
  RAMD0                 0000b000   00000800  00000000  00000800  RWIX
  RAMD1                 0000b800   00000800  00000000  00000800  RWIX
  RAMGS0                0000c000   00001000  00000000  00001000  RWIX
  RAMGS1                0000d000   00001000  00000000  00001000  RWIX
  RAMGS2                0000e000   00001000  00000000  00001000  RWIX
  RAMGS3                0000f000   00001000  00000000  00001000  RWIX
  RAMGS4                00010000   00001000  00000000  00001000  RWIX
  RAMGS5                00011000   00001000  00000000  00001000  RWIX
  RAMGS6                00012000   00001000  00000000  00001000  RWIX
  RAMGS7                00013000   00001000  00000000  00001000  RWIX
  RAMGS8                00014000   00001000  00000000  00001000  RWIX
  RAMGS9                00015000   00001000  00000000  00001000  RWIX
  RAMGS10               00016000   00001000  00000000  00001000  RWIX
  RAMGS11               00017000   00001000  00000000  00001000  RWIX
  RAMGS12               00018000   00001000  00000000  00001000  RWIX
  RAMGS13               00019000   00001000  00000000  00001000  RWIX
  RAMGS14               0001a000   00001000  00000000  00001000  RWIX
  RAMGS15               0001b000   00000ff8  00000000  00000ff8  RWIX
  CPU2TOCPU1RAM         0003f800   00000400  00000008  000003f8  RWIX
  CPU1TOCPU2RAM         0003fc00   00000400  00000000  00000400  RWIX
  FLASHA                00080000   00002000  0000002c  00001fd4  RWIX
  FLASHB                00082000   00002000  00000556  00001aaa  RWIX
  FLASHC                00084000   00002000  00000000  00002000  RWIX
  FLASHD                00086000   00002000  00000128  00001ed8  RWIX
  FLASHE                00088000   00008000  00000000  00008000  RWIX
  FLASHF                00090000   00008000  000000bf  00007f41  RWIX
  FLASHG                00098000   00008000  00000000  00008000  RWIX
  FLASHH                000a0000   00008000  00000000  00008000  RWIX
  FLASHI                000a8000   00008000  00000000  00008000  RWIX
  FLASHJ                000b0000   00008000  00000000  00008000  RWIX
  FLASHK                000b8000   00002000  00000000  00002000  RWIX
  FLASHL                000ba000   00002000  00000000  00002000  RWIX
  FLASHM                000bc000   00002000  00000000  00002000  RWIX
  FLASHN                000be000   00001ff0  00000000  00001ff0  RWIX
  RESET                 003fffc0   00000002  00000000  00000002  RWIX


SECTION ALLOCATION MAP

 output                                  attributes/
section   page    origin      length       input sections
--------  ----  ----------  ----------   ----------------
.reset     0    003fffc0    00000000     DSECT

codestart 
*          0    00000000    00000002     
                  00000000    00000002     F2837xD_CodeStartBranch.obj (codestart)

.stack     0    00000400    00000100     UNINITIALIZED
                  00000400    00000100     --HOLE--

.data      0    0000a800    0000001c     UNINITIALIZED
                  0000a800    0000000c     ipc_ex2_gpio_sysconfig_cpu2.obj (.data)
                  0000a80c    00000006     device.obj (.data)
                  0000a812    00000006     rts2800_fpu32_eabi.lib : exit.c.obj (.data)
                  0000a818    00000002                            : _lock.c.obj (.data:_lock)
                  0000a81a    00000002                            : _lock.c.obj (.data:_unlock)

.binit     0    00080028    00000008     
                  00080028    00000008     (.binit)

.TI.ramfunc 
*          0    00086000    00000128     RUN ADDR = 00008000
                  00086000    00000043     driverlib_eabi.lib : flash.obj (.TI.ramfunc:Flash_initModule)
                  00086043    0000002c                        : flash.obj (.TI.ramfunc:Flash_setBankPowerMode)
                  0008606f    00000024                        : flash.obj (.TI.ramfunc:Flash_setWaitstates)
                  00086093    0000001d                        : flash.obj (.TI.ramfunc:Flash_setPumpPowerMode)
                  000860b0    00000018                        : flash.obj (.TI.ramfunc:Flash_disableCache)
                  000860c8    00000018                        : flash.obj (.TI.ramfunc:Flash_disablePrefetch)
                  000860e0    00000017                        : flash.obj (.TI.ramfunc:Flash_enableCache)
                  000860f7    00000017                        : flash.obj (.TI.ramfunc:Flash_enablePrefetch)
                  0008610e    00000016                        : flash.obj (.TI.ramfunc:Flash_enableECC)
                  00086124    00000004                        : sysctl.obj (.TI.ramfunc)

.cinit     0    00080000    00000024     
                  00080000    00000012     (.cinit..data.load) [load image, compression = lzss]
                  00080012    00000006     (__TI_handler_table)
                  00080018    00000004     (.cinit..bss.load) [load image, compression = zero_init]
                  0008001c    00000008     (__TI_cinit_table)

.init_array 
*          0    00082000    00000000     UNINITIALIZED

.bss       0    0000a81c    00000002     UNINITIALIZED
                  0000a81c    00000002     ipc_ex2_gpio_sysconfig_cpu2.obj (.bss)

.const     0    00090000    000000bf     
                  00090000    000000bf     driverlib_eabi.lib : flash.obj (.const:.string)

MSGRAM_CPU2_TO_CPU1 
*          0    0003f800    00000008     UNINITIALIZED
                  0003f800    00000008     ipc_ex2_gpio_sysconfig_cpu2.obj (MSGRAM_CPU2_TO_CPU1)

.text      0    00082000    00000556     
                  00082000    0000019f     device.obj (.text)
                  0008219f    000000c7     ipc_ex2_gpio_sysconfig_cpu2.obj (.text)
                  00082266    00000088     rts2800_fpu32_eabi.lib : fs_div28.asm.obj (.text)
                  000822ee    00000066                            : s_sinf.c.obj (.text)
                  00082354    0000003d     driverlib_eabi.lib : interrupt.obj (.text:Interrupt_initModule)
                  00082391    00000034     rts2800_fpu32_eabi.lib : autoinit.c.obj (.text:__TI_auto_init_nopinit)
                  000823c5    00000030                            : cpy_tbl.c.obj (.text)
                  000823f5    0000002e                            : copy_decompress_lzss.c.obj (.text:decompress:lzss)
                  00082423    00000029                            : exit.c.obj (.text)
                  0008244c    00000026     driverlib_eabi.lib : flash.obj (.text:Flash_setBankPowerUpDelay)
                  00082472    0000001e                        : interrupt.obj (.text:Interrupt_initVectorTable)
                  00082490    0000001d     rts2800_fpu32_eabi.lib : memcpy.c.obj (.text)
                  000824ad    00000017                            : boot28.asm.obj (.text)
                  000824c4    00000016     driverlib_eabi.lib : interrupt.obj (.text:Interrupt_defaultHandler)
                  000824da    00000010                        : flash.obj (.text:Flash_isCtrlBaseValid)
                  000824ea    00000010                        : flash.obj (.text:Flash_isECCBaseValid)
                  000824fa    0000000d                        : interrupt.obj (.text:Interrupt_disableGlobal)
                  00082507    0000000d     rts2800_fpu32_eabi.lib : copy_zero_init.c.obj (.text:decompress:ZI:__TI_zero_init_nomemset)
                  00082514    0000000c                            : args_main.c.obj (.text)
                  00082520    0000000a     driverlib_eabi.lib : interrupt.obj (.text:Interrupt_illegalOperationHandler)
                  0008252a    0000000a                        : interrupt.obj (.text:Interrupt_nmiHandler)
                  00082534    00000009     rts2800_fpu32_eabi.lib : _lock.c.obj (.text)
                  0008253d    00000008     F2837xD_CodeStartBranch.obj (.text)
                  00082545    00000008     rts2800_fpu32_eabi.lib : copy_decompress_none.c.obj (.text:decompress:none)
                  0008254d    00000004     device_cmd.obj (.text)
                  00082551    00000002     board.obj (.text)
                  00082553    00000002     rts2800_fpu32_eabi.lib : pre_init.c.obj (.text)
                  00082555    00000001                            : startup.c.obj (.text)

MODULE SUMMARY

       Module                            code   ro data   rw data
       ------                            ----   -------   -------
    .\
       ipc_ex2_gpio_sysconfig_cpu2.obj   199    0         22     
    +--+---------------------------------+------+---------+---------+
       Total:                            199    0         22     
                                                                 
    .\device\
       device.obj                        415    0         6      
       F2837xD_CodeStartBranch.obj       10     0         0      
    +--+---------------------------------+------+---------+---------+
       Total:                            425    0         6      
                                                                 
    .\syscfg\
       device_cmd.obj                    4      0         0      
       board.obj                         2      0         0      
    +--+---------------------------------+------+---------+---------+
       Total:                            6      0         0      
                                                                 
    C:\TI\C2000Ware_26_00_00_00\driverlib\f2837xd\driverlib\ccs\Debug\driverlib_eabi.lib
       flash.obj                         654    191       0      
       interrupt.obj                     146    0         0      
       sysctl.obj                        8      0         0      
    +--+---------------------------------+------+---------+---------+
       Total:                            808    191       0      
                                                                 
    D:\TI\ccs\ccs\tools\compiler\ti-cgt-c2000_22.6.2.LTS\lib\rts2800_fpu32_eabi.lib
       fs_div28.asm.obj                  136    0         0      
       s_sinf.c.obj                      102    0         0      
       autoinit.c.obj                    52     0         0      
       cpy_tbl.c.obj                     48     0         0      
       exit.c.obj                        41     0         6      
       copy_decompress_lzss.c.obj        46     0         0      
       memcpy.c.obj                      29     0         0      
       boot28.asm.obj                    23     0         0      
       _lock.c.obj                       9      0         4      
       copy_zero_init.c.obj              13     0         0      
       args_main.c.obj                   12     0         0      
       copy_decompress_none.c.obj        8      0         0      
       pre_init.c.obj                    2      0         0      
       startup.c.obj                     1      0         0      
    +--+---------------------------------+------+---------+---------+
       Total:                            522    0         10     
                                                                 
       Stack:                            0      0         256    
       Linker Generated:                 0      44        0      
    +--+---------------------------------+------+---------+---------+
       Grand Total:                      1960   235       294    


LINKER GENERATED COPY TABLES

__TI_cinit_table @ 0008001c records: 2, size/record: 4, table size: 8
	.data: load addr=00080000, load size=00000012 bytes, run addr=0000a800, run size=0000001c bytes, compression=lzss
	.bss: load addr=00080018, load size=00000004 bytes, run addr=0000a81c, run size=00000002 bytes, compression=zero_init
binit @ 00080028 records: 1, size/record: 6, table size: 8
	.TI.ramfunc: load addr=00086000, load size=00000128, run addr=00008000, run size=00000128, compression=none


LINKER GENERATED HANDLER TABLE

__TI_handler_table @ 00080012 records: 3, size/record: 2, table size: 6
	index: 0, handler: __TI_zero_init
	index: 1, handler: __TI_decompress_lzss
	index: 2, handler: __TI_decompress_none


GLOBAL DATA SYMBOLS: SORTED BY DATA PAGE

address     data page           name
--------    ----------------    ----
00000400      10 (00000400)     __stack

0000a800     2a0 (0000a800)     t
0000a802     2a0 (0000a800)     amplitude
0000a804     2a0 (0000a800)     period
0000a806     2a0 (0000a800)     samplingRate
0000a80c     2a0 (0000a800)     Example_Result
0000a80e     2a0 (0000a800)     Example_PassCount
0000a810     2a0 (0000a800)     Example_Fail
0000a812     2a0 (0000a800)     __TI_enable_exit_profile_output
0000a814     2a0 (0000a800)     __TI_cleanup_ptr
0000a816     2a0 (0000a800)     __TI_dtors_ptr
0000a818     2a0 (0000a800)     _lock
0000a81a     2a0 (0000a800)     _unlock
0000a81c     2a0 (0000a800)     dt

0003f800     fe0 (0003f800)     sharedWaveform


GLOBAL SYMBOLS: SORTED ALPHABETICALLY BY Name 

page  address   name                                     
----  -------   ----                                     
0     00082551  Board_init                               
0     00082423  C$$EXIT                                  
0     0008254d  CMD0_init                                
0     0008254e  CMD_init                                 
0     0008204d  Device_enableAllPeripherals              
0     00082177  Device_enableUnbondedGPIOPullups         
0     0008215a  Device_enableUnbondedGPIOPullupsFor100Pin
0     00082147  Device_enableUnbondedGPIOPullupsFor176Pin
0     00082037  Device_init                              
0     00082126  Device_initGPIO                          
0     0000a810  Example_Fail                             
0     0000a80e  Example_PassCount                        
0     0000a80c  Example_Result                           
0     0008219e  Example_done                             
0     00082199  Example_setResultFail                    
0     00082194  Example_setResultPass                    
0     00008000  Flash_initModule                         
0     000824c4  Interrupt_defaultHandler                 
0     00082520  Interrupt_illegalOperationHandler        
0     00082354  Interrupt_initModule                     
0     00082472  Interrupt_initVectorTable                
0     0008252a  Interrupt_nmiHandler                     
0     00008124  SysCtl_delay                             
0     00080028  __TI_BINIT_Base                          
0     00080030  __TI_BINIT_Limit                         
0     0008001c  __TI_CINIT_Base                          
0     00080024  __TI_CINIT_Limit                         
0     00080024  __TI_CINIT_Warm                          
0     00080012  __TI_Handler_Table_Base                  
0     00080018  __TI_Handler_Table_Limit                 
0     00000500  __TI_STACK_END                           
abs   00000100  __TI_STACK_SIZE                          
0     00082391  __TI_auto_init_nopinit                   
0     0000a814  __TI_cleanup_ptr                         
0     000823f5  __TI_decompress_lzss                     
0     00082545  __TI_decompress_none                     
0     0000a816  __TI_dtors_ptr                           
0     0000a812  __TI_enable_exit_profile_output          
abs   ffffffff  __TI_pprof_out_hndl                      
abs   ffffffff  __TI_prof_data_size                      
abs   ffffffff  __TI_prof_data_start                     
0     00080028  __TI_table_binit                         
0     00082507  __TI_zero_init_nomemset                  
0     00082266  __c28xabi_divf                           
n/a   UNDEFED   __c_args__                               
0     0008218d  __error__                                
0     00000400  __stack                                  
0     00082514  _args_main                               
0     000824ad  _c_int00                                 
0     0000a818  _lock                                    
0     0008253c  _nop                                     
0     00082538  _register_lock                           
0     00082534  _register_unlock                         
0     00082555  _system_post_cinit                       
0     00082553  _system_pre_init                         
0     0000a81a  _unlock                                  
0     00082423  abort                                    
0     0000a802  amplitude                                
0     00000000  code_start                               
0     000823c5  copy_in                                  
0     0000a81c  dt                                       
0     00082425  exit                                     
0     000821b3  generateWaveforms                        
0     0008223e  main                                     
0     00082490  memcpy                                   
0     0000a804  period                                   
0     0000a806  samplingRate                             
0     0003f800  sharedWaveform                           
0     000822ee  sinf                                     
0     0000a800  t                                        


GLOBAL SYMBOLS: SORTED BY Symbol Address 

page  address   name                                     
----  -------   ----                                     
0     00000000  code_start                               
0     00000400  __stack                                  
0     00000500  __TI_STACK_END                           
0     00008000  Flash_initModule                         
0     00008124  SysCtl_delay                             
0     0000a800  t                                        
0     0000a802  amplitude                                
0     0000a804  period                                   
0     0000a806  samplingRate                             
0     0000a80c  Example_Result                           
0     0000a80e  Example_PassCount                        
0     0000a810  Example_Fail                             
0     0000a812  __TI_enable_exit_profile_output          
0     0000a814  __TI_cleanup_ptr                         
0     0000a816  __TI_dtors_ptr                           
0     0000a818  _lock                                    
0     0000a81a  _unlock                                  
0     0000a81c  dt                                       
0     0003f800  sharedWaveform                           
0     00080012  __TI_Handler_Table_Base                  
0     00080018  __TI_Handler_Table_Limit                 
0     0008001c  __TI_CINIT_Base                          
0     00080024  __TI_CINIT_Limit                         
0     00080024  __TI_CINIT_Warm                          
0     00080028  __TI_BINIT_Base                          
0     00080028  __TI_table_binit                         
0     00080030  __TI_BINIT_Limit                         
0     00082037  Device_init                              
0     0008204d  Device_enableAllPeripherals              
0     00082126  Device_initGPIO                          
0     00082147  Device_enableUnbondedGPIOPullupsFor176Pin
0     0008215a  Device_enableUnbondedGPIOPullupsFor100Pin
0     00082177  Device_enableUnbondedGPIOPullups         
0     0008218d  __error__                                
0     00082194  Example_setResultPass                    
0     00082199  Example_setResultFail                    
0     0008219e  Example_done                             
0     000821b3  generateWaveforms                        
0     0008223e  main                                     
0     00082266  __c28xabi_divf                           
0     000822ee  sinf                                     
0     00082354  Interrupt_initModule                     
0     00082391  __TI_auto_init_nopinit                   
0     000823c5  copy_in                                  
0     000823f5  __TI_decompress_lzss                     
0     00082423  C$$EXIT                                  
0     00082423  abort                                    
0     00082425  exit                                     
0     00082472  Interrupt_initVectorTable                
0     00082490  memcpy                                   
0     000824ad  _c_int00                                 
0     000824c4  Interrupt_defaultHandler                 
0     00082507  __TI_zero_init_nomemset                  
0     00082514  _args_main                               
0     00082520  Interrupt_illegalOperationHandler        
0     0008252a  Interrupt_nmiHandler                     
0     00082534  _register_unlock                         
0     00082538  _register_lock                           
0     0008253c  _nop                                     
0     00082545  __TI_decompress_none                     
0     0008254d  CMD0_init                                
0     0008254e  CMD_init                                 
0     00082551  Board_init                               
0     00082553  _system_pre_init                         
0     00082555  _system_post_cinit                       
abs   00000100  __TI_STACK_SIZE                          
abs   ffffffff  __TI_pprof_out_hndl                      
abs   ffffffff  __TI_prof_data_size                      
abs   ffffffff  __TI_prof_data_start                     
n/a   UNDEFED   __c_args__                               

[70 symbols]
