******************************************************************************
             TMS320C2000 Linker PC v22.6.2                     
******************************************************************************
>> Linked Thu Dec  4 20:22:58 2025

OUTPUT FILE NAME:   <empty_driverlib.out>
ENTRY POINT SYMBOL: "code_start"  address: 00000000


MEMORY CONFIGURATION

         name            origin    length      used     unused   attr    fill
----------------------  --------  ---------  --------  --------  ----  --------
PAGE 0:
  BEGIN                 00000000   00000002  00000002  00000000  RWIX
  RAMM0                 00000123   000002dd  00000018  000002c5  RWIX
  RAMLS0                00008000   00000800  00000800  00000000  RWIX
  RAMLS1                00008800   00000800  000003df  00000421  RWIX
  RAMLS2                00009000   00000800  00000000  00000800  RWIX
  RAMLS3                00009800   00000800  00000000  00000800  RWIX
  RAMLS4                0000a000   00000800  00000000  00000800  RWIX
  RAMD0                 0000b000   00000800  00000800  00000000  RWIX
  RAMGS0                0000c000   00001000  00000000  00001000  RWIX
  RAMGS1                0000d000   00001000  00000000  00001000  RWIX
  RAMGS2                0000e000   00001000  00000000  00001000  RWIX
  RAMGS3                0000f000   00001000  00000000  00001000  RWIX
  RAMGS4                00010000   00001000  00000000  00001000  RWIX
  RAMGS5                00011000   00001000  00000000  00001000  RWIX
  FLASHA                00080002   00001ffe  00000000  00001ffe  RWIX
  FLASHB                00082000   00002000  00000000  00002000  RWIX
  FLASHC                00084000   00002000  00000000  00002000  RWIX
  FLASHD                00086000   00002000  00000000  00002000  RWIX
  FLASHE                00088000   00008000  00000000  00008000  RWIX
  FLASHF                00090000   00008000  00000000  00008000  RWIX
  FLASHG                00098000   00008000  00000000  00008000  RWIX
  FLASHH                000a0000   00008000  00000000  00008000  RWIX
  FLASHI                000a8000   00008000  00000000  00008000  RWIX
  FLASHJ                000b0000   00008000  00000000  00008000  RWIX
  FLASHK                000b8000   00002000  00000000  00002000  RWIX
  FLASHL                000ba000   00002000  00000000  00002000  RWIX
  FLASHM                000bc000   00002000  00000000  00002000  RWIX
  FLASHN                000be000   00001ff0  00000000  00001ff0  RWIX
  RESET                 003fffc0   00000002  00000000  00000002  RWIX

PAGE 1:
  BOOT_RSVD             00000002   00000121  00000000  00000121  RWIX
  RAMM1                 00000400   000003f8  00000100  000002f8  RWIX
  RAMLS5                0000a800   00000800  0000021a  000005e6  RWIX
  RAMD1                 0000b800   00000800  00000000  00000800  RWIX
  RAMGS0_PAGE1          0000c000   00001000  00000000  00001000  RWIX
  RAMGS1_PAGE1          0000d000   00001000  00000000  00001000  RWIX
  RAMGS2_PAGE1          0000e000   00001000  00000000  00001000  RWIX
  RAMGS3_PAGE1          0000f000   00001000  00000000  00001000  RWIX
  RAMGS4_PAGE1          00010000   00001000  00000000  00001000  RWIX
  RAMGS5_PAGE1          00011000   00001000  00000000  00001000  RWIX
  RAMGS6                00012000   00001000  00000000  00001000  RWIX
  RAMGS7                00013000   00001000  00000000  00001000  RWIX
  RAMGS8                00014000   00001000  00000000  00001000  RWIX
  RAMGS9                00015000   00001000  00000000  00001000  RWIX
  RAMGS10               00016000   00001000  00000000  00001000  RWIX
  RAMGS11               00017000   00001000  00000000  00001000  RWIX
  RAMGS12               00018000   00001000  00000000  00001000  RWIX
  RAMGS13               00019000   00001000  00000000  00001000  RWIX
  RAMGS14               0001a000   00001000  00000000  00001000  RWIX
  RAMGS15               0001b000   00000ff8  00000000  00000ff8  RWIX
  CPU2TOCPU1RAM         0003f800   00000400  00000000  00000400  RWIX
  CPU1TOCPU2RAM         0003fc00   00000400  00000000  00000400  RWIX
  CANA_MSG_RAM          00049000   00000800  00000000  00000800  RWIX
  CANB_MSG_RAM          0004b000   00000800  00000000  00000800  RWIX


SECTION ALLOCATION MAP

 output                                  attributes/
section   page    origin      length       input sections
--------  ----  ----------  ----------   ----------------
codestart 
*          0    00000000    00000002     
                  00000000    00000002     F2837xD_CodeStartBranch.obj (codestart)

.cinit     0    00000128    00000014     
                  00000128    0000000b     (.cinit..data.load) [load image, compression = lzss]
                  00000133    00000001     --HOLE-- [fill = 0]
                  00000134    00000004     (__TI_handler_table)
                  00000138    00000004     (__TI_cinit_table)

.reset     0    003fffc0    00000000     DSECT

.stack     1    00000400    00000100     UNINITIALIZED
                  00000400    00000100     --HOLE--

.init_array 
*          0    00000123    00000000     UNINITIALIZED

.const     1    0000a800    000001ee     
                  0000a800    000000c2     driverlib_eabi.lib : sysctl.obj (.const:.string)
                  0000a8c2    000000bc                        : gpio.obj (.const:.string)
                  0000a97e    0000005d                        : adc.obj (.const:.string)
                  0000a9db    00000001     --HOLE-- [fill = 0]
                  0000a9dc    0000000e     FOC.obj (.const)
                  0000a9ea    00000004     rts2800_fpu32_eabi.lib : e_fmodf.c.obj (.const:Zero)

.data      1    0000a9ee    0000002c     UNINITIALIZED
                  0000a9ee    00000006     device.obj (.data)
                  0000a9f4    00000006     rts2800_fpu32_eabi.lib : exit.c.obj (.data)
                  0000a9fa    00000002                            : _lock.c.obj (.data:_lock)
                  0000a9fc    00000002                            : _lock.c.obj (.data:_unlock)
                  0000a9fe    00000002     --HOLE--
                  0000aa00    0000001a     FOC.obj (.data)

GETBUFFER 
*          0    0003f800    00000000     DSECT

GETWRITEIDX 
*          0    0003f800    00000000     DSECT

PUTREADIDX 
*          0    0003f800    00000000     DSECT

.TI.ramfunc 
*          0    00000123    00000004     
                  00000123    00000004     driverlib_eabi.lib : sysctl.obj (.TI.ramfunc)

.text.1    0    00008000    00000800     
                  00008000    00000209     driverlib_eabi.lib : sysctl.obj (.text:SysCtl_setClock)
                  00008209    000001b0     FOC.obj (.text:retain)
                  000083b9    00000090     driverlib_eabi.lib : sysctl.obj (.text:SysCtl_selectXTAL)
                  00008449    00000088     rts2800_fpu32_eabi.lib : fs_div28.asm.obj (.text)
                  000084d1    00000083                            : fd_mpy28.asm.obj (.text)
                  00008554    0000006f     driverlib_eabi.lib : adc.obj (.text:ADC_setINLTrim)
                  000085c3    00000068                        : sysctl.obj (.text:SysCtl_getDeviceParametric)
                  0000862b    00000066     rts2800_fpu32_eabi.lib : s_sinf.c.obj (.text)
                  00008691    00000063                            : s_cosf.c.obj (.text)
                  000086f4    00000060     driverlib_eabi.lib : adc.obj (.text:ADC_setOffsetTrim)
                  00008754    0000005c                        : adc.obj (.text:ADC_setPPBTripLimits)
                  000087b0    00000048                        : sysctl.obj (.text:SysCtl_selectOscSource)
                  000087f8    00000008     F2837xD_CodeStartBranch.obj (.text)

.text.2    0    00008800    000003df     
                  00008800    00000037     driverlib_eabi.lib : gpio.obj (.text:GPIO_setControllerCore)
                  00008837    00000037                        : gpio.obj (.text:GPIO_setPinConfig)
                  0000886e    00000037                        : gpio.obj (.text:GPIO_setQualificationMode)
                  000088a5    00000037                        : interrupt.obj (.text:Interrupt_enable)
                  000088dc    00000031                        : gpio.obj (.text:GPIO_setDirectionMode)
                  0000890d    0000002f                        : adc.obj (.text:ADC_setMode)
                  0000893c    0000002e     rts2800_fpu32_eabi.lib : copy_decompress_lzss.c.obj (.text:decompress:lzss)
                  0000896a    0000002b                            : autoinit.c.obj (.text:__TI_auto_init_nobinit_nopinit)
                  00008995    00000029                            : exit.c.obj (.text)
                  000089be    00000028     driverlib_eabi.lib : sysctl.obj (.text:CPUTimer_selectClockSource)
                  000089e6    00000023     rts2800_fpu32_eabi.lib : fd_tofsfpu32.asm.obj (.text)
                  00008a09    0000001f     driverlib_eabi.lib : sysctl.obj (.text:CPUTimer_getTimerOverflowStatus)
                  00008a28    0000001e                        : interrupt.obj (.text:Interrupt_initVectorTable)
                  00008a46    0000001d     rts2800_fpu32_eabi.lib : memcpy.c.obj (.text)
                  00008a63    0000001c                            : fs_tofdfpu32.asm.obj (.text)
                  00008a7f    0000001b     driverlib_eabi.lib : adc.obj (.text:ADC_isBaseValid)
                  00008a9a    0000001a                        : sysctl.obj (.text:CPUTimer_startTimer)
                  00008ab4    0000001a                        : sysctl.obj (.text:SysCtl_getLowSpeedClock)
                  00008ace    00000017                        : sysctl.obj (.text:CPUTimer_isBaseValid)
                  00008ae5    00000017     rts2800_fpu32_eabi.lib : boot28.asm.obj (.text)
                  00008afc    00000016     driverlib_eabi.lib : interrupt.obj (.text:Interrupt_defaultHandler)
                  00008b12    00000014                        : sysctl.obj (.text:CPUTimer_stopTimer)
                  00008b26    00000012                        : sysctl.obj (.text:CPUTimer_clearOverflowFlag)
                  00008b38    00000012                        : sysctl.obj (.text:CPUTimer_disableInterrupt)
                  00008b4a    00000011                        : sysctl.obj (.text:CPUTimer_setPeriod)
                  00008b5b    0000000f                        : sysctl.obj (.text:SysCtl_pollCpuTimer)
                  00008b6a    0000000e                        : gpio.obj (.text:GPIO_isPinValid)
                  00008b78    0000000d                        : interrupt.obj (.text:Interrupt_disableGlobal)
                  00008b85    0000000d                        : interrupt.obj (.text:Interrupt_enableGlobal)
                  00008b92    0000000c     rts2800_fpu32_eabi.lib : args_main.c.obj (.text)
                  00008b9e    0000000b     driverlib_eabi.lib : sysctl.obj (.text:SysCtl_isMCDClockFailureDetected)
                  00008ba9    0000000a                        : interrupt.obj (.text:Interrupt_illegalOperationHandler)
                  00008bb3    0000000a                        : interrupt.obj (.text:Interrupt_nmiHandler)
                  00008bbd    00000009                        : sysctl.obj (.text:SysCtl_serviceWatchdog)
                  00008bc6    00000009     rts2800_fpu32_eabi.lib : _lock.c.obj (.text)
                  00008bcf    00000008                            : copy_decompress_none.c.obj (.text:decompress:none)
                  00008bd7    00000007     driverlib_eabi.lib : sysctl.obj (.text:SysCtl_resetMCD)
                  00008bde    00000001     rts2800_fpu32_eabi.lib : startup.c.obj (.text)

.text.3    0    0000b000    00000800     
                  0000b000    00000386     FOC.obj (.text)
                  0000b386    00000358     device.obj (.text)
                  0000b6de    000000cf     rts2800_fpu32_eabi.lib : e_fmodf.c.obj (.text)
                  0000b7ad    00000051     driverlib_eabi.lib : sysctl.obj (.text:SysCtl_getClock)
                  0000b7fe    00000002     rts2800_fpu32_eabi.lib : pre_init.c.obj (.text)

MODULE SUMMARY

       Module                        code   ro data   rw data
       ------                        ----   -------   -------
    .\
       FOC.obj                       1334   14        26     
    +--+-----------------------------+------+---------+---------+
       Total:                        1334   14        26     
                                                             
    .\device\
       device.obj                    856    0         6      
       F2837xD_CodeStartBranch.obj   10     0         0      
    +--+-----------------------------+------+---------+---------+
       Total:                        866    0         6      
                                                             
    C:\TI\C2000Ware_6_00_01_00\driverlib\f2837xd\driverlib\ccs\Debug\driverlib_eabi.lib
       sysctl.obj                    1187   194       0      
       adc.obj                       373    93        0      
       gpio.obj                      228    188       0      
       interrupt.obj                 153    0         0      
    +--+-----------------------------+------+---------+---------+
       Total:                        1941   475       0      
                                                             
    D:\TI\ccs\tools\compiler\ti-cgt-c2000_22.6.2.LTS\lib\rts2800_fpu32_eabi.lib
       e_fmodf.c.obj                 207    4         0      
       fs_div28.asm.obj              136    0         0      
       fd_mpy28.asm.obj              131    0         0      
       s_sinf.c.obj                  102    0         0      
       s_cosf.c.obj                  99     0         0      
       exit.c.obj                    41     0         6      
       copy_decompress_lzss.c.obj    46     0         0      
       autoinit.c.obj                43     0         0      
       fd_tofsfpu32.asm.obj          35     0         0      
       memcpy.c.obj                  29     0         0      
       fs_tofdfpu32.asm.obj          28     0         0      
       boot28.asm.obj                23     0         0      
       _lock.c.obj                   9      0         4      
       args_main.c.obj               12     0         0      
       copy_decompress_none.c.obj    8      0         0      
       pre_init.c.obj                2      0         0      
       startup.c.obj                 1      0         0      
    +--+-----------------------------+------+---------+---------+
       Total:                        952    4         10     
                                                             
       Stack:                        0      0         256    
       Linker Generated:             0      19        0      
    +--+-----------------------------+------+---------+---------+
       Grand Total:                  5093   512       298    


LINKER GENERATED COPY TABLES

__TI_cinit_table @ 00000138 records: 1, size/record: 4, table size: 4
	.data: load addr=00000128, load size=0000000b bytes, run addr=0000a9ee, run size=0000002c bytes, compression=lzss


LINKER GENERATED HANDLER TABLE

__TI_handler_table @ 00000134 records: 2, size/record: 2, table size: 4
	index: 0, handler: __TI_decompress_lzss
	index: 1, handler: __TI_decompress_none


GLOBAL DATA SYMBOLS: SORTED BY DATA PAGE

address     data page           name
--------    ----------------    ----
00000400      10 (00000400)     __stack

0000a9ee     2a7 (0000a9c0)     Example_Result
0000a9f0     2a7 (0000a9c0)     Example_PassCount
0000a9f2     2a7 (0000a9c0)     Example_Fail
0000a9f4     2a7 (0000a9c0)     __TI_enable_exit_profile_output
0000a9f6     2a7 (0000a9c0)     __TI_cleanup_ptr
0000a9f8     2a7 (0000a9c0)     __TI_dtors_ptr
0000a9fa     2a7 (0000a9c0)     _lock
0000a9fc     2a7 (0000a9c0)     _unlock

0000aa00     2a8 (0000aa00)     index_detected
0000aa01     2a8 (0000aa00)     encoder_calibrated
0000aa02     2a8 (0000aa00)     overcurrent_fault
0000aa04     2a8 (0000aa00)     encoder_raw_pos
0000aa06     2a8 (0000aa00)     motor_angle_mech_rad
0000aa08     2a8 (0000aa00)     motor_angle_elec_rad
0000aa0a     2a8 (0000aa00)     motor_rpm
0000aa0c     2a8 (0000aa00)     Ia_meas
0000aa0e     2a8 (0000aa00)     Ib_meas
0000aa10     2a8 (0000aa00)     Ic_meas
0000aa12     2a8 (0000aa00)     Id_ref
0000aa14     2a8 (0000aa00)     Iq_ref


GLOBAL SYMBOLS: SORTED ALPHABETICALLY BY Name 

page  address   name                                     
----  -------   ----                                     
0     00008554  ADC_setINLTrim                           
0     0000890d  ADC_setMode                              
0     000086f4  ADC_setOffsetTrim                        
0     00008754  ADC_setPPBTripLimits                     
0     00008995  C$$EXIT                                  
0     0000b56e  Device_bootCPU2                          
0     0000b402  Device_configureTMXAnalogTrim            
0     0000b435  Device_enableAllPeripherals              
0     0000b3c4  Device_enableUnbondedGPIOPullups         
0     0000b3a7  Device_enableUnbondedGPIOPullupsFor100Pin
0     0000b394  Device_enableUnbondedGPIOPullupsFor176Pin
0     0000b513  Device_init                              
0     0000b3e4  Device_initGPIO                          
1     0000a9f2  Example_Fail                             
1     0000a9f0  Example_PassCount                        
1     0000a9ee  Example_Result                           
0     0000b393  Example_done                             
0     0000b38e  Example_setResultFail                    
0     0000b389  Example_setResultPass                    
0     00008800  GPIO_setControllerCore                   
0     000088dc  GPIO_setDirectionMode                    
0     00008837  GPIO_setPinConfig                        
0     0000886e  GPIO_setQualificationMode                
1     0000aa0c  Ia_meas                                  
1     0000aa0e  Ib_meas                                  
1     0000aa10  Ic_meas                                  
1     0000aa12  Id_ref                                   
0     00008afc  Interrupt_defaultHandler                 
0     000088a5  Interrupt_enable                         
0     00008ba9  Interrupt_illegalOperationHandler        
0     00008a28  Interrupt_initVectorTable                
0     00008bb3  Interrupt_nmiHandler                     
1     0000aa14  Iq_ref                                   
0     00000123  SysCtl_delay                             
0     0000b7ad  SysCtl_getClock                          
0     000085c3  SysCtl_getDeviceParametric               
0     00008ab4  SysCtl_getLowSpeedClock                  
0     000087b0  SysCtl_selectOscSource                   
0     000083b9  SysCtl_selectXTAL                        
0     00008000  SysCtl_setClock                          
0     00000138  __TI_CINIT_Base                          
0     0000013c  __TI_CINIT_Limit                         
0     0000013c  __TI_CINIT_Warm                          
0     00000134  __TI_Handler_Table_Base                  
0     00000138  __TI_Handler_Table_Limit                 
1     00000500  __TI_STACK_END                           
abs   00000100  __TI_STACK_SIZE                          
0     0000896a  __TI_auto_init_nobinit_nopinit           
1     0000a9f6  __TI_cleanup_ptr                         
0     0000893c  __TI_decompress_lzss                     
0     00008bcf  __TI_decompress_none                     
1     0000a9f8  __TI_dtors_ptr                           
1     0000a9f4  __TI_enable_exit_profile_output          
abs   ffffffff  __TI_pprof_out_hndl                      
abs   ffffffff  __TI_prof_data_size                      
abs   ffffffff  __TI_prof_data_start                     
0     00008449  __c28xabi_divf                           
0     000089e6  __c28xabi_dtof                           
0     00008a63  __c28xabi_ftod                           
0     000084d1  __c28xabi_mpyd                           
n/a   UNDEFED   __c_args__                               
0     0000b386  __error__                                
1     00000400  __stack                                  
0     00008b92  _args_main                               
0     00008ae5  _c_int00                                 
1     0000a9fa  _lock                                    
0     00008bce  _nop                                     
0     00008bca  _register_lock                           
0     00008bc6  _register_unlock                         
0     00008bde  _system_post_cinit                       
0     0000b7fe  _system_pre_init                         
1     0000a9fc  _unlock                                  
0     00008995  abort                                    
0     00008262  adc_isr                                  
0     0000822c  adc_ppb_isr                              
0     00000000  code_start                               
0     00008691  cosf                                     
1     0000aa01  encoder_calibrated                       
1     0000aa04  encoder_raw_pos                          
0     00008209  eqep_index_isr                           
0     00008997  exit                                     
0     0000b6de  fmodf                                    
1     0000aa00  index_detected                           
0     0000b248  main                                     
0     00008a46  memcpy                                   
1     0000aa08  motor_angle_elec_rad                     
1     0000aa06  motor_angle_mech_rad                     
1     0000aa0a  motor_rpm                                
1     0000aa02  overcurrent_fault                        
0     0000862b  sinf                                     


GLOBAL SYMBOLS: SORTED BY Symbol Address 

page  address   name                                     
----  -------   ----                                     
0     00000000  code_start                               
0     00000123  SysCtl_delay                             
0     00000134  __TI_Handler_Table_Base                  
0     00000138  __TI_CINIT_Base                          
0     00000138  __TI_Handler_Table_Limit                 
0     0000013c  __TI_CINIT_Limit                         
0     0000013c  __TI_CINIT_Warm                          
0     00008000  SysCtl_setClock                          
0     00008209  eqep_index_isr                           
0     0000822c  adc_ppb_isr                              
0     00008262  adc_isr                                  
0     000083b9  SysCtl_selectXTAL                        
0     00008449  __c28xabi_divf                           
0     000084d1  __c28xabi_mpyd                           
0     00008554  ADC_setINLTrim                           
0     000085c3  SysCtl_getDeviceParametric               
0     0000862b  sinf                                     
0     00008691  cosf                                     
0     000086f4  ADC_setOffsetTrim                        
0     00008754  ADC_setPPBTripLimits                     
0     000087b0  SysCtl_selectOscSource                   
0     00008800  GPIO_setControllerCore                   
0     00008837  GPIO_setPinConfig                        
0     0000886e  GPIO_setQualificationMode                
0     000088a5  Interrupt_enable                         
0     000088dc  GPIO_setDirectionMode                    
0     0000890d  ADC_setMode                              
0     0000893c  __TI_decompress_lzss                     
0     0000896a  __TI_auto_init_nobinit_nopinit           
0     00008995  C$$EXIT                                  
0     00008995  abort                                    
0     00008997  exit                                     
0     000089e6  __c28xabi_dtof                           
0     00008a28  Interrupt_initVectorTable                
0     00008a46  memcpy                                   
0     00008a63  __c28xabi_ftod                           
0     00008ab4  SysCtl_getLowSpeedClock                  
0     00008ae5  _c_int00                                 
0     00008afc  Interrupt_defaultHandler                 
0     00008b92  _args_main                               
0     00008ba9  Interrupt_illegalOperationHandler        
0     00008bb3  Interrupt_nmiHandler                     
0     00008bc6  _register_unlock                         
0     00008bca  _register_lock                           
0     00008bce  _nop                                     
0     00008bcf  __TI_decompress_none                     
0     00008bde  _system_post_cinit                       
0     0000b248  main                                     
0     0000b386  __error__                                
0     0000b389  Example_setResultPass                    
0     0000b38e  Example_setResultFail                    
0     0000b393  Example_done                             
0     0000b394  Device_enableUnbondedGPIOPullupsFor176Pin
0     0000b3a7  Device_enableUnbondedGPIOPullupsFor100Pin
0     0000b3c4  Device_enableUnbondedGPIOPullups         
0     0000b3e4  Device_initGPIO                          
0     0000b402  Device_configureTMXAnalogTrim            
0     0000b435  Device_enableAllPeripherals              
0     0000b513  Device_init                              
0     0000b56e  Device_bootCPU2                          
0     0000b6de  fmodf                                    
0     0000b7ad  SysCtl_getClock                          
0     0000b7fe  _system_pre_init                         
1     00000400  __stack                                  
1     00000500  __TI_STACK_END                           
1     0000a9ee  Example_Result                           
1     0000a9f0  Example_PassCount                        
1     0000a9f2  Example_Fail                             
1     0000a9f4  __TI_enable_exit_profile_output          
1     0000a9f6  __TI_cleanup_ptr                         
1     0000a9f8  __TI_dtors_ptr                           
1     0000a9fa  _lock                                    
1     0000a9fc  _unlock                                  
1     0000aa00  index_detected                           
1     0000aa01  encoder_calibrated                       
1     0000aa02  overcurrent_fault                        
1     0000aa04  encoder_raw_pos                          
1     0000aa06  motor_angle_mech_rad                     
1     0000aa08  motor_angle_elec_rad                     
1     0000aa0a  motor_rpm                                
1     0000aa0c  Ia_meas                                  
1     0000aa0e  Ib_meas                                  
1     0000aa10  Ic_meas                                  
1     0000aa12  Id_ref                                   
1     0000aa14  Iq_ref                                   
abs   00000100  __TI_STACK_SIZE                          
abs   ffffffff  __TI_pprof_out_hndl                      
abs   ffffffff  __TI_prof_data_size                      
abs   ffffffff  __TI_prof_data_start                     
n/a   UNDEFED   __c_args__                               

[90 symbols]
