TMS320C2000 Assembler PC v22.6.2 Mon Jun 22 15:24:32 2026

Copyright (c) 1996-2018 Texas Instruments Incorporated
HAL_sci_init.asm                                                     PAGE    1

       1              ;***************************************************************
       2              ;* TMS320C2000 G3 C/C++ Codegen                               PC v22.6.2.LTS *
       3              ;* Date/Time created: Mon Jun 22 15:24:32 2026                 *
       4              ;***************************************************************
       5                      .compiler_opts --abi=eabi --cla_support=cla1 --diag_wrap=off --float_support=fpu32 --hll_source=on --
       6                      .asg    XAR2, FP
       7              
       8              $C$DW$CU        .dwtag  DW_TAG_compile_unit
       9                      .dwattr $C$DW$CU, DW_AT_name("../sources/HAL_sci_init.c")
      10                      .dwattr $C$DW$CU, DW_AT_producer("TI TMS320C2000 G3 C/C++ Codegen PC v22.6.2.LTS Copyright (c) 1996-2
      11                      .dwattr $C$DW$CU, DW_AT_TI_version(0x01)
      12                      .dwattr $C$DW$CU, DW_AT_comp_dir("C:\Users\JUNLI\workspace_ccstheia\dual_axis_servo_drive_fcl_qep_f28
      13              
      14              ;**************************************************************
      15              ;* FUNCTION SYNONYMS                                          *
      16              ;**************************************************************
      17                      .global ||SCI_sendData||
      18        0000! ||SCI_sendData||        .set ||SCI_writeCharNonBlocking||
      19              
      20              $C$DW$1 .dwtag  DW_TAG_subprogram
      21                      .dwattr $C$DW$1, DW_AT_name("GPIO_setPinConfig")
      22                      .dwattr $C$DW$1, DW_AT_linkage_name("GPIO_setPinConfig")
      23                      .dwattr $C$DW$1, DW_AT_declaration
      24                      .dwattr $C$DW$1, DW_AT_external
      25                      .dwattr $C$DW$1, DW_AT_decl_file("C:/TI/C2000Ware_MotorControl_SDK_5_04_00_00/c2000ware/driverlib/f28
      26                      .dwattr $C$DW$1, DW_AT_decl_line(0x405)
      27                      .dwattr $C$DW$1, DW_AT_decl_column(0x01)
      28              $C$DW$2 .dwtag  DW_TAG_formal_parameter
      29                      .dwattr $C$DW$2, DW_AT_type(*$C$DW$T$24)
      30              
      31                      .dwendtag $C$DW$1
      32              
      33              
      34              $C$DW$3 .dwtag  DW_TAG_subprogram
      35                      .dwattr $C$DW$3, DW_AT_name("GPIO_setPadConfig")
      36                      .dwattr $C$DW$3, DW_AT_linkage_name("GPIO_setPadConfig")
      37                      .dwattr $C$DW$3, DW_AT_declaration
      38                      .dwattr $C$DW$3, DW_AT_external
      39                      .dwattr $C$DW$3, DW_AT_decl_file("C:/TI/C2000Ware_MotorControl_SDK_5_04_00_00/c2000ware/driverlib/f28
      40                      .dwattr $C$DW$3, DW_AT_decl_line(0x36f)
      41                      .dwattr $C$DW$3, DW_AT_decl_column(0x01)
      42              $C$DW$4 .dwtag  DW_TAG_formal_parameter
      43                      .dwattr $C$DW$4, DW_AT_type(*$C$DW$T$24)
      44              
      45              $C$DW$5 .dwtag  DW_TAG_formal_parameter
      46                      .dwattr $C$DW$5, DW_AT_type(*$C$DW$T$24)
      47              
      48                      .dwendtag $C$DW$3
      49              
      50              
      51              $C$DW$6 .dwtag  DW_TAG_subprogram
      52                      .dwattr $C$DW$6, DW_AT_name("GPIO_setQualificationMode")
      53                      .dwattr $C$DW$6, DW_AT_linkage_name("GPIO_setQualificationMode")
      54                      .dwattr $C$DW$6, DW_AT_declaration
      55                      .dwattr $C$DW$6, DW_AT_external
TMS320C2000 Assembler PC v22.6.2 Mon Jun 22 15:24:32 2026

Copyright (c) 1996-2018 Texas Instruments Incorporated
HAL_sci_init.asm                                                     PAGE    2

      56                      .dwattr $C$DW$6, DW_AT_decl_file("C:/TI/C2000Ware_MotorControl_SDK_5_04_00_00/c2000ware/driverlib/f28
      57                      .dwattr $C$DW$6, DW_AT_decl_line(0x396)
      58                      .dwattr $C$DW$6, DW_AT_decl_column(0x01)
      59              $C$DW$7 .dwtag  DW_TAG_formal_parameter
      60                      .dwattr $C$DW$7, DW_AT_type(*$C$DW$T$24)
      61              
      62              $C$DW$8 .dwtag  DW_TAG_formal_parameter
      63                      .dwattr $C$DW$8, DW_AT_type(*$C$DW$T$20)
      64              
      65                      .dwendtag $C$DW$6
      66              
      67              
      68              $C$DW$9 .dwtag  DW_TAG_subprogram
      69                      .dwattr $C$DW$9, DW_AT_name("SCI_clearInterruptStatus")
      70                      .dwattr $C$DW$9, DW_AT_linkage_name("SCI_clearInterruptStatus")
      71                      .dwattr $C$DW$9, DW_AT_declaration
      72                      .dwattr $C$DW$9, DW_AT_external
      73                      .dwattr $C$DW$9, DW_AT_decl_file("C:/TI/C2000Ware_MotorControl_SDK_5_04_00_00/c2000ware/driverlib/f28
      74                      .dwattr $C$DW$9, DW_AT_decl_line(0x636)
      75                      .dwattr $C$DW$9, DW_AT_decl_column(0x01)
      76              $C$DW$10        .dwtag  DW_TAG_formal_parameter
      77                      .dwattr $C$DW$10, DW_AT_type(*$C$DW$T$24)
      78              
      79              $C$DW$11        .dwtag  DW_TAG_formal_parameter
      80                      .dwattr $C$DW$11, DW_AT_type(*$C$DW$T$24)
      81              
      82                      .dwendtag $C$DW$9
      83              
      84              
      85              $C$DW$12        .dwtag  DW_TAG_subprogram
      86                      .dwattr $C$DW$12, DW_AT_name("SCI_setConfig")
      87                      .dwattr $C$DW$12, DW_AT_linkage_name("SCI_setConfig")
      88                      .dwattr $C$DW$12, DW_AT_declaration
      89                      .dwattr $C$DW$12, DW_AT_external
      90                      .dwattr $C$DW$12, DW_AT_decl_file("C:/TI/C2000Ware_MotorControl_SDK_5_04_00_00/c2000ware/driverlib/f2
      91                      .dwattr $C$DW$12, DW_AT_decl_line(0x5b6)
      92                      .dwattr $C$DW$12, DW_AT_decl_column(0x01)
      93              $C$DW$13        .dwtag  DW_TAG_formal_parameter
      94                      .dwattr $C$DW$13, DW_AT_type(*$C$DW$T$24)
      95              
      96              $C$DW$14        .dwtag  DW_TAG_formal_parameter
      97                      .dwattr $C$DW$14, DW_AT_type(*$C$DW$T$24)
      98              
      99              $C$DW$15        .dwtag  DW_TAG_formal_parameter
     100                      .dwattr $C$DW$15, DW_AT_type(*$C$DW$T$24)
     101              
     102              $C$DW$16        .dwtag  DW_TAG_formal_parameter
     103                      .dwattr $C$DW$16, DW_AT_type(*$C$DW$T$24)
     104              
     105                      .dwendtag $C$DW$12
     106              
     107              
     108              $C$DW$17        .dwtag  DW_TAG_subprogram
     109                      .dwattr $C$DW$17, DW_AT_name("__eallow")
     110                      .dwattr $C$DW$17, DW_AT_linkage_name("__eallow")
TMS320C2000 Assembler PC v22.6.2 Mon Jun 22 15:24:32 2026

Copyright (c) 1996-2018 Texas Instruments Incorporated
HAL_sci_init.asm                                                     PAGE    3

     111                      .dwattr $C$DW$17, DW_AT_declaration
     112                      .dwattr $C$DW$17, DW_AT_external
     113                      .dwendtag $C$DW$17
     114              
     115              
     116              $C$DW$18        .dwtag  DW_TAG_subprogram
     117                      .dwattr $C$DW$18, DW_AT_name("__edis")
     118                      .dwattr $C$DW$18, DW_AT_linkage_name("__edis")
     119                      .dwattr $C$DW$18, DW_AT_declaration
     120                      .dwattr $C$DW$18, DW_AT_external
     121                      .dwendtag $C$DW$18
     122              
     123              ;       D:\TI\ccs\ccs\tools\compiler\ti-cgt-c2000_22.6.2.LTS\bin\opt2000.exe C:\\Users\\JUNLI\\AppData\\Local
     124              ;       D:\TI\ccs\ccs\tools\compiler\ti-cgt-c2000_22.6.2.LTS\bin\acia2000.exe -@C:\\Users\\JUNLI\\AppData\\Lo
     125 00000000               .sect   ".text:SCI_getTxStatus"
     126                      .clink
     127                      .global ||SCI_getTxStatus||
     128              
     129              $C$DW$19        .dwtag  DW_TAG_subprogram
     130                      .dwattr $C$DW$19, DW_AT_name("SCI_getTxStatus")
     131                      .dwattr $C$DW$19, DW_AT_low_pc(||SCI_getTxStatus||)
     132                      .dwattr $C$DW$19, DW_AT_high_pc(0x00)
     133                      .dwattr $C$DW$19, DW_AT_linkage_name("SCI_getTxStatus")
     134                      .dwattr $C$DW$19, DW_AT_external
     135                      .dwattr $C$DW$19, DW_AT_type(*$C$DW$T$38)
     136                      .dwattr $C$DW$19, DW_AT_decl_file("../sources/HAL_sci_init.c")
     137                      .dwattr $C$DW$19, DW_AT_decl_line(0x87)
     138                      .dwattr $C$DW$19, DW_AT_decl_column(0x0a)
     139                      .dwattr $C$DW$19, DW_AT_TI_max_frame_size(-2)
     140                      .dwpsn  file "../sources/HAL_sci_init.c",line 136,column 1,is_stmt,address ||SCI_getTxStatus||,isa 0
     141              
     142                      .dwfde $C$DW$CIE, ||SCI_getTxStatus||
     143              $C$DW$20        .dwtag  DW_TAG_formal_parameter
     144                      .dwattr $C$DW$20, DW_AT_name("base")
     145                      .dwattr $C$DW$20, DW_AT_type(*$C$DW$T$24)
     146                      .dwattr $C$DW$20, DW_AT_location[DW_OP_reg0]
     147              
     148              
     149              ;***************************************************************
     150              ;* FNAME: SCI_getTxStatus               FR SIZE:   0           *
     151              ;*                                                             *
     152              ;* FUNCTION ENVIRONMENT                                        *
     153              ;*                                                             *
     154              ;* FUNCTION PROPERTIES                                         *
     155              ;*                            0 Parameter,  0 Auto,  0 SOE     *
     156              ;***************************************************************
     157              
     158              ||SCI_getTxStatus||:
     159              ;* AR4   assigned to base
     160              $C$DW$21        .dwtag  DW_TAG_variable
     161                      .dwattr $C$DW$21, DW_AT_name("base")
     162                      .dwattr $C$DW$21, DW_AT_type(*$C$DW$T$51)
     163                      .dwattr $C$DW$21, DW_AT_location[DW_OP_reg12]
     164              
     165                      .dwcfi  cfa_offset, -2
TMS320C2000 Assembler PC v22.6.2 Mon Jun 22 15:24:32 2026

Copyright (c) 1996-2018 Texas Instruments Incorporated
HAL_sci_init.asm                                                     PAGE    4

     166                      .dwcfi  save_reg_to_mem, 26, 0
     167 00000000 8AA9          MOVL      XAR4,ACC              ; [CPU_ALU] |136| 
     168                      .dwpsn  file "C:/TI/C2000Ware_MotorControl_SDK_5_04_00_00/c2000ware/driverlib/f2837xd/driverlib/sci.h
     169 00000001 D00A          MOVB      XAR0,#10              ; [CPU_ALU] |957| 
     170 00000002 CC94          AND       AL,*+XAR4[AR0],#0x1f00 ; [CPU_ALU] |957| 
         00000003 1F00 
     171 00000004 FFC7          LSR       AL,8                  ; [CPU_ALU] |957| 
     172              $C$DW$22        .dwtag  DW_TAG_TI_branch
     173                      .dwattr $C$DW$22, DW_AT_low_pc(0x00)
     174                      .dwattr $C$DW$22, DW_AT_TI_return
     175              
     176 00000005 0006          LRETR     ; [CPU_FPU] 
     177                      ; return occurs ; [] 
     178                      .dwattr $C$DW$19, DW_AT_TI_end_file("../sources/HAL_sci_init.c")
     179                      .dwattr $C$DW$19, DW_AT_TI_end_line(0x8a)
     180                      .dwattr $C$DW$19, DW_AT_TI_end_column(0x01)
     181                      .dwendentry
     182                      .dwendtag $C$DW$19
     183              
     184 00000000               .sect   ".text:HAL_SCI_mySCIB_init"
     185                      .clink
     186                      .global ||HAL_SCI_mySCIB_init||
     187              
     188              $C$DW$23        .dwtag  DW_TAG_subprogram
     189                      .dwattr $C$DW$23, DW_AT_name("HAL_SCI_mySCIB_init")
     190                      .dwattr $C$DW$23, DW_AT_low_pc(||HAL_SCI_mySCIB_init||)
     191                      .dwattr $C$DW$23, DW_AT_high_pc(0x00)
     192                      .dwattr $C$DW$23, DW_AT_linkage_name("HAL_SCI_mySCIB_init")
     193                      .dwattr $C$DW$23, DW_AT_external
     194                      .dwattr $C$DW$23, DW_AT_decl_file("../sources/HAL_sci_init.c")
     195                      .dwattr $C$DW$23, DW_AT_decl_line(0x52)
     196                      .dwattr $C$DW$23, DW_AT_decl_column(0x06)
     197                      .dwattr $C$DW$23, DW_AT_TI_max_frame_size(-8)
     198                      .dwpsn  file "../sources/HAL_sci_init.c",line 83,column 1,is_stmt,address ||HAL_SCI_mySCIB_init||,isa
     199              
     200                      .dwfde $C$DW$CIE, ||HAL_SCI_mySCIB_init||
     201              
     202              ;***************************************************************
     203              ;* FNAME: HAL_SCI_mySCIB_init           FR SIZE:   6           *
     204              ;*                                                             *
     205              ;* FUNCTION ENVIRONMENT                                        *
     206              ;*                                                             *
     207              ;* FUNCTION PROPERTIES                                         *
     208              ;*                            6 Parameter,  0 Auto,  0 SOE     *
     209              ;***************************************************************
     210              
     211 00000000       ||HAL_SCI_mySCIB_init||:
     212              ;* AR6   assigned to $O$L1
     213              ;* AR6   assigned to $O$L2
     214              ;* AR6   assigned to $O$L3
     215                      .dwcfi  cfa_offset, -2
     216                      .dwcfi  save_reg_to_mem, 26, 0
     217 00000000 FE06          ADDB      SP,#6                 ; [CPU_ARAU] 
     218                      .dwcfi  cfa_offset, -8
     219                      .dwpsn  file "../sources/HAL_sci_init.c",line 84,column 5,is_stmt,isa 0
TMS320C2000 Assembler PC v22.6.2 Mon Jun 22 15:24:32 2026

Copyright (c) 1996-2018 Texas Instruments Incorporated
HAL_sci_init.asm                                                     PAGE    5

     220 00000001 02FF          MOVB      ACC,#255              ; [CPU_ALU] |84| 
     221 00000002 1E42          MOVL      *-SP[2],ACC           ; [CPU_ALU] |84| 
     222 00000003 FF20          MOV       ACC,#29200            ; [CPU_ALU] |84| 
         00000004 7210 
     223              $C$DW$24        .dwtag  DW_TAG_TI_branch
     224                      .dwattr $C$DW$24, DW_AT_low_pc(0x00)
     225                      .dwattr $C$DW$24, DW_AT_name("SCI_clearInterruptStatus")
     226                      .dwattr $C$DW$24, DW_AT_TI_call
     227              
     228 00000005 7640!         LCR       #||SCI_clearInterruptStatus|| ; [CPU_ALU] |84| 
         00000006 0000 
     229                      ; call occurs [#||SCI_clearInterruptStatus||] ; [] |84| 
     230                      .dwpsn  file "C:/TI/C2000Ware_MotorControl_SDK_5_04_00_00/c2000ware/driverlib/f2837xd/driverlib/sci.h
     231 00000007 F5A9          MOV       AL,*(0:0x721b)        ; [CPU_ALU] |1417| 
         00000008 721B 
     232 00000009 1AA9          OR        AL,#0x4000            ; [CPU_ALU] |1417| 
         0000000a 4000 
     233 0000000b F4A9          MOV       *(0:0x721b),AL        ; [CPU_ALU] |1417| 
         0000000c 721B 
     234                      .dwpsn  file "C:/TI/C2000Ware_MotorControl_SDK_5_04_00_00/c2000ware/driverlib/f2837xd/driverlib/sci.h
     235 0000000d F5A9          MOV       AL,*(0:0x721a)        ; [CPU_ALU] |844| 
         0000000e 721A 
     236 0000000f 18A9          AND       AL,#0xdfff            ; [CPU_ALU] |844| 
         00000010 DFFF 
     237 00000011 F4A9          MOV       *(0:0x721a),AL        ; [CPU_ALU] |844| 
         00000012 721A 
     238                      .dwpsn  file "C:/TI/C2000Ware_MotorControl_SDK_5_04_00_00/c2000ware/driverlib/f2837xd/driverlib/sci.h
     239 00000013 F5A9          MOV       AL,*(0:0x721a)        ; [CPU_ALU] |845| 
         00000014 721A 
     240 00000015 1AA9          OR        AL,#0x2000            ; [CPU_ALU] |845| 
         00000016 2000 
     241 00000017 F4A9          MOV       *(0:0x721a),AL        ; [CPU_ALU] |845| 
         00000018 721A 
     242                      .dwpsn  file "C:/TI/C2000Ware_MotorControl_SDK_5_04_00_00/c2000ware/driverlib/f2837xd/driverlib/sci.h
     243 00000019 F5A9          MOV       AL,*(0:0x721b)        ; [CPU_ALU] |818| 
         0000001a 721B 
     244 0000001b 18A9          AND       AL,#0xdfff            ; [CPU_ALU] |818| 
         0000001c DFFF 
     245 0000001d F4A9          MOV       *(0:0x721b),AL        ; [CPU_ALU] |818| 
         0000001e 721B 
     246                      .dwpsn  file "C:/TI/C2000Ware_MotorControl_SDK_5_04_00_00/c2000ware/driverlib/f2837xd/driverlib/sci.h
     247 0000001f F5A9          MOV       AL,*(0:0x721b)        ; [CPU_ALU] |819| 
         00000020 721B 
     248 00000021 1AA9          OR        AL,#0x2000            ; [CPU_ALU] |819| 
         00000022 2000 
     249 00000023 F4A9          MOV       *(0:0x721b),AL        ; [CPU_ALU] |819| 
         00000024 721B 
     250                      .dwpsn  file "C:/TI/C2000Ware_MotorControl_SDK_5_04_00_00/c2000ware/driverlib/f2837xd/driverlib/sci.h
     251 00000025 F5A6          MOV       AR6,*(0:0x721a)       ; [CPU_ALU] |870| 
         00000026 721A 
     252 00000027 18A6          AND       AR6,#0x7fff           ; [CPU_ALU] |870| 
         00000028 7FFF 
     253                      .dwpsn  file "../sources/HAL_sci_init.c",line 91,column 5,is_stmt,isa 0
     254 00000029 28A8          MOV       AH,#762               ; [CPU_ALU] |91| 
         0000002a 02FA 
TMS320C2000 Assembler PC v22.6.2 Mon Jun 22 15:24:32 2026

Copyright (c) 1996-2018 Texas Instruments Incorporated
HAL_sci_init.asm                                                     PAGE    6

     255 0000002b 28A9          MOV       AL,#61568             ; [CPU_ALU] |91| 
         0000002c F080 
     256                      .dwpsn  file "C:/TI/C2000Ware_MotorControl_SDK_5_04_00_00/c2000ware/driverlib/f2837xd/driverlib/sci.h
     257 0000002d F4A6          MOV       *(0:0x721a),AR6       ; [CPU_ALU] |870| 
         0000002e 721A 
     258                      .dwpsn  file "C:/TI/C2000Ware_MotorControl_SDK_5_04_00_00/c2000ware/driverlib/f2837xd/driverlib/sci.h
     259 0000002f F5A7          MOV       AR7,*(0:0x721a)       ; [CPU_ALU] |871| 
         00000030 721A 
     260                      .dwpsn  file "../sources/HAL_sci_init.c",line 91,column 5,is_stmt,isa 0
     261 00000031 BE07          MOVB      XAR6,#7               ; [CPU_ALU] |91| 
     262 00000032 8F01          MOVL      XAR4,#115200          ; [CPU_ARAU] |91| 
         00000033 C200 
     263 00000034 1E42          MOVL      *-SP[2],ACC           ; [CPU_ALU] |91| 
     264                      .dwpsn  file "C:/TI/C2000Ware_MotorControl_SDK_5_04_00_00/c2000ware/driverlib/f2837xd/driverlib/sci.h
     265 00000035 1AA7          OR        AR7,#0x8000           ; [CPU_ALU] |871| 
         00000036 8000 
     266                      .dwpsn  file "../sources/HAL_sci_init.c",line 91,column 5,is_stmt,isa 0
     267 00000037 A844          MOVL      *-SP[4],XAR4          ; [CPU_ALU] |91| 
     268 00000038 FF20          MOV       ACC,#29200            ; [CPU_ALU] |91| 
         00000039 7210 
     269 0000003a C246          MOVL      *-SP[6],XAR6          ; [CPU_ALU] |91| 
     270                      .dwpsn  file "C:/TI/C2000Ware_MotorControl_SDK_5_04_00_00/c2000ware/driverlib/f2837xd/driverlib/sci.h
     271 0000003b F4A7          MOV       *(0:0x721a),AR7       ; [CPU_ALU] |871| 
         0000003c 721A 
     272                      .dwpsn  file "../sources/HAL_sci_init.c",line 91,column 5,is_stmt,isa 0
     273              $C$DW$25        .dwtag  DW_TAG_TI_branch
     274                      .dwattr $C$DW$25, DW_AT_low_pc(0x00)
     275                      .dwattr $C$DW$25, DW_AT_name("SCI_setConfig")
     276                      .dwattr $C$DW$25, DW_AT_TI_call
     277              
     278 0000003d 7640!         LCR       #||SCI_setConfig||    ; [CPU_ALU] |91| 
         0000003e 0000 
     279                      ; call occurs [#||SCI_setConfig||] ; [] |91| 
     280                      .dwpsn  file "C:/TI/C2000Ware_MotorControl_SDK_5_04_00_00/c2000ware/driverlib/f2837xd/driverlib/sci.h
     281 0000003f F5A9          MOV       AL,*(0:0x7210)        ; [CPU_ALU] |1366| 
         00000040 7210 
     282 00000041 7680          MOVL      XAR6,#9999            ; [CPU_ALU] 
         00000042 270F 
     283 00000043 18A9          AND       AL,#0xffef            ; [CPU_ALU] |1366| 
         00000044 FFEF 
     284 00000045 F4A9          MOV       *(0:0x7210),AL        ; [CPU_ALU] |1366| 
         00000046 7210 
     285                      .dwpsn  file "C:/TI/C2000Ware_MotorControl_SDK_5_04_00_00/c2000ware/driverlib/f2837xd/driverlib/sci.h
     286 00000047 F5A9          MOV       AL,*(0:0x7211)        ; [CPU_ALU] |1313| 
         00000048 7211 
     287 00000049 18A9          AND       AL,#0xffdf            ; [CPU_ALU] |1313| 
         0000004a FFDF 
     288 0000004b F4A9          MOV       *(0:0x7211),AL        ; [CPU_ALU] |1313| 
         0000004c 7211 
     289                      .dwpsn  file "C:/TI/C2000Ware_MotorControl_SDK_5_04_00_00/c2000ware/driverlib/f2837xd/driverlib/sci.h
     290 0000004d F5A9          MOV       AL,*(0:0x7211)        ; [CPU_ALU] |1314| 
         0000004e 7211 
     291 0000004f 5020          ORB       AL,#0x20              ; [CPU_ALU] |1314| 
     292 00000050 F4A9          MOV       *(0:0x7211),AL        ; [CPU_ALU] |1314| 
         00000051 7211 
TMS320C2000 Assembler PC v22.6.2 Mon Jun 22 15:24:32 2026

Copyright (c) 1996-2018 Texas Instruments Incorporated
HAL_sci_init.asm                                                     PAGE    7

     293 00000052       ||$C$L1||:    
     294 00000052 7700   NOP
     295                      .dwpsn  file "../sources/HAL_sci_init.c",line 97,column 15,is_stmt,isa 0
     296 00000053 000E          BANZ      ||$C$L1||,AR6--       ; [CPU_ALU] |97| 
         00000054 FFFF 
     297                      ; branchcc occurs ; [] |97| 
     298                      .dwpsn  file "C:/TI/C2000Ware_MotorControl_SDK_5_04_00_00/c2000ware/driverlib/f2837xd/driverlib/sci.h
     299 00000055 F5A9          MOV       AL,*(0:0x721a)        ; [CPU_ALU] |412| 
         00000056 721A 
     300 00000057 18A9          AND       AL,#0xffe0            ; [CPU_ALU] |412| 
         00000058 FFE0 
     301 00000059 F4A9          MOV       *(0:0x721a),AL        ; [CPU_ALU] |412| 
         0000005a 721A 
     302                      .dwpsn  file "C:/TI/C2000Ware_MotorControl_SDK_5_04_00_00/c2000ware/driverlib/f2837xd/driverlib/sci.h
     303 0000005b F5A9          MOV       AL,*(0:0x721b)        ; [CPU_ALU] |414| 
         0000005c 721B 
     304 0000005d 7680          MOVL      XAR6,#4999            ; [CPU_ALU] 
         0000005e 1387 
     305 0000005f CCA9          AND       AL,AL,#0xffe0         ; [CPU_ALU] |414| 
         00000060 FFE0 
     306 00000061 5001          ORB       AL,#0x01              ; [CPU_ALU] |414| 
     307 00000062 F4A9          MOV       *(0:0x721b),AL        ; [CPU_ALU] |414| 
         00000063 721B 
     308                      .dwpsn  file "C:/TI/C2000Ware_MotorControl_SDK_5_04_00_00/c2000ware/driverlib/f2837xd/driverlib/sci.h
     309 00000064 F5A9          MOV       AL,*(0:0x721a)        ; [CPU_ALU] |738| 
         00000065 721A 
     310 00000066 1AA9          OR        AL,#0x8000            ; [CPU_ALU] |738| 
         00000067 8000 
     311 00000068 F4A9          MOV       *(0:0x721a),AL        ; [CPU_ALU] |738| 
         00000069 721A 
     312                      .dwpsn  file "C:/TI/C2000Ware_MotorControl_SDK_5_04_00_00/c2000ware/driverlib/f2837xd/driverlib/sci.h
     313 0000006a F5A9          MOV       AL,*(0:0x721a)        ; [CPU_ALU] |739| 
         0000006b 721A 
     314 0000006c 1AA9          OR        AL,#0x6000            ; [CPU_ALU] |739| 
         0000006d 6000 
     315 0000006e F4A9          MOV       *(0:0x721a),AL        ; [CPU_ALU] |739| 
         0000006f 721A 
     316                      .dwpsn  file "C:/TI/C2000Ware_MotorControl_SDK_5_04_00_00/c2000ware/driverlib/f2837xd/driverlib/sci.h
     317 00000070 F5A9          MOV       AL,*(0:0x721b)        ; [CPU_ALU] |740| 
         00000071 721B 
     318 00000072 1AA9          OR        AL,#0x2000            ; [CPU_ALU] |740| 
         00000073 2000 
     319 00000074 F4A9          MOV       *(0:0x721b),AL        ; [CPU_ALU] |740| 
         00000075 721B 
     320                      .dwpsn  file "C:/TI/C2000Ware_MotorControl_SDK_5_04_00_00/c2000ware/driverlib/f2837xd/driverlib/sci.h
     321 00000076 F5A9          MOV       AL,*(0:0x7211)        ; [CPU_ALU] |527| 
         00000077 7211 
     322 00000078 5023          ORB       AL,#0x23              ; [CPU_ALU] |527| 
     323 00000079 F4A9          MOV       *(0:0x7211),AL        ; [CPU_ALU] |527| 
         0000007a 7211 
     324 0000007b       ||$C$L2||:    
     325 0000007b 7700   NOP
     326                      .dwpsn  file "../sources/HAL_sci_init.c",line 106,column 15,is_stmt,isa 0
     327 0000007c 000E          BANZ      ||$C$L2||,AR6--       ; [CPU_ALU] |106| 
         0000007d FFFF 
TMS320C2000 Assembler PC v22.6.2 Mon Jun 22 15:24:32 2026

Copyright (c) 1996-2018 Texas Instruments Incorporated
HAL_sci_init.asm                                                     PAGE    8

     328                      ; branchcc occurs ; [] |106| 
     329 0000007e 7680          MOVL      XAR6,#4999            ; [CPU_ALU] 
         0000007f 1387 
     330 00000080       ||$C$L3||:    
     331 00000080 7700   NOP
     332                      .dwpsn  file "../sources/HAL_sci_init.c",line 113,column 15,is_stmt,isa 0
     333 00000081 000E          BANZ      ||$C$L3||,AR6--       ; [CPU_ALU] |113| 
         00000082 FFFF 
     334                      ; branchcc occurs ; [] |113| 
     335 00000083 FE86          SUBB      SP,#6                 ; [CPU_ARAU] 
     336                      .dwcfi  cfa_offset, -2
     337 00000084 FF69          SPM       #0                    ; [CPU_ALU] 
     338              $C$DW$26        .dwtag  DW_TAG_TI_branch
     339                      .dwattr $C$DW$26, DW_AT_low_pc(0x00)
     340                      .dwattr $C$DW$26, DW_AT_TI_return
     341              
     342 00000085 0006          LRETR     ; [CPU_ALU] 
     343                      ; return occurs ; [] 
     344                      .dwattr $C$DW$23, DW_AT_TI_end_file("../sources/HAL_sci_init.c")
     345                      .dwattr $C$DW$23, DW_AT_TI_end_line(0x74)
     346                      .dwattr $C$DW$23, DW_AT_TI_end_column(0x01)
     347                      .dwendentry
     348                      .dwendtag $C$DW$23
     349              
     350 00000000               .sect   ".text:HAL_SCI_PinMux_init"
     351                      .clink
     352                      .global ||HAL_SCI_PinMux_init||
     353              
     354              $C$DW$27        .dwtag  DW_TAG_subprogram
     355                      .dwattr $C$DW$27, DW_AT_name("HAL_SCI_PinMux_init")
     356                      .dwattr $C$DW$27, DW_AT_low_pc(||HAL_SCI_PinMux_init||)
     357                      .dwattr $C$DW$27, DW_AT_high_pc(0x00)
     358                      .dwattr $C$DW$27, DW_AT_linkage_name("HAL_SCI_PinMux_init")
     359                      .dwattr $C$DW$27, DW_AT_external
     360                      .dwattr $C$DW$27, DW_AT_decl_file("../sources/HAL_sci_init.c")
     361                      .dwattr $C$DW$27, DW_AT_decl_line(0x3c)
     362                      .dwattr $C$DW$27, DW_AT_decl_column(0x06)
     363                      .dwattr $C$DW$27, DW_AT_TI_max_frame_size(-4)
     364                      .dwpsn  file "../sources/HAL_sci_init.c",line 61,column 1,is_stmt,address ||HAL_SCI_PinMux_init||,isa
     365              
     366                      .dwfde $C$DW$CIE, ||HAL_SCI_PinMux_init||
     367              
     368              ;***************************************************************
     369              ;* FNAME: HAL_SCI_PinMux_init           FR SIZE:   2           *
     370              ;*                                                             *
     371              ;* FUNCTION ENVIRONMENT                                        *
     372              ;*                                                             *
     373              ;* FUNCTION PROPERTIES                                         *
     374              ;*                            2 Parameter,  0 Auto,  0 SOE     *
     375              ;***************************************************************
     376              
     377 00000000       ||HAL_SCI_PinMux_init||:
     378                      .dwcfi  cfa_offset, -2
     379                      .dwcfi  save_reg_to_mem, 26, 0
     380 00000000 FE02          ADDB      SP,#2                 ; [CPU_ARAU] 
TMS320C2000 Assembler PC v22.6.2 Mon Jun 22 15:24:32 2026

Copyright (c) 1996-2018 Texas Instruments Incorporated
HAL_sci_init.asm                                                     PAGE    9

     381                      .dwcfi  cfa_offset, -4
     382                      .dwpsn  file "../sources/HAL_sci_init.c",line 68,column 5,is_stmt,isa 0
     383 00000001 28A9          MOV       AL,#3590              ; [CPU_ALU] |68| 
         00000002 0E06 
     384 00000003 9B48          MOV       AH,#72                ; [CPU_ALU] |68| 
     385              $C$DW$28        .dwtag  DW_TAG_TI_branch
     386                      .dwattr $C$DW$28, DW_AT_low_pc(0x00)
     387                      .dwattr $C$DW$28, DW_AT_name("GPIO_setPinConfig")
     388                      .dwattr $C$DW$28, DW_AT_TI_call
     389              
     390 00000004 7640!         LCR       #||GPIO_setPinConfig|| ; [CPU_ALU] |68| 
         00000005 0000 
     391                      ; call occurs [#||GPIO_setPinConfig||] ; [] |68| 
     392                      .dwpsn  file "../sources/HAL_sci_init.c",line 69,column 5,is_stmt,isa 0
     393 00000006 0201          MOVB      ACC,#1                ; [CPU_ALU] |69| 
     394 00000007 1E42          MOVL      *-SP[2],ACC           ; [CPU_ALU] |69| 
     395 00000008 0237          MOVB      ACC,#55               ; [CPU_ALU] |69| 
     396              $C$DW$29        .dwtag  DW_TAG_TI_branch
     397                      .dwattr $C$DW$29, DW_AT_low_pc(0x00)
     398                      .dwattr $C$DW$29, DW_AT_name("GPIO_setPadConfig")
     399                      .dwattr $C$DW$29, DW_AT_TI_call
     400              
     401 00000009 7640!         LCR       #||GPIO_setPadConfig|| ; [CPU_ALU] |69| 
         0000000a 0000 
     402                      ; call occurs [#||GPIO_setPadConfig||] ; [] |69| 
     403                      .dwpsn  file "../sources/HAL_sci_init.c",line 70,column 5,is_stmt,isa 0
     404 0000000b D403          MOVB      XAR4,#3               ; [CPU_ALU] |70| 
     405 0000000c 0237          MOVB      ACC,#55               ; [CPU_ALU] |70| 
     406              $C$DW$30        .dwtag  DW_TAG_TI_branch
     407                      .dwattr $C$DW$30, DW_AT_low_pc(0x00)
     408                      .dwattr $C$DW$30, DW_AT_name("GPIO_setQualificationMode")
     409                      .dwattr $C$DW$30, DW_AT_TI_call
     410              
     411 0000000d 7640!         LCR       #||GPIO_setQualificationMode|| ; [CPU_ALU] |70| 
         0000000e 0000 
     412                      ; call occurs [#||GPIO_setQualificationMode||] ; [] |70| 
     413                      .dwpsn  file "../sources/HAL_sci_init.c",line 72,column 5,is_stmt,isa 0
     414 0000000f 28A9          MOV       AL,#3078              ; [CPU_ALU] |72| 
         00000010 0C06 
     415 00000011 9B48          MOV       AH,#72                ; [CPU_ALU] |72| 
     416              $C$DW$31        .dwtag  DW_TAG_TI_branch
     417                      .dwattr $C$DW$31, DW_AT_low_pc(0x00)
     418                      .dwattr $C$DW$31, DW_AT_name("GPIO_setPinConfig")
     419                      .dwattr $C$DW$31, DW_AT_TI_call
     420              
     421 00000012 7640!         LCR       #||GPIO_setPinConfig|| ; [CPU_ALU] |72| 
         00000013 0000 
     422                      ; call occurs [#||GPIO_setPinConfig||] ; [] |72| 
     423                      .dwpsn  file "../sources/HAL_sci_init.c",line 73,column 5,is_stmt,isa 0
     424 00000014 0201          MOVB      ACC,#1                ; [CPU_ALU] |73| 
     425 00000015 1E42          MOVL      *-SP[2],ACC           ; [CPU_ALU] |73| 
     426 00000016 0236          MOVB      ACC,#54               ; [CPU_ALU] |73| 
     427              $C$DW$32        .dwtag  DW_TAG_TI_branch
     428                      .dwattr $C$DW$32, DW_AT_low_pc(0x00)
     429                      .dwattr $C$DW$32, DW_AT_name("GPIO_setPadConfig")
TMS320C2000 Assembler PC v22.6.2 Mon Jun 22 15:24:32 2026

Copyright (c) 1996-2018 Texas Instruments Incorporated
HAL_sci_init.asm                                                     PAGE   10

     430                      .dwattr $C$DW$32, DW_AT_TI_call
     431              
     432 00000017 7640!         LCR       #||GPIO_setPadConfig|| ; [CPU_ALU] |73| 
         00000018 0000 
     433                      ; call occurs [#||GPIO_setPadConfig||] ; [] |73| 
     434                      .dwpsn  file "../sources/HAL_sci_init.c",line 74,column 5,is_stmt,isa 0
     435 00000019 D403          MOVB      XAR4,#3               ; [CPU_ALU] |74| 
     436 0000001a 0236          MOVB      ACC,#54               ; [CPU_ALU] |74| 
     437              $C$DW$33        .dwtag  DW_TAG_TI_branch
     438                      .dwattr $C$DW$33, DW_AT_low_pc(0x00)
     439                      .dwattr $C$DW$33, DW_AT_name("GPIO_setQualificationMode")
     440                      .dwattr $C$DW$33, DW_AT_TI_call
     441              
     442 0000001b 7640!         LCR       #||GPIO_setQualificationMode|| ; [CPU_ALU] |74| 
         0000001c 0000 
     443                      ; call occurs [#||GPIO_setQualificationMode||] ; [] |74| 
     444 0000001d FE82          SUBB      SP,#2                 ; [CPU_ARAU] 
     445                      .dwcfi  cfa_offset, -2
     446              $C$DW$34        .dwtag  DW_TAG_TI_branch
     447                      .dwattr $C$DW$34, DW_AT_low_pc(0x00)
     448                      .dwattr $C$DW$34, DW_AT_TI_return
     449              
     450 0000001e 0006          LRETR     ; [CPU_ALU] 
     451                      ; return occurs ; [] 
     452                      .dwattr $C$DW$27, DW_AT_TI_end_file("../sources/HAL_sci_init.c")
     453                      .dwattr $C$DW$27, DW_AT_TI_end_line(0x4b)
     454                      .dwattr $C$DW$27, DW_AT_TI_end_column(0x01)
     455                      .dwendentry
     456                      .dwendtag $C$DW$27
     457              
     458 00000000               .sect   ".text:HAL_SCI_init"
     459                      .clink
     460                      .global ||HAL_SCI_init||
     461              
     462              $C$DW$35        .dwtag  DW_TAG_subprogram
     463                      .dwattr $C$DW$35, DW_AT_name("HAL_SCI_init")
     464                      .dwattr $C$DW$35, DW_AT_low_pc(||HAL_SCI_init||)
     465                      .dwattr $C$DW$35, DW_AT_high_pc(0x00)
     466                      .dwattr $C$DW$35, DW_AT_linkage_name("HAL_SCI_init")
     467                      .dwattr $C$DW$35, DW_AT_external
     468                      .dwattr $C$DW$35, DW_AT_decl_file("../sources/HAL_sci_init.c")
     469                      .dwattr $C$DW$35, DW_AT_decl_line(0x2a)
     470                      .dwattr $C$DW$35, DW_AT_decl_column(0x06)
     471                      .dwattr $C$DW$35, DW_AT_TI_max_frame_size(-4)
     472                      .dwpsn  file "../sources/HAL_sci_init.c",line 43,column 1,is_stmt,address ||HAL_SCI_init||,isa 0
     473              
     474                      .dwfde $C$DW$CIE, ||HAL_SCI_init||
     475              
     476              ;***************************************************************
     477              ;* FNAME: HAL_SCI_init                  FR SIZE:   2           *
     478              ;*                                                             *
     479              ;* FUNCTION ENVIRONMENT                                        *
     480              ;*                                                             *
     481              ;* FUNCTION PROPERTIES                                         *
     482              ;*                            2 Parameter,  0 Auto,  0 SOE     *
TMS320C2000 Assembler PC v22.6.2 Mon Jun 22 15:24:32 2026

Copyright (c) 1996-2018 Texas Instruments Incorporated
HAL_sci_init.asm                                                     PAGE   11

     483              ;***************************************************************
     484              
     485 00000000       ||HAL_SCI_init||:
     486                      .dwcfi  cfa_offset, -2
     487                      .dwcfi  save_reg_to_mem, 26, 0
     488 00000000 FE02          ADDB      SP,#2                 ; [CPU_ARAU] 
     489                      .dwcfi  cfa_offset, -4
     490                      .dwpsn  file "../sources/HAL_sci_init.c",line 44,column 5,is_stmt,isa 0
     491 00000001 7622          EALLOW    ; [CPU_ALU] |44| 
     492                      .dwpsn  file "../sources/HAL_sci_init.c",line 68,column 5,is_stmt,isa 0
     493 00000002 28A9          MOV       AL,#3590              ; [CPU_ALU] |68| 
         00000003 0E06 
     494 00000004 9B48          MOV       AH,#72                ; [CPU_ALU] |68| 
     495              $C$DW$36        .dwtag  DW_TAG_TI_branch
     496                      .dwattr $C$DW$36, DW_AT_low_pc(0x00)
     497                      .dwattr $C$DW$36, DW_AT_name("GPIO_setPinConfig")
     498                      .dwattr $C$DW$36, DW_AT_TI_call
     499              
     500 00000005 7640!         LCR       #||GPIO_setPinConfig|| ; [CPU_ALU] |68| 
         00000006 0000 
     501                      ; call occurs [#||GPIO_setPinConfig||] ; [] |68| 
     502                      .dwpsn  file "../sources/HAL_sci_init.c",line 69,column 5,is_stmt,isa 0
     503 00000007 0201          MOVB      ACC,#1                ; [CPU_ALU] |69| 
     504 00000008 1E42          MOVL      *-SP[2],ACC           ; [CPU_ALU] |69| 
     505 00000009 0237          MOVB      ACC,#55               ; [CPU_ALU] |69| 
     506              $C$DW$37        .dwtag  DW_TAG_TI_branch
     507                      .dwattr $C$DW$37, DW_AT_low_pc(0x00)
     508                      .dwattr $C$DW$37, DW_AT_name("GPIO_setPadConfig")
     509                      .dwattr $C$DW$37, DW_AT_TI_call
     510              
     511 0000000a 7640!         LCR       #||GPIO_setPadConfig|| ; [CPU_ALU] |69| 
         0000000b 0000 
     512                      ; call occurs [#||GPIO_setPadConfig||] ; [] |69| 
     513                      .dwpsn  file "../sources/HAL_sci_init.c",line 70,column 5,is_stmt,isa 0
     514 0000000c D403          MOVB      XAR4,#3               ; [CPU_ALU] |70| 
     515 0000000d 0237          MOVB      ACC,#55               ; [CPU_ALU] |70| 
     516              $C$DW$38        .dwtag  DW_TAG_TI_branch
     517                      .dwattr $C$DW$38, DW_AT_low_pc(0x00)
     518                      .dwattr $C$DW$38, DW_AT_name("GPIO_setQualificationMode")
     519                      .dwattr $C$DW$38, DW_AT_TI_call
     520              
     521 0000000e 7640!         LCR       #||GPIO_setQualificationMode|| ; [CPU_ALU] |70| 
         0000000f 0000 
     522                      ; call occurs [#||GPIO_setQualificationMode||] ; [] |70| 
     523                      .dwpsn  file "../sources/HAL_sci_init.c",line 72,column 5,is_stmt,isa 0
     524 00000010 28A9          MOV       AL,#3078              ; [CPU_ALU] |72| 
         00000011 0C06 
     525 00000012 9B48          MOV       AH,#72                ; [CPU_ALU] |72| 
     526              $C$DW$39        .dwtag  DW_TAG_TI_branch
     527                      .dwattr $C$DW$39, DW_AT_low_pc(0x00)
     528                      .dwattr $C$DW$39, DW_AT_name("GPIO_setPinConfig")
     529                      .dwattr $C$DW$39, DW_AT_TI_call
     530              
     531 00000013 7640!         LCR       #||GPIO_setPinConfig|| ; [CPU_ALU] |72| 
         00000014 0000 
TMS320C2000 Assembler PC v22.6.2 Mon Jun 22 15:24:32 2026

Copyright (c) 1996-2018 Texas Instruments Incorporated
HAL_sci_init.asm                                                     PAGE   12

     532                      ; call occurs [#||GPIO_setPinConfig||] ; [] |72| 
     533                      .dwpsn  file "../sources/HAL_sci_init.c",line 73,column 5,is_stmt,isa 0
     534 00000015 0201          MOVB      ACC,#1                ; [CPU_ALU] |73| 
     535 00000016 1E42          MOVL      *-SP[2],ACC           ; [CPU_ALU] |73| 
     536 00000017 0236          MOVB      ACC,#54               ; [CPU_ALU] |73| 
     537              $C$DW$40        .dwtag  DW_TAG_TI_branch
     538                      .dwattr $C$DW$40, DW_AT_low_pc(0x00)
     539                      .dwattr $C$DW$40, DW_AT_name("GPIO_setPadConfig")
     540                      .dwattr $C$DW$40, DW_AT_TI_call
     541              
     542 00000018 7640!         LCR       #||GPIO_setPadConfig|| ; [CPU_ALU] |73| 
         00000019 0000 
     543                      ; call occurs [#||GPIO_setPadConfig||] ; [] |73| 
     544                      .dwpsn  file "../sources/HAL_sci_init.c",line 74,column 5,is_stmt,isa 0
     545 0000001a D403          MOVB      XAR4,#3               ; [CPU_ALU] |74| 
     546 0000001b 0236          MOVB      ACC,#54               ; [CPU_ALU] |74| 
     547              $C$DW$41        .dwtag  DW_TAG_TI_branch
     548                      .dwattr $C$DW$41, DW_AT_low_pc(0x00)
     549                      .dwattr $C$DW$41, DW_AT_name("GPIO_setQualificationMode")
     550                      .dwattr $C$DW$41, DW_AT_TI_call
     551              
     552 0000001c 7640!         LCR       #||GPIO_setQualificationMode|| ; [CPU_ALU] |74| 
         0000001d 0000 
     553                      ; call occurs [#||GPIO_setQualificationMode||] ; [] |74| 
     554                      .dwpsn  file "../sources/HAL_sci_init.c",line 50,column 5,is_stmt,isa 0
     555              $C$DW$42        .dwtag  DW_TAG_TI_branch
     556                      .dwattr $C$DW$42, DW_AT_low_pc(0x00)
     557                      .dwattr $C$DW$42, DW_AT_name("HAL_SCI_mySCIB_init")
     558                      .dwattr $C$DW$42, DW_AT_TI_call
     559              
     560 0000001e 7640!         LCR       #||HAL_SCI_mySCIB_init|| ; [CPU_ALU] |50| 
         0000001f 0000 
     561                      ; call occurs [#||HAL_SCI_mySCIB_init||] ; [] |50| 
     562                      .dwpsn  file "../sources/HAL_sci_init.c",line 52,column 5,is_stmt,isa 0
     563 00000020 761A          EDIS      ; [CPU_ALU] |52| 
     564 00000021 FE82          SUBB      SP,#2                 ; [CPU_ARAU] 
     565                      .dwcfi  cfa_offset, -2
     566              $C$DW$43        .dwtag  DW_TAG_TI_branch
     567                      .dwattr $C$DW$43, DW_AT_low_pc(0x00)
     568                      .dwattr $C$DW$43, DW_AT_TI_return
     569              
     570 00000022 0006          LRETR     ; [CPU_ALU] 
     571                      ; return occurs ; [] 
     572                      .dwattr $C$DW$35, DW_AT_TI_end_file("../sources/HAL_sci_init.c")
     573                      .dwattr $C$DW$35, DW_AT_TI_end_line(0x35)
     574                      .dwattr $C$DW$35, DW_AT_TI_end_column(0x01)
     575                      .dwendentry
     576                      .dwendtag $C$DW$35
     577              
     578 00000000               .sect   ".text:SCI_writeCharNonBlocking"
     579                      .clink
     580              
     581              $C$DW$44        .dwtag  DW_TAG_subprogram
     582                      .dwattr $C$DW$44, DW_AT_name("SCI_writeCharNonBlocking")
     583                      .dwattr $C$DW$44, DW_AT_low_pc(||SCI_writeCharNonBlocking||)
TMS320C2000 Assembler PC v22.6.2 Mon Jun 22 15:24:32 2026

Copyright (c) 1996-2018 Texas Instruments Incorporated
HAL_sci_init.asm                                                     PAGE   13

     584                      .dwattr $C$DW$44, DW_AT_high_pc(0x00)
     585                      .dwattr $C$DW$44, DW_AT_linkage_name("SCI_writeCharNonBlocking")
     586                      .dwattr $C$DW$44, DW_AT_decl_file("C:/TI/C2000Ware_MotorControl_SDK_5_04_00_00/c2000ware/driverlib/f2
     587                      .dwattr $C$DW$44, DW_AT_decl_line(0x46f)
     588                      .dwattr $C$DW$44, DW_AT_decl_column(0x01)
     589                      .dwattr $C$DW$44, DW_AT_TI_max_frame_size(-2)
     590                      .dwpsn  file "C:/TI/C2000Ware_MotorControl_SDK_5_04_00_00/c2000ware/driverlib/f2837xd/driverlib/sci.h
     591              
     592                      .dwfde $C$DW$CIE, ||SCI_writeCharNonBlocking||
     593              $C$DW$45        .dwtag  DW_TAG_formal_parameter
     594                      .dwattr $C$DW$45, DW_AT_name("base")
     595                      .dwattr $C$DW$45, DW_AT_type(*$C$DW$T$24)
     596                      .dwattr $C$DW$45, DW_AT_location[DW_OP_reg0]
     597              
     598              $C$DW$46        .dwtag  DW_TAG_formal_parameter
     599                      .dwattr $C$DW$46, DW_AT_name("data")
     600                      .dwattr $C$DW$46, DW_AT_type(*$C$DW$T$38)
     601                      .dwattr $C$DW$46, DW_AT_location[DW_OP_reg12]
     602              
     603              
     604              ;***************************************************************
     605              ;* FNAME: SCI_writeCharNonBlocking      FR SIZE:   0           *
     606              ;*                                                             *
     607              ;* FUNCTION ENVIRONMENT                                        *
     608              ;*                                                             *
     609              ;* FUNCTION PROPERTIES                                         *
     610              ;*                            0 Parameter,  0 Auto,  0 SOE     *
     611              ;***************************************************************
     612              
     613              ||SCI_writeCharNonBlocking||:
     614              ;* AR5   assigned to base
     615              $C$DW$47        .dwtag  DW_TAG_variable
     616                      .dwattr $C$DW$47, DW_AT_name("base")
     617                      .dwattr $C$DW$47, DW_AT_type(*$C$DW$T$51)
     618                      .dwattr $C$DW$47, DW_AT_location[DW_OP_reg14]
     619              
     620              ;* AR4   assigned to data
     621              $C$DW$48        .dwtag  DW_TAG_variable
     622                      .dwattr $C$DW$48, DW_AT_name("data")
     623                      .dwattr $C$DW$48, DW_AT_type(*$C$DW$T$49)
     624                      .dwattr $C$DW$48, DW_AT_location[DW_OP_reg12]
     625              
     626                      .dwcfi  cfa_offset, -2
     627                      .dwcfi  save_reg_to_mem, 26, 0
     628 00000000 83A9          MOVL      XAR5,ACC              ; [CPU_ALU] |1136| 
     629                      .dwpsn  file "C:/TI/C2000Ware_MotorControl_SDK_5_04_00_00/c2000ware/driverlib/f2837xd/driverlib/sci.h
     630 00000001 D009          MOVB      XAR0,#9               ; [CPU_ALU] |1145| 
     631 00000002 7C95          MOV       *+XAR5[AR0],AR4       ; [CPU_ALU] |1145| 
     632              $C$DW$49        .dwtag  DW_TAG_TI_branch
     633                      .dwattr $C$DW$49, DW_AT_low_pc(0x00)
     634                      .dwattr $C$DW$49, DW_AT_TI_return
     635              
     636 00000003 0006          LRETR     ; [CPU_ALU] 
     637                      ; return occurs ; [] 
     638                      .dwattr $C$DW$44, DW_AT_TI_end_file("C:/TI/C2000Ware_MotorControl_SDK_5_04_00_00/c2000ware/driverlib/
TMS320C2000 Assembler PC v22.6.2 Mon Jun 22 15:24:32 2026

Copyright (c) 1996-2018 Texas Instruments Incorporated
HAL_sci_init.asm                                                     PAGE   14

     639                      .dwattr $C$DW$44, DW_AT_TI_end_line(0x47a)
     640                      .dwattr $C$DW$44, DW_AT_TI_end_column(0x01)
     641                      .dwendentry
     642                      .dwendtag $C$DW$44
     643              
     644              ;**************************************************************
     645              ;* UNDEFINED EXTERNAL REFERENCES                              *
     646              ;**************************************************************
     647                      .global ||GPIO_setPinConfig||
     648                      .global ||GPIO_setPadConfig||
     649                      .global ||GPIO_setQualificationMode||
     650                      .global ||SCI_clearInterruptStatus||
     651                      .global ||SCI_setConfig||
     652              
     653              ;***************************************************************
     654              ;* BUILD ATTRIBUTES                                            *
     655              ;***************************************************************
     656                      .battr "c28xabi", Tag_File, 1, Tag_float_args(0)
     657                      .battr "c28xabi", Tag_File, 1, Tag_double_args(0)
     658                      .dwattr $C$DW$CU, DW_AT_language(DW_LANG_C)
     659              
     660              ;***************************************************************
     661              ;* DWARF CIE ENTRIES                                           *
     662              ;***************************************************************
     663              
     664              $C$DW$CIE       .dwcie 26
     665                      .dwcfi  cfa_register, 20
     666                      .dwcfi  cfa_offset, 0
     667                      .dwcfi  same_value, 28
     668                      .dwcfi  same_value, 6
     669                      .dwcfi  same_value, 7
     670                      .dwcfi  same_value, 8
     671                      .dwcfi  same_value, 9
     672                      .dwcfi  same_value, 10
     673                      .dwcfi  same_value, 11
     674                      .dwcfi  same_value, 59
     675                      .dwcfi  same_value, 63
     676                      .dwcfi  same_value, 67
     677                      .dwcfi  same_value, 71
     678                      .dwendentry
     679                      .dwendtag $C$DW$CU
     680              
     681              
     682              ;***************************************************************
     683              ;* TYPE INFORMATION                                            *
     684              ;***************************************************************
     685              
     686              $C$DW$TU$19     .dwtag  DW_TAG_type_unit
     687                      .dwmtype  $C$DW$T$19
     688              
     689              $C$DW$T$19      .dwtag  DW_TAG_enumeration_type
     690                      .dwattr $C$DW$T$19, DW_AT_byte_size(0x01)
     691              $C$DW$50        .dwtag  DW_TAG_enumerator
     692                      .dwattr $C$DW$50, DW_AT_name("GPIO_QUAL_SYNC")
     693                      .dwattr $C$DW$50, DW_AT_const_value(0x00)
TMS320C2000 Assembler PC v22.6.2 Mon Jun 22 15:24:32 2026

Copyright (c) 1996-2018 Texas Instruments Incorporated
HAL_sci_init.asm                                                     PAGE   15

     694                      .dwattr $C$DW$50, DW_AT_decl_file("C:/TI/C2000Ware_MotorControl_SDK_5_04_00_00/c2000ware/driverlib/f2
     695                      .dwattr $C$DW$50, DW_AT_decl_line(0x97)
     696                      .dwattr $C$DW$50, DW_AT_decl_column(0x05)
     697              
     698              $C$DW$51        .dwtag  DW_TAG_enumerator
     699                      .dwattr $C$DW$51, DW_AT_name("GPIO_QUAL_3SAMPLE")
     700                      .dwattr $C$DW$51, DW_AT_const_value(0x01)
     701                      .dwattr $C$DW$51, DW_AT_decl_file("C:/TI/C2000Ware_MotorControl_SDK_5_04_00_00/c2000ware/driverlib/f2
     702                      .dwattr $C$DW$51, DW_AT_decl_line(0x98)
     703                      .dwattr $C$DW$51, DW_AT_decl_column(0x05)
     704              
     705              $C$DW$52        .dwtag  DW_TAG_enumerator
     706                      .dwattr $C$DW$52, DW_AT_name("GPIO_QUAL_6SAMPLE")
     707                      .dwattr $C$DW$52, DW_AT_const_value(0x02)
     708                      .dwattr $C$DW$52, DW_AT_decl_file("C:/TI/C2000Ware_MotorControl_SDK_5_04_00_00/c2000ware/driverlib/f2
     709                      .dwattr $C$DW$52, DW_AT_decl_line(0x99)
     710                      .dwattr $C$DW$52, DW_AT_decl_column(0x05)
     711              
     712              $C$DW$53        .dwtag  DW_TAG_enumerator
     713                      .dwattr $C$DW$53, DW_AT_name("GPIO_QUAL_ASYNC")
     714                      .dwattr $C$DW$53, DW_AT_const_value(0x03)
     715                      .dwattr $C$DW$53, DW_AT_decl_file("C:/TI/C2000Ware_MotorControl_SDK_5_04_00_00/c2000ware/driverlib/f2
     716                      .dwattr $C$DW$53, DW_AT_decl_line(0x9a)
     717                      .dwattr $C$DW$53, DW_AT_decl_column(0x05)
     718              
     719                      .dwattr $C$DW$T$19, DW_AT_decl_file("C:/TI/C2000Ware_MotorControl_SDK_5_04_00_00/c2000ware/driverlib/
     720                      .dwattr $C$DW$T$19, DW_AT_decl_line(0x96)
     721                      .dwattr $C$DW$T$19, DW_AT_decl_column(0x01)
     722                      .dwendtag $C$DW$T$19
     723              
     724                      .dwendtag $C$DW$TU$19
     725              
     726              
     727              $C$DW$TU$20     .dwtag  DW_TAG_type_unit
     728                      .dwmtype  $C$DW$T$20
     729              $C$DW$T$20      .dwtag  DW_TAG_typedef
     730                      .dwattr $C$DW$T$20, DW_AT_name("GPIO_QualificationMode")
     731                      .dwattr $C$DW$T$20, DW_AT_type(*$C$DW$T$19)
     732                      .dwattr $C$DW$T$20, DW_AT_decl_file("C:/TI/C2000Ware_MotorControl_SDK_5_04_00_00/c2000ware/driverlib/
     733                      .dwattr $C$DW$T$20, DW_AT_decl_line(0x9b)
     734                      .dwattr $C$DW$T$20, DW_AT_decl_column(0x03)
     735              
     736                      .dwendtag $C$DW$TU$20
     737              
     738              
     739              $C$DW$TU$21     .dwtag  DW_TAG_type_unit
     740                      .dwmtype  $C$DW$T$21
     741              
     742              $C$DW$T$21      .dwtag  DW_TAG_enumeration_type
     743                      .dwattr $C$DW$T$21, DW_AT_byte_size(0x01)
     744              $C$DW$54        .dwtag  DW_TAG_enumerator
     745                      .dwattr $C$DW$54, DW_AT_name("SCI_FIFO_TX0")
     746                      .dwattr $C$DW$54, DW_AT_const_value(0x00)
     747                      .dwattr $C$DW$54, DW_AT_decl_file("C:/TI/C2000Ware_MotorControl_SDK_5_04_00_00/c2000ware/driverlib/f2
     748                      .dwattr $C$DW$54, DW_AT_decl_line(0x84)
TMS320C2000 Assembler PC v22.6.2 Mon Jun 22 15:24:32 2026

Copyright (c) 1996-2018 Texas Instruments Incorporated
HAL_sci_init.asm                                                     PAGE   16

     749                      .dwattr $C$DW$54, DW_AT_decl_column(0x05)
     750              
     751              $C$DW$55        .dwtag  DW_TAG_enumerator
     752                      .dwattr $C$DW$55, DW_AT_name("SCI_FIFO_TX1")
     753                      .dwattr $C$DW$55, DW_AT_const_value(0x01)
     754                      .dwattr $C$DW$55, DW_AT_decl_file("C:/TI/C2000Ware_MotorControl_SDK_5_04_00_00/c2000ware/driverlib/f2
     755                      .dwattr $C$DW$55, DW_AT_decl_line(0x85)
     756                      .dwattr $C$DW$55, DW_AT_decl_column(0x05)
     757              
     758              $C$DW$56        .dwtag  DW_TAG_enumerator
     759                      .dwattr $C$DW$56, DW_AT_name("SCI_FIFO_TX2")
     760                      .dwattr $C$DW$56, DW_AT_const_value(0x02)
     761                      .dwattr $C$DW$56, DW_AT_decl_file("C:/TI/C2000Ware_MotorControl_SDK_5_04_00_00/c2000ware/driverlib/f2
     762                      .dwattr $C$DW$56, DW_AT_decl_line(0x86)
     763                      .dwattr $C$DW$56, DW_AT_decl_column(0x05)
     764              
     765              $C$DW$57        .dwtag  DW_TAG_enumerator
     766                      .dwattr $C$DW$57, DW_AT_name("SCI_FIFO_TX3")
     767                      .dwattr $C$DW$57, DW_AT_const_value(0x03)
     768                      .dwattr $C$DW$57, DW_AT_decl_file("C:/TI/C2000Ware_MotorControl_SDK_5_04_00_00/c2000ware/driverlib/f2
     769                      .dwattr $C$DW$57, DW_AT_decl_line(0x87)
     770                      .dwattr $C$DW$57, DW_AT_decl_column(0x05)
     771              
     772              $C$DW$58        .dwtag  DW_TAG_enumerator
     773                      .dwattr $C$DW$58, DW_AT_name("SCI_FIFO_TX4")
     774                      .dwattr $C$DW$58, DW_AT_const_value(0x04)
     775                      .dwattr $C$DW$58, DW_AT_decl_file("C:/TI/C2000Ware_MotorControl_SDK_5_04_00_00/c2000ware/driverlib/f2
     776                      .dwattr $C$DW$58, DW_AT_decl_line(0x88)
     777                      .dwattr $C$DW$58, DW_AT_decl_column(0x05)
     778              
     779              $C$DW$59        .dwtag  DW_TAG_enumerator
     780                      .dwattr $C$DW$59, DW_AT_name("SCI_FIFO_TX5")
     781                      .dwattr $C$DW$59, DW_AT_const_value(0x05)
     782                      .dwattr $C$DW$59, DW_AT_decl_file("C:/TI/C2000Ware_MotorControl_SDK_5_04_00_00/c2000ware/driverlib/f2
     783                      .dwattr $C$DW$59, DW_AT_decl_line(0x89)
     784                      .dwattr $C$DW$59, DW_AT_decl_column(0x05)
     785              
     786              $C$DW$60        .dwtag  DW_TAG_enumerator
     787                      .dwattr $C$DW$60, DW_AT_name("SCI_FIFO_TX6")
     788                      .dwattr $C$DW$60, DW_AT_const_value(0x06)
     789                      .dwattr $C$DW$60, DW_AT_decl_file("C:/TI/C2000Ware_MotorControl_SDK_5_04_00_00/c2000ware/driverlib/f2
     790                      .dwattr $C$DW$60, DW_AT_decl_line(0x8a)
     791                      .dwattr $C$DW$60, DW_AT_decl_column(0x05)
     792              
     793              $C$DW$61        .dwtag  DW_TAG_enumerator
     794                      .dwattr $C$DW$61, DW_AT_name("SCI_FIFO_TX7")
     795                      .dwattr $C$DW$61, DW_AT_const_value(0x07)
     796                      .dwattr $C$DW$61, DW_AT_decl_file("C:/TI/C2000Ware_MotorControl_SDK_5_04_00_00/c2000ware/driverlib/f2
     797                      .dwattr $C$DW$61, DW_AT_decl_line(0x8b)
     798                      .dwattr $C$DW$61, DW_AT_decl_column(0x05)
     799              
     800              $C$DW$62        .dwtag  DW_TAG_enumerator
     801                      .dwattr $C$DW$62, DW_AT_name("SCI_FIFO_TX8")
     802                      .dwattr $C$DW$62, DW_AT_const_value(0x08)
     803                      .dwattr $C$DW$62, DW_AT_decl_file("C:/TI/C2000Ware_MotorControl_SDK_5_04_00_00/c2000ware/driverlib/f2
TMS320C2000 Assembler PC v22.6.2 Mon Jun 22 15:24:32 2026

Copyright (c) 1996-2018 Texas Instruments Incorporated
HAL_sci_init.asm                                                     PAGE   17

     804                      .dwattr $C$DW$62, DW_AT_decl_line(0x8c)
     805                      .dwattr $C$DW$62, DW_AT_decl_column(0x05)
     806              
     807              $C$DW$63        .dwtag  DW_TAG_enumerator
     808                      .dwattr $C$DW$63, DW_AT_name("SCI_FIFO_TX9")
     809                      .dwattr $C$DW$63, DW_AT_const_value(0x09)
     810                      .dwattr $C$DW$63, DW_AT_decl_file("C:/TI/C2000Ware_MotorControl_SDK_5_04_00_00/c2000ware/driverlib/f2
     811                      .dwattr $C$DW$63, DW_AT_decl_line(0x8d)
     812                      .dwattr $C$DW$63, DW_AT_decl_column(0x05)
     813              
     814              $C$DW$64        .dwtag  DW_TAG_enumerator
     815                      .dwattr $C$DW$64, DW_AT_name("SCI_FIFO_TX10")
     816                      .dwattr $C$DW$64, DW_AT_const_value(0x0a)
     817                      .dwattr $C$DW$64, DW_AT_decl_file("C:/TI/C2000Ware_MotorControl_SDK_5_04_00_00/c2000ware/driverlib/f2
     818                      .dwattr $C$DW$64, DW_AT_decl_line(0x8e)
     819                      .dwattr $C$DW$64, DW_AT_decl_column(0x05)
     820              
     821              $C$DW$65        .dwtag  DW_TAG_enumerator
     822                      .dwattr $C$DW$65, DW_AT_name("SCI_FIFO_TX11")
     823                      .dwattr $C$DW$65, DW_AT_const_value(0x0b)
     824                      .dwattr $C$DW$65, DW_AT_decl_file("C:/TI/C2000Ware_MotorControl_SDK_5_04_00_00/c2000ware/driverlib/f2
     825                      .dwattr $C$DW$65, DW_AT_decl_line(0x8f)
     826                      .dwattr $C$DW$65, DW_AT_decl_column(0x05)
     827              
     828              $C$DW$66        .dwtag  DW_TAG_enumerator
     829                      .dwattr $C$DW$66, DW_AT_name("SCI_FIFO_TX12")
     830                      .dwattr $C$DW$66, DW_AT_const_value(0x0c)
     831                      .dwattr $C$DW$66, DW_AT_decl_file("C:/TI/C2000Ware_MotorControl_SDK_5_04_00_00/c2000ware/driverlib/f2
     832                      .dwattr $C$DW$66, DW_AT_decl_line(0x90)
     833                      .dwattr $C$DW$66, DW_AT_decl_column(0x05)
     834              
     835              $C$DW$67        .dwtag  DW_TAG_enumerator
     836                      .dwattr $C$DW$67, DW_AT_name("SCI_FIFO_TX13")
     837                      .dwattr $C$DW$67, DW_AT_const_value(0x0d)
     838                      .dwattr $C$DW$67, DW_AT_decl_file("C:/TI/C2000Ware_MotorControl_SDK_5_04_00_00/c2000ware/driverlib/f2
     839                      .dwattr $C$DW$67, DW_AT_decl_line(0x91)
     840                      .dwattr $C$DW$67, DW_AT_decl_column(0x05)
     841              
     842              $C$DW$68        .dwtag  DW_TAG_enumerator
     843                      .dwattr $C$DW$68, DW_AT_name("SCI_FIFO_TX14")
     844                      .dwattr $C$DW$68, DW_AT_const_value(0x0e)
     845                      .dwattr $C$DW$68, DW_AT_decl_file("C:/TI/C2000Ware_MotorControl_SDK_5_04_00_00/c2000ware/driverlib/f2
     846                      .dwattr $C$DW$68, DW_AT_decl_line(0x92)
     847                      .dwattr $C$DW$68, DW_AT_decl_column(0x05)
     848              
     849              $C$DW$69        .dwtag  DW_TAG_enumerator
     850                      .dwattr $C$DW$69, DW_AT_name("SCI_FIFO_TX15")
     851                      .dwattr $C$DW$69, DW_AT_const_value(0x0f)
     852                      .dwattr $C$DW$69, DW_AT_decl_file("C:/TI/C2000Ware_MotorControl_SDK_5_04_00_00/c2000ware/driverlib/f2
     853                      .dwattr $C$DW$69, DW_AT_decl_line(0x93)
     854                      .dwattr $C$DW$69, DW_AT_decl_column(0x05)
     855              
     856              $C$DW$70        .dwtag  DW_TAG_enumerator
     857                      .dwattr $C$DW$70, DW_AT_name("SCI_FIFO_TX16")
     858                      .dwattr $C$DW$70, DW_AT_const_value(0x10)
TMS320C2000 Assembler PC v22.6.2 Mon Jun 22 15:24:32 2026

Copyright (c) 1996-2018 Texas Instruments Incorporated
HAL_sci_init.asm                                                     PAGE   18

     859                      .dwattr $C$DW$70, DW_AT_decl_file("C:/TI/C2000Ware_MotorControl_SDK_5_04_00_00/c2000ware/driverlib/f2
     860                      .dwattr $C$DW$70, DW_AT_decl_line(0x94)
     861                      .dwattr $C$DW$70, DW_AT_decl_column(0x05)
     862              
     863                      .dwattr $C$DW$T$21, DW_AT_decl_file("C:/TI/C2000Ware_MotorControl_SDK_5_04_00_00/c2000ware/driverlib/
     864                      .dwattr $C$DW$T$21, DW_AT_decl_line(0x83)
     865                      .dwattr $C$DW$T$21, DW_AT_decl_column(0x01)
     866                      .dwendtag $C$DW$T$21
     867              
     868                      .dwendtag $C$DW$TU$21
     869              
     870              
     871              $C$DW$TU$22     .dwtag  DW_TAG_type_unit
     872                      .dwmtype  $C$DW$T$22
     873              $C$DW$T$22      .dwtag  DW_TAG_typedef
     874                      .dwattr $C$DW$T$22, DW_AT_name("SCI_TxFIFOLevel")
     875                      .dwattr $C$DW$T$22, DW_AT_type(*$C$DW$T$21)
     876                      .dwattr $C$DW$T$22, DW_AT_decl_file("C:/TI/C2000Ware_MotorControl_SDK_5_04_00_00/c2000ware/driverlib/
     877                      .dwattr $C$DW$T$22, DW_AT_decl_line(0x95)
     878                      .dwattr $C$DW$T$22, DW_AT_decl_column(0x03)
     879              
     880                      .dwendtag $C$DW$TU$22
     881              
     882              
     883              $C$DW$TU$26     .dwtag  DW_TAG_type_unit
     884                      .dwmtype  $C$DW$T$26
     885              
     886              $C$DW$T$26      .dwtag  DW_TAG_enumeration_type
     887                      .dwattr $C$DW$T$26, DW_AT_byte_size(0x01)
     888              $C$DW$71        .dwtag  DW_TAG_enumerator
     889                      .dwattr $C$DW$71, DW_AT_name("SCI_FIFO_RX0")
     890                      .dwattr $C$DW$71, DW_AT_const_value(0x00)
     891                      .dwattr $C$DW$71, DW_AT_decl_file("C:/TI/C2000Ware_MotorControl_SDK_5_04_00_00/c2000ware/driverlib/f2
     892                      .dwattr $C$DW$71, DW_AT_decl_line(0xa0)
     893                      .dwattr $C$DW$71, DW_AT_decl_column(0x05)
     894              
     895              $C$DW$72        .dwtag  DW_TAG_enumerator
     896                      .dwattr $C$DW$72, DW_AT_name("SCI_FIFO_RX1")
     897                      .dwattr $C$DW$72, DW_AT_const_value(0x01)
     898                      .dwattr $C$DW$72, DW_AT_decl_file("C:/TI/C2000Ware_MotorControl_SDK_5_04_00_00/c2000ware/driverlib/f2
     899                      .dwattr $C$DW$72, DW_AT_decl_line(0xa1)
     900                      .dwattr $C$DW$72, DW_AT_decl_column(0x05)
     901              
     902              $C$DW$73        .dwtag  DW_TAG_enumerator
     903                      .dwattr $C$DW$73, DW_AT_name("SCI_FIFO_RX2")
     904                      .dwattr $C$DW$73, DW_AT_const_value(0x02)
     905                      .dwattr $C$DW$73, DW_AT_decl_file("C:/TI/C2000Ware_MotorControl_SDK_5_04_00_00/c2000ware/driverlib/f2
     906                      .dwattr $C$DW$73, DW_AT_decl_line(0xa2)
     907                      .dwattr $C$DW$73, DW_AT_decl_column(0x05)
     908              
     909              $C$DW$74        .dwtag  DW_TAG_enumerator
     910                      .dwattr $C$DW$74, DW_AT_name("SCI_FIFO_RX3")
     911                      .dwattr $C$DW$74, DW_AT_const_value(0x03)
     912                      .dwattr $C$DW$74, DW_AT_decl_file("C:/TI/C2000Ware_MotorControl_SDK_5_04_00_00/c2000ware/driverlib/f2
     913                      .dwattr $C$DW$74, DW_AT_decl_line(0xa3)
TMS320C2000 Assembler PC v22.6.2 Mon Jun 22 15:24:32 2026

Copyright (c) 1996-2018 Texas Instruments Incorporated
HAL_sci_init.asm                                                     PAGE   19

     914                      .dwattr $C$DW$74, DW_AT_decl_column(0x05)
     915              
     916              $C$DW$75        .dwtag  DW_TAG_enumerator
     917                      .dwattr $C$DW$75, DW_AT_name("SCI_FIFO_RX4")
     918                      .dwattr $C$DW$75, DW_AT_const_value(0x04)
     919                      .dwattr $C$DW$75, DW_AT_decl_file("C:/TI/C2000Ware_MotorControl_SDK_5_04_00_00/c2000ware/driverlib/f2
     920                      .dwattr $C$DW$75, DW_AT_decl_line(0xa4)
     921                      .dwattr $C$DW$75, DW_AT_decl_column(0x05)
     922              
     923              $C$DW$76        .dwtag  DW_TAG_enumerator
     924                      .dwattr $C$DW$76, DW_AT_name("SCI_FIFO_RX5")
     925                      .dwattr $C$DW$76, DW_AT_const_value(0x05)
     926                      .dwattr $C$DW$76, DW_AT_decl_file("C:/TI/C2000Ware_MotorControl_SDK_5_04_00_00/c2000ware/driverlib/f2
     927                      .dwattr $C$DW$76, DW_AT_decl_line(0xa5)
     928                      .dwattr $C$DW$76, DW_AT_decl_column(0x05)
     929              
     930              $C$DW$77        .dwtag  DW_TAG_enumerator
     931                      .dwattr $C$DW$77, DW_AT_name("SCI_FIFO_RX6")
     932                      .dwattr $C$DW$77, DW_AT_const_value(0x06)
     933                      .dwattr $C$DW$77, DW_AT_decl_file("C:/TI/C2000Ware_MotorControl_SDK_5_04_00_00/c2000ware/driverlib/f2
     934                      .dwattr $C$DW$77, DW_AT_decl_line(0xa6)
     935                      .dwattr $C$DW$77, DW_AT_decl_column(0x05)
     936              
     937              $C$DW$78        .dwtag  DW_TAG_enumerator
     938                      .dwattr $C$DW$78, DW_AT_name("SCI_FIFO_RX7")
     939                      .dwattr $C$DW$78, DW_AT_const_value(0x07)
     940                      .dwattr $C$DW$78, DW_AT_decl_file("C:/TI/C2000Ware_MotorControl_SDK_5_04_00_00/c2000ware/driverlib/f2
     941                      .dwattr $C$DW$78, DW_AT_decl_line(0xa7)
     942                      .dwattr $C$DW$78, DW_AT_decl_column(0x05)
     943              
     944              $C$DW$79        .dwtag  DW_TAG_enumerator
     945                      .dwattr $C$DW$79, DW_AT_name("SCI_FIFO_RX8")
     946                      .dwattr $C$DW$79, DW_AT_const_value(0x08)
     947                      .dwattr $C$DW$79, DW_AT_decl_file("C:/TI/C2000Ware_MotorControl_SDK_5_04_00_00/c2000ware/driverlib/f2
     948                      .dwattr $C$DW$79, DW_AT_decl_line(0xa8)
     949                      .dwattr $C$DW$79, DW_AT_decl_column(0x05)
     950              
     951              $C$DW$80        .dwtag  DW_TAG_enumerator
     952                      .dwattr $C$DW$80, DW_AT_name("SCI_FIFO_RX9")
     953                      .dwattr $C$DW$80, DW_AT_const_value(0x09)
     954                      .dwattr $C$DW$80, DW_AT_decl_file("C:/TI/C2000Ware_MotorControl_SDK_5_04_00_00/c2000ware/driverlib/f2
     955                      .dwattr $C$DW$80, DW_AT_decl_line(0xa9)
     956                      .dwattr $C$DW$80, DW_AT_decl_column(0x05)
     957              
     958              $C$DW$81        .dwtag  DW_TAG_enumerator
     959                      .dwattr $C$DW$81, DW_AT_name("SCI_FIFO_RX10")
     960                      .dwattr $C$DW$81, DW_AT_const_value(0x0a)
     961                      .dwattr $C$DW$81, DW_AT_decl_file("C:/TI/C2000Ware_MotorControl_SDK_5_04_00_00/c2000ware/driverlib/f2
     962                      .dwattr $C$DW$81, DW_AT_decl_line(0xaa)
     963                      .dwattr $C$DW$81, DW_AT_decl_column(0x05)
     964              
     965              $C$DW$82        .dwtag  DW_TAG_enumerator
     966                      .dwattr $C$DW$82, DW_AT_name("SCI_FIFO_RX11")
     967                      .dwattr $C$DW$82, DW_AT_const_value(0x0b)
     968                      .dwattr $C$DW$82, DW_AT_decl_file("C:/TI/C2000Ware_MotorControl_SDK_5_04_00_00/c2000ware/driverlib/f2
TMS320C2000 Assembler PC v22.6.2 Mon Jun 22 15:24:32 2026

Copyright (c) 1996-2018 Texas Instruments Incorporated
HAL_sci_init.asm                                                     PAGE   20

     969                      .dwattr $C$DW$82, DW_AT_decl_line(0xab)
     970                      .dwattr $C$DW$82, DW_AT_decl_column(0x05)
     971              
     972              $C$DW$83        .dwtag  DW_TAG_enumerator
     973                      .dwattr $C$DW$83, DW_AT_name("SCI_FIFO_RX12")
     974                      .dwattr $C$DW$83, DW_AT_const_value(0x0c)
     975                      .dwattr $C$DW$83, DW_AT_decl_file("C:/TI/C2000Ware_MotorControl_SDK_5_04_00_00/c2000ware/driverlib/f2
     976                      .dwattr $C$DW$83, DW_AT_decl_line(0xac)
     977                      .dwattr $C$DW$83, DW_AT_decl_column(0x05)
     978              
     979              $C$DW$84        .dwtag  DW_TAG_enumerator
     980                      .dwattr $C$DW$84, DW_AT_name("SCI_FIFO_RX13")
     981                      .dwattr $C$DW$84, DW_AT_const_value(0x0d)
     982                      .dwattr $C$DW$84, DW_AT_decl_file("C:/TI/C2000Ware_MotorControl_SDK_5_04_00_00/c2000ware/driverlib/f2
     983                      .dwattr $C$DW$84, DW_AT_decl_line(0xad)
     984                      .dwattr $C$DW$84, DW_AT_decl_column(0x05)
     985              
     986              $C$DW$85        .dwtag  DW_TAG_enumerator
     987                      .dwattr $C$DW$85, DW_AT_name("SCI_FIFO_RX14")
     988                      .dwattr $C$DW$85, DW_AT_const_value(0x0e)
     989                      .dwattr $C$DW$85, DW_AT_decl_file("C:/TI/C2000Ware_MotorControl_SDK_5_04_00_00/c2000ware/driverlib/f2
     990                      .dwattr $C$DW$85, DW_AT_decl_line(0xae)
     991                      .dwattr $C$DW$85, DW_AT_decl_column(0x05)
     992              
     993              $C$DW$86        .dwtag  DW_TAG_enumerator
     994                      .dwattr $C$DW$86, DW_AT_name("SCI_FIFO_RX15")
     995                      .dwattr $C$DW$86, DW_AT_const_value(0x0f)
     996                      .dwattr $C$DW$86, DW_AT_decl_file("C:/TI/C2000Ware_MotorControl_SDK_5_04_00_00/c2000ware/driverlib/f2
     997                      .dwattr $C$DW$86, DW_AT_decl_line(0xaf)
     998                      .dwattr $C$DW$86, DW_AT_decl_column(0x05)
     999              
    1000              $C$DW$87        .dwtag  DW_TAG_enumerator
    1001                      .dwattr $C$DW$87, DW_AT_name("SCI_FIFO_RX16")
    1002                      .dwattr $C$DW$87, DW_AT_const_value(0x10)
    1003                      .dwattr $C$DW$87, DW_AT_decl_file("C:/TI/C2000Ware_MotorControl_SDK_5_04_00_00/c2000ware/driverlib/f2
    1004                      .dwattr $C$DW$87, DW_AT_decl_line(0xb0)
    1005                      .dwattr $C$DW$87, DW_AT_decl_column(0x05)
    1006              
    1007                      .dwattr $C$DW$T$26, DW_AT_decl_file("C:/TI/C2000Ware_MotorControl_SDK_5_04_00_00/c2000ware/driverlib/
    1008                      .dwattr $C$DW$T$26, DW_AT_decl_line(0x9f)
    1009                      .dwattr $C$DW$T$26, DW_AT_decl_column(0x01)
    1010                      .dwendtag $C$DW$T$26
    1011              
    1012                      .dwendtag $C$DW$TU$26
    1013              
    1014              
    1015              $C$DW$TU$27     .dwtag  DW_TAG_type_unit
    1016                      .dwmtype  $C$DW$T$27
    1017              $C$DW$T$27      .dwtag  DW_TAG_typedef
    1018                      .dwattr $C$DW$T$27, DW_AT_name("SCI_RxFIFOLevel")
    1019                      .dwattr $C$DW$T$27, DW_AT_type(*$C$DW$T$26)
    1020                      .dwattr $C$DW$T$27, DW_AT_decl_file("C:/TI/C2000Ware_MotorControl_SDK_5_04_00_00/c2000ware/driverlib/
    1021                      .dwattr $C$DW$T$27, DW_AT_decl_line(0xb1)
    1022                      .dwattr $C$DW$T$27, DW_AT_decl_column(0x03)
    1023              
TMS320C2000 Assembler PC v22.6.2 Mon Jun 22 15:24:32 2026

Copyright (c) 1996-2018 Texas Instruments Incorporated
HAL_sci_init.asm                                                     PAGE   21

    1024                      .dwendtag $C$DW$TU$27
    1025              
    1026              
    1027              $C$DW$TU$2      .dwtag  DW_TAG_type_unit
    1028                      .dwmtype  $C$DW$T$2
    1029              $C$DW$T$2       .dwtag  DW_TAG_unspecified_type
    1030                      .dwattr $C$DW$T$2, DW_AT_name("void")
    1031              
    1032                      .dwendtag $C$DW$TU$2
    1033              
    1034              
    1035              $C$DW$TU$4      .dwtag  DW_TAG_type_unit
    1036                      .dwmtype  $C$DW$T$4
    1037              $C$DW$T$4       .dwtag  DW_TAG_base_type
    1038                      .dwattr $C$DW$T$4, DW_AT_encoding(DW_ATE_boolean)
    1039                      .dwattr $C$DW$T$4, DW_AT_name("bool")
    1040                      .dwattr $C$DW$T$4, DW_AT_byte_size(0x01)
    1041              
    1042                      .dwendtag $C$DW$TU$4
    1043              
    1044              
    1045              $C$DW$TU$5      .dwtag  DW_TAG_type_unit
    1046                      .dwmtype  $C$DW$T$5
    1047              $C$DW$T$5       .dwtag  DW_TAG_base_type
    1048                      .dwattr $C$DW$T$5, DW_AT_encoding(DW_ATE_signed_char)
    1049                      .dwattr $C$DW$T$5, DW_AT_name("signed char")
    1050                      .dwattr $C$DW$T$5, DW_AT_byte_size(0x01)
    1051              
    1052                      .dwendtag $C$DW$TU$5
    1053              
    1054              
    1055              $C$DW$TU$6      .dwtag  DW_TAG_type_unit
    1056                      .dwmtype  $C$DW$T$6
    1057              $C$DW$T$6       .dwtag  DW_TAG_base_type
    1058                      .dwattr $C$DW$T$6, DW_AT_encoding(DW_ATE_unsigned_char)
    1059                      .dwattr $C$DW$T$6, DW_AT_name("unsigned char")
    1060                      .dwattr $C$DW$T$6, DW_AT_byte_size(0x01)
    1061              
    1062                      .dwendtag $C$DW$TU$6
    1063              
    1064              
    1065              $C$DW$TU$7      .dwtag  DW_TAG_type_unit
    1066                      .dwmtype  $C$DW$T$7
    1067              $C$DW$T$7       .dwtag  DW_TAG_base_type
    1068                      .dwattr $C$DW$T$7, DW_AT_encoding(DW_ATE_signed_char)
    1069                      .dwattr $C$DW$T$7, DW_AT_name("wchar_t")
    1070                      .dwattr $C$DW$T$7, DW_AT_byte_size(0x02)
    1071              
    1072                      .dwendtag $C$DW$TU$7
    1073              
    1074              
    1075              $C$DW$TU$8      .dwtag  DW_TAG_type_unit
    1076                      .dwmtype  $C$DW$T$8
    1077              $C$DW$T$8       .dwtag  DW_TAG_base_type
    1078                      .dwattr $C$DW$T$8, DW_AT_encoding(DW_ATE_signed)
TMS320C2000 Assembler PC v22.6.2 Mon Jun 22 15:24:32 2026

Copyright (c) 1996-2018 Texas Instruments Incorporated
HAL_sci_init.asm                                                     PAGE   22

    1079                      .dwattr $C$DW$T$8, DW_AT_name("short")
    1080                      .dwattr $C$DW$T$8, DW_AT_byte_size(0x01)
    1081              
    1082                      .dwendtag $C$DW$TU$8
    1083              
    1084              
    1085              $C$DW$TU$9      .dwtag  DW_TAG_type_unit
    1086                      .dwmtype  $C$DW$T$9
    1087              $C$DW$T$9       .dwtag  DW_TAG_base_type
    1088                      .dwattr $C$DW$T$9, DW_AT_encoding(DW_ATE_unsigned)
    1089                      .dwattr $C$DW$T$9, DW_AT_name("unsigned short")
    1090                      .dwattr $C$DW$T$9, DW_AT_byte_size(0x01)
    1091              
    1092                      .dwendtag $C$DW$TU$9
    1093              
    1094              
    1095              $C$DW$TU$10     .dwtag  DW_TAG_type_unit
    1096                      .dwmtype  $C$DW$T$10
    1097              $C$DW$T$10      .dwtag  DW_TAG_base_type
    1098                      .dwattr $C$DW$T$10, DW_AT_encoding(DW_ATE_signed)
    1099                      .dwattr $C$DW$T$10, DW_AT_name("int")
    1100                      .dwattr $C$DW$T$10, DW_AT_byte_size(0x01)
    1101              
    1102                      .dwendtag $C$DW$TU$10
    1103              
    1104              
    1105              $C$DW$TU$11     .dwtag  DW_TAG_type_unit
    1106                      .dwmtype  $C$DW$T$11
    1107              $C$DW$T$11      .dwtag  DW_TAG_base_type
    1108                      .dwattr $C$DW$T$11, DW_AT_encoding(DW_ATE_unsigned)
    1109                      .dwattr $C$DW$T$11, DW_AT_name("unsigned int")
    1110                      .dwattr $C$DW$T$11, DW_AT_byte_size(0x01)
    1111              
    1112                      .dwendtag $C$DW$TU$11
    1113              
    1114              
    1115              $C$DW$TU$37     .dwtag  DW_TAG_type_unit
    1116                      .dwmtype  $C$DW$T$37
    1117              $C$DW$T$37      .dwtag  DW_TAG_typedef
    1118                      .dwattr $C$DW$T$37, DW_AT_name("__uint16_t")
    1119                      .dwattr $C$DW$T$37, DW_AT_type(*$C$DW$T$11)
    1120                      .dwattr $C$DW$T$37, DW_AT_decl_file("D:/TI/ccs/ccs/tools/compiler/ti-cgt-c2000_22.6.2.LTS/include/mac
    1121                      .dwattr $C$DW$T$37, DW_AT_decl_line(0x41)
    1122                      .dwattr $C$DW$T$37, DW_AT_decl_column(0x1c)
    1123              
    1124                      .dwendtag $C$DW$TU$37
    1125              
    1126              
    1127              $C$DW$TU$38     .dwtag  DW_TAG_type_unit
    1128                      .dwmtype  $C$DW$T$38
    1129              $C$DW$T$38      .dwtag  DW_TAG_typedef
    1130                      .dwattr $C$DW$T$38, DW_AT_name("uint16_t")
    1131                      .dwattr $C$DW$T$38, DW_AT_type(*$C$DW$T$37)
    1132                      .dwattr $C$DW$T$38, DW_AT_decl_file("D:/TI/ccs/ccs/tools/compiler/ti-cgt-c2000_22.6.2.LTS/include/sys
    1133                      .dwattr $C$DW$T$38, DW_AT_decl_line(0x41)
TMS320C2000 Assembler PC v22.6.2 Mon Jun 22 15:24:32 2026

Copyright (c) 1996-2018 Texas Instruments Incorporated
HAL_sci_init.asm                                                     PAGE   23

    1134                      .dwattr $C$DW$T$38, DW_AT_decl_column(0x15)
    1135              
    1136                      .dwendtag $C$DW$TU$38
    1137              
    1138              
    1139              $C$DW$TU$49     .dwtag  DW_TAG_type_unit
    1140                      .dwmtype  $C$DW$T$49
    1141              $C$DW$88        .dwtag  DW_TAG_TI_far_type
    1142                      .dwattr $C$DW$88, DW_AT_type(*$C$DW$T$38)
    1143              
    1144              $C$DW$T$49      .dwtag  DW_TAG_const_type
    1145                      .dwattr $C$DW$T$49, DW_AT_type(*$C$DW$88)
    1146              
    1147                      .dwendtag $C$DW$TU$49
    1148              
    1149              
    1150              $C$DW$TU$12     .dwtag  DW_TAG_type_unit
    1151                      .dwmtype  $C$DW$T$12
    1152              $C$DW$T$12      .dwtag  DW_TAG_base_type
    1153                      .dwattr $C$DW$T$12, DW_AT_encoding(DW_ATE_signed)
    1154                      .dwattr $C$DW$T$12, DW_AT_name("long")
    1155                      .dwattr $C$DW$T$12, DW_AT_byte_size(0x02)
    1156              
    1157                      .dwendtag $C$DW$TU$12
    1158              
    1159              
    1160              $C$DW$TU$13     .dwtag  DW_TAG_type_unit
    1161                      .dwmtype  $C$DW$T$13
    1162              $C$DW$T$13      .dwtag  DW_TAG_base_type
    1163                      .dwattr $C$DW$T$13, DW_AT_encoding(DW_ATE_unsigned)
    1164                      .dwattr $C$DW$T$13, DW_AT_name("unsigned long")
    1165                      .dwattr $C$DW$T$13, DW_AT_byte_size(0x02)
    1166              
    1167                      .dwendtag $C$DW$TU$13
    1168              
    1169              
    1170              $C$DW$TU$23     .dwtag  DW_TAG_type_unit
    1171                      .dwmtype  $C$DW$T$23
    1172              $C$DW$T$23      .dwtag  DW_TAG_typedef
    1173                      .dwattr $C$DW$T$23, DW_AT_name("__uint32_t")
    1174                      .dwattr $C$DW$T$23, DW_AT_type(*$C$DW$T$13)
    1175                      .dwattr $C$DW$T$23, DW_AT_decl_file("D:/TI/ccs/ccs/tools/compiler/ti-cgt-c2000_22.6.2.LTS/include/mac
    1176                      .dwattr $C$DW$T$23, DW_AT_decl_line(0x43)
    1177                      .dwattr $C$DW$T$23, DW_AT_decl_column(0x1c)
    1178              
    1179                      .dwendtag $C$DW$TU$23
    1180              
    1181              
    1182              $C$DW$TU$24     .dwtag  DW_TAG_type_unit
    1183                      .dwmtype  $C$DW$T$24
    1184              $C$DW$T$24      .dwtag  DW_TAG_typedef
    1185                      .dwattr $C$DW$T$24, DW_AT_name("uint32_t")
    1186                      .dwattr $C$DW$T$24, DW_AT_type(*$C$DW$T$23)
    1187                      .dwattr $C$DW$T$24, DW_AT_decl_file("D:/TI/ccs/ccs/tools/compiler/ti-cgt-c2000_22.6.2.LTS/include/sys
    1188                      .dwattr $C$DW$T$24, DW_AT_decl_line(0x46)
TMS320C2000 Assembler PC v22.6.2 Mon Jun 22 15:24:32 2026

Copyright (c) 1996-2018 Texas Instruments Incorporated
HAL_sci_init.asm                                                     PAGE   24

    1189                      .dwattr $C$DW$T$24, DW_AT_decl_column(0x15)
    1190              
    1191                      .dwendtag $C$DW$TU$24
    1192              
    1193              
    1194              $C$DW$TU$51     .dwtag  DW_TAG_type_unit
    1195                      .dwmtype  $C$DW$T$51
    1196              $C$DW$89        .dwtag  DW_TAG_TI_far_type
    1197                      .dwattr $C$DW$89, DW_AT_type(*$C$DW$T$24)
    1198              
    1199              $C$DW$T$51      .dwtag  DW_TAG_const_type
    1200                      .dwattr $C$DW$T$51, DW_AT_type(*$C$DW$89)
    1201              
    1202                      .dwendtag $C$DW$TU$51
    1203              
    1204              
    1205              $C$DW$TU$14     .dwtag  DW_TAG_type_unit
    1206                      .dwmtype  $C$DW$T$14
    1207              $C$DW$T$14      .dwtag  DW_TAG_base_type
    1208                      .dwattr $C$DW$T$14, DW_AT_encoding(DW_ATE_signed)
    1209                      .dwattr $C$DW$T$14, DW_AT_name("long long")
    1210                      .dwattr $C$DW$T$14, DW_AT_byte_size(0x04)
    1211              
    1212                      .dwendtag $C$DW$TU$14
    1213              
    1214              
    1215              $C$DW$TU$15     .dwtag  DW_TAG_type_unit
    1216                      .dwmtype  $C$DW$T$15
    1217              $C$DW$T$15      .dwtag  DW_TAG_base_type
    1218                      .dwattr $C$DW$T$15, DW_AT_encoding(DW_ATE_unsigned)
    1219                      .dwattr $C$DW$T$15, DW_AT_name("unsigned long long")
    1220                      .dwattr $C$DW$T$15, DW_AT_byte_size(0x04)
    1221              
    1222                      .dwendtag $C$DW$TU$15
    1223              
    1224              
    1225              $C$DW$TU$16     .dwtag  DW_TAG_type_unit
    1226                      .dwmtype  $C$DW$T$16
    1227              $C$DW$T$16      .dwtag  DW_TAG_base_type
    1228                      .dwattr $C$DW$T$16, DW_AT_encoding(DW_ATE_float)
    1229                      .dwattr $C$DW$T$16, DW_AT_name("float")
    1230                      .dwattr $C$DW$T$16, DW_AT_byte_size(0x02)
    1231              
    1232                      .dwendtag $C$DW$TU$16
    1233              
    1234              
    1235              $C$DW$TU$17     .dwtag  DW_TAG_type_unit
    1236                      .dwmtype  $C$DW$T$17
    1237              $C$DW$T$17      .dwtag  DW_TAG_base_type
    1238                      .dwattr $C$DW$T$17, DW_AT_encoding(DW_ATE_float)
    1239                      .dwattr $C$DW$T$17, DW_AT_name("double")
    1240                      .dwattr $C$DW$T$17, DW_AT_byte_size(0x04)
    1241              
    1242                      .dwendtag $C$DW$TU$17
    1243              
TMS320C2000 Assembler PC v22.6.2 Mon Jun 22 15:24:32 2026

Copyright (c) 1996-2018 Texas Instruments Incorporated
HAL_sci_init.asm                                                     PAGE   25

    1244              
    1245              $C$DW$TU$18     .dwtag  DW_TAG_type_unit
    1246                      .dwmtype  $C$DW$T$18
    1247              $C$DW$T$18      .dwtag  DW_TAG_base_type
    1248                      .dwattr $C$DW$T$18, DW_AT_encoding(DW_ATE_float)
    1249                      .dwattr $C$DW$T$18, DW_AT_name("long double")
    1250                      .dwattr $C$DW$T$18, DW_AT_byte_size(0x04)
    1251              
    1252                      .dwendtag $C$DW$TU$18
    1253              

No Assembly Errors, No Assembly Warnings
