TMS320C2000 Assembler PC v22.6.2 Sun Mar 29 17:29:47 2026

Copyright (c) 1996-2018 Texas Instruments Incorporated
motorboard.asm                                                       PAGE    1

       1              ;***************************************************************
       2              ;* TMS320C2000 G3 C/C++ Codegen                               PC v22.6.2.LTS *
       3              ;* Date/Time created: Sun Mar 29 17:29:46 2026                 *
       4              ;***************************************************************
       5                      .compiler_opts --abi=eabi --cla_support=cla1 --diag_wrap=off --float_support=fpu32 --hll_source=on --
       6                      .asg    XAR2, FP
       7              
       8              $C$DW$CU        .dwtag  DW_TAG_compile_unit
       9                      .dwattr $C$DW$CU, DW_AT_name("../sources/motorboard.c")
      10                      .dwattr $C$DW$CU, DW_AT_producer("TI TMS320C2000 G3 C/C++ Codegen PC v22.6.2.LTS Copyright (c) 1996-2
      11                      .dwattr $C$DW$CU, DW_AT_TI_version(0x01)
      12                      .dwattr $C$DW$CU, DW_AT_comp_dir("C:\Users\JUNLI\workspace_ccstheia\dual_axis_servo_drive_fcl_qep_f28
      13              
      14              ;**************************************************************
      15              ;* FUNCTION SYNONYMS                                          *
      16              ;**************************************************************
      17                      .global ||SCI_init||
      18        0000! ||SCI_init||    .set ||mySCIB_init||
      19              
      20              $C$DW$1 .dwtag  DW_TAG_subprogram
      21                      .dwattr $C$DW$1, DW_AT_name("GPIO_setPinConfig")
      22                      .dwattr $C$DW$1, DW_AT_linkage_name("GPIO_setPinConfig")
      23                      .dwattr $C$DW$1, DW_AT_declaration
      24                      .dwattr $C$DW$1, DW_AT_external
      25                      .dwattr $C$DW$1, DW_AT_decl_file("C:/TI/C2000Ware_MotorControl_SDK_5_04_00_00/c2000ware/driverlib/f28
      26                      .dwattr $C$DW$1, DW_AT_decl_line(0x405)
      27                      .dwattr $C$DW$1, DW_AT_decl_column(0x01)
      28              $C$DW$2 .dwtag  DW_TAG_formal_parameter
      29                      .dwattr $C$DW$2, DW_AT_type(*$C$DW$T$26)
      30              
      31                      .dwendtag $C$DW$1
      32              
      33              
      34              $C$DW$3 .dwtag  DW_TAG_subprogram
      35                      .dwattr $C$DW$3, DW_AT_name("GPIO_setPadConfig")
      36                      .dwattr $C$DW$3, DW_AT_linkage_name("GPIO_setPadConfig")
      37                      .dwattr $C$DW$3, DW_AT_declaration
      38                      .dwattr $C$DW$3, DW_AT_external
      39                      .dwattr $C$DW$3, DW_AT_decl_file("C:/TI/C2000Ware_MotorControl_SDK_5_04_00_00/c2000ware/driverlib/f28
      40                      .dwattr $C$DW$3, DW_AT_decl_line(0x36f)
      41                      .dwattr $C$DW$3, DW_AT_decl_column(0x01)
      42              $C$DW$4 .dwtag  DW_TAG_formal_parameter
      43                      .dwattr $C$DW$4, DW_AT_type(*$C$DW$T$26)
      44              
      45              $C$DW$5 .dwtag  DW_TAG_formal_parameter
      46                      .dwattr $C$DW$5, DW_AT_type(*$C$DW$T$26)
      47              
      48                      .dwendtag $C$DW$3
      49              
      50              
      51              $C$DW$6 .dwtag  DW_TAG_subprogram
      52                      .dwattr $C$DW$6, DW_AT_name("GPIO_setQualificationMode")
      53                      .dwattr $C$DW$6, DW_AT_linkage_name("GPIO_setQualificationMode")
      54                      .dwattr $C$DW$6, DW_AT_declaration
      55                      .dwattr $C$DW$6, DW_AT_external
TMS320C2000 Assembler PC v22.6.2 Sun Mar 29 17:29:47 2026

Copyright (c) 1996-2018 Texas Instruments Incorporated
motorboard.asm                                                       PAGE    2

      56                      .dwattr $C$DW$6, DW_AT_decl_file("C:/TI/C2000Ware_MotorControl_SDK_5_04_00_00/c2000ware/driverlib/f28
      57                      .dwattr $C$DW$6, DW_AT_decl_line(0x396)
      58                      .dwattr $C$DW$6, DW_AT_decl_column(0x01)
      59              $C$DW$7 .dwtag  DW_TAG_formal_parameter
      60                      .dwattr $C$DW$7, DW_AT_type(*$C$DW$T$26)
      61              
      62              $C$DW$8 .dwtag  DW_TAG_formal_parameter
      63                      .dwattr $C$DW$8, DW_AT_type(*$C$DW$T$20)
      64              
      65                      .dwendtag $C$DW$6
      66              
      67              
      68              $C$DW$9 .dwtag  DW_TAG_subprogram
      69                      .dwattr $C$DW$9, DW_AT_name("SCI_clearInterruptStatus")
      70                      .dwattr $C$DW$9, DW_AT_linkage_name("SCI_clearInterruptStatus")
      71                      .dwattr $C$DW$9, DW_AT_declaration
      72                      .dwattr $C$DW$9, DW_AT_external
      73                      .dwattr $C$DW$9, DW_AT_decl_file("C:/TI/C2000Ware_MotorControl_SDK_5_04_00_00/c2000ware/driverlib/f28
      74                      .dwattr $C$DW$9, DW_AT_decl_line(0x636)
      75                      .dwattr $C$DW$9, DW_AT_decl_column(0x01)
      76              $C$DW$10        .dwtag  DW_TAG_formal_parameter
      77                      .dwattr $C$DW$10, DW_AT_type(*$C$DW$T$26)
      78              
      79              $C$DW$11        .dwtag  DW_TAG_formal_parameter
      80                      .dwattr $C$DW$11, DW_AT_type(*$C$DW$T$26)
      81              
      82                      .dwendtag $C$DW$9
      83              
      84              
      85              $C$DW$12        .dwtag  DW_TAG_subprogram
      86                      .dwattr $C$DW$12, DW_AT_name("SCI_setConfig")
      87                      .dwattr $C$DW$12, DW_AT_linkage_name("SCI_setConfig")
      88                      .dwattr $C$DW$12, DW_AT_declaration
      89                      .dwattr $C$DW$12, DW_AT_external
      90                      .dwattr $C$DW$12, DW_AT_decl_file("C:/TI/C2000Ware_MotorControl_SDK_5_04_00_00/c2000ware/driverlib/f2
      91                      .dwattr $C$DW$12, DW_AT_decl_line(0x5b6)
      92                      .dwattr $C$DW$12, DW_AT_decl_column(0x01)
      93              $C$DW$13        .dwtag  DW_TAG_formal_parameter
      94                      .dwattr $C$DW$13, DW_AT_type(*$C$DW$T$26)
      95              
      96              $C$DW$14        .dwtag  DW_TAG_formal_parameter
      97                      .dwattr $C$DW$14, DW_AT_type(*$C$DW$T$26)
      98              
      99              $C$DW$15        .dwtag  DW_TAG_formal_parameter
     100                      .dwattr $C$DW$15, DW_AT_type(*$C$DW$T$26)
     101              
     102              $C$DW$16        .dwtag  DW_TAG_formal_parameter
     103                      .dwattr $C$DW$16, DW_AT_type(*$C$DW$T$26)
     104              
     105                      .dwendtag $C$DW$12
     106              
     107              
     108              $C$DW$17        .dwtag  DW_TAG_subprogram
     109                      .dwattr $C$DW$17, DW_AT_name("__eallow")
     110                      .dwattr $C$DW$17, DW_AT_linkage_name("__eallow")
TMS320C2000 Assembler PC v22.6.2 Sun Mar 29 17:29:47 2026

Copyright (c) 1996-2018 Texas Instruments Incorporated
motorboard.asm                                                       PAGE    3

     111                      .dwattr $C$DW$17, DW_AT_declaration
     112                      .dwattr $C$DW$17, DW_AT_external
     113                      .dwendtag $C$DW$17
     114              
     115              
     116              $C$DW$18        .dwtag  DW_TAG_subprogram
     117                      .dwattr $C$DW$18, DW_AT_name("__edis")
     118                      .dwattr $C$DW$18, DW_AT_linkage_name("__edis")
     119                      .dwattr $C$DW$18, DW_AT_declaration
     120                      .dwattr $C$DW$18, DW_AT_external
     121                      .dwendtag $C$DW$18
     122              
     123              ;       D:\TI\ccs\ccs\tools\compiler\ti-cgt-c2000_22.6.2.LTS\bin\opt2000.exe C:\\Users\\JUNLI\\AppData\\Local
     124              ;       D:\TI\ccs\ccs\tools\compiler\ti-cgt-c2000_22.6.2.LTS\bin\acia2000.exe -@C:\\Users\\JUNLI\\AppData\\Lo
     125 00000000               .sect   ".text:mySCIB_init"
     126                      .clink
     127                      .global ||mySCIB_init||
     128              
     129              $C$DW$19        .dwtag  DW_TAG_subprogram
     130                      .dwattr $C$DW$19, DW_AT_name("mySCIB_init")
     131                      .dwattr $C$DW$19, DW_AT_low_pc(||mySCIB_init||)
     132                      .dwattr $C$DW$19, DW_AT_high_pc(0x00)
     133                      .dwattr $C$DW$19, DW_AT_linkage_name("mySCIB_init")
     134                      .dwattr $C$DW$19, DW_AT_external
     135                      .dwattr $C$DW$19, DW_AT_decl_file("../sources/motorboard.c")
     136                      .dwattr $C$DW$19, DW_AT_decl_line(0x8b)
     137                      .dwattr $C$DW$19, DW_AT_decl_column(0x06)
     138                      .dwattr $C$DW$19, DW_AT_TI_max_frame_size(-8)
     139                      .dwpsn  file "../sources/motorboard.c",line 139,column 19,is_stmt,address ||mySCIB_init||,isa 0
     140              
     141                      .dwfde $C$DW$CIE, ||mySCIB_init||
     142              
     143              ;***************************************************************
     144              ;* FNAME: mySCIB_init                   FR SIZE:   6           *
     145              ;*                                                             *
     146              ;* FUNCTION ENVIRONMENT                                        *
     147              ;*                                                             *
     148              ;* FUNCTION PROPERTIES                                         *
     149              ;*                            6 Parameter,  0 Auto,  0 SOE     *
     150              ;***************************************************************
     151              
     152 00000000       ||mySCIB_init||:
     153              ;* AR6   assigned to $O$L1
     154              ;* AR6   assigned to $O$L2
     155              ;* AR6   assigned to $O$L3
     156                      .dwcfi  cfa_offset, -2
     157                      .dwcfi  save_reg_to_mem, 26, 0
     158 00000000 FE06          ADDB      SP,#6                 ; [CPU_ARAU] 
     159                      .dwcfi  cfa_offset, -8
     160                      .dwpsn  file "../sources/motorboard.c",line 140,column 2,is_stmt,isa 0
     161 00000001 02FF          MOVB      ACC,#255              ; [CPU_ALU] |140| 
     162 00000002 1E42          MOVL      *-SP[2],ACC           ; [CPU_ALU] |140| 
     163 00000003 FF20          MOV       ACC,#29200            ; [CPU_ALU] |140| 
         00000004 7210 
     164              $C$DW$20        .dwtag  DW_TAG_TI_branch
TMS320C2000 Assembler PC v22.6.2 Sun Mar 29 17:29:47 2026

Copyright (c) 1996-2018 Texas Instruments Incorporated
motorboard.asm                                                       PAGE    4

     165                      .dwattr $C$DW$20, DW_AT_low_pc(0x00)
     166                      .dwattr $C$DW$20, DW_AT_name("SCI_clearInterruptStatus")
     167                      .dwattr $C$DW$20, DW_AT_TI_call
     168              
     169 00000005 7640!         LCR       #||SCI_clearInterruptStatus|| ; [CPU_ALU] |140| 
         00000006 0000 
     170                      ; call occurs [#||SCI_clearInterruptStatus||] ; [] |140| 
     171                      .dwpsn  file "C:/TI/C2000Ware_MotorControl_SDK_5_04_00_00/c2000ware/driverlib/f2837xd/driverlib/sci.h
     172 00000007 F5A9          MOV       AL,*(0:0x721b)        ; [CPU_ALU] |1417| 
         00000008 721B 
     173 00000009 1AA9          OR        AL,#0x4000            ; [CPU_ALU] |1417| 
         0000000a 4000 
     174 0000000b F4A9          MOV       *(0:0x721b),AL        ; [CPU_ALU] |1417| 
         0000000c 721B 
     175                      .dwpsn  file "C:/TI/C2000Ware_MotorControl_SDK_5_04_00_00/c2000ware/driverlib/f2837xd/driverlib/sci.h
     176 0000000d F5A9          MOV       AL,*(0:0x721a)        ; [CPU_ALU] |844| 
         0000000e 721A 
     177 0000000f 18A9          AND       AL,#0xdfff            ; [CPU_ALU] |844| 
         00000010 DFFF 
     178 00000011 F4A9          MOV       *(0:0x721a),AL        ; [CPU_ALU] |844| 
         00000012 721A 
     179                      .dwpsn  file "C:/TI/C2000Ware_MotorControl_SDK_5_04_00_00/c2000ware/driverlib/f2837xd/driverlib/sci.h
     180 00000013 F5A9          MOV       AL,*(0:0x721a)        ; [CPU_ALU] |845| 
         00000014 721A 
     181 00000015 1AA9          OR        AL,#0x2000            ; [CPU_ALU] |845| 
         00000016 2000 
     182 00000017 F4A9          MOV       *(0:0x721a),AL        ; [CPU_ALU] |845| 
         00000018 721A 
     183                      .dwpsn  file "C:/TI/C2000Ware_MotorControl_SDK_5_04_00_00/c2000ware/driverlib/f2837xd/driverlib/sci.h
     184 00000019 F5A9          MOV       AL,*(0:0x721b)        ; [CPU_ALU] |818| 
         0000001a 721B 
     185 0000001b 18A9          AND       AL,#0xdfff            ; [CPU_ALU] |818| 
         0000001c DFFF 
     186 0000001d F4A9          MOV       *(0:0x721b),AL        ; [CPU_ALU] |818| 
         0000001e 721B 
     187                      .dwpsn  file "C:/TI/C2000Ware_MotorControl_SDK_5_04_00_00/c2000ware/driverlib/f2837xd/driverlib/sci.h
     188 0000001f F5A9          MOV       AL,*(0:0x721b)        ; [CPU_ALU] |819| 
         00000020 721B 
     189 00000021 1AA9          OR        AL,#0x2000            ; [CPU_ALU] |819| 
         00000022 2000 
     190 00000023 F4A9          MOV       *(0:0x721b),AL        ; [CPU_ALU] |819| 
         00000024 721B 
     191                      .dwpsn  file "C:/TI/C2000Ware_MotorControl_SDK_5_04_00_00/c2000ware/driverlib/f2837xd/driverlib/sci.h
     192 00000025 F5A6          MOV       AR6,*(0:0x721a)       ; [CPU_ALU] |870| 
         00000026 721A 
     193 00000027 18A6          AND       AR6,#0x7fff           ; [CPU_ALU] |870| 
         00000028 7FFF 
     194                      .dwpsn  file "../sources/motorboard.c",line 147,column 2,is_stmt,isa 0
     195 00000029 28A8          MOV       AH,#762               ; [CPU_ALU] |147| 
         0000002a 02FA 
     196 0000002b 28A9          MOV       AL,#61568             ; [CPU_ALU] |147| 
         0000002c F080 
     197                      .dwpsn  file "C:/TI/C2000Ware_MotorControl_SDK_5_04_00_00/c2000ware/driverlib/f2837xd/driverlib/sci.h
     198 0000002d F4A6          MOV       *(0:0x721a),AR6       ; [CPU_ALU] |870| 
         0000002e 721A 
TMS320C2000 Assembler PC v22.6.2 Sun Mar 29 17:29:47 2026

Copyright (c) 1996-2018 Texas Instruments Incorporated
motorboard.asm                                                       PAGE    5

     199                      .dwpsn  file "C:/TI/C2000Ware_MotorControl_SDK_5_04_00_00/c2000ware/driverlib/f2837xd/driverlib/sci.h
     200 0000002f F5A7          MOV       AR7,*(0:0x721a)       ; [CPU_ALU] |871| 
         00000030 721A 
     201                      .dwpsn  file "../sources/motorboard.c",line 147,column 2,is_stmt,isa 0
     202 00000031 BE07          MOVB      XAR6,#7               ; [CPU_ALU] |147| 
     203 00000032 8F00          MOVL      XAR4,#9600            ; [CPU_ARAU] |147| 
         00000033 2580 
     204 00000034 1E42          MOVL      *-SP[2],ACC           ; [CPU_ALU] |147| 
     205                      .dwpsn  file "C:/TI/C2000Ware_MotorControl_SDK_5_04_00_00/c2000ware/driverlib/f2837xd/driverlib/sci.h
     206 00000035 1AA7          OR        AR7,#0x8000           ; [CPU_ALU] |871| 
         00000036 8000 
     207                      .dwpsn  file "../sources/motorboard.c",line 147,column 2,is_stmt,isa 0
     208 00000037 A844          MOVL      *-SP[4],XAR4          ; [CPU_ALU] |147| 
     209 00000038 FF20          MOV       ACC,#29200            ; [CPU_ALU] |147| 
         00000039 7210 
     210 0000003a C246          MOVL      *-SP[6],XAR6          ; [CPU_ALU] |147| 
     211                      .dwpsn  file "C:/TI/C2000Ware_MotorControl_SDK_5_04_00_00/c2000ware/driverlib/f2837xd/driverlib/sci.h
     212 0000003b F4A7          MOV       *(0:0x721a),AR7       ; [CPU_ALU] |871| 
         0000003c 721A 
     213                      .dwpsn  file "../sources/motorboard.c",line 147,column 2,is_stmt,isa 0
     214              $C$DW$21        .dwtag  DW_TAG_TI_branch
     215                      .dwattr $C$DW$21, DW_AT_low_pc(0x00)
     216                      .dwattr $C$DW$21, DW_AT_name("SCI_setConfig")
     217                      .dwattr $C$DW$21, DW_AT_TI_call
     218              
     219 0000003d 7640!         LCR       #||SCI_setConfig||    ; [CPU_ALU] |147| 
         0000003e 0000 
     220                      ; call occurs [#||SCI_setConfig||] ; [] |147| 
     221                      .dwpsn  file "C:/TI/C2000Ware_MotorControl_SDK_5_04_00_00/c2000ware/driverlib/f2837xd/driverlib/sci.h
     222 0000003f F5A9          MOV       AL,*(0:0x7210)        ; [CPU_ALU] |1366| 
         00000040 7210 
     223 00000041 7680          MOVL      XAR6,#9999            ; [CPU_ALU] 
         00000042 270F 
     224 00000043 18A9          AND       AL,#0xffef            ; [CPU_ALU] |1366| 
         00000044 FFEF 
     225 00000045 F4A9          MOV       *(0:0x7210),AL        ; [CPU_ALU] |1366| 
         00000046 7210 
     226                      .dwpsn  file "C:/TI/C2000Ware_MotorControl_SDK_5_04_00_00/c2000ware/driverlib/f2837xd/driverlib/sci.h
     227 00000047 F5A9          MOV       AL,*(0:0x7211)        ; [CPU_ALU] |1313| 
         00000048 7211 
     228 00000049 18A9          AND       AL,#0xffdf            ; [CPU_ALU] |1313| 
         0000004a FFDF 
     229 0000004b F4A9          MOV       *(0:0x7211),AL        ; [CPU_ALU] |1313| 
         0000004c 7211 
     230                      .dwpsn  file "C:/TI/C2000Ware_MotorControl_SDK_5_04_00_00/c2000ware/driverlib/f2837xd/driverlib/sci.h
     231 0000004d F5A9          MOV       AL,*(0:0x7211)        ; [CPU_ALU] |1314| 
         0000004e 7211 
     232 0000004f 5020          ORB       AL,#0x20              ; [CPU_ALU] |1314| 
     233 00000050 F4A9          MOV       *(0:0x7211),AL        ; [CPU_ALU] |1314| 
         00000051 7211 
     234 00000052       ||$C$L1||:    
     235 00000052 7700   NOP
     236                      .dwpsn  file "../sources/motorboard.c",line 153,column 12,is_stmt,isa 0
     237 00000053 000E          BANZ      ||$C$L1||,AR6--       ; [CPU_ALU] |153| 
         00000054 FFFF 
TMS320C2000 Assembler PC v22.6.2 Sun Mar 29 17:29:47 2026

Copyright (c) 1996-2018 Texas Instruments Incorporated
motorboard.asm                                                       PAGE    6

     238                      ; branchcc occurs ; [] |153| 
     239                      .dwpsn  file "C:/TI/C2000Ware_MotorControl_SDK_5_04_00_00/c2000ware/driverlib/f2837xd/driverlib/sci.h
     240 00000055 F5A9          MOV       AL,*(0:0x721a)        ; [CPU_ALU] |412| 
         00000056 721A 
     241 00000057 18A9          AND       AL,#0xffe0            ; [CPU_ALU] |412| 
         00000058 FFE0 
     242 00000059 F4A9          MOV       *(0:0x721a),AL        ; [CPU_ALU] |412| 
         0000005a 721A 
     243                      .dwpsn  file "C:/TI/C2000Ware_MotorControl_SDK_5_04_00_00/c2000ware/driverlib/f2837xd/driverlib/sci.h
     244 0000005b F5A9          MOV       AL,*(0:0x721b)        ; [CPU_ALU] |414| 
         0000005c 721B 
     245 0000005d 7680          MOVL      XAR6,#4999            ; [CPU_ALU] 
         0000005e 1387 
     246 0000005f CCA9          AND       AL,AL,#0xffe0         ; [CPU_ALU] |414| 
         00000060 FFE0 
     247 00000061 5001          ORB       AL,#0x01              ; [CPU_ALU] |414| 
     248 00000062 F4A9          MOV       *(0:0x721b),AL        ; [CPU_ALU] |414| 
         00000063 721B 
     249                      .dwpsn  file "C:/TI/C2000Ware_MotorControl_SDK_5_04_00_00/c2000ware/driverlib/f2837xd/driverlib/sci.h
     250 00000064 F5A9          MOV       AL,*(0:0x721a)        ; [CPU_ALU] |738| 
         00000065 721A 
     251 00000066 1AA9          OR        AL,#0x8000            ; [CPU_ALU] |738| 
         00000067 8000 
     252 00000068 F4A9          MOV       *(0:0x721a),AL        ; [CPU_ALU] |738| 
         00000069 721A 
     253                      .dwpsn  file "C:/TI/C2000Ware_MotorControl_SDK_5_04_00_00/c2000ware/driverlib/f2837xd/driverlib/sci.h
     254 0000006a F5A9          MOV       AL,*(0:0x721a)        ; [CPU_ALU] |739| 
         0000006b 721A 
     255 0000006c 1AA9          OR        AL,#0x6000            ; [CPU_ALU] |739| 
         0000006d 6000 
     256 0000006e F4A9          MOV       *(0:0x721a),AL        ; [CPU_ALU] |739| 
         0000006f 721A 
     257                      .dwpsn  file "C:/TI/C2000Ware_MotorControl_SDK_5_04_00_00/c2000ware/driverlib/f2837xd/driverlib/sci.h
     258 00000070 F5A9          MOV       AL,*(0:0x721b)        ; [CPU_ALU] |740| 
         00000071 721B 
     259 00000072 1AA9          OR        AL,#0x2000            ; [CPU_ALU] |740| 
         00000073 2000 
     260 00000074 F4A9          MOV       *(0:0x721b),AL        ; [CPU_ALU] |740| 
         00000075 721B 
     261                      .dwpsn  file "C:/TI/C2000Ware_MotorControl_SDK_5_04_00_00/c2000ware/driverlib/f2837xd/driverlib/sci.h
     262 00000076 F5A9          MOV       AL,*(0:0x7211)        ; [CPU_ALU] |527| 
         00000077 7211 
     263 00000078 5023          ORB       AL,#0x23              ; [CPU_ALU] |527| 
     264 00000079 F4A9          MOV       *(0:0x7211),AL        ; [CPU_ALU] |527| 
         0000007a 7211 
     265 0000007b       ||$C$L2||:    
     266 0000007b 7700   NOP
     267                      .dwpsn  file "../sources/motorboard.c",line 162,column 12,is_stmt,isa 0
     268 0000007c 000E          BANZ      ||$C$L2||,AR6--       ; [CPU_ALU] |162| 
         0000007d FFFF 
     269                      ; branchcc occurs ; [] |162| 
     270 0000007e 7680          MOVL      XAR6,#4999            ; [CPU_ALU] 
         0000007f 1387 
     271 00000080       ||$C$L3||:    
     272 00000080 7700   NOP
TMS320C2000 Assembler PC v22.6.2 Sun Mar 29 17:29:47 2026

Copyright (c) 1996-2018 Texas Instruments Incorporated
motorboard.asm                                                       PAGE    7

     273                      .dwpsn  file "../sources/motorboard.c",line 169,column 12,is_stmt,isa 0
     274 00000081 000E          BANZ      ||$C$L3||,AR6--       ; [CPU_ALU] |169| 
         00000082 FFFF 
     275                      ; branchcc occurs ; [] |169| 
     276 00000083 FE86          SUBB      SP,#6                 ; [CPU_ARAU] 
     277                      .dwcfi  cfa_offset, -2
     278 00000084 FF69          SPM       #0                    ; [CPU_ALU] 
     279              $C$DW$22        .dwtag  DW_TAG_TI_branch
     280                      .dwattr $C$DW$22, DW_AT_low_pc(0x00)
     281                      .dwattr $C$DW$22, DW_AT_TI_return
     282              
     283 00000085 0006          LRETR     ; [CPU_ALU] 
     284                      ; return occurs ; [] 
     285                      .dwattr $C$DW$19, DW_AT_TI_end_file("../sources/motorboard.c")
     286                      .dwattr $C$DW$19, DW_AT_TI_end_line(0xac)
     287                      .dwattr $C$DW$19, DW_AT_TI_end_column(0x01)
     288                      .dwendentry
     289                      .dwendtag $C$DW$19
     290              
     291 00000000               .sect   ".text:PinMux_init"
     292                      .clink
     293                      .global ||PinMux_init||
     294              
     295              $C$DW$23        .dwtag  DW_TAG_subprogram
     296                      .dwattr $C$DW$23, DW_AT_name("PinMux_init")
     297                      .dwattr $C$DW$23, DW_AT_low_pc(||PinMux_init||)
     298                      .dwattr $C$DW$23, DW_AT_high_pc(0x00)
     299                      .dwattr $C$DW$23, DW_AT_linkage_name("PinMux_init")
     300                      .dwattr $C$DW$23, DW_AT_external
     301                      .dwattr $C$DW$23, DW_AT_decl_file("../sources/motorboard.c")
     302                      .dwattr $C$DW$23, DW_AT_decl_line(0x40)
     303                      .dwattr $C$DW$23, DW_AT_decl_column(0x06)
     304                      .dwattr $C$DW$23, DW_AT_TI_max_frame_size(-4)
     305                      .dwpsn  file "../sources/motorboard.c",line 65,column 1,is_stmt,address ||PinMux_init||,isa 0
     306              
     307                      .dwfde $C$DW$CIE, ||PinMux_init||
     308              
     309              ;***************************************************************
     310              ;* FNAME: PinMux_init                   FR SIZE:   2           *
     311              ;*                                                             *
     312              ;* FUNCTION ENVIRONMENT                                        *
     313              ;*                                                             *
     314              ;* FUNCTION PROPERTIES                                         *
     315              ;*                            2 Parameter,  0 Auto,  0 SOE     *
     316              ;***************************************************************
     317              
     318 00000000       ||PinMux_init||:
     319                      .dwcfi  cfa_offset, -2
     320                      .dwcfi  save_reg_to_mem, 26, 0
     321 00000000 FE02          ADDB      SP,#2                 ; [CPU_ARAU] 
     322                      .dwcfi  cfa_offset, -4
     323                      .dwpsn  file "../sources/motorboard.c",line 75,column 2,is_stmt,isa 0
     324 00000001 28A9          MOV       AL,#3590              ; [CPU_ALU] |75| 
         00000002 0E06 
     325 00000003 9B48          MOV       AH,#72                ; [CPU_ALU] |75| 
TMS320C2000 Assembler PC v22.6.2 Sun Mar 29 17:29:47 2026

Copyright (c) 1996-2018 Texas Instruments Incorporated
motorboard.asm                                                       PAGE    8

     326              $C$DW$24        .dwtag  DW_TAG_TI_branch
     327                      .dwattr $C$DW$24, DW_AT_low_pc(0x00)
     328                      .dwattr $C$DW$24, DW_AT_name("GPIO_setPinConfig")
     329                      .dwattr $C$DW$24, DW_AT_TI_call
     330              
     331 00000004 7640!         LCR       #||GPIO_setPinConfig|| ; [CPU_ALU] |75| 
         00000005 0000 
     332                      ; call occurs [#||GPIO_setPinConfig||] ; [] |75| 
     333                      .dwpsn  file "../sources/motorboard.c",line 76,column 2,is_stmt,isa 0
     334 00000006 0201          MOVB      ACC,#1                ; [CPU_ALU] |76| 
     335 00000007 1E42          MOVL      *-SP[2],ACC           ; [CPU_ALU] |76| 
     336 00000008 0237          MOVB      ACC,#55               ; [CPU_ALU] |76| 
     337              $C$DW$25        .dwtag  DW_TAG_TI_branch
     338                      .dwattr $C$DW$25, DW_AT_low_pc(0x00)
     339                      .dwattr $C$DW$25, DW_AT_name("GPIO_setPadConfig")
     340                      .dwattr $C$DW$25, DW_AT_TI_call
     341              
     342 00000009 7640!         LCR       #||GPIO_setPadConfig|| ; [CPU_ALU] |76| 
         0000000a 0000 
     343                      ; call occurs [#||GPIO_setPadConfig||] ; [] |76| 
     344                      .dwpsn  file "../sources/motorboard.c",line 77,column 2,is_stmt,isa 0
     345 0000000b D403          MOVB      XAR4,#3               ; [CPU_ALU] |77| 
     346 0000000c 0237          MOVB      ACC,#55               ; [CPU_ALU] |77| 
     347              $C$DW$26        .dwtag  DW_TAG_TI_branch
     348                      .dwattr $C$DW$26, DW_AT_low_pc(0x00)
     349                      .dwattr $C$DW$26, DW_AT_name("GPIO_setQualificationMode")
     350                      .dwattr $C$DW$26, DW_AT_TI_call
     351              
     352 0000000d 7640!         LCR       #||GPIO_setQualificationMode|| ; [CPU_ALU] |77| 
         0000000e 0000 
     353                      ; call occurs [#||GPIO_setQualificationMode||] ; [] |77| 
     354                      .dwpsn  file "../sources/motorboard.c",line 79,column 2,is_stmt,isa 0
     355 0000000f 28A9          MOV       AL,#3078              ; [CPU_ALU] |79| 
         00000010 0C06 
     356 00000011 9B48          MOV       AH,#72                ; [CPU_ALU] |79| 
     357              $C$DW$27        .dwtag  DW_TAG_TI_branch
     358                      .dwattr $C$DW$27, DW_AT_low_pc(0x00)
     359                      .dwattr $C$DW$27, DW_AT_name("GPIO_setPinConfig")
     360                      .dwattr $C$DW$27, DW_AT_TI_call
     361              
     362 00000012 7640!         LCR       #||GPIO_setPinConfig|| ; [CPU_ALU] |79| 
         00000013 0000 
     363                      ; call occurs [#||GPIO_setPinConfig||] ; [] |79| 
     364                      .dwpsn  file "../sources/motorboard.c",line 80,column 2,is_stmt,isa 0
     365 00000014 0201          MOVB      ACC,#1                ; [CPU_ALU] |80| 
     366 00000015 1E42          MOVL      *-SP[2],ACC           ; [CPU_ALU] |80| 
     367 00000016 0236          MOVB      ACC,#54               ; [CPU_ALU] |80| 
     368              $C$DW$28        .dwtag  DW_TAG_TI_branch
     369                      .dwattr $C$DW$28, DW_AT_low_pc(0x00)
     370                      .dwattr $C$DW$28, DW_AT_name("GPIO_setPadConfig")
     371                      .dwattr $C$DW$28, DW_AT_TI_call
     372              
     373 00000017 7640!         LCR       #||GPIO_setPadConfig|| ; [CPU_ALU] |80| 
         00000018 0000 
     374                      ; call occurs [#||GPIO_setPadConfig||] ; [] |80| 
TMS320C2000 Assembler PC v22.6.2 Sun Mar 29 17:29:47 2026

Copyright (c) 1996-2018 Texas Instruments Incorporated
motorboard.asm                                                       PAGE    9

     375                      .dwpsn  file "../sources/motorboard.c",line 81,column 2,is_stmt,isa 0
     376 00000019 D403          MOVB      XAR4,#3               ; [CPU_ALU] |81| 
     377 0000001a 0236          MOVB      ACC,#54               ; [CPU_ALU] |81| 
     378              $C$DW$29        .dwtag  DW_TAG_TI_branch
     379                      .dwattr $C$DW$29, DW_AT_low_pc(0x00)
     380                      .dwattr $C$DW$29, DW_AT_name("GPIO_setQualificationMode")
     381                      .dwattr $C$DW$29, DW_AT_TI_call
     382              
     383 0000001b 7640!         LCR       #||GPIO_setQualificationMode|| ; [CPU_ALU] |81| 
         0000001c 0000 
     384                      ; call occurs [#||GPIO_setQualificationMode||] ; [] |81| 
     385 0000001d FE82          SUBB      SP,#2                 ; [CPU_ARAU] 
     386                      .dwcfi  cfa_offset, -2
     387              $C$DW$30        .dwtag  DW_TAG_TI_branch
     388                      .dwattr $C$DW$30, DW_AT_low_pc(0x00)
     389                      .dwattr $C$DW$30, DW_AT_TI_return
     390              
     391 0000001e 0006          LRETR     ; [CPU_ALU] 
     392                      ; return occurs ; [] 
     393                      .dwattr $C$DW$23, DW_AT_TI_end_file("../sources/motorboard.c")
     394                      .dwattr $C$DW$23, DW_AT_TI_end_line(0x54)
     395                      .dwattr $C$DW$23, DW_AT_TI_end_column(0x01)
     396                      .dwendentry
     397                      .dwendtag $C$DW$23
     398              
     399 00000000               .sect   ".text:INTERRUPT_init"
     400                      .clink
     401                      .global ||INTERRUPT_init||
     402              
     403              $C$DW$31        .dwtag  DW_TAG_subprogram
     404                      .dwattr $C$DW$31, DW_AT_name("INTERRUPT_init")
     405                      .dwattr $C$DW$31, DW_AT_low_pc(||INTERRUPT_init||)
     406                      .dwattr $C$DW$31, DW_AT_high_pc(0x00)
     407                      .dwattr $C$DW$31, DW_AT_linkage_name("INTERRUPT_init")
     408                      .dwattr $C$DW$31, DW_AT_external
     409                      .dwattr $C$DW$31, DW_AT_decl_file("../sources/motorboard.c")
     410                      .dwattr $C$DW$31, DW_AT_decl_line(0x7f)
     411                      .dwattr $C$DW$31, DW_AT_decl_column(0x06)
     412                      .dwattr $C$DW$31, DW_AT_TI_max_frame_size(-2)
     413                      .dwpsn  file "../sources/motorboard.c",line 127,column 22,is_stmt,address ||INTERRUPT_init||,isa 0
     414              
     415                      .dwfde $C$DW$CIE, ||INTERRUPT_init||
     416              
     417              ;***************************************************************
     418              ;* FNAME: INTERRUPT_init                FR SIZE:   0           *
     419              ;*                                                             *
     420              ;* FUNCTION ENVIRONMENT                                        *
     421              ;*                                                             *
     422              ;* FUNCTION PROPERTIES                                         *
     423              ;*                            0 Parameter,  0 Auto,  0 SOE     *
     424              ;***************************************************************
     425              
     426 00000000       ||INTERRUPT_init||:
     427                      .dwcfi  cfa_offset, -2
     428                      .dwcfi  save_reg_to_mem, 26, 0
TMS320C2000 Assembler PC v22.6.2 Sun Mar 29 17:29:47 2026

Copyright (c) 1996-2018 Texas Instruments Incorporated
motorboard.asm                                                       PAGE   10

     429              $C$DW$32        .dwtag  DW_TAG_TI_branch
     430                      .dwattr $C$DW$32, DW_AT_low_pc(0x00)
     431                      .dwattr $C$DW$32, DW_AT_TI_return
     432              
     433 00000000 0006          LRETR     ; [CPU_ALU] 
     434                      ; return occurs ; [] 
     435                      .dwattr $C$DW$31, DW_AT_TI_end_file("../sources/motorboard.c")
     436                      .dwattr $C$DW$31, DW_AT_TI_end_line(0x81)
     437                      .dwattr $C$DW$31, DW_AT_TI_end_column(0x01)
     438                      .dwendentry
     439                      .dwendtag $C$DW$31
     440              
     441 00000000               .sect   ".text:GPIO_init"
     442                      .clink
     443                      .global ||GPIO_init||
     444              
     445              $C$DW$33        .dwtag  DW_TAG_subprogram
     446                      .dwattr $C$DW$33, DW_AT_name("GPIO_init")
     447                      .dwattr $C$DW$33, DW_AT_low_pc(||GPIO_init||)
     448                      .dwattr $C$DW$33, DW_AT_high_pc(0x00)
     449                      .dwattr $C$DW$33, DW_AT_linkage_name("GPIO_init")
     450                      .dwattr $C$DW$33, DW_AT_external
     451                      .dwattr $C$DW$33, DW_AT_decl_file("../sources/motorboard.c")
     452                      .dwattr $C$DW$33, DW_AT_decl_line(0x6f)
     453                      .dwattr $C$DW$33, DW_AT_decl_column(0x06)
     454                      .dwattr $C$DW$33, DW_AT_TI_max_frame_size(-2)
     455                      .dwpsn  file "../sources/motorboard.c",line 111,column 17,is_stmt,address ||GPIO_init||,isa 0
     456              
     457                      .dwfde $C$DW$CIE, ||GPIO_init||
     458              
     459              ;***************************************************************
     460              ;* FNAME: GPIO_init                     FR SIZE:   0           *
     461              ;*                                                             *
     462              ;* FUNCTION ENVIRONMENT                                        *
     463              ;*                                                             *
     464              ;* FUNCTION PROPERTIES                                         *
     465              ;*                            0 Parameter,  0 Auto,  0 SOE     *
     466              ;***************************************************************
     467              
     468 00000000       ||GPIO_init||:
     469                      .dwcfi  cfa_offset, -2
     470                      .dwcfi  save_reg_to_mem, 26, 0
     471              $C$DW$34        .dwtag  DW_TAG_TI_branch
     472                      .dwattr $C$DW$34, DW_AT_low_pc(0x00)
     473                      .dwattr $C$DW$34, DW_AT_TI_return
     474              
     475 00000000 0006          LRETR     ; [CPU_ALU] 
     476                      ; return occurs ; [] 
     477                      .dwattr $C$DW$33, DW_AT_TI_end_file("../sources/motorboard.c")
     478                      .dwattr $C$DW$33, DW_AT_TI_end_line(0x71)
     479                      .dwattr $C$DW$33, DW_AT_TI_end_column(0x01)
     480                      .dwendentry
     481                      .dwendtag $C$DW$33
     482              
     483 00000000               .sect   ".text:Board_init"
TMS320C2000 Assembler PC v22.6.2 Sun Mar 29 17:29:47 2026

Copyright (c) 1996-2018 Texas Instruments Incorporated
motorboard.asm                                                       PAGE   11

     484                      .clink
     485                      .global ||Board_init||
     486              
     487              $C$DW$35        .dwtag  DW_TAG_subprogram
     488                      .dwattr $C$DW$35, DW_AT_name("Board_init")
     489                      .dwattr $C$DW$35, DW_AT_low_pc(||Board_init||)
     490                      .dwattr $C$DW$35, DW_AT_high_pc(0x00)
     491                      .dwattr $C$DW$35, DW_AT_linkage_name("Board_init")
     492                      .dwattr $C$DW$35, DW_AT_external
     493                      .dwattr $C$DW$35, DW_AT_decl_file("../sources/motorboard.c")
     494                      .dwattr $C$DW$35, DW_AT_decl_line(0x2e)
     495                      .dwattr $C$DW$35, DW_AT_decl_column(0x06)
     496                      .dwattr $C$DW$35, DW_AT_TI_max_frame_size(-4)
     497                      .dwpsn  file "../sources/motorboard.c",line 47,column 1,is_stmt,address ||Board_init||,isa 0
     498              
     499                      .dwfde $C$DW$CIE, ||Board_init||
     500              
     501              ;***************************************************************
     502              ;* FNAME: Board_init                    FR SIZE:   2           *
     503              ;*                                                             *
     504              ;* FUNCTION ENVIRONMENT                                        *
     505              ;*                                                             *
     506              ;* FUNCTION PROPERTIES                                         *
     507              ;*                            2 Parameter,  0 Auto,  0 SOE     *
     508              ;***************************************************************
     509              
     510 00000000       ||Board_init||:
     511                      .dwcfi  cfa_offset, -2
     512                      .dwcfi  save_reg_to_mem, 26, 0
     513 00000000 FE02          ADDB      SP,#2                 ; [CPU_ARAU] 
     514                      .dwcfi  cfa_offset, -4
     515                      .dwpsn  file "../sources/motorboard.c",line 48,column 2,is_stmt,isa 0
     516 00000001 7622          EALLOW    ; [CPU_ALU] |48| 
     517                      .dwpsn  file "../sources/motorboard.c",line 75,column 2,is_stmt,isa 0
     518 00000002 28A9          MOV       AL,#3590              ; [CPU_ALU] |75| 
         00000003 0E06 
     519 00000004 9B48          MOV       AH,#72                ; [CPU_ALU] |75| 
     520              $C$DW$36        .dwtag  DW_TAG_TI_branch
     521                      .dwattr $C$DW$36, DW_AT_low_pc(0x00)
     522                      .dwattr $C$DW$36, DW_AT_name("GPIO_setPinConfig")
     523                      .dwattr $C$DW$36, DW_AT_TI_call
     524              
     525 00000005 7640!         LCR       #||GPIO_setPinConfig|| ; [CPU_ALU] |75| 
         00000006 0000 
     526                      ; call occurs [#||GPIO_setPinConfig||] ; [] |75| 
     527                      .dwpsn  file "../sources/motorboard.c",line 76,column 2,is_stmt,isa 0
     528 00000007 0201          MOVB      ACC,#1                ; [CPU_ALU] |76| 
     529 00000008 1E42          MOVL      *-SP[2],ACC           ; [CPU_ALU] |76| 
     530 00000009 0237          MOVB      ACC,#55               ; [CPU_ALU] |76| 
     531              $C$DW$37        .dwtag  DW_TAG_TI_branch
     532                      .dwattr $C$DW$37, DW_AT_low_pc(0x00)
     533                      .dwattr $C$DW$37, DW_AT_name("GPIO_setPadConfig")
     534                      .dwattr $C$DW$37, DW_AT_TI_call
     535              
     536 0000000a 7640!         LCR       #||GPIO_setPadConfig|| ; [CPU_ALU] |76| 
TMS320C2000 Assembler PC v22.6.2 Sun Mar 29 17:29:47 2026

Copyright (c) 1996-2018 Texas Instruments Incorporated
motorboard.asm                                                       PAGE   12

         0000000b 0000 
     537                      ; call occurs [#||GPIO_setPadConfig||] ; [] |76| 
     538                      .dwpsn  file "../sources/motorboard.c",line 77,column 2,is_stmt,isa 0
     539 0000000c D403          MOVB      XAR4,#3               ; [CPU_ALU] |77| 
     540 0000000d 0237          MOVB      ACC,#55               ; [CPU_ALU] |77| 
     541              $C$DW$38        .dwtag  DW_TAG_TI_branch
     542                      .dwattr $C$DW$38, DW_AT_low_pc(0x00)
     543                      .dwattr $C$DW$38, DW_AT_name("GPIO_setQualificationMode")
     544                      .dwattr $C$DW$38, DW_AT_TI_call
     545              
     546 0000000e 7640!         LCR       #||GPIO_setQualificationMode|| ; [CPU_ALU] |77| 
         0000000f 0000 
     547                      ; call occurs [#||GPIO_setQualificationMode||] ; [] |77| 
     548                      .dwpsn  file "../sources/motorboard.c",line 79,column 2,is_stmt,isa 0
     549 00000010 28A9          MOV       AL,#3078              ; [CPU_ALU] |79| 
         00000011 0C06 
     550 00000012 9B48          MOV       AH,#72                ; [CPU_ALU] |79| 
     551              $C$DW$39        .dwtag  DW_TAG_TI_branch
     552                      .dwattr $C$DW$39, DW_AT_low_pc(0x00)
     553                      .dwattr $C$DW$39, DW_AT_name("GPIO_setPinConfig")
     554                      .dwattr $C$DW$39, DW_AT_TI_call
     555              
     556 00000013 7640!         LCR       #||GPIO_setPinConfig|| ; [CPU_ALU] |79| 
         00000014 0000 
     557                      ; call occurs [#||GPIO_setPinConfig||] ; [] |79| 
     558                      .dwpsn  file "../sources/motorboard.c",line 80,column 2,is_stmt,isa 0
     559 00000015 0201          MOVB      ACC,#1                ; [CPU_ALU] |80| 
     560 00000016 1E42          MOVL      *-SP[2],ACC           ; [CPU_ALU] |80| 
     561 00000017 0236          MOVB      ACC,#54               ; [CPU_ALU] |80| 
     562              $C$DW$40        .dwtag  DW_TAG_TI_branch
     563                      .dwattr $C$DW$40, DW_AT_low_pc(0x00)
     564                      .dwattr $C$DW$40, DW_AT_name("GPIO_setPadConfig")
     565                      .dwattr $C$DW$40, DW_AT_TI_call
     566              
     567 00000018 7640!         LCR       #||GPIO_setPadConfig|| ; [CPU_ALU] |80| 
         00000019 0000 
     568                      ; call occurs [#||GPIO_setPadConfig||] ; [] |80| 
     569                      .dwpsn  file "../sources/motorboard.c",line 81,column 2,is_stmt,isa 0
     570 0000001a D403          MOVB      XAR4,#3               ; [CPU_ALU] |81| 
     571 0000001b 0236          MOVB      ACC,#54               ; [CPU_ALU] |81| 
     572              $C$DW$41        .dwtag  DW_TAG_TI_branch
     573                      .dwattr $C$DW$41, DW_AT_low_pc(0x00)
     574                      .dwattr $C$DW$41, DW_AT_name("GPIO_setQualificationMode")
     575                      .dwattr $C$DW$41, DW_AT_TI_call
     576              
     577 0000001c 7640!         LCR       #||GPIO_setQualificationMode|| ; [CPU_ALU] |81| 
         0000001d 0000 
     578                      ; call occurs [#||GPIO_setQualificationMode||] ; [] |81| 
     579                      .dwpsn  file "../sources/motorboard.c",line 136,column 2,is_stmt,isa 0
     580              $C$DW$42        .dwtag  DW_TAG_TI_branch
     581                      .dwattr $C$DW$42, DW_AT_low_pc(0x00)
     582                      .dwattr $C$DW$42, DW_AT_name("mySCIB_init")
     583                      .dwattr $C$DW$42, DW_AT_TI_call
     584              
     585 0000001e 7640!         LCR       #||mySCIB_init||      ; [CPU_ALU] |136| 
TMS320C2000 Assembler PC v22.6.2 Sun Mar 29 17:29:47 2026

Copyright (c) 1996-2018 Texas Instruments Incorporated
motorboard.asm                                                       PAGE   13

         0000001f 0000 
     586                      ; call occurs [#||mySCIB_init||] ; [] |136| 
     587                      .dwpsn  file "../sources/motorboard.c",line 56,column 2,is_stmt,isa 0
     588 00000020 761A          EDIS      ; [CPU_ALU] |56| 
     589 00000021 FE82          SUBB      SP,#2                 ; [CPU_ARAU] 
     590                      .dwcfi  cfa_offset, -2
     591              $C$DW$43        .dwtag  DW_TAG_TI_branch
     592                      .dwattr $C$DW$43, DW_AT_low_pc(0x00)
     593                      .dwattr $C$DW$43, DW_AT_TI_return
     594              
     595 00000022 0006          LRETR     ; [CPU_ALU] 
     596                      ; return occurs ; [] 
     597                      .dwattr $C$DW$35, DW_AT_TI_end_file("../sources/motorboard.c")
     598                      .dwattr $C$DW$35, DW_AT_TI_end_line(0x39)
     599                      .dwattr $C$DW$35, DW_AT_TI_end_column(0x01)
     600                      .dwendentry
     601                      .dwendtag $C$DW$35
     602              
     603              ;**************************************************************
     604              ;* UNDEFINED EXTERNAL REFERENCES                              *
     605              ;**************************************************************
     606                      .global ||GPIO_setPinConfig||
     607                      .global ||GPIO_setPadConfig||
     608                      .global ||GPIO_setQualificationMode||
     609                      .global ||SCI_clearInterruptStatus||
     610                      .global ||SCI_setConfig||
     611              
     612              ;***************************************************************
     613              ;* BUILD ATTRIBUTES                                            *
     614              ;***************************************************************
     615                      .battr "c28xabi", Tag_File, 1, Tag_float_args(0)
     616                      .battr "c28xabi", Tag_File, 1, Tag_double_args(0)
     617                      .dwattr $C$DW$CU, DW_AT_language(DW_LANG_C)
     618              
     619              ;***************************************************************
     620              ;* DWARF CIE ENTRIES                                           *
     621              ;***************************************************************
     622              
     623              $C$DW$CIE       .dwcie 26
     624                      .dwcfi  cfa_register, 20
     625                      .dwcfi  cfa_offset, 0
     626                      .dwcfi  same_value, 28
     627                      .dwcfi  same_value, 6
     628                      .dwcfi  same_value, 7
     629                      .dwcfi  same_value, 8
     630                      .dwcfi  same_value, 9
     631                      .dwcfi  same_value, 10
     632                      .dwcfi  same_value, 11
     633                      .dwcfi  same_value, 59
     634                      .dwcfi  same_value, 63
     635                      .dwcfi  same_value, 67
     636                      .dwcfi  same_value, 71
     637                      .dwendentry
     638                      .dwendtag $C$DW$CU
     639              
TMS320C2000 Assembler PC v22.6.2 Sun Mar 29 17:29:47 2026

Copyright (c) 1996-2018 Texas Instruments Incorporated
motorboard.asm                                                       PAGE   14

     640              
     641              ;***************************************************************
     642              ;* TYPE INFORMATION                                            *
     643              ;***************************************************************
     644              
     645              $C$DW$TU$19     .dwtag  DW_TAG_type_unit
     646                      .dwmtype  $C$DW$T$19
     647              
     648              $C$DW$T$19      .dwtag  DW_TAG_enumeration_type
     649                      .dwattr $C$DW$T$19, DW_AT_byte_size(0x01)
     650              $C$DW$44        .dwtag  DW_TAG_enumerator
     651                      .dwattr $C$DW$44, DW_AT_name("GPIO_QUAL_SYNC")
     652                      .dwattr $C$DW$44, DW_AT_const_value(0x00)
     653                      .dwattr $C$DW$44, DW_AT_decl_file("C:/TI/C2000Ware_MotorControl_SDK_5_04_00_00/c2000ware/driverlib/f2
     654                      .dwattr $C$DW$44, DW_AT_decl_line(0x97)
     655                      .dwattr $C$DW$44, DW_AT_decl_column(0x05)
     656              
     657              $C$DW$45        .dwtag  DW_TAG_enumerator
     658                      .dwattr $C$DW$45, DW_AT_name("GPIO_QUAL_3SAMPLE")
     659                      .dwattr $C$DW$45, DW_AT_const_value(0x01)
     660                      .dwattr $C$DW$45, DW_AT_decl_file("C:/TI/C2000Ware_MotorControl_SDK_5_04_00_00/c2000ware/driverlib/f2
     661                      .dwattr $C$DW$45, DW_AT_decl_line(0x98)
     662                      .dwattr $C$DW$45, DW_AT_decl_column(0x05)
     663              
     664              $C$DW$46        .dwtag  DW_TAG_enumerator
     665                      .dwattr $C$DW$46, DW_AT_name("GPIO_QUAL_6SAMPLE")
     666                      .dwattr $C$DW$46, DW_AT_const_value(0x02)
     667                      .dwattr $C$DW$46, DW_AT_decl_file("C:/TI/C2000Ware_MotorControl_SDK_5_04_00_00/c2000ware/driverlib/f2
     668                      .dwattr $C$DW$46, DW_AT_decl_line(0x99)
     669                      .dwattr $C$DW$46, DW_AT_decl_column(0x05)
     670              
     671              $C$DW$47        .dwtag  DW_TAG_enumerator
     672                      .dwattr $C$DW$47, DW_AT_name("GPIO_QUAL_ASYNC")
     673                      .dwattr $C$DW$47, DW_AT_const_value(0x03)
     674                      .dwattr $C$DW$47, DW_AT_decl_file("C:/TI/C2000Ware_MotorControl_SDK_5_04_00_00/c2000ware/driverlib/f2
     675                      .dwattr $C$DW$47, DW_AT_decl_line(0x9a)
     676                      .dwattr $C$DW$47, DW_AT_decl_column(0x05)
     677              
     678                      .dwattr $C$DW$T$19, DW_AT_decl_file("C:/TI/C2000Ware_MotorControl_SDK_5_04_00_00/c2000ware/driverlib/
     679                      .dwattr $C$DW$T$19, DW_AT_decl_line(0x96)
     680                      .dwattr $C$DW$T$19, DW_AT_decl_column(0x01)
     681                      .dwendtag $C$DW$T$19
     682              
     683                      .dwendtag $C$DW$TU$19
     684              
     685              
     686              $C$DW$TU$20     .dwtag  DW_TAG_type_unit
     687                      .dwmtype  $C$DW$T$20
     688              $C$DW$T$20      .dwtag  DW_TAG_typedef
     689                      .dwattr $C$DW$T$20, DW_AT_name("GPIO_QualificationMode")
     690                      .dwattr $C$DW$T$20, DW_AT_type(*$C$DW$T$19)
     691                      .dwattr $C$DW$T$20, DW_AT_decl_file("C:/TI/C2000Ware_MotorControl_SDK_5_04_00_00/c2000ware/driverlib/
     692                      .dwattr $C$DW$T$20, DW_AT_decl_line(0x9b)
     693                      .dwattr $C$DW$T$20, DW_AT_decl_column(0x03)
     694              
TMS320C2000 Assembler PC v22.6.2 Sun Mar 29 17:29:47 2026

Copyright (c) 1996-2018 Texas Instruments Incorporated
motorboard.asm                                                       PAGE   15

     695                      .dwendtag $C$DW$TU$20
     696              
     697              
     698              $C$DW$TU$21     .dwtag  DW_TAG_type_unit
     699                      .dwmtype  $C$DW$T$21
     700              
     701              $C$DW$T$21      .dwtag  DW_TAG_enumeration_type
     702                      .dwattr $C$DW$T$21, DW_AT_byte_size(0x01)
     703              $C$DW$48        .dwtag  DW_TAG_enumerator
     704                      .dwattr $C$DW$48, DW_AT_name("SCI_FIFO_TX0")
     705                      .dwattr $C$DW$48, DW_AT_const_value(0x00)
     706                      .dwattr $C$DW$48, DW_AT_decl_file("C:/TI/C2000Ware_MotorControl_SDK_5_04_00_00/c2000ware/driverlib/f2
     707                      .dwattr $C$DW$48, DW_AT_decl_line(0x84)
     708                      .dwattr $C$DW$48, DW_AT_decl_column(0x05)
     709              
     710              $C$DW$49        .dwtag  DW_TAG_enumerator
     711                      .dwattr $C$DW$49, DW_AT_name("SCI_FIFO_TX1")
     712                      .dwattr $C$DW$49, DW_AT_const_value(0x01)
     713                      .dwattr $C$DW$49, DW_AT_decl_file("C:/TI/C2000Ware_MotorControl_SDK_5_04_00_00/c2000ware/driverlib/f2
     714                      .dwattr $C$DW$49, DW_AT_decl_line(0x85)
     715                      .dwattr $C$DW$49, DW_AT_decl_column(0x05)
     716              
     717              $C$DW$50        .dwtag  DW_TAG_enumerator
     718                      .dwattr $C$DW$50, DW_AT_name("SCI_FIFO_TX2")
     719                      .dwattr $C$DW$50, DW_AT_const_value(0x02)
     720                      .dwattr $C$DW$50, DW_AT_decl_file("C:/TI/C2000Ware_MotorControl_SDK_5_04_00_00/c2000ware/driverlib/f2
     721                      .dwattr $C$DW$50, DW_AT_decl_line(0x86)
     722                      .dwattr $C$DW$50, DW_AT_decl_column(0x05)
     723              
     724              $C$DW$51        .dwtag  DW_TAG_enumerator
     725                      .dwattr $C$DW$51, DW_AT_name("SCI_FIFO_TX3")
     726                      .dwattr $C$DW$51, DW_AT_const_value(0x03)
     727                      .dwattr $C$DW$51, DW_AT_decl_file("C:/TI/C2000Ware_MotorControl_SDK_5_04_00_00/c2000ware/driverlib/f2
     728                      .dwattr $C$DW$51, DW_AT_decl_line(0x87)
     729                      .dwattr $C$DW$51, DW_AT_decl_column(0x05)
     730              
     731              $C$DW$52        .dwtag  DW_TAG_enumerator
     732                      .dwattr $C$DW$52, DW_AT_name("SCI_FIFO_TX4")
     733                      .dwattr $C$DW$52, DW_AT_const_value(0x04)
     734                      .dwattr $C$DW$52, DW_AT_decl_file("C:/TI/C2000Ware_MotorControl_SDK_5_04_00_00/c2000ware/driverlib/f2
     735                      .dwattr $C$DW$52, DW_AT_decl_line(0x88)
     736                      .dwattr $C$DW$52, DW_AT_decl_column(0x05)
     737              
     738              $C$DW$53        .dwtag  DW_TAG_enumerator
     739                      .dwattr $C$DW$53, DW_AT_name("SCI_FIFO_TX5")
     740                      .dwattr $C$DW$53, DW_AT_const_value(0x05)
     741                      .dwattr $C$DW$53, DW_AT_decl_file("C:/TI/C2000Ware_MotorControl_SDK_5_04_00_00/c2000ware/driverlib/f2
     742                      .dwattr $C$DW$53, DW_AT_decl_line(0x89)
     743                      .dwattr $C$DW$53, DW_AT_decl_column(0x05)
     744              
     745              $C$DW$54        .dwtag  DW_TAG_enumerator
     746                      .dwattr $C$DW$54, DW_AT_name("SCI_FIFO_TX6")
     747                      .dwattr $C$DW$54, DW_AT_const_value(0x06)
     748                      .dwattr $C$DW$54, DW_AT_decl_file("C:/TI/C2000Ware_MotorControl_SDK_5_04_00_00/c2000ware/driverlib/f2
     749                      .dwattr $C$DW$54, DW_AT_decl_line(0x8a)
TMS320C2000 Assembler PC v22.6.2 Sun Mar 29 17:29:47 2026

Copyright (c) 1996-2018 Texas Instruments Incorporated
motorboard.asm                                                       PAGE   16

     750                      .dwattr $C$DW$54, DW_AT_decl_column(0x05)
     751              
     752              $C$DW$55        .dwtag  DW_TAG_enumerator
     753                      .dwattr $C$DW$55, DW_AT_name("SCI_FIFO_TX7")
     754                      .dwattr $C$DW$55, DW_AT_const_value(0x07)
     755                      .dwattr $C$DW$55, DW_AT_decl_file("C:/TI/C2000Ware_MotorControl_SDK_5_04_00_00/c2000ware/driverlib/f2
     756                      .dwattr $C$DW$55, DW_AT_decl_line(0x8b)
     757                      .dwattr $C$DW$55, DW_AT_decl_column(0x05)
     758              
     759              $C$DW$56        .dwtag  DW_TAG_enumerator
     760                      .dwattr $C$DW$56, DW_AT_name("SCI_FIFO_TX8")
     761                      .dwattr $C$DW$56, DW_AT_const_value(0x08)
     762                      .dwattr $C$DW$56, DW_AT_decl_file("C:/TI/C2000Ware_MotorControl_SDK_5_04_00_00/c2000ware/driverlib/f2
     763                      .dwattr $C$DW$56, DW_AT_decl_line(0x8c)
     764                      .dwattr $C$DW$56, DW_AT_decl_column(0x05)
     765              
     766              $C$DW$57        .dwtag  DW_TAG_enumerator
     767                      .dwattr $C$DW$57, DW_AT_name("SCI_FIFO_TX9")
     768                      .dwattr $C$DW$57, DW_AT_const_value(0x09)
     769                      .dwattr $C$DW$57, DW_AT_decl_file("C:/TI/C2000Ware_MotorControl_SDK_5_04_00_00/c2000ware/driverlib/f2
     770                      .dwattr $C$DW$57, DW_AT_decl_line(0x8d)
     771                      .dwattr $C$DW$57, DW_AT_decl_column(0x05)
     772              
     773              $C$DW$58        .dwtag  DW_TAG_enumerator
     774                      .dwattr $C$DW$58, DW_AT_name("SCI_FIFO_TX10")
     775                      .dwattr $C$DW$58, DW_AT_const_value(0x0a)
     776                      .dwattr $C$DW$58, DW_AT_decl_file("C:/TI/C2000Ware_MotorControl_SDK_5_04_00_00/c2000ware/driverlib/f2
     777                      .dwattr $C$DW$58, DW_AT_decl_line(0x8e)
     778                      .dwattr $C$DW$58, DW_AT_decl_column(0x05)
     779              
     780              $C$DW$59        .dwtag  DW_TAG_enumerator
     781                      .dwattr $C$DW$59, DW_AT_name("SCI_FIFO_TX11")
     782                      .dwattr $C$DW$59, DW_AT_const_value(0x0b)
     783                      .dwattr $C$DW$59, DW_AT_decl_file("C:/TI/C2000Ware_MotorControl_SDK_5_04_00_00/c2000ware/driverlib/f2
     784                      .dwattr $C$DW$59, DW_AT_decl_line(0x8f)
     785                      .dwattr $C$DW$59, DW_AT_decl_column(0x05)
     786              
     787              $C$DW$60        .dwtag  DW_TAG_enumerator
     788                      .dwattr $C$DW$60, DW_AT_name("SCI_FIFO_TX12")
     789                      .dwattr $C$DW$60, DW_AT_const_value(0x0c)
     790                      .dwattr $C$DW$60, DW_AT_decl_file("C:/TI/C2000Ware_MotorControl_SDK_5_04_00_00/c2000ware/driverlib/f2
     791                      .dwattr $C$DW$60, DW_AT_decl_line(0x90)
     792                      .dwattr $C$DW$60, DW_AT_decl_column(0x05)
     793              
     794              $C$DW$61        .dwtag  DW_TAG_enumerator
     795                      .dwattr $C$DW$61, DW_AT_name("SCI_FIFO_TX13")
     796                      .dwattr $C$DW$61, DW_AT_const_value(0x0d)
     797                      .dwattr $C$DW$61, DW_AT_decl_file("C:/TI/C2000Ware_MotorControl_SDK_5_04_00_00/c2000ware/driverlib/f2
     798                      .dwattr $C$DW$61, DW_AT_decl_line(0x91)
     799                      .dwattr $C$DW$61, DW_AT_decl_column(0x05)
     800              
     801              $C$DW$62        .dwtag  DW_TAG_enumerator
     802                      .dwattr $C$DW$62, DW_AT_name("SCI_FIFO_TX14")
     803                      .dwattr $C$DW$62, DW_AT_const_value(0x0e)
     804                      .dwattr $C$DW$62, DW_AT_decl_file("C:/TI/C2000Ware_MotorControl_SDK_5_04_00_00/c2000ware/driverlib/f2
TMS320C2000 Assembler PC v22.6.2 Sun Mar 29 17:29:47 2026

Copyright (c) 1996-2018 Texas Instruments Incorporated
motorboard.asm                                                       PAGE   17

     805                      .dwattr $C$DW$62, DW_AT_decl_line(0x92)
     806                      .dwattr $C$DW$62, DW_AT_decl_column(0x05)
     807              
     808              $C$DW$63        .dwtag  DW_TAG_enumerator
     809                      .dwattr $C$DW$63, DW_AT_name("SCI_FIFO_TX15")
     810                      .dwattr $C$DW$63, DW_AT_const_value(0x0f)
     811                      .dwattr $C$DW$63, DW_AT_decl_file("C:/TI/C2000Ware_MotorControl_SDK_5_04_00_00/c2000ware/driverlib/f2
     812                      .dwattr $C$DW$63, DW_AT_decl_line(0x93)
     813                      .dwattr $C$DW$63, DW_AT_decl_column(0x05)
     814              
     815              $C$DW$64        .dwtag  DW_TAG_enumerator
     816                      .dwattr $C$DW$64, DW_AT_name("SCI_FIFO_TX16")
     817                      .dwattr $C$DW$64, DW_AT_const_value(0x10)
     818                      .dwattr $C$DW$64, DW_AT_decl_file("C:/TI/C2000Ware_MotorControl_SDK_5_04_00_00/c2000ware/driverlib/f2
     819                      .dwattr $C$DW$64, DW_AT_decl_line(0x94)
     820                      .dwattr $C$DW$64, DW_AT_decl_column(0x05)
     821              
     822                      .dwattr $C$DW$T$21, DW_AT_decl_file("C:/TI/C2000Ware_MotorControl_SDK_5_04_00_00/c2000ware/driverlib/
     823                      .dwattr $C$DW$T$21, DW_AT_decl_line(0x83)
     824                      .dwattr $C$DW$T$21, DW_AT_decl_column(0x01)
     825                      .dwendtag $C$DW$T$21
     826              
     827                      .dwendtag $C$DW$TU$21
     828              
     829              
     830              $C$DW$TU$22     .dwtag  DW_TAG_type_unit
     831                      .dwmtype  $C$DW$T$22
     832              $C$DW$T$22      .dwtag  DW_TAG_typedef
     833                      .dwattr $C$DW$T$22, DW_AT_name("SCI_TxFIFOLevel")
     834                      .dwattr $C$DW$T$22, DW_AT_type(*$C$DW$T$21)
     835                      .dwattr $C$DW$T$22, DW_AT_decl_file("C:/TI/C2000Ware_MotorControl_SDK_5_04_00_00/c2000ware/driverlib/
     836                      .dwattr $C$DW$T$22, DW_AT_decl_line(0x95)
     837                      .dwattr $C$DW$T$22, DW_AT_decl_column(0x03)
     838              
     839                      .dwendtag $C$DW$TU$22
     840              
     841              
     842              $C$DW$TU$23     .dwtag  DW_TAG_type_unit
     843                      .dwmtype  $C$DW$T$23
     844              
     845              $C$DW$T$23      .dwtag  DW_TAG_enumeration_type
     846                      .dwattr $C$DW$T$23, DW_AT_byte_size(0x01)
     847              $C$DW$65        .dwtag  DW_TAG_enumerator
     848                      .dwattr $C$DW$65, DW_AT_name("SCI_FIFO_RX0")
     849                      .dwattr $C$DW$65, DW_AT_const_value(0x00)
     850                      .dwattr $C$DW$65, DW_AT_decl_file("C:/TI/C2000Ware_MotorControl_SDK_5_04_00_00/c2000ware/driverlib/f2
     851                      .dwattr $C$DW$65, DW_AT_decl_line(0xa0)
     852                      .dwattr $C$DW$65, DW_AT_decl_column(0x05)
     853              
     854              $C$DW$66        .dwtag  DW_TAG_enumerator
     855                      .dwattr $C$DW$66, DW_AT_name("SCI_FIFO_RX1")
     856                      .dwattr $C$DW$66, DW_AT_const_value(0x01)
     857                      .dwattr $C$DW$66, DW_AT_decl_file("C:/TI/C2000Ware_MotorControl_SDK_5_04_00_00/c2000ware/driverlib/f2
     858                      .dwattr $C$DW$66, DW_AT_decl_line(0xa1)
     859                      .dwattr $C$DW$66, DW_AT_decl_column(0x05)
TMS320C2000 Assembler PC v22.6.2 Sun Mar 29 17:29:47 2026

Copyright (c) 1996-2018 Texas Instruments Incorporated
motorboard.asm                                                       PAGE   18

     860              
     861              $C$DW$67        .dwtag  DW_TAG_enumerator
     862                      .dwattr $C$DW$67, DW_AT_name("SCI_FIFO_RX2")
     863                      .dwattr $C$DW$67, DW_AT_const_value(0x02)
     864                      .dwattr $C$DW$67, DW_AT_decl_file("C:/TI/C2000Ware_MotorControl_SDK_5_04_00_00/c2000ware/driverlib/f2
     865                      .dwattr $C$DW$67, DW_AT_decl_line(0xa2)
     866                      .dwattr $C$DW$67, DW_AT_decl_column(0x05)
     867              
     868              $C$DW$68        .dwtag  DW_TAG_enumerator
     869                      .dwattr $C$DW$68, DW_AT_name("SCI_FIFO_RX3")
     870                      .dwattr $C$DW$68, DW_AT_const_value(0x03)
     871                      .dwattr $C$DW$68, DW_AT_decl_file("C:/TI/C2000Ware_MotorControl_SDK_5_04_00_00/c2000ware/driverlib/f2
     872                      .dwattr $C$DW$68, DW_AT_decl_line(0xa3)
     873                      .dwattr $C$DW$68, DW_AT_decl_column(0x05)
     874              
     875              $C$DW$69        .dwtag  DW_TAG_enumerator
     876                      .dwattr $C$DW$69, DW_AT_name("SCI_FIFO_RX4")
     877                      .dwattr $C$DW$69, DW_AT_const_value(0x04)
     878                      .dwattr $C$DW$69, DW_AT_decl_file("C:/TI/C2000Ware_MotorControl_SDK_5_04_00_00/c2000ware/driverlib/f2
     879                      .dwattr $C$DW$69, DW_AT_decl_line(0xa4)
     880                      .dwattr $C$DW$69, DW_AT_decl_column(0x05)
     881              
     882              $C$DW$70        .dwtag  DW_TAG_enumerator
     883                      .dwattr $C$DW$70, DW_AT_name("SCI_FIFO_RX5")
     884                      .dwattr $C$DW$70, DW_AT_const_value(0x05)
     885                      .dwattr $C$DW$70, DW_AT_decl_file("C:/TI/C2000Ware_MotorControl_SDK_5_04_00_00/c2000ware/driverlib/f2
     886                      .dwattr $C$DW$70, DW_AT_decl_line(0xa5)
     887                      .dwattr $C$DW$70, DW_AT_decl_column(0x05)
     888              
     889              $C$DW$71        .dwtag  DW_TAG_enumerator
     890                      .dwattr $C$DW$71, DW_AT_name("SCI_FIFO_RX6")
     891                      .dwattr $C$DW$71, DW_AT_const_value(0x06)
     892                      .dwattr $C$DW$71, DW_AT_decl_file("C:/TI/C2000Ware_MotorControl_SDK_5_04_00_00/c2000ware/driverlib/f2
     893                      .dwattr $C$DW$71, DW_AT_decl_line(0xa6)
     894                      .dwattr $C$DW$71, DW_AT_decl_column(0x05)
     895              
     896              $C$DW$72        .dwtag  DW_TAG_enumerator
     897                      .dwattr $C$DW$72, DW_AT_name("SCI_FIFO_RX7")
     898                      .dwattr $C$DW$72, DW_AT_const_value(0x07)
     899                      .dwattr $C$DW$72, DW_AT_decl_file("C:/TI/C2000Ware_MotorControl_SDK_5_04_00_00/c2000ware/driverlib/f2
     900                      .dwattr $C$DW$72, DW_AT_decl_line(0xa7)
     901                      .dwattr $C$DW$72, DW_AT_decl_column(0x05)
     902              
     903              $C$DW$73        .dwtag  DW_TAG_enumerator
     904                      .dwattr $C$DW$73, DW_AT_name("SCI_FIFO_RX8")
     905                      .dwattr $C$DW$73, DW_AT_const_value(0x08)
     906                      .dwattr $C$DW$73, DW_AT_decl_file("C:/TI/C2000Ware_MotorControl_SDK_5_04_00_00/c2000ware/driverlib/f2
     907                      .dwattr $C$DW$73, DW_AT_decl_line(0xa8)
     908                      .dwattr $C$DW$73, DW_AT_decl_column(0x05)
     909              
     910              $C$DW$74        .dwtag  DW_TAG_enumerator
     911                      .dwattr $C$DW$74, DW_AT_name("SCI_FIFO_RX9")
     912                      .dwattr $C$DW$74, DW_AT_const_value(0x09)
     913                      .dwattr $C$DW$74, DW_AT_decl_file("C:/TI/C2000Ware_MotorControl_SDK_5_04_00_00/c2000ware/driverlib/f2
     914                      .dwattr $C$DW$74, DW_AT_decl_line(0xa9)
TMS320C2000 Assembler PC v22.6.2 Sun Mar 29 17:29:47 2026

Copyright (c) 1996-2018 Texas Instruments Incorporated
motorboard.asm                                                       PAGE   19

     915                      .dwattr $C$DW$74, DW_AT_decl_column(0x05)
     916              
     917              $C$DW$75        .dwtag  DW_TAG_enumerator
     918                      .dwattr $C$DW$75, DW_AT_name("SCI_FIFO_RX10")
     919                      .dwattr $C$DW$75, DW_AT_const_value(0x0a)
     920                      .dwattr $C$DW$75, DW_AT_decl_file("C:/TI/C2000Ware_MotorControl_SDK_5_04_00_00/c2000ware/driverlib/f2
     921                      .dwattr $C$DW$75, DW_AT_decl_line(0xaa)
     922                      .dwattr $C$DW$75, DW_AT_decl_column(0x05)
     923              
     924              $C$DW$76        .dwtag  DW_TAG_enumerator
     925                      .dwattr $C$DW$76, DW_AT_name("SCI_FIFO_RX11")
     926                      .dwattr $C$DW$76, DW_AT_const_value(0x0b)
     927                      .dwattr $C$DW$76, DW_AT_decl_file("C:/TI/C2000Ware_MotorControl_SDK_5_04_00_00/c2000ware/driverlib/f2
     928                      .dwattr $C$DW$76, DW_AT_decl_line(0xab)
     929                      .dwattr $C$DW$76, DW_AT_decl_column(0x05)
     930              
     931              $C$DW$77        .dwtag  DW_TAG_enumerator
     932                      .dwattr $C$DW$77, DW_AT_name("SCI_FIFO_RX12")
     933                      .dwattr $C$DW$77, DW_AT_const_value(0x0c)
     934                      .dwattr $C$DW$77, DW_AT_decl_file("C:/TI/C2000Ware_MotorControl_SDK_5_04_00_00/c2000ware/driverlib/f2
     935                      .dwattr $C$DW$77, DW_AT_decl_line(0xac)
     936                      .dwattr $C$DW$77, DW_AT_decl_column(0x05)
     937              
     938              $C$DW$78        .dwtag  DW_TAG_enumerator
     939                      .dwattr $C$DW$78, DW_AT_name("SCI_FIFO_RX13")
     940                      .dwattr $C$DW$78, DW_AT_const_value(0x0d)
     941                      .dwattr $C$DW$78, DW_AT_decl_file("C:/TI/C2000Ware_MotorControl_SDK_5_04_00_00/c2000ware/driverlib/f2
     942                      .dwattr $C$DW$78, DW_AT_decl_line(0xad)
     943                      .dwattr $C$DW$78, DW_AT_decl_column(0x05)
     944              
     945              $C$DW$79        .dwtag  DW_TAG_enumerator
     946                      .dwattr $C$DW$79, DW_AT_name("SCI_FIFO_RX14")
     947                      .dwattr $C$DW$79, DW_AT_const_value(0x0e)
     948                      .dwattr $C$DW$79, DW_AT_decl_file("C:/TI/C2000Ware_MotorControl_SDK_5_04_00_00/c2000ware/driverlib/f2
     949                      .dwattr $C$DW$79, DW_AT_decl_line(0xae)
     950                      .dwattr $C$DW$79, DW_AT_decl_column(0x05)
     951              
     952              $C$DW$80        .dwtag  DW_TAG_enumerator
     953                      .dwattr $C$DW$80, DW_AT_name("SCI_FIFO_RX15")
     954                      .dwattr $C$DW$80, DW_AT_const_value(0x0f)
     955                      .dwattr $C$DW$80, DW_AT_decl_file("C:/TI/C2000Ware_MotorControl_SDK_5_04_00_00/c2000ware/driverlib/f2
     956                      .dwattr $C$DW$80, DW_AT_decl_line(0xaf)
     957                      .dwattr $C$DW$80, DW_AT_decl_column(0x05)
     958              
     959              $C$DW$81        .dwtag  DW_TAG_enumerator
     960                      .dwattr $C$DW$81, DW_AT_name("SCI_FIFO_RX16")
     961                      .dwattr $C$DW$81, DW_AT_const_value(0x10)
     962                      .dwattr $C$DW$81, DW_AT_decl_file("C:/TI/C2000Ware_MotorControl_SDK_5_04_00_00/c2000ware/driverlib/f2
     963                      .dwattr $C$DW$81, DW_AT_decl_line(0xb0)
     964                      .dwattr $C$DW$81, DW_AT_decl_column(0x05)
     965              
     966                      .dwattr $C$DW$T$23, DW_AT_decl_file("C:/TI/C2000Ware_MotorControl_SDK_5_04_00_00/c2000ware/driverlib/
     967                      .dwattr $C$DW$T$23, DW_AT_decl_line(0x9f)
     968                      .dwattr $C$DW$T$23, DW_AT_decl_column(0x01)
     969                      .dwendtag $C$DW$T$23
TMS320C2000 Assembler PC v22.6.2 Sun Mar 29 17:29:47 2026

Copyright (c) 1996-2018 Texas Instruments Incorporated
motorboard.asm                                                       PAGE   20

     970              
     971                      .dwendtag $C$DW$TU$23
     972              
     973              
     974              $C$DW$TU$24     .dwtag  DW_TAG_type_unit
     975                      .dwmtype  $C$DW$T$24
     976              $C$DW$T$24      .dwtag  DW_TAG_typedef
     977                      .dwattr $C$DW$T$24, DW_AT_name("SCI_RxFIFOLevel")
     978                      .dwattr $C$DW$T$24, DW_AT_type(*$C$DW$T$23)
     979                      .dwattr $C$DW$T$24, DW_AT_decl_file("C:/TI/C2000Ware_MotorControl_SDK_5_04_00_00/c2000ware/driverlib/
     980                      .dwattr $C$DW$T$24, DW_AT_decl_line(0xb1)
     981                      .dwattr $C$DW$T$24, DW_AT_decl_column(0x03)
     982              
     983                      .dwendtag $C$DW$TU$24
     984              
     985              
     986              $C$DW$TU$2      .dwtag  DW_TAG_type_unit
     987                      .dwmtype  $C$DW$T$2
     988              $C$DW$T$2       .dwtag  DW_TAG_unspecified_type
     989                      .dwattr $C$DW$T$2, DW_AT_name("void")
     990              
     991                      .dwendtag $C$DW$TU$2
     992              
     993              
     994              $C$DW$TU$4      .dwtag  DW_TAG_type_unit
     995                      .dwmtype  $C$DW$T$4
     996              $C$DW$T$4       .dwtag  DW_TAG_base_type
     997                      .dwattr $C$DW$T$4, DW_AT_encoding(DW_ATE_boolean)
     998                      .dwattr $C$DW$T$4, DW_AT_name("bool")
     999                      .dwattr $C$DW$T$4, DW_AT_byte_size(0x01)
    1000              
    1001                      .dwendtag $C$DW$TU$4
    1002              
    1003              
    1004              $C$DW$TU$5      .dwtag  DW_TAG_type_unit
    1005                      .dwmtype  $C$DW$T$5
    1006              $C$DW$T$5       .dwtag  DW_TAG_base_type
    1007                      .dwattr $C$DW$T$5, DW_AT_encoding(DW_ATE_signed_char)
    1008                      .dwattr $C$DW$T$5, DW_AT_name("signed char")
    1009                      .dwattr $C$DW$T$5, DW_AT_byte_size(0x01)
    1010              
    1011                      .dwendtag $C$DW$TU$5
    1012              
    1013              
    1014              $C$DW$TU$6      .dwtag  DW_TAG_type_unit
    1015                      .dwmtype  $C$DW$T$6
    1016              $C$DW$T$6       .dwtag  DW_TAG_base_type
    1017                      .dwattr $C$DW$T$6, DW_AT_encoding(DW_ATE_unsigned_char)
    1018                      .dwattr $C$DW$T$6, DW_AT_name("unsigned char")
    1019                      .dwattr $C$DW$T$6, DW_AT_byte_size(0x01)
    1020              
    1021                      .dwendtag $C$DW$TU$6
    1022              
    1023              
    1024              $C$DW$TU$7      .dwtag  DW_TAG_type_unit
TMS320C2000 Assembler PC v22.6.2 Sun Mar 29 17:29:47 2026

Copyright (c) 1996-2018 Texas Instruments Incorporated
motorboard.asm                                                       PAGE   21

    1025                      .dwmtype  $C$DW$T$7
    1026              $C$DW$T$7       .dwtag  DW_TAG_base_type
    1027                      .dwattr $C$DW$T$7, DW_AT_encoding(DW_ATE_signed_char)
    1028                      .dwattr $C$DW$T$7, DW_AT_name("wchar_t")
    1029                      .dwattr $C$DW$T$7, DW_AT_byte_size(0x02)
    1030              
    1031                      .dwendtag $C$DW$TU$7
    1032              
    1033              
    1034              $C$DW$TU$8      .dwtag  DW_TAG_type_unit
    1035                      .dwmtype  $C$DW$T$8
    1036              $C$DW$T$8       .dwtag  DW_TAG_base_type
    1037                      .dwattr $C$DW$T$8, DW_AT_encoding(DW_ATE_signed)
    1038                      .dwattr $C$DW$T$8, DW_AT_name("short")
    1039                      .dwattr $C$DW$T$8, DW_AT_byte_size(0x01)
    1040              
    1041                      .dwendtag $C$DW$TU$8
    1042              
    1043              
    1044              $C$DW$TU$9      .dwtag  DW_TAG_type_unit
    1045                      .dwmtype  $C$DW$T$9
    1046              $C$DW$T$9       .dwtag  DW_TAG_base_type
    1047                      .dwattr $C$DW$T$9, DW_AT_encoding(DW_ATE_unsigned)
    1048                      .dwattr $C$DW$T$9, DW_AT_name("unsigned short")
    1049                      .dwattr $C$DW$T$9, DW_AT_byte_size(0x01)
    1050              
    1051                      .dwendtag $C$DW$TU$9
    1052              
    1053              
    1054              $C$DW$TU$10     .dwtag  DW_TAG_type_unit
    1055                      .dwmtype  $C$DW$T$10
    1056              $C$DW$T$10      .dwtag  DW_TAG_base_type
    1057                      .dwattr $C$DW$T$10, DW_AT_encoding(DW_ATE_signed)
    1058                      .dwattr $C$DW$T$10, DW_AT_name("int")
    1059                      .dwattr $C$DW$T$10, DW_AT_byte_size(0x01)
    1060              
    1061                      .dwendtag $C$DW$TU$10
    1062              
    1063              
    1064              $C$DW$TU$11     .dwtag  DW_TAG_type_unit
    1065                      .dwmtype  $C$DW$T$11
    1066              $C$DW$T$11      .dwtag  DW_TAG_base_type
    1067                      .dwattr $C$DW$T$11, DW_AT_encoding(DW_ATE_unsigned)
    1068                      .dwattr $C$DW$T$11, DW_AT_name("unsigned int")
    1069                      .dwattr $C$DW$T$11, DW_AT_byte_size(0x01)
    1070              
    1071                      .dwendtag $C$DW$TU$11
    1072              
    1073              
    1074              $C$DW$TU$40     .dwtag  DW_TAG_type_unit
    1075                      .dwmtype  $C$DW$T$40
    1076              $C$DW$T$40      .dwtag  DW_TAG_typedef
    1077                      .dwattr $C$DW$T$40, DW_AT_name("__uint16_t")
    1078                      .dwattr $C$DW$T$40, DW_AT_type(*$C$DW$T$11)
    1079                      .dwattr $C$DW$T$40, DW_AT_decl_file("D:/TI/ccs/ccs/tools/compiler/ti-cgt-c2000_22.6.2.LTS/include/mac
TMS320C2000 Assembler PC v22.6.2 Sun Mar 29 17:29:47 2026

Copyright (c) 1996-2018 Texas Instruments Incorporated
motorboard.asm                                                       PAGE   22

    1080                      .dwattr $C$DW$T$40, DW_AT_decl_line(0x41)
    1081                      .dwattr $C$DW$T$40, DW_AT_decl_column(0x1c)
    1082              
    1083                      .dwendtag $C$DW$TU$40
    1084              
    1085              
    1086              $C$DW$TU$41     .dwtag  DW_TAG_type_unit
    1087                      .dwmtype  $C$DW$T$41
    1088              $C$DW$T$41      .dwtag  DW_TAG_typedef
    1089                      .dwattr $C$DW$T$41, DW_AT_name("uint16_t")
    1090                      .dwattr $C$DW$T$41, DW_AT_type(*$C$DW$T$40)
    1091                      .dwattr $C$DW$T$41, DW_AT_decl_file("D:/TI/ccs/ccs/tools/compiler/ti-cgt-c2000_22.6.2.LTS/include/sys
    1092                      .dwattr $C$DW$T$41, DW_AT_decl_line(0x41)
    1093                      .dwattr $C$DW$T$41, DW_AT_decl_column(0x15)
    1094              
    1095                      .dwendtag $C$DW$TU$41
    1096              
    1097              
    1098              $C$DW$TU$12     .dwtag  DW_TAG_type_unit
    1099                      .dwmtype  $C$DW$T$12
    1100              $C$DW$T$12      .dwtag  DW_TAG_base_type
    1101                      .dwattr $C$DW$T$12, DW_AT_encoding(DW_ATE_signed)
    1102                      .dwattr $C$DW$T$12, DW_AT_name("long")
    1103                      .dwattr $C$DW$T$12, DW_AT_byte_size(0x02)
    1104              
    1105                      .dwendtag $C$DW$TU$12
    1106              
    1107              
    1108              $C$DW$TU$13     .dwtag  DW_TAG_type_unit
    1109                      .dwmtype  $C$DW$T$13
    1110              $C$DW$T$13      .dwtag  DW_TAG_base_type
    1111                      .dwattr $C$DW$T$13, DW_AT_encoding(DW_ATE_unsigned)
    1112                      .dwattr $C$DW$T$13, DW_AT_name("unsigned long")
    1113                      .dwattr $C$DW$T$13, DW_AT_byte_size(0x02)
    1114              
    1115                      .dwendtag $C$DW$TU$13
    1116              
    1117              
    1118              $C$DW$TU$25     .dwtag  DW_TAG_type_unit
    1119                      .dwmtype  $C$DW$T$25
    1120              $C$DW$T$25      .dwtag  DW_TAG_typedef
    1121                      .dwattr $C$DW$T$25, DW_AT_name("__uint32_t")
    1122                      .dwattr $C$DW$T$25, DW_AT_type(*$C$DW$T$13)
    1123                      .dwattr $C$DW$T$25, DW_AT_decl_file("D:/TI/ccs/ccs/tools/compiler/ti-cgt-c2000_22.6.2.LTS/include/mac
    1124                      .dwattr $C$DW$T$25, DW_AT_decl_line(0x43)
    1125                      .dwattr $C$DW$T$25, DW_AT_decl_column(0x1c)
    1126              
    1127                      .dwendtag $C$DW$TU$25
    1128              
    1129              
    1130              $C$DW$TU$26     .dwtag  DW_TAG_type_unit
    1131                      .dwmtype  $C$DW$T$26
    1132              $C$DW$T$26      .dwtag  DW_TAG_typedef
    1133                      .dwattr $C$DW$T$26, DW_AT_name("uint32_t")
    1134                      .dwattr $C$DW$T$26, DW_AT_type(*$C$DW$T$25)
TMS320C2000 Assembler PC v22.6.2 Sun Mar 29 17:29:47 2026

Copyright (c) 1996-2018 Texas Instruments Incorporated
motorboard.asm                                                       PAGE   23

    1135                      .dwattr $C$DW$T$26, DW_AT_decl_file("D:/TI/ccs/ccs/tools/compiler/ti-cgt-c2000_22.6.2.LTS/include/sys
    1136                      .dwattr $C$DW$T$26, DW_AT_decl_line(0x46)
    1137                      .dwattr $C$DW$T$26, DW_AT_decl_column(0x15)
    1138              
    1139                      .dwendtag $C$DW$TU$26
    1140              
    1141              
    1142              $C$DW$TU$14     .dwtag  DW_TAG_type_unit
    1143                      .dwmtype  $C$DW$T$14
    1144              $C$DW$T$14      .dwtag  DW_TAG_base_type
    1145                      .dwattr $C$DW$T$14, DW_AT_encoding(DW_ATE_signed)
    1146                      .dwattr $C$DW$T$14, DW_AT_name("long long")
    1147                      .dwattr $C$DW$T$14, DW_AT_byte_size(0x04)
    1148              
    1149                      .dwendtag $C$DW$TU$14
    1150              
    1151              
    1152              $C$DW$TU$15     .dwtag  DW_TAG_type_unit
    1153                      .dwmtype  $C$DW$T$15
    1154              $C$DW$T$15      .dwtag  DW_TAG_base_type
    1155                      .dwattr $C$DW$T$15, DW_AT_encoding(DW_ATE_unsigned)
    1156                      .dwattr $C$DW$T$15, DW_AT_name("unsigned long long")
    1157                      .dwattr $C$DW$T$15, DW_AT_byte_size(0x04)
    1158              
    1159                      .dwendtag $C$DW$TU$15
    1160              
    1161              
    1162              $C$DW$TU$16     .dwtag  DW_TAG_type_unit
    1163                      .dwmtype  $C$DW$T$16
    1164              $C$DW$T$16      .dwtag  DW_TAG_base_type
    1165                      .dwattr $C$DW$T$16, DW_AT_encoding(DW_ATE_float)
    1166                      .dwattr $C$DW$T$16, DW_AT_name("float")
    1167                      .dwattr $C$DW$T$16, DW_AT_byte_size(0x02)
    1168              
    1169                      .dwendtag $C$DW$TU$16
    1170              
    1171              
    1172              $C$DW$TU$17     .dwtag  DW_TAG_type_unit
    1173                      .dwmtype  $C$DW$T$17
    1174              $C$DW$T$17      .dwtag  DW_TAG_base_type
    1175                      .dwattr $C$DW$T$17, DW_AT_encoding(DW_ATE_float)
    1176                      .dwattr $C$DW$T$17, DW_AT_name("double")
    1177                      .dwattr $C$DW$T$17, DW_AT_byte_size(0x04)
    1178              
    1179                      .dwendtag $C$DW$TU$17
    1180              
    1181              
    1182              $C$DW$TU$18     .dwtag  DW_TAG_type_unit
    1183                      .dwmtype  $C$DW$T$18
    1184              $C$DW$T$18      .dwtag  DW_TAG_base_type
    1185                      .dwattr $C$DW$T$18, DW_AT_encoding(DW_ATE_float)
    1186                      .dwattr $C$DW$T$18, DW_AT_name("long double")
    1187                      .dwattr $C$DW$T$18, DW_AT_byte_size(0x04)
    1188              
    1189                      .dwendtag $C$DW$TU$18
TMS320C2000 Assembler PC v22.6.2 Sun Mar 29 17:29:47 2026

Copyright (c) 1996-2018 Texas Instruments Incorporated
motorboard.asm                                                       PAGE   24

    1190              

No Assembly Errors, No Assembly Warnings
