******************************************************************************
             TMS320C2000 Linker PC v22.6.2                     
******************************************************************************
>> Linked Fri Mar 13 17:00:03 2026

OUTPUT FILE NAME:   <sci_cc_f2837xd.out>
ENTRY POINT SYMBOL: "code_start"  address: 00000000


MEMORY CONFIGURATION

         name            origin    length      used     unused   attr    fill
----------------------  --------  ---------  --------  --------  ----  --------
PAGE 0:
  BEGIN                 00000000   00000002  00000002  00000000  RWIX
  RAMM0                 00000123   000002dd  00000020  000002bd  RWIX
  RAMLS0                00008000   00000800  00000800  00000000  RWIX
  RAMLS1                00008800   00000800  0000015f  000006a1  RWIX
  RAMLS2                00009000   00000800  00000000  00000800  RWIX
  RAMLS3                00009800   00000800  00000000  00000800  RWIX
  RAMLS4                0000a000   00000800  00000000  00000800  RWIX
  RAMD0                 0000b000   00000800  00000800  00000000  RWIX
  FLASHA                00080002   00001ffe  00000000  00001ffe  RWIX
  FLASHB                00082000   00002000  00000000  00002000  RWIX
  FLASHC                00084000   00002000  00000000  00002000  RWIX
  FLASHD                00086000   00002000  00000000  00002000  RWIX
  FLASHE                00088000   00008000  00000000  00008000  RWIX
  FLASHF                00090000   00008000  00000000  00008000  RWIX
  FLASHG                00098000   00008000  00000000  00008000  RWIX
  FLASHH                000a0000   00008000  00000000  00008000  RWIX
  FLASHI                000a8000   00008000  00000000  00008000  RWIX
  FLASHJ                000b0000   00008000  00000000  00008000  RWIX
  FLASHK                000b8000   00002000  00000000  00002000  RWIX
  FLASHL                000ba000   00002000  00000000  00002000  RWIX
  FLASHM                000bc000   00002000  00000000  00002000  RWIX
  FLASHN                000be000   00001ff0  00000000  00001ff0  RWIX
  RESET                 003fffc0   00000002  00000000  00000002  RWIX

PAGE 1:
  BOOT_RSVD             00000002   00000121  00000000  00000121  RWIX
  RAMM1                 00000400   000003f8  00000100  000002f8  RWIX
  RAMLS5                0000a800   00000800  00000475  0000038b  RWIX
  RAMD1                 0000b800   00000800  00000000  00000800  RWIX
  RAMGS0                0000c000   00001000  00000000  00001000  RWIX
  RAMGS1                0000d000   00001000  00000000  00001000  RWIX
  RAMGS2                0000e000   00001000  00000000  00001000  RWIX
  RAMGS3                0000f000   00001000  00000000  00001000  RWIX
  RAMGS4                00010000   00001000  00000000  00001000  RWIX
  RAMGS5                00011000   00001000  00000000  00001000  RWIX
  RAMGS6                00012000   00001000  00000000  00001000  RWIX
  RAMGS7                00013000   00001000  00000000  00001000  RWIX
  RAMGS8                00014000   00001000  00000000  00001000  RWIX
  RAMGS9                00015000   00001000  00000000  00001000  RWIX
  RAMGS10               00016000   00001000  00000000  00001000  RWIX
  RAMGS11               00017000   00001000  00000000  00001000  RWIX
  RAMGS12               00018000   00001000  00000000  00001000  RWIX
  RAMGS13               00019000   00001000  00000000  00001000  RWIX
  RAMGS14               0001a000   00001000  00000000  00001000  RWIX
  RAMGS15               0001b000   00000ff8  00000000  00000ff8  RWIX
  CPU2TOCPU1RAM         0003f800   00000400  00000000  00000400  RWIX
  CPU1TOCPU2RAM         0003fc00   00000400  00000000  00000400  RWIX
  CANA_MSG_RAM          00049000   00000800  00000000  00000800  RWIX
  CANB_MSG_RAM          0004b000   00000800  00000000  00000800  RWIX


SECTION ALLOCATION MAP

 output                                  attributes/
section   page    origin      length       input sections
--------  ----  ----------  ----------   ----------------
codestart 
*          0    00000000    00000002     
                  00000000    00000002     F2837xD_CodeStartBranch.obj (codestart)

.cinit     0    00000128    0000001c     
                  00000128    00000009     (.cinit..data.load) [load image, compression = lzss]
                  00000131    00000001     --HOLE-- [fill = 0]
                  00000132    00000006     (__TI_handler_table)
                  00000138    00000004     (.cinit..bss.load) [load image, compression = zero_init]
                  0000013c    00000008     (__TI_cinit_table)

.reset     0    003fffc0    00000000     DSECT

.stack     1    00000400    00000100     UNINITIALIZED
                  00000400    00000100     --HOLE--

.bss       1    0000ac74    00000002     UNINITIALIZED
                  0000ac74    00000002     lab_main.obj (.bss)

.init_array 
*          0    00000123    00000000     UNINITIALIZED

.const     1    0000a800    00000463     
                  0000a800    00000134     lab_main.obj (.const:.string)
                  0000a934    000000c2     driverlib_eabi.lib : sysctl.obj (.const:.string)
                  0000a9f6    000000bc                        : gpio.obj (.const:.string)
                  0000aab2    000000bb                        : sci.obj (.const:.string)
                  0000ab6d    00000001     --HOLE-- [fill = 0]
                  0000ab6e    0000007f     board.obj (.const:.string)
                  0000abed    00000001     --HOLE-- [fill = 0]
                  0000abee    00000062     driverlib_eabi.lib : cputimer.obj (.const:.string)
                  0000ac50    00000013     device.obj (.const:.string)

.data      1    0000ac64    00000010     UNINITIALIZED
                  0000ac64    00000006     device.obj (.data)
                  0000ac6a    00000006     rts2800_fpu32_eabi.lib : exit.c.obj (.data)
                  0000ac70    00000002                            : _lock.c.obj (.data:_lock)
                  0000ac72    00000002                            : _lock.c.obj (.data:_unlock)

.TI.ramfunc 
*          0    00000123    00000004     
                  00000123    00000004     driverlib_eabi.lib : sysctl.obj (.TI.ramfunc)

GETBUFFER 
*          0    0003f800    00000000     DSECT

GETWRITEIDX 
*          0    0003f800    00000000     DSECT

PUTREADIDX 
*          0    0003f800    00000000     DSECT

.text.1    0    00008000    00000800     
                  00008000    00000209     driverlib_eabi.lib : sysctl.obj (.text:SysCtl_setClock)
                  00008209    00000088     rts2800_fpu32_eabi.lib : fs_div28.asm.obj (.text)
                  00008291    00000068     driverlib_eabi.lib : sysctl.obj (.text:SysCtl_getDeviceParametric)
                  000082f9    00000052                        : gpio.obj (.text:GPIO_setPadConfig)
                  0000834b    00000051                        : sysctl.obj (.text:SysCtl_getClock)
                  0000839c    00000048                        : sysctl.obj (.text:SysCtl_selectOscSource)
                  000083e4    00000045                        : sci.obj (.text:SCI_clearInterruptStatus)
                  00008429    00000041                        : sci.obj (.text:SCI_writeCharArray)
                  0000846a    0000003e                        : sci.obj (.text:SCI_setConfig)
                  000084a8    0000003d                        : interrupt.obj (.text:Interrupt_initModule)
                  000084e5    00000038     lab_main.obj (.text:retain)
                  0000851d    00000037     driverlib_eabi.lib : gpio.obj (.text:GPIO_setControllerCore)
                  00008554    00000037                        : gpio.obj (.text:GPIO_setPinConfig)
                  0000858b    00000037                        : gpio.obj (.text:GPIO_setQualificationMode)
                  000085c2    00000037                        : interrupt.obj (.text:Interrupt_enable)
                  000085f9    00000031                        : gpio.obj (.text:GPIO_setDirectionMode)
                  0000862a    0000002e     rts2800_fpu32_eabi.lib : copy_decompress_lzss.c.obj (.text:decompress:lzss)
                  00008658    0000002b                            : autoinit.c.obj (.text:__TI_auto_init_nobinit_nopinit)
                  00008683    00000029                            : exit.c.obj (.text)
                  000086ac    00000028     driverlib_eabi.lib : sysctl.obj (.text:CPUTimer_selectClockSource)
                  000086d4    00000020                        : sci.obj (.text:SCI_isFIFOEnabled)
                  000086f4    0000001f                        : sysctl.obj (.text:CPUTimer_getTimerOverflowStatus)
                  00008713    0000001e                        : interrupt.obj (.text:Interrupt_initVectorTable)
                  00008731    0000001d     rts2800_fpu32_eabi.lib : memcpy.c.obj (.text)
                  0000874e    0000001b     driverlib_eabi.lib : sci.obj (.text:SCI_isBaseValid)
                  00008769    0000001a                        : sysctl.obj (.text:CPUTimer_startTimer)
                  00008783    0000001a                        : sci.obj (.text:SCI_isSpaceAvailableNonFIFO)
                  0000879d    0000001a                        : sysctl.obj (.text:SysCtl_getLowSpeedClock)
                  000087b7    00000018                        : sci.obj (.text:SCI_disableModule)
                  000087cf    00000018                        : sci.obj (.text:SCI_performSoftwareReset)
                  000087e7    00000017                        : cputimer.obj (.text:CPUTimer_isBaseValid)
                  000087fe    00000002     rts2800_fpu32_eabi.lib : pre_init.c.obj (.text)

.text.2    0    00008800    0000015f     
                  00008800    00000017     driverlib_eabi.lib : sysctl.obj (.text:CPUTimer_isBaseValid)
                  00008817    00000017     rts2800_fpu32_eabi.lib : boot28.asm.obj (.text)
                  0000882e    00000016     driverlib_eabi.lib : interrupt.obj (.text:Interrupt_defaultHandler)
                  00008844    00000014                        : sysctl.obj (.text:CPUTimer_stopTimer)
                  00008858    00000014                        : sci.obj (.text:SCI_getTxFIFOStatus)
                  0000886c    00000013                        : cputimer.obj (.text:CPUTimer_setEmulationMode)
                  0000887f    00000013                        : sci.obj (.text:SCI_enableModule)
                  00008892    00000012                        : sysctl.obj (.text:CPUTimer_clearOverflowFlag)
                  000088a4    00000012                        : sysctl.obj (.text:CPUTimer_disableInterrupt)
                  000088b6    00000011                        : sysctl.obj (.text:CPUTimer_setPeriod)
                  000088c7    0000000f                        : sysctl.obj (.text:SysCtl_pollCpuTimer)
                  000088d6    0000000e                        : gpio.obj (.text:GPIO_isPinValid)
                  000088e4    0000000d                        : interrupt.obj (.text:Interrupt_disableGlobal)
                  000088f1    0000000d                        : interrupt.obj (.text:Interrupt_enableGlobal)
                  000088fe    0000000d     rts2800_fpu32_eabi.lib : copy_zero_init.c.obj (.text:decompress:ZI:__TI_zero_init_nomemset)
                  0000890b    0000000c                            : args_main.c.obj (.text)
                  00008917    0000000b     driverlib_eabi.lib : sysctl.obj (.text:SysCtl_isMCDClockFailureDetected)
                  00008922    0000000a                        : interrupt.obj (.text:Interrupt_illegalOperationHandler)
                  0000892c    0000000a                        : interrupt.obj (.text:Interrupt_nmiHandler)
                  00008936    00000009                        : sysctl.obj (.text:SysCtl_serviceWatchdog)
                  0000893f    00000009     rts2800_fpu32_eabi.lib : _lock.c.obj (.text)
                  00008948    00000008     F2837xD_CodeStartBranch.obj (.text)
                  00008950    00000008     rts2800_fpu32_eabi.lib : copy_decompress_none.c.obj (.text:decompress:none)
                  00008958    00000007     driverlib_eabi.lib : sysctl.obj (.text:SysCtl_resetMCD)

.text.3    0    0000b000    00000800     
                  0000b000    000003ff     device.obj (.text)
                  0000b3ff    00000239     board.obj (.text)
                  0000b638    00000137     lab_main.obj (.text)
                  0000b76f    00000090     driverlib_eabi.lib : sysctl.obj (.text:SysCtl_selectXTAL)
                  0000b7ff    00000001     rts2800_fpu32_eabi.lib : startup.c.obj (.text)

MODULE SUMMARY

       Module                        code   ro data   rw data
       ------                        ----   -------   -------
    .\
       lab_main.obj                  367    308       2      
    +--+-----------------------------+------+---------+---------+
       Total:                        367    308       2      
                                                             
    .\device\
       device.obj                    1023   19        6      
       F2837xD_CodeStartBranch.obj   10     0         0      
    +--+-----------------------------+------+---------+---------+
       Total:                        1033   19        6      
                                                             
    .\excluded\
       board.obj                     569    127       0      
    +--+-----------------------------+------+---------+---------+
       Total:                        569    127       0      
                                                             
    C:\TI\C2000Ware_6_00_01_00\driverlib\f2837xd\driverlib\ccs\Debug\driverlib_eabi.lib
       sysctl.obj                    1187   194       0      
       sci.obj                       368    187       0      
       gpio.obj                      310    188       0      
       interrupt.obj                 214    0         0      
       cputimer.obj                  42     98        0      
    +--+-----------------------------+------+---------+---------+
       Total:                        2121   667       0      
                                                             
    D:\TI\ccs\ccs\tools\compiler\ti-cgt-c2000_22.6.2.LTS\lib\rts2800_fpu32_eabi.lib
       fs_div28.asm.obj              136    0         0      
       exit.c.obj                    41     0         6      
       copy_decompress_lzss.c.obj    46     0         0      
       autoinit.c.obj                43     0         0      
       memcpy.c.obj                  29     0         0      
       boot28.asm.obj                23     0         0      
       _lock.c.obj                   9      0         4      
       copy_zero_init.c.obj          13     0         0      
       args_main.c.obj               12     0         0      
       copy_decompress_none.c.obj    8      0         0      
       pre_init.c.obj                2      0         0      
       startup.c.obj                 1      0         0      
    +--+-----------------------------+------+---------+---------+
       Total:                        363    0         10     
                                                             
       Stack:                        0      0         256    
       Linker Generated:             0      27        0      
    +--+-----------------------------+------+---------+---------+
       Grand Total:                  4453   1148      274    


LINKER GENERATED COPY TABLES

__TI_cinit_table @ 0000013c records: 2, size/record: 4, table size: 8
	.data: load addr=00000128, load size=00000009 bytes, run addr=0000ac64, run size=00000010 bytes, compression=lzss
	.bss: load addr=00000138, load size=00000004 bytes, run addr=0000ac74, run size=00000002 bytes, compression=zero_init


LINKER GENERATED HANDLER TABLE

__TI_handler_table @ 00000132 records: 3, size/record: 2, table size: 6
	index: 0, handler: __TI_zero_init
	index: 1, handler: __TI_decompress_lzss
	index: 2, handler: __TI_decompress_none


GLOBAL DATA SYMBOLS: SORTED BY DATA PAGE

address     data page           name
--------    ----------------    ----
00000400      10 (00000400)     __stack

0000ac64     2b1 (0000ac40)     Example_Result
0000ac66     2b1 (0000ac40)     Example_PassCount
0000ac68     2b1 (0000ac40)     Example_Fail
0000ac6a     2b1 (0000ac40)     __TI_enable_exit_profile_output
0000ac6c     2b1 (0000ac40)     __TI_cleanup_ptr
0000ac6e     2b1 (0000ac40)     __TI_dtors_ptr
0000ac70     2b1 (0000ac40)     _lock
0000ac72     2b1 (0000ac40)     _unlock
0000ac74     2b1 (0000ac40)     cpuTimer0IntCount
0000ac75     2b1 (0000ac40)     delayCount


GLOBAL SYMBOLS: SORTED ALPHABETICALLY BY Name 

page  address   name                                     
----  -------   ----                                     
0     0000b57f  Board_init                               
0     00008683  C$$EXIT                                  
0     0000b5b0  CPUTIMER_init                            
0     0000886c  CPUTimer_setEmulationMode                
0     0000b273  Device_bootCPU2                          
0     0000b242  Device_configureTMXAnalogTrim            
0     0000b0f0  Device_enableAllPeripherals              
0     0000b22c  Device_enableUnbondedGPIOPullups         
0     0000b20f  Device_enableUnbondedGPIOPullupsFor100Pin
0     0000b1fc  Device_enableUnbondedGPIOPullupsFor176Pin
0     0000b0ae  Device_init                              
0     0000b1db  Device_initGPIO                          
1     0000ac68  Example_Fail                             
1     0000ac66  Example_PassCount                        
1     0000ac64  Example_Result                           
0     0000b3fe  Example_done                             
0     0000b3f9  Example_setResultFail                    
0     0000b3f4  Example_setResultPass                    
0     0000b5d5  GPIO_init                                
0     0000851d  GPIO_setControllerCore                   
0     000085f9  GPIO_setDirectionMode                    
0     000082f9  GPIO_setPadConfig                        
0     00008554  GPIO_setPinConfig                        
0     0000858b  GPIO_setQualificationMode                
0     0000b5eb  INTERRUPT_init                           
0     000084e5  INT_myCPUTIMER0_ISR                      
0     0000882e  Interrupt_defaultHandler                 
0     000085c2  Interrupt_enable                         
0     00008922  Interrupt_illegalOperationHandler        
0     000084a8  Interrupt_initModule                     
0     00008713  Interrupt_initVectorTable                
0     0000892c  Interrupt_nmiHandler                     
0     0000b58c  PinMux_init                              
0     000083e4  SCI_clearInterruptStatus                 
0     0000b5f8  SCI_init                                 
0     0000846a  SCI_setConfig                            
0     00008429  SCI_writeCharArray                       
0     00000123  SysCtl_delay                             
0     0000834b  SysCtl_getClock                          
0     00008291  SysCtl_getDeviceParametric               
0     0000879d  SysCtl_getLowSpeedClock                  
0     0000839c  SysCtl_selectOscSource                   
0     0000b76f  SysCtl_selectXTAL                        
0     00008000  SysCtl_setClock                          
0     0000013c  __TI_CINIT_Base                          
0     00000144  __TI_CINIT_Limit                         
0     00000144  __TI_CINIT_Warm                          
0     00000132  __TI_Handler_Table_Base                  
0     00000138  __TI_Handler_Table_Limit                 
1     00000500  __TI_STACK_END                           
abs   00000100  __TI_STACK_SIZE                          
0     00008658  __TI_auto_init_nobinit_nopinit           
1     0000ac6c  __TI_cleanup_ptr                         
0     0000862a  __TI_decompress_lzss                     
0     00008950  __TI_decompress_none                     
1     0000ac6e  __TI_dtors_ptr                           
1     0000ac6a  __TI_enable_exit_profile_output          
abs   ffffffff  __TI_pprof_out_hndl                      
abs   ffffffff  __TI_prof_data_size                      
abs   ffffffff  __TI_prof_data_start                     
0     000088fe  __TI_zero_init_nomemset                  
0     00008209  __c28xabi_divf                           
n/a   UNDEFED   __c_args__                               
0     0000b3ed  __error__                                
1     00000400  __stack                                  
0     0000890b  _args_main                               
0     00008817  _c_int00                                 
1     0000ac70  _lock                                    
0     00008947  _nop                                     
0     00008943  _register_lock                           
0     0000893f  _register_unlock                         
0     0000b7ff  _system_post_cinit                       
0     000087fe  _system_pre_init                         
1     0000ac72  _unlock                                  
0     00008683  abort                                    
0     00000000  code_start                               
1     0000ac74  cpuTimer0IntCount                        
1     0000ac75  delayCount                               
0     00008685  exit                                     
0     0000b72c  main                                     
0     00008731  memcpy                                   
0     0000b5d8  myBoardLED0_GPIO_init                    
0     0000b5b3  myCPUTIMER0_init                         
0     0000b5fb  mySCIB_init                              


GLOBAL SYMBOLS: SORTED BY Symbol Address 

page  address   name                                     
----  -------   ----                                     
0     00000000  code_start                               
0     00000123  SysCtl_delay                             
0     00000132  __TI_Handler_Table_Base                  
0     00000138  __TI_Handler_Table_Limit                 
0     0000013c  __TI_CINIT_Base                          
0     00000144  __TI_CINIT_Limit                         
0     00000144  __TI_CINIT_Warm                          
0     00008000  SysCtl_setClock                          
0     00008209  __c28xabi_divf                           
0     00008291  SysCtl_getDeviceParametric               
0     000082f9  GPIO_setPadConfig                        
0     0000834b  SysCtl_getClock                          
0     0000839c  SysCtl_selectOscSource                   
0     000083e4  SCI_clearInterruptStatus                 
0     00008429  SCI_writeCharArray                       
0     0000846a  SCI_setConfig                            
0     000084a8  Interrupt_initModule                     
0     000084e5  INT_myCPUTIMER0_ISR                      
0     0000851d  GPIO_setControllerCore                   
0     00008554  GPIO_setPinConfig                        
0     0000858b  GPIO_setQualificationMode                
0     000085c2  Interrupt_enable                         
0     000085f9  GPIO_setDirectionMode                    
0     0000862a  __TI_decompress_lzss                     
0     00008658  __TI_auto_init_nobinit_nopinit           
0     00008683  C$$EXIT                                  
0     00008683  abort                                    
0     00008685  exit                                     
0     00008713  Interrupt_initVectorTable                
0     00008731  memcpy                                   
0     0000879d  SysCtl_getLowSpeedClock                  
0     000087fe  _system_pre_init                         
0     00008817  _c_int00                                 
0     0000882e  Interrupt_defaultHandler                 
0     0000886c  CPUTimer_setEmulationMode                
0     000088fe  __TI_zero_init_nomemset                  
0     0000890b  _args_main                               
0     00008922  Interrupt_illegalOperationHandler        
0     0000892c  Interrupt_nmiHandler                     
0     0000893f  _register_unlock                         
0     00008943  _register_lock                           
0     00008947  _nop                                     
0     00008950  __TI_decompress_none                     
0     0000b0ae  Device_init                              
0     0000b0f0  Device_enableAllPeripherals              
0     0000b1db  Device_initGPIO                          
0     0000b1fc  Device_enableUnbondedGPIOPullupsFor176Pin
0     0000b20f  Device_enableUnbondedGPIOPullupsFor100Pin
0     0000b22c  Device_enableUnbondedGPIOPullups         
0     0000b242  Device_configureTMXAnalogTrim            
0     0000b273  Device_bootCPU2                          
0     0000b3ed  __error__                                
0     0000b3f4  Example_setResultPass                    
0     0000b3f9  Example_setResultFail                    
0     0000b3fe  Example_done                             
0     0000b57f  Board_init                               
0     0000b58c  PinMux_init                              
0     0000b5b0  CPUTIMER_init                            
0     0000b5b3  myCPUTIMER0_init                         
0     0000b5d5  GPIO_init                                
0     0000b5d8  myBoardLED0_GPIO_init                    
0     0000b5eb  INTERRUPT_init                           
0     0000b5f8  SCI_init                                 
0     0000b5fb  mySCIB_init                              
0     0000b72c  main                                     
0     0000b76f  SysCtl_selectXTAL                        
0     0000b7ff  _system_post_cinit                       
1     00000400  __stack                                  
1     00000500  __TI_STACK_END                           
1     0000ac64  Example_Result                           
1     0000ac66  Example_PassCount                        
1     0000ac68  Example_Fail                             
1     0000ac6a  __TI_enable_exit_profile_output          
1     0000ac6c  __TI_cleanup_ptr                         
1     0000ac6e  __TI_dtors_ptr                           
1     0000ac70  _lock                                    
1     0000ac72  _unlock                                  
1     0000ac74  cpuTimer0IntCount                        
1     0000ac75  delayCount                               
abs   00000100  __TI_STACK_SIZE                          
abs   ffffffff  __TI_pprof_out_hndl                      
abs   ffffffff  __TI_prof_data_size                      
abs   ffffffff  __TI_prof_data_start                     
n/a   UNDEFED   __c_args__                               

[84 symbols]
