******************************************************************************
             TMS320C2000 Linker PC v22.6.2                     
******************************************************************************
>> Linked Fri Mar 13 20:28:46 2026

OUTPUT FILE NAME:   <sci_cc_f2837xd.out>
ENTRY POINT SYMBOL: "code_start"  address: 00000000


MEMORY CONFIGURATION

         name            origin    length      used     unused   attr    fill
----------------------  --------  ---------  --------  --------  ----  --------
PAGE 0:
  BEGIN                 00000000   00000002  00000002  00000000  RWIX
  RAMM0                 00000123   000002dd  00000024  000002b9  RWIX
  RAMLS0                00008000   00000800  00000800  00000000  RWIX
  RAMLS1                00008800   00000800  000006fc  00000104  RWIX
  RAMLS2                00009000   00000800  00000000  00000800  RWIX
  RAMLS3                00009800   00000800  00000000  00000800  RWIX
  RAMLS4                0000a000   00000800  00000000  00000800  RWIX
  RAMD0                 0000b000   00000800  00000800  00000000  RWIX
  RAMGS0_P0             0000c000   00001000  00000000  00001000  RWIX
  FLASHA                00080002   00001ffe  00000000  00001ffe  RWIX
  FLASHB                00082000   00002000  00000000  00002000  RWIX
  FLASHC                00084000   00002000  00000000  00002000  RWIX
  FLASHD                00086000   00002000  00000000  00002000  RWIX
  FLASHE                00088000   00008000  00000000  00008000  RWIX
  FLASHF                00090000   00008000  00000000  00008000  RWIX
  FLASHG                00098000   00008000  00000000  00008000  RWIX
  FLASHH                000a0000   00008000  00000000  00008000  RWIX
  FLASHI                000a8000   00008000  00000000  00008000  RWIX
  FLASHJ                000b0000   00008000  00000000  00008000  RWIX
  FLASHK                000b8000   00002000  00000000  00002000  RWIX
  FLASHL                000ba000   00002000  00000000  00002000  RWIX
  FLASHM                000bc000   00002000  00000000  00002000  RWIX
  FLASHN                000be000   00001ff0  00000000  00001ff0  RWIX
  RESET                 003fffc0   00000002  00000000  00000002  RWIX

PAGE 1:
  BOOT_RSVD             00000002   00000121  00000000  00000121  RWIX
  RAMM1                 00000400   000003f8  00000100  000002f8  RWIX
  RAMLS5                0000a800   00000800  00000044  000007bc  RWIX
  RAMD1                 0000b800   00000800  00000000  00000800  RWIX
  RAMGS0                0000c000   00001000  00000000  00001000  RWIX
  RAMGS1                0000d000   00001000  00000000  00001000  RWIX
  RAMGS2                0000e000   00001000  00000500  00000b00  RWIX
  RAMGS3                0000f000   00001000  0000001a  00000fe6  RWIX
  RAMGS4                00010000   00001000  00000000  00001000  RWIX
  RAMGS5                00011000   00001000  00000000  00001000  RWIX
  RAMGS6                00012000   00001000  00000000  00001000  RWIX
  RAMGS7                00013000   00001000  00000000  00001000  RWIX
  RAMGS8                00014000   00001000  00000000  00001000  RWIX
  RAMGS9                00015000   00001000  00000000  00001000  RWIX
  RAMGS10               00016000   00001000  00000000  00001000  RWIX
  RAMGS11               00017000   00001000  00000000  00001000  RWIX
  RAMGS12               00018000   00001000  00000000  00001000  RWIX
  RAMGS13               00019000   00001000  00000000  00001000  RWIX
  RAMGS14               0001a000   00001000  00000000  00001000  RWIX
  RAMGS15               0001b000   00000ff8  00000000  00000ff8  RWIX
  CPU2TOCPU1RAM         0003f800   00000400  00000000  00000400  RWIX
  CPU1TOCPU2RAM         0003fc00   00000400  00000000  00000400  RWIX
  CANA_MSG_RAM          00049000   00000800  00000000  00000800  RWIX
  CANB_MSG_RAM          0004b000   00000800  00000000  00000800  RWIX


SECTION ALLOCATION MAP

 output                                  attributes/
section   page    origin      length       input sections
--------  ----  ----------  ----------   ----------------
codestart 
*          0    00000000    00000002     
                  00000000    00000002     F2837xD_CodeStartBranch.obj (codestart)

.cinit     0    00000128    00000020     
                  00000128    0000000d     (.cinit..data.load) [load image, compression = lzss]
                  00000135    00000001     --HOLE-- [fill = 0]
                  00000136    00000006     (__TI_handler_table)
                  0000013c    00000004     (.cinit..bss.load) [load image, compression = zero_init]
                  00000140    00000008     (__TI_cinit_table)

.reset     0    003fffc0    00000000     DSECT

.stack     1    00000400    00000100     UNINITIALIZED
                  00000400    00000100     --HOLE--

.bss       1    0000a800    00000044     UNINITIALIZED
                  0000a800    00000040     lab_main.obj (.bss:sciRxBuffer)
                  0000a840    00000004     lab_main.obj (.bss)

.init_array 
*          0    00000123    00000000     UNINITIALIZED

.const     1    0000e000    00000500     
                  0000e000    000001aa     lab_main.obj (.const:.string)
                  0000e1aa    000000c2     driverlib_eabi.lib : sysctl.obj (.const:.string)
                  0000e26c    000000bc                        : gpio.obj (.const:.string)
                  0000e328    000000bb                        : sci.obj (.const:.string)
                  0000e3e3    00000001     --HOLE-- [fill = 0]
                  0000e3e4    0000007f     board.obj (.const:.string)
                  0000e463    00000001     --HOLE-- [fill = 0]
                  0000e464    00000062     driverlib_eabi.lib : cputimer.obj (.const:.string)
                  0000e4c6    00000013     device.obj (.const:.string)
                  0000e4d9    00000001     --HOLE-- [fill = 0]
                  0000e4da    00000010     lab_main.obj (.const)
                  0000e4ea    00000005     lab_main.obj (.const:$P$T4$5)
                  0000e4ef    00000004     lab_main.obj (.const:$P$T0$1)
                  0000e4f3    00000004     lab_main.obj (.const:$P$T2$3)
                  0000e4f7    00000003     lab_main.obj (.const:$P$T6$7)
                  0000e4fa    00000002     lab_main.obj (.const:$P$T1$2)
                  0000e4fc    00000002     lab_main.obj (.const:$P$T3$4)
                  0000e4fe    00000002     lab_main.obj (.const:$P$T5$6)

.data      1    0000f000    0000001a     UNINITIALIZED
                  0000f000    0000000a     lab_main.obj (.data)
                  0000f00a    00000006     device.obj (.data)
                  0000f010    00000006     rts2800_fpu32_eabi.lib : exit.c.obj (.data)
                  0000f016    00000002                            : _lock.c.obj (.data:_lock)
                  0000f018    00000002                            : _lock.c.obj (.data:_unlock)

.TI.ramfunc 
*          0    00000123    00000004     
                  00000123    00000004     driverlib_eabi.lib : sysctl.obj (.TI.ramfunc)

GETBUFFER 
*          0    0003f800    00000000     DSECT

GETWRITEIDX 
*          0    0003f800    00000000     DSECT

PUTREADIDX 
*          0    0003f800    00000000     DSECT

.text.1    0    00008000    00000800     
                  00008000    00000239     board.obj (.text)
                  00008239    00000209     driverlib_eabi.lib : sysctl.obj (.text:SysCtl_setClock)
                  00008442    0000009c     rts2800_fpu32_eabi.lib : fd_add28.asm.obj (.text)
                  000084de    00000092     lab_main.obj (.text:retain)
                  00008570    00000090     driverlib_eabi.lib : sysctl.obj (.text:SysCtl_selectXTAL)
                  00008600    0000008b     rts2800_fpu32_eabi.lib : fd_div28.asm.obj (.text)
                  0000868b    00000088                            : fs_div28.asm.obj (.text)
                  00008713    00000083                            : fd_mpy28.asm.obj (.text)
                  00008796    00000068     driverlib_eabi.lib : sysctl.obj (.text:SysCtl_getDeviceParametric)
                  000087fe    00000002     rts2800_fpu32_eabi.lib : pre_init.c.obj (.text)

.text.2    0    00008800    000006fc     
                  00008800    00000066     rts2800_fpu32_eabi.lib : s_sinf.c.obj (.text)
                  00008866    00000051     driverlib_eabi.lib : sysctl.obj (.text:SysCtl_getClock)
                  000088b7    0000004e                        : sci.obj (.text:SCI_getInterruptStatus)
                  00008905    00000048                        : sysctl.obj (.text:SysCtl_selectOscSource)
                  0000894d    00000045                        : sci.obj (.text:SCI_clearInterruptStatus)
                  00008992    00000041                        : sci.obj (.text:SCI_writeCharArray)
                  000089d3    0000003e                        : sci.obj (.text:SCI_setConfig)
                  00008a11    0000003d                        : interrupt.obj (.text:Interrupt_initModule)
                  00008a4e    00000037                        : gpio.obj (.text:GPIO_setControllerCore)
                  00008a85    00000037                        : gpio.obj (.text:GPIO_setPinConfig)
                  00008abc    00000037                        : gpio.obj (.text:GPIO_setQualificationMode)
                  00008af3    00000037                        : interrupt.obj (.text:Interrupt_enable)
                  00008b2a    00000031                        : gpio.obj (.text:GPIO_setDirectionMode)
                  00008b5b    0000002e     rts2800_fpu32_eabi.lib : copy_decompress_lzss.c.obj (.text:decompress:lzss)
                  00008b89    0000002b                            : autoinit.c.obj (.text:__TI_auto_init_nobinit_nopinit)
                  00008bb4    00000029                            : exit.c.obj (.text)
                  00008bdd    00000028     driverlib_eabi.lib : sysctl.obj (.text:CPUTimer_selectClockSource)
                  00008c05    00000022     rts2800_fpu32_eabi.lib : i_div28.asm.obj (.text)
                  00008c27    00000020     driverlib_eabi.lib : sci.obj (.text:SCI_isFIFOEnabled)
                  00008c47    0000001f                        : sysctl.obj (.text:CPUTimer_getTimerOverflowStatus)
                  00008c66    0000001e                        : interrupt.obj (.text:Interrupt_initVectorTable)
                  00008c84    0000001d     rts2800_fpu32_eabi.lib : memcpy.c.obj (.text)
                  00008ca1    0000001c                            : fs_tofdfpu32.asm.obj (.text)
                  00008cbd    0000001b     driverlib_eabi.lib : sci.obj (.text:SCI_isBaseValid)
                  00008cd8    0000001b     rts2800_fpu32_eabi.lib : fd_toul28.asm.obj (.text)
                  00008cf3    0000001a     driverlib_eabi.lib : sysctl.obj (.text:CPUTimer_startTimer)
                  00008d0d    0000001a                        : sci.obj (.text:SCI_isSpaceAvailableNonFIFO)
                  00008d27    0000001a                        : sysctl.obj (.text:SysCtl_getLowSpeedClock)
                  00008d41    00000018                        : sci.obj (.text:SCI_disableModule)
                  00008d59    00000018                        : sci.obj (.text:SCI_performSoftwareReset)
                  00008d71    00000017                        : cputimer.obj (.text:CPUTimer_isBaseValid)
                  00008d88    00000017                        : sysctl.obj (.text:CPUTimer_isBaseValid)
                  00008d9f    00000017     rts2800_fpu32_eabi.lib : boot28.asm.obj (.text)
                  00008db6    00000016     driverlib_eabi.lib : interrupt.obj (.text:Interrupt_defaultHandler)
                  00008dcc    00000016     rts2800_fpu32_eabi.lib : ul_tofd28.asm.obj (.text)
                  00008de2    00000014     driverlib_eabi.lib : sysctl.obj (.text:CPUTimer_stopTimer)
                  00008df6    00000014                        : sci.obj (.text:SCI_getTxFIFOStatus)
                  00008e0a    00000013                        : cputimer.obj (.text:CPUTimer_setEmulationMode)
                  00008e1d    00000013                        : sci.obj (.text:SCI_enableModule)
                  00008e30    00000012                        : sysctl.obj (.text:CPUTimer_clearOverflowFlag)
                  00008e42    00000012                        : sysctl.obj (.text:CPUTimer_disableInterrupt)
                  00008e54    00000011                        : sysctl.obj (.text:CPUTimer_setPeriod)
                  00008e65    0000000e                        : gpio.obj (.text:GPIO_isPinValid)
                  00008e73    0000000e     rts2800_fpu32_eabi.lib : fd_sub28.asm.obj (.text)
                  00008e81    0000000d     driverlib_eabi.lib : interrupt.obj (.text:Interrupt_disableGlobal)
                  00008e8e    0000000d                        : interrupt.obj (.text:Interrupt_enableGlobal)
                  00008e9b    0000000d     rts2800_fpu32_eabi.lib : copy_zero_init.c.obj (.text:decompress:ZI:__TI_zero_init_nomemset)
                  00008ea8    0000000c                            : args_main.c.obj (.text)
                  00008eb4    0000000b     driverlib_eabi.lib : sysctl.obj (.text:SysCtl_isMCDClockFailureDetected)
                  00008ebf    0000000a                        : interrupt.obj (.text:Interrupt_illegalOperationHandler)
                  00008ec9    0000000a                        : interrupt.obj (.text:Interrupt_nmiHandler)
                  00008ed3    00000009                        : sysctl.obj (.text:SysCtl_serviceWatchdog)
                  00008edc    00000009     rts2800_fpu32_eabi.lib : _lock.c.obj (.text)
                  00008ee5    00000008     F2837xD_CodeStartBranch.obj (.text)
                  00008eed    00000008     rts2800_fpu32_eabi.lib : copy_decompress_none.c.obj (.text:decompress:none)
                  00008ef5    00000007     driverlib_eabi.lib : sysctl.obj (.text:SysCtl_resetMCD)

.text.3    0    0000b000    00000800     
                  0000b000    000003ff     device.obj (.text)
                  0000b3ff    0000039f     lab_main.obj (.text)
                  0000b79e    00000052     driverlib_eabi.lib : gpio.obj (.text:GPIO_setPadConfig)
                  0000b7f0    0000000f                        : sysctl.obj (.text:SysCtl_pollCpuTimer)
                  0000b7ff    00000001     rts2800_fpu32_eabi.lib : startup.c.obj (.text)

MODULE SUMMARY

       Module                        code   ro data   rw data
       ------                        ----   -------   -------
    .\
       lab_main.obj                  1073   464       78     
    +--+-----------------------------+------+---------+---------+
       Total:                        1073   464       78     
                                                             
    .\device\
       device.obj                    1023   19        6      
       F2837xD_CodeStartBranch.obj   10     0         0      
    +--+-----------------------------+------+---------+---------+
       Total:                        1033   19        6      
                                                             
    .\excluded\
       board.obj                     569    127       0      
    +--+-----------------------------+------+---------+---------+
       Total:                        569    127       0      
                                                             
    C:\TI\C2000Ware_6_00_01_00\driverlib\f2837xd\driverlib\ccs\Debug\driverlib_eabi.lib
       sysctl.obj                    1187   194       0      
       sci.obj                       446    187       0      
       gpio.obj                      310    188       0      
       interrupt.obj                 214    0         0      
       cputimer.obj                  42     98        0      
    +--+-----------------------------+------+---------+---------+
       Total:                        2199   667       0      
                                                             
    D:\TI\ccs\ccs\tools\compiler\ti-cgt-c2000_22.6.2.LTS\lib\rts2800_fpu32_eabi.lib
       fd_add28.asm.obj              156    0         0      
       fd_div28.asm.obj              139    0         0      
       fs_div28.asm.obj              136    0         0      
       fd_mpy28.asm.obj              131    0         0      
       s_sinf.c.obj                  102    0         0      
       exit.c.obj                    41     0         6      
       copy_decompress_lzss.c.obj    46     0         0      
       autoinit.c.obj                43     0         0      
       i_div28.asm.obj               34     0         0      
       memcpy.c.obj                  29     0         0      
       fs_tofdfpu32.asm.obj          28     0         0      
       fd_toul28.asm.obj             27     0         0      
       boot28.asm.obj                23     0         0      
       ul_tofd28.asm.obj             22     0         0      
       fd_sub28.asm.obj              14     0         0      
       _lock.c.obj                   9      0         4      
       copy_zero_init.c.obj          13     0         0      
       args_main.c.obj               12     0         0      
       copy_decompress_none.c.obj    8      0         0      
       pre_init.c.obj                2      0         0      
       startup.c.obj                 1      0         0      
    +--+-----------------------------+------+---------+---------+
       Total:                        1016   0         10     
                                                             
       Stack:                        0      0         256    
       Linker Generated:             0      31        0      
    +--+-----------------------------+------+---------+---------+
       Grand Total:                  5890   1308      350    


LINKER GENERATED COPY TABLES

__TI_cinit_table @ 00000140 records: 2, size/record: 4, table size: 8
	.data: load addr=00000128, load size=0000000d bytes, run addr=0000f000, run size=0000001a bytes, compression=lzss
	.bss: load addr=0000013c, load size=00000004 bytes, run addr=0000a800, run size=00000044 bytes, compression=zero_init


LINKER GENERATED HANDLER TABLE

__TI_handler_table @ 00000136 records: 3, size/record: 2, table size: 6
	index: 0, handler: __TI_zero_init
	index: 1, handler: __TI_decompress_lzss
	index: 2, handler: __TI_decompress_none


GLOBAL DATA SYMBOLS: SORTED BY DATA PAGE

address     data page           name
--------    ----------------    ----
00000400      10 (00000400)     __stack

0000a800     2a0 (0000a800)     sciRxBuffer

0000a840     2a1 (0000a840)     cpuTimer0IntCount
0000a841     2a1 (0000a840)     delayCount
0000a842     2a1 (0000a840)     dt

0000f000     3c0 (0000f000)     sciRxIndex
0000f001     3c0 (0000f000)     sciRxFlag
0000f002     3c0 (0000f000)     t
0000f004     3c0 (0000f000)     amplitude
0000f006     3c0 (0000f000)     period
0000f008     3c0 (0000f000)     samplingRate
0000f00a     3c0 (0000f000)     Example_Result
0000f00c     3c0 (0000f000)     Example_PassCount
0000f00e     3c0 (0000f000)     Example_Fail
0000f010     3c0 (0000f000)     __TI_enable_exit_profile_output
0000f012     3c0 (0000f000)     __TI_cleanup_ptr
0000f014     3c0 (0000f000)     __TI_dtors_ptr
0000f016     3c0 (0000f000)     _lock
0000f018     3c0 (0000f000)     _unlock


GLOBAL SYMBOLS: SORTED ALPHABETICALLY BY Name 

page  address   name                                     
----  -------   ----                                     
0     00008180  Board_init                               
0     00008bb4  C$$EXIT                                  
0     000081b1  CPUTIMER_init                            
0     00008e0a  CPUTimer_setEmulationMode                
0     0000b273  Device_bootCPU2                          
0     0000b242  Device_configureTMXAnalogTrim            
0     0000b0f0  Device_enableAllPeripherals              
0     0000b22c  Device_enableUnbondedGPIOPullups         
0     0000b20f  Device_enableUnbondedGPIOPullupsFor100Pin
0     0000b1fc  Device_enableUnbondedGPIOPullupsFor176Pin
0     0000b0ae  Device_init                              
0     0000b1db  Device_initGPIO                          
1     0000f00e  Example_Fail                             
1     0000f00c  Example_PassCount                        
1     0000f00a  Example_Result                           
0     0000b3fe  Example_done                             
0     0000b3f9  Example_setResultFail                    
0     0000b3f4  Example_setResultPass                    
0     000081d6  GPIO_init                                
0     00008a4e  GPIO_setControllerCore                   
0     00008b2a  GPIO_setDirectionMode                    
0     0000b79e  GPIO_setPadConfig                        
0     00008a85  GPIO_setPinConfig                        
0     00008abc  GPIO_setQualificationMode                
0     000081ec  INTERRUPT_init                           
0     000084de  INT_myCPUTIMER0_ISR                      
0     00008516  INT_mySCIB_RX_ISR                        
0     00008db6  Interrupt_defaultHandler                 
0     00008af3  Interrupt_enable                         
0     00008ebf  Interrupt_illegalOperationHandler        
0     00008a11  Interrupt_initModule                     
0     00008c66  Interrupt_initVectorTable                
0     00008ec9  Interrupt_nmiHandler                     
0     0000818d  PinMux_init                              
0     0000894d  SCI_clearInterruptStatus                 
0     000088b7  SCI_getInterruptStatus                   
0     000081f9  SCI_init                                 
0     000089d3  SCI_setConfig                            
0     00008992  SCI_writeCharArray                       
0     00000123  SysCtl_delay                             
0     00008866  SysCtl_getClock                          
0     00008796  SysCtl_getDeviceParametric               
0     00008d27  SysCtl_getLowSpeedClock                  
0     00008905  SysCtl_selectOscSource                   
0     00008570  SysCtl_selectXTAL                        
0     00008239  SysCtl_setClock                          
0     00000140  __TI_CINIT_Base                          
0     00000148  __TI_CINIT_Limit                         
0     00000148  __TI_CINIT_Warm                          
0     00000136  __TI_Handler_Table_Base                  
0     0000013c  __TI_Handler_Table_Limit                 
1     00000500  __TI_STACK_END                           
abs   00000100  __TI_STACK_SIZE                          
0     00008b89  __TI_auto_init_nobinit_nopinit           
1     0000f012  __TI_cleanup_ptr                         
0     00008b5b  __TI_decompress_lzss                     
0     00008eed  __TI_decompress_none                     
1     0000f014  __TI_dtors_ptr                           
1     0000f010  __TI_enable_exit_profile_output          
abs   ffffffff  __TI_pprof_out_hndl                      
abs   ffffffff  __TI_prof_data_size                      
abs   ffffffff  __TI_prof_data_start                     
0     00008e9b  __TI_zero_init_nomemset                  
0     00008442  __c28xabi_addd                           
0     00008600  __c28xabi_divd                           
0     0000868b  __c28xabi_divf                           
0     00008c05  __c28xabi_divi                           
0     00008cd8  __c28xabi_dtoul                          
0     00008ca1  __c28xabi_ftod                           
0     00008c16  __c28xabi_modi                           
0     00008713  __c28xabi_mpyd                           
0     00008e73  __c28xabi_subd                           
0     00008dcc  __c28xabi_ultod                          
n/a   UNDEFED   __c_args__                               
0     0000b3ed  __error__                                
1     00000400  __stack                                  
0     00008ea8  _args_main                               
0     00008d9f  _c_int00                                 
1     0000f016  _lock                                    
0     00008ee4  _nop                                     
0     00008ee0  _register_lock                           
0     00008edc  _register_unlock                         
0     0000b7ff  _system_post_cinit                       
0     000087fe  _system_pre_init                         
1     0000f018  _unlock                                  
0     00008bb4  abort                                    
1     0000f004  amplitude                                
0     00000000  code_start                               
1     0000a840  cpuTimer0IntCount                        
1     0000a841  delayCount                               
1     0000a842  dt                                       
0     00008bb6  exit                                     
0     0000b5d1  generateWaveforms                        
0     0000b534  main                                     
0     00008c84  memcpy                                   
0     000081d9  myBoardLED0_GPIO_init                    
0     000081b4  myCPUTIMER0_init                         
0     000081fc  mySCIB_init                              
1     0000f006  period                                   
0     0000b69e  processSerialCommand                     
1     0000f008  samplingRate                             
1     0000a800  sciRxBuffer                              
1     0000f001  sciRxFlag                                
1     0000f000  sciRxIndex                               
0     0000b66c  sendWaveformData                         
0     00008800  sinf                                     
1     0000f002  t                                        


GLOBAL SYMBOLS: SORTED BY Symbol Address 

page  address   name                                     
----  -------   ----                                     
0     00000000  code_start                               
0     00000123  SysCtl_delay                             
0     00000136  __TI_Handler_Table_Base                  
0     0000013c  __TI_Handler_Table_Limit                 
0     00000140  __TI_CINIT_Base                          
0     00000148  __TI_CINIT_Limit                         
0     00000148  __TI_CINIT_Warm                          
0     00008180  Board_init                               
0     0000818d  PinMux_init                              
0     000081b1  CPUTIMER_init                            
0     000081b4  myCPUTIMER0_init                         
0     000081d6  GPIO_init                                
0     000081d9  myBoardLED0_GPIO_init                    
0     000081ec  INTERRUPT_init                           
0     000081f9  SCI_init                                 
0     000081fc  mySCIB_init                              
0     00008239  SysCtl_setClock                          
0     00008442  __c28xabi_addd                           
0     000084de  INT_myCPUTIMER0_ISR                      
0     00008516  INT_mySCIB_RX_ISR                        
0     00008570  SysCtl_selectXTAL                        
0     00008600  __c28xabi_divd                           
0     0000868b  __c28xabi_divf                           
0     00008713  __c28xabi_mpyd                           
0     00008796  SysCtl_getDeviceParametric               
0     000087fe  _system_pre_init                         
0     00008800  sinf                                     
0     00008866  SysCtl_getClock                          
0     000088b7  SCI_getInterruptStatus                   
0     00008905  SysCtl_selectOscSource                   
0     0000894d  SCI_clearInterruptStatus                 
0     00008992  SCI_writeCharArray                       
0     000089d3  SCI_setConfig                            
0     00008a11  Interrupt_initModule                     
0     00008a4e  GPIO_setControllerCore                   
0     00008a85  GPIO_setPinConfig                        
0     00008abc  GPIO_setQualificationMode                
0     00008af3  Interrupt_enable                         
0     00008b2a  GPIO_setDirectionMode                    
0     00008b5b  __TI_decompress_lzss                     
0     00008b89  __TI_auto_init_nobinit_nopinit           
0     00008bb4  C$$EXIT                                  
0     00008bb4  abort                                    
0     00008bb6  exit                                     
0     00008c05  __c28xabi_divi                           
0     00008c16  __c28xabi_modi                           
0     00008c66  Interrupt_initVectorTable                
0     00008c84  memcpy                                   
0     00008ca1  __c28xabi_ftod                           
0     00008cd8  __c28xabi_dtoul                          
0     00008d27  SysCtl_getLowSpeedClock                  
0     00008d9f  _c_int00                                 
0     00008db6  Interrupt_defaultHandler                 
0     00008dcc  __c28xabi_ultod                          
0     00008e0a  CPUTimer_setEmulationMode                
0     00008e73  __c28xabi_subd                           
0     00008e9b  __TI_zero_init_nomemset                  
0     00008ea8  _args_main                               
0     00008ebf  Interrupt_illegalOperationHandler        
0     00008ec9  Interrupt_nmiHandler                     
0     00008edc  _register_unlock                         
0     00008ee0  _register_lock                           
0     00008ee4  _nop                                     
0     00008eed  __TI_decompress_none                     
0     0000b0ae  Device_init                              
0     0000b0f0  Device_enableAllPeripherals              
0     0000b1db  Device_initGPIO                          
0     0000b1fc  Device_enableUnbondedGPIOPullupsFor176Pin
0     0000b20f  Device_enableUnbondedGPIOPullupsFor100Pin
0     0000b22c  Device_enableUnbondedGPIOPullups         
0     0000b242  Device_configureTMXAnalogTrim            
0     0000b273  Device_bootCPU2                          
0     0000b3ed  __error__                                
0     0000b3f4  Example_setResultPass                    
0     0000b3f9  Example_setResultFail                    
0     0000b3fe  Example_done                             
0     0000b534  main                                     
0     0000b5d1  generateWaveforms                        
0     0000b66c  sendWaveformData                         
0     0000b69e  processSerialCommand                     
0     0000b79e  GPIO_setPadConfig                        
0     0000b7ff  _system_post_cinit                       
1     00000400  __stack                                  
1     00000500  __TI_STACK_END                           
1     0000a800  sciRxBuffer                              
1     0000a840  cpuTimer0IntCount                        
1     0000a841  delayCount                               
1     0000a842  dt                                       
1     0000f000  sciRxIndex                               
1     0000f001  sciRxFlag                                
1     0000f002  t                                        
1     0000f004  amplitude                                
1     0000f006  period                                   
1     0000f008  samplingRate                             
1     0000f00a  Example_Result                           
1     0000f00c  Example_PassCount                        
1     0000f00e  Example_Fail                             
1     0000f010  __TI_enable_exit_profile_output          
1     0000f012  __TI_cleanup_ptr                         
1     0000f014  __TI_dtors_ptr                           
1     0000f016  _lock                                    
1     0000f018  _unlock                                  
abs   00000100  __TI_STACK_SIZE                          
abs   ffffffff  __TI_pprof_out_hndl                      
abs   ffffffff  __TI_prof_data_size                      
abs   ffffffff  __TI_prof_data_start                     
n/a   UNDEFED   __c_args__                               

[107 symbols]
