******************************************************************************
             TMS320C2000 Linker PC v22.6.2                     
******************************************************************************
>> Linked Sun Dec 28 20:37:25 2025

OUTPUT FILE NAME:   <empty_driverlib_4.out>
ENTRY POINT SYMBOL: "code_start"  address: 00000000


MEMORY CONFIGURATION

         name            origin    length      used     unused   attr    fill
----------------------  --------  ---------  --------  --------  ----  --------
PAGE 0:
  BEGIN                 00000000   00000002  00000002  00000000  RWIX
  RAMM0                 00000123   000002dd  00000030  000002ad  RWIX
  RAMLS0                00008000   00000800  00000800  00000000  RWIX
  RAMLS1                00008800   00000800  00000800  00000000  RWIX
  RAMLS2                00009000   00000800  00000505  000002fb  RWIX
  RAMLS3                00009800   00000800  00000000  00000800  RWIX
  RAMLS4                0000a000   00000800  00000000  00000800  RWIX
  RAMD0                 0000b000   00000800  00000800  00000000  RWIX
  RAMGS0                0000c000   00001000  00000000  00001000  RWIX
  RAMGS1                0000d000   00001000  00000000  00001000  RWIX
  RAMGS2                0000e000   00001000  00000000  00001000  RWIX
  RAMGS3                0000f000   00001000  00000000  00001000  RWIX
  RAMGS4                00010000   00001000  00000000  00001000  RWIX
  RAMGS5                00011000   00001000  00000000  00001000  RWIX
  FLASHA                00080002   00001ffe  00000000  00001ffe  RWIX
  FLASHB                00082000   00002000  00000000  00002000  RWIX
  FLASHC                00084000   00002000  00000000  00002000  RWIX
  FLASHD                00086000   00002000  00000000  00002000  RWIX
  FLASHE                00088000   00008000  00000000  00008000  RWIX
  FLASHF                00090000   00008000  00000000  00008000  RWIX
  FLASHG                00098000   00008000  00000000  00008000  RWIX
  FLASHH                000a0000   00008000  00000000  00008000  RWIX
  FLASHI                000a8000   00008000  00000000  00008000  RWIX
  FLASHJ                000b0000   00008000  00000000  00008000  RWIX
  FLASHK                000b8000   00002000  00000000  00002000  RWIX
  FLASHL                000ba000   00002000  00000000  00002000  RWIX
  FLASHM                000bc000   00002000  00000000  00002000  RWIX
  FLASHN                000be000   00001ff0  00000000  00001ff0  RWIX
  RESET                 003fffc0   00000002  00000000  00000002  RWIX

PAGE 1:
  BOOT_RSVD             00000002   00000121  00000000  00000121  RWIX
  RAMM1                 00000400   000003f8  00000100  000002f8  RWIX
  Cla1ProgRam           00008000   00000800  00000000  00000800  RWIX
  RAMLS5                0000a800   00000400  00000000  00000400  RWIX
  Cla1DataRam           0000ac00   00000400  00000000  00000400  RWIX
  RAMD1                 0000b800   00000800  00000000  00000800  RWIX
  RAMGS0_PAGE1          0000c000   00001000  0000033f  00000cc1  RWIX
  RAMGS1_PAGE1          0000d000   00001000  00000003  00000ffd  RWIX
  RAMGS2_PAGE1          0000e000   00001000  00000000  00001000  RWIX
  RAMGS3_PAGE1          0000f000   00001000  00000000  00001000  RWIX
  RAMGS4_PAGE1          00010000   00001000  00000000  00001000  RWIX
  RAMGS5_PAGE1          00011000   00001000  00000000  00001000  RWIX
  RAMGS6                00012000   00001000  00000000  00001000  RWIX
  RAMGS7                00013000   00001000  00000000  00001000  RWIX
  RAMGS8                00014000   00001000  00000000  00001000  RWIX
  RAMGS9                00015000   00001000  00000000  00001000  RWIX
  RAMGS10               00016000   00001000  00000000  00001000  RWIX
  RAMGS11               00017000   00001000  00000000  00001000  RWIX
  RAMGS12               00018000   00001000  00000000  00001000  RWIX
  RAMGS13               00019000   00001000  00000000  00001000  RWIX
  RAMGS14               0001a000   00001000  00000000  00001000  RWIX
  RAMGS15               0001b000   00000ff8  00000000  00000ff8  RWIX
  CPU2TOCPU1RAM         0003f800   00000400  00000000  00000400  RWIX
  CPU1TOCPU2RAM         0003fc00   00000400  00000000  00000400  RWIX
  CANA_MSG_RAM          00049000   00000800  00000000  00000800  RWIX
  CANB_MSG_RAM          0004b000   00000800  00000000  00000800  RWIX


SECTION ALLOCATION MAP

 output                                  attributes/
section   page    origin      length       input sections
--------  ----  ----------  ----------   ----------------
codestart 
*          0    00000000    00000002     
                  00000000    00000002     F2837xD_CodeStartBranch.obj (codestart)

.cinit     0    00000128    0000002c     
                  00000128    00000019     (.cinit..data.load) [load image, compression = lzss]
                  00000141    00000001     --HOLE-- [fill = 0]
                  00000142    00000006     (__TI_handler_table)
                  00000148    00000004     (.cinit..bss.load) [load image, compression = zero_init]
                  0000014c    00000008     (__TI_cinit_table)

.reset     0    003fffc0    00000000     DSECT

.stack     1    00000400    00000100     UNINITIALIZED
                  00000400    00000100     --HOLE--

.bss       1    0000d000    00000003     UNINITIALIZED
                  0000d000    00000003     foc_adc.obj (.bss:adcResult)

.init_array 
*          0    00000123    00000000     UNINITIALIZED

.const     1    0000c000    000002f0     
                  0000c000    000000c2     driverlib_eabi.lib : sysctl.obj (.const:.string)
                  0000c0c2    000000bc                        : epwm.obj (.const:.string)
                  0000c17e    000000bc                        : gpio.obj (.const:.string)
                  0000c23a    0000005d                        : adc.obj (.const:.string)
                  0000c297    00000001     --HOLE-- [fill = 0]
                  0000c298    0000003e     foc_pwm.obj (.const:.string)
                  0000c2d6    0000000a     rts2800_fpu32_eabi.lib : s_atanf.c.obj (.const:aT)
                  0000c2e0    00000008                            : s_atanf.c.obj (.const:atanhi)
                  0000c2e8    00000008                            : s_atanf.c.obj (.const:atanlo)

.data      1    0000c2f0    0000004f     UNINITIALIZED
                  0000c2f0    00000006     device.obj (.data)
                  0000c2f6    00000006     foc_encoder.obj (.data)
                  0000c2fc    00000002     rts2800_fpu32_eabi.lib : _lock.c.obj (.data:_lock)
                  0000c2fe    00000002                            : _lock.c.obj (.data:_unlock)
                  0000c300    00000022     foc_core.obj (.data)
                  0000c322    00000016     FOC_auto_start.obj (.data)
                  0000c338    00000006     rts2800_fpu32_eabi.lib : exit.c.obj (.data)
                  0000c33e    00000001                            : errno.c.obj (.data)

GETBUFFER 
*          0    0003f800    00000000     DSECT

GETWRITEIDX 
*          0    0003f800    00000000     DSECT

PUTREADIDX 
*          0    0003f800    00000000     DSECT

.TI.ramfunc 
*          0    00000123    00000004     
                  00000123    00000004     driverlib_eabi.lib : sysctl.obj (.TI.ramfunc)

Cla1funcs 
*          0    00008000    00000000     UNINITIALIZED

.text.1    0    00008000    00000800     
                  00008000    00000209     driverlib_eabi.lib : sysctl.obj (.text:SysCtl_setClock)
                  00008209    000001a8     rts2800_fpu32_eabi.lib : ti_fmax.c.obj (.text)
                  000083b1    0000017a     foc_svpwm.obj (.text)
                  0000852b    0000010a     foc_encoder.obj (.text)
                  00008635    00000100     foc_adc.obj (.text)
                  00008735    000000ca     rts2800_fpu32_eabi.lib : s_atanf.c.obj (.text)
                  000087ff    00000001                            : startup.c.obj (.text)

.text.2    0    00008800    00000800     
                  00008800    000000fa     foc_core.obj (.text)
                  000088fa    000000d2     rts2800_fpu32_eabi.lib : e_atan2f.c.obj (.text)
                  000089cc    000000a9     FOC_auto_start.obj (.text)
                  00008a75    00000095     FOC_auto_start.obj (.text:retain)
                  00008b0a    00000090     driverlib_eabi.lib : sysctl.obj (.text:SysCtl_selectXTAL)
                  00008b9a    00000088     rts2800_fpu32_eabi.lib : fs_div28.asm.obj (.text)
                  00008c22    0000006f     driverlib_eabi.lib : adc.obj (.text:ADC_setINLTrim)
                  00008c91    00000068                        : sysctl.obj (.text:SysCtl_getDeviceParametric)
                  00008cf9    00000066     rts2800_fpu32_eabi.lib : s_sinf.c.obj (.text)
                  00008d5f    00000063                            : s_cosf.c.obj (.text)
                  00008dc2    00000060     driverlib_eabi.lib : adc.obj (.text:ADC_setOffsetTrim)
                  00008e22    0000005c                        : adc.obj (.text:ADC_setPPBTripLimits)
                  00008e7e    00000051                        : sysctl.obj (.text:SysCtl_getClock)
                  00008ecf    00000048                        : sysctl.obj (.text:SysCtl_selectOscSource)
                  00008f17    00000040                        : epwm.obj (.text:EPWM_setActionQualifierAction)
                  00008f57    0000003e                        : epwm.obj (.text:EPWM_setCounterCompareShadowLoadMode)
                  00008f95    0000003d                        : interrupt.obj (.text:Interrupt_initModule)
                  00008fd2    0000002e     rts2800_fpu32_eabi.lib : copy_decompress_lzss.c.obj (.text:decompress:lzss)

.text.3    0    00009000    00000505     
                  00009000    0000003b     driverlib_eabi.lib : epwm.obj (.text:EPWM_isBaseValid)
                  0000903b    00000037                        : gpio.obj (.text:GPIO_setControllerCore)
                  00009072    00000037                        : gpio.obj (.text:GPIO_setPinConfig)
                  000090a9    00000037                        : gpio.obj (.text:GPIO_setQualificationMode)
                  000090e0    00000037                        : interrupt.obj (.text:Interrupt_enable)
                  00009117    00000031                        : gpio.obj (.text:GPIO_setDirectionMode)
                  00009148    0000002f                        : adc.obj (.text:ADC_setMode)
                  00009177    0000002b     rts2800_fpu32_eabi.lib : autoinit.c.obj (.text:__TI_auto_init_nobinit_nopinit)
                  000091a2    0000002a                            : fd_cmp28.asm.obj (.text)
                  000091cc    00000029                            : exit.c.obj (.text)
                  000091f5    00000028     driverlib_eabi.lib : sysctl.obj (.text:CPUTimer_selectClockSource)
                  0000921d    00000001     --HOLE-- [fill = 0]
                  0000921e    00000027     rts2800_fpu32_eabi.lib : e_sqrtf.c.obj (.text)
                  00009245    00000022     driverlib_eabi.lib : epwm.obj (.text:EPWM_setCounterCompareValue)
                  00009267    0000001f                        : sysctl.obj (.text:CPUTimer_getTimerOverflowStatus)
                  00009286    0000001e                        : epwm.obj (.text:EPWM_setPhaseShift)
                  000092a4    0000001e                        : interrupt.obj (.text:Interrupt_initVectorTable)
                  000092c2    0000001e     rts2800_fpu32_eabi.lib : ll_cmp28.asm.obj (.text)
                  000092e0    0000001d                            : memcpy.c.obj (.text)
                  000092fd    0000001c     driverlib_eabi.lib : epwm.obj (.text:EPWM_setClockPrescaler)
                  00009319    0000001b                        : adc.obj (.text:ADC_isBaseValid)
                  00009334    0000001a                        : sysctl.obj (.text:CPUTimer_startTimer)
                  0000934e    0000001a                        : sysctl.obj (.text:SysCtl_getLowSpeedClock)
                  00009368    00000019     rts2800_fpu32_eabi.lib : prolog28.asm.obj (.text)
                  00009381    00000017     driverlib_eabi.lib : sysctl.obj (.text:CPUTimer_isBaseValid)
                  00009398    00000017     rts2800_fpu32_eabi.lib : boot28.asm.obj (.text)
                  000093af    00000016     driverlib_eabi.lib : interrupt.obj (.text:Interrupt_defaultHandler)
                  000093c5    00000014                        : sysctl.obj (.text:CPUTimer_stopTimer)
                  000093d9    00000014                        : epwm.obj (.text:EPWM_setTimeBaseCounterMode)
                  000093ed    00000014                        : epwm.obj (.text:EPWM_setTimeBasePeriod)
                  00009401    00000012                        : sysctl.obj (.text:CPUTimer_clearOverflowFlag)
                  00009413    00000012                        : sysctl.obj (.text:CPUTimer_disableInterrupt)
                  00009425    00000012                        : epwm.obj (.text:EPWM_setTimeBaseCounter)
                  00009437    00000011                        : sysctl.obj (.text:CPUTimer_setPeriod)
                  00009448    00000011                        : epwm.obj (.text:EPWM_disablePhaseShiftLoad)
                  00009459    0000000f                        : sysctl.obj (.text:SysCtl_pollCpuTimer)
                  00009468    0000000f                        : epwm.obj (.text:SysCtl_setEPWMClockDivider)
                  00009477    0000000e                        : gpio.obj (.text:GPIO_isPinValid)
                  00009485    0000000d                        : interrupt.obj (.text:Interrupt_disableGlobal)
                  00009492    0000000d                        : interrupt.obj (.text:Interrupt_enableGlobal)
                  0000949f    0000000d     rts2800_fpu32_eabi.lib : copy_zero_init.c.obj (.text:decompress:ZI:__TI_zero_init_nomemset)
                  000094ac    0000000c                            : args_main.c.obj (.text)
                  000094b8    0000000c                            : epilog28.asm.obj (.text)
                  000094c4    0000000b     driverlib_eabi.lib : sysctl.obj (.text:SysCtl_isMCDClockFailureDetected)
                  000094cf    0000000a                        : interrupt.obj (.text:Interrupt_illegalOperationHandler)
                  000094d9    0000000a                        : interrupt.obj (.text:Interrupt_nmiHandler)
                  000094e3    00000009     rts2800_fpu32_eabi.lib : _lock.c.obj (.text)
                  000094ec    00000008     F2837xD_CodeStartBranch.obj (.text)
                  000094f4    00000008     rts2800_fpu32_eabi.lib : copy_decompress_none.c.obj (.text:decompress:none)
                  000094fc    00000007     driverlib_eabi.lib : sysctl.obj (.text:SysCtl_resetMCD)
                  00009503    00000002     rts2800_fpu32_eabi.lib : pre_init.c.obj (.text)

.text.4    0    0000b000    00000800     
                  0000b000    0000037d     device.obj (.text)
                  0000b37d    00000216     foc_pwm.obj (.text)
                  0000b593    00000212     driverlib_eabi.lib : epwm.obj (.text:EPWM_configureSignal)
                  0000b7a5    00000052                        : gpio.obj (.text:GPIO_setPadConfig)
                  0000b7f7    00000009                        : sysctl.obj (.text:SysCtl_serviceWatchdog)

MODULE SUMMARY

       Module                        code   ro data   rw data
       ------                        ----   -------   -------
    .\
       FOC_auto_start.obj            318    0         22     
    +--+-----------------------------+------+---------+---------+
       Total:                        318    0         22     
                                                             
    .\device\
       device.obj                    893    0         6      
       F2837xD_CodeStartBranch.obj   10     0         0      
    +--+-----------------------------+------+---------+---------+
       Total:                        903    0         6      
                                                             
    .\model\
       foc_pwm.obj                   534    62        0      
       foc_svpwm.obj                 378    0         0      
       foc_core.obj                  250    0         34     
       foc_encoder.obj               266    0         6      
       foc_adc.obj                   256    0         3      
    +--+-----------------------------+------+---------+---------+
       Total:                        1684   62        43     
                                                             
    C:\TI\C2000Ware_6_00_01_00\driverlib\f2837xd\driverlib\ccs\Debug\driverlib_eabi.lib
       sysctl.obj                    1187   194       0      
       epwm.obj                      897    188       0      
       gpio.obj                      310    188       0      
       adc.obj                       373    93        0      
       interrupt.obj                 214    0         0      
    +--+-----------------------------+------+---------+---------+
       Total:                        2981   663       0      
                                                             
    D:\TI\ccs\tools\compiler\ti-cgt-c2000_22.6.2.LTS\lib\rts2800_fpu32_eabi.lib
       ti_fmax.c.obj                 424    0         0      
       s_atanf.c.obj                 202    26        0      
       e_atan2f.c.obj                210    0         0      
       fs_div28.asm.obj              136    0         0      
       s_sinf.c.obj                  102    0         0      
       s_cosf.c.obj                  99     0         0      
       exit.c.obj                    41     0         6      
       copy_decompress_lzss.c.obj    46     0         0      
       autoinit.c.obj                43     0         0      
       fd_cmp28.asm.obj              42     0         0      
       e_sqrtf.c.obj                 39     0         0      
       ll_cmp28.asm.obj              30     0         0      
       memcpy.c.obj                  29     0         0      
       prolog28.asm.obj              25     0         0      
       boot28.asm.obj                23     0         0      
       _lock.c.obj                   9      0         4      
       copy_zero_init.c.obj          13     0         0      
       args_main.c.obj               12     0         0      
       epilog28.asm.obj              12     0         0      
       copy_decompress_none.c.obj    8      0         0      
       pre_init.c.obj                2      0         0      
       errno.c.obj                   0      0         1      
       startup.c.obj                 1      0         0      
    +--+-----------------------------+------+---------+---------+
       Total:                        1548   26        11     
                                                             
       Stack:                        0      0         256    
       Linker Generated:             0      43        0      
    +--+-----------------------------+------+---------+---------+
       Grand Total:                  7434   794       338    


LINKER GENERATED COPY TABLES

__TI_cinit_table @ 0000014c records: 2, size/record: 4, table size: 8
	.data: load addr=00000128, load size=00000019 bytes, run addr=0000c2f0, run size=0000004f bytes, compression=lzss
	.bss: load addr=00000148, load size=00000004 bytes, run addr=0000d000, run size=00000003 bytes, compression=zero_init


LINKER GENERATED HANDLER TABLE

__TI_handler_table @ 00000142 records: 3, size/record: 2, table size: 6
	index: 0, handler: __TI_zero_init
	index: 1, handler: __TI_decompress_lzss
	index: 2, handler: __TI_decompress_none


GLOBAL DATA SYMBOLS: SORTED BY DATA PAGE

address     data page           name
--------    ----------------    ----
00000400      10 (00000400)     __stack

0000c2f0     30b (0000c2c0)     Example_Result
0000c2f2     30b (0000c2c0)     Example_PassCount
0000c2f4     30b (0000c2c0)     Example_Fail
0000c2f6     30b (0000c2c0)     curr_pos_latch
0000c2f8     30b (0000c2c0)     last_pos_latch
0000c2fa     30b (0000c2c0)     pos_diff
0000c2fc     30b (0000c2c0)     _lock
0000c2fe     30b (0000c2c0)     _unlock

0000c300     30c (0000c300)     TBPRD
0000c301     30c (0000c300)     overcurrent_fault
0000c302     30c (0000c300)     encoder_raw_pos
0000c304     30c (0000c300)     motor_angle_mech_rad
0000c306     30c (0000c300)     motor_angle_elec_rad
0000c308     30c (0000c300)     motor_rpm
0000c30a     30c (0000c300)     Ia_meas
0000c30c     30c (0000c300)     Ib_meas
0000c30e     30c (0000c300)     Ic_meas
0000c310     30c (0000c300)     Id_ref
0000c312     30c (0000c300)     Iq_ref
0000c314     30c (0000c300)     Id_int
0000c316     30c (0000c300)     Iq_int
0000c318     30c (0000c300)     KP_ID
0000c31a     30c (0000c300)     KI_ID
0000c31c     30c (0000c300)     KP_IQ
0000c31e     30c (0000c300)     KI_IQ
0000c320     30c (0000c300)     motor_speed_rad
0000c322     30c (0000c300)     svpwm_handle
0000c338     30c (0000c300)     __TI_enable_exit_profile_output
0000c33a     30c (0000c300)     __TI_cleanup_ptr
0000c33c     30c (0000c300)     __TI_dtors_ptr
0000c33e     30c (0000c300)     errno


GLOBAL SYMBOLS: SORTED ALPHABETICALLY BY Name 

page  address   name                                     
----  -------   ----                                     
0     000086bf  ADC_Init                                 
0     000086b0  ADC_Read_Current                         
0     00008c22  ADC_setINLTrim                           
0     00009148  ADC_setMode                              
0     00008dc2  ADC_setOffsetTrim                        
0     00008e22  ADC_setPPBTripLimits                     
0     000091cc  C$$EXIT                                  
abs   00000000  Cla1funcsLoadSize                        
0     00008000  Cla1funcsLoadStart                       
0     00008000  Cla1funcsRunStart                        
0     0000b205  Device_bootCPU2                          
0     0000b08b  Device_configureTMXAnalogTrim            
0     0000b0bf  Device_enableAllPeripherals              
0     0000b03e  Device_enableUnbondedGPIOPullups         
0     0000b021  Device_enableUnbondedGPIOPullupsFor100Pin
0     0000b00e  Device_enableUnbondedGPIOPullupsFor176Pin
0     0000b1aa  Device_init                              
0     0000b04e  Device_initGPIO                          
0     0000b466  EPWM_Init                                
0     0000b3cd  EPWM_SetCompareValues                    
0     0000b593  EPWM_configureSignal                     
0     00008630  Encoder_getElecAngle                     
0     0000862b  Encoder_getMechAngle                     
0     00008626  Encoder_getSpeedRPM                      
0     00008621  Encoder_getSpeedRad                      
0     000085be  Encoder_init                             
0     0000852b  Encoder_update                           
1     0000c2f4  Example_Fail                             
1     0000c2f2  Example_PassCount                        
1     0000c2f0  Example_Result                           
0     0000b00d  Example_done                             
0     0000b008  Example_setResultFail                    
0     0000b003  Example_setResultPass                    
0     0000903b  GPIO_setControllerCore                   
0     00009117  GPIO_setDirectionMode                    
0     0000b7a5  GPIO_setPadConfig                        
0     00009072  GPIO_setPinConfig                        
0     000090a9  GPIO_setQualificationMode                
1     0000c30a  Ia_meas                                  
1     0000c30c  Ib_meas                                  
1     0000c30e  Ic_meas                                  
1     0000c314  Id_int                                   
1     0000c310  Id_ref                                   
0     000089cc  InitPeripherals                          
0     000093af  Interrupt_defaultHandler                 
0     000090e0  Interrupt_enable                         
0     000094cf  Interrupt_illegalOperationHandler        
0     00008f95  Interrupt_initModule                     
0     000092a4  Interrupt_initVectorTable                
0     000094d9  Interrupt_nmiHandler                     
1     0000c316  Iq_int                                   
1     0000c312  Iq_ref                                   
1     0000c31a  KI_ID                                    
1     0000c31e  KI_IQ                                    
1     0000c318  KP_ID                                    
1     0000c31c  KP_IQ                                    
0     00000123  SysCtl_delay                             
0     00008e7e  SysCtl_getClock                          
0     00008c91  SysCtl_getDeviceParametric               
0     0000934e  SysCtl_getLowSpeedClock                  
0     00008ecf  SysCtl_selectOscSource                   
0     00008b0a  SysCtl_selectXTAL                        
0     00008000  SysCtl_setClock                          
1     0000c300  TBPRD                                    
0     0000014c  __TI_CINIT_Base                          
0     00000154  __TI_CINIT_Limit                         
0     00000154  __TI_CINIT_Warm                          
0     00000142  __TI_Handler_Table_Base                  
0     00000148  __TI_Handler_Table_Limit                 
1     00000500  __TI_STACK_END                           
abs   00000100  __TI_STACK_SIZE                          
0     00009177  __TI_auto_init_nobinit_nopinit           
1     0000c33a  __TI_cleanup_ptr                         
0     00008fd2  __TI_decompress_lzss                     
0     000094f4  __TI_decompress_none                     
1     0000c33c  __TI_dtors_ptr                           
1     0000c338  __TI_enable_exit_profile_output          
abs   ffffffff  __TI_pprof_out_hndl                      
abs   ffffffff  __TI_prof_data_size                      
abs   ffffffff  __TI_prof_data_start                     
0     0000949f  __TI_zero_init_nomemset                  
0     000091a2  __c28xabi_cmpd                           
0     000092c2  __c28xabi_cmpll                          
0     000092d4  __c28xabi_cmpull                         
0     00008b9a  __c28xabi_divf                           
n/a   UNDEFED   __c_args__                               
0     0000b000  __error__                                
1     00000400  __stack                                  
0     000094ac  _args_main                               
0     00009398  _c_int00                                 
0     000094b8  _epilog_c28x_1                           
0     000094bc  _epilog_c28x_2                           
1     0000c2fc  _lock                                    
0     000094eb  _nop                                     
0     00009368  _prolog_c28x_1                           
0     0000936c  _prolog_c28x_2                           
0     00009374  _prolog_c28x_3                           
0     000094e7  _register_lock                           
0     000094e3  _register_unlock                         
0     000087ff  _system_post_cinit                       
0     00009503  _system_pre_init                         
1     0000c2fe  _unlock                                  
0     000091cc  abort                                    
0     00008a75  adc_isr                                  
0     000088fa  atan2f                                   
0     00008735  atanf                                    
0     00008800  clampf_val                               
0     000088d9  clarke_transform                         
0     00000000  code_start                               
0     00008d5f  cosf                                     
1     0000c2f6  curr_pos_latch                           
1     0000c302  encoder_raw_pos                          
1     0000c33e  errno                                    
0     000091ce  exit                                     
0     00008316  fmax                                     
0     000082dd  fmaxf                                    
0     00008316  fmaxl                                    
0     00008242  fmin                                     
0     00008209  fminf                                    
0     00008242  fminl                                    
0     000088a2  inv_park_transform                       
1     0000c2f8  last_pos_latch                           
0     000089de  main                                     
0     000092e0  memcpy                                   
1     0000c306  motor_angle_elec_rad                     
1     0000c304  motor_angle_mech_rad                     
1     0000c308  motor_rpm                                
1     0000c320  motor_speed_rad                          
1     0000c301  overcurrent_fault                        
0     00008867  park_transform                           
0     0000883c  pi_id                                    
0     00008811  pi_iq                                    
1     0000c2fa  pos_diff                                 
0     00008cf9  sinf                                     
0     0000921e  sqrtf                                    
0     000083b1  svpwm_compute                            
1     0000c322  svpwm_handle                             


GLOBAL SYMBOLS: SORTED BY Symbol Address 

page  address   name                                     
----  -------   ----                                     
0     00000000  code_start                               
0     00000123  SysCtl_delay                             
0     00000142  __TI_Handler_Table_Base                  
0     00000148  __TI_Handler_Table_Limit                 
0     0000014c  __TI_CINIT_Base                          
0     00000154  __TI_CINIT_Limit                         
0     00000154  __TI_CINIT_Warm                          
0     00008000  Cla1funcsLoadStart                       
0     00008000  Cla1funcsRunStart                        
0     00008000  SysCtl_setClock                          
0     00008209  fminf                                    
0     00008242  fmin                                     
0     00008242  fminl                                    
0     000082dd  fmaxf                                    
0     00008316  fmax                                     
0     00008316  fmaxl                                    
0     000083b1  svpwm_compute                            
0     0000852b  Encoder_update                           
0     000085be  Encoder_init                             
0     00008621  Encoder_getSpeedRad                      
0     00008626  Encoder_getSpeedRPM                      
0     0000862b  Encoder_getMechAngle                     
0     00008630  Encoder_getElecAngle                     
0     000086b0  ADC_Read_Current                         
0     000086bf  ADC_Init                                 
0     00008735  atanf                                    
0     000087ff  _system_post_cinit                       
0     00008800  clampf_val                               
0     00008811  pi_iq                                    
0     0000883c  pi_id                                    
0     00008867  park_transform                           
0     000088a2  inv_park_transform                       
0     000088d9  clarke_transform                         
0     000088fa  atan2f                                   
0     000089cc  InitPeripherals                          
0     000089de  main                                     
0     00008a75  adc_isr                                  
0     00008b0a  SysCtl_selectXTAL                        
0     00008b9a  __c28xabi_divf                           
0     00008c22  ADC_setINLTrim                           
0     00008c91  SysCtl_getDeviceParametric               
0     00008cf9  sinf                                     
0     00008d5f  cosf                                     
0     00008dc2  ADC_setOffsetTrim                        
0     00008e22  ADC_setPPBTripLimits                     
0     00008e7e  SysCtl_getClock                          
0     00008ecf  SysCtl_selectOscSource                   
0     00008f95  Interrupt_initModule                     
0     00008fd2  __TI_decompress_lzss                     
0     0000903b  GPIO_setControllerCore                   
0     00009072  GPIO_setPinConfig                        
0     000090a9  GPIO_setQualificationMode                
0     000090e0  Interrupt_enable                         
0     00009117  GPIO_setDirectionMode                    
0     00009148  ADC_setMode                              
0     00009177  __TI_auto_init_nobinit_nopinit           
0     000091a2  __c28xabi_cmpd                           
0     000091cc  C$$EXIT                                  
0     000091cc  abort                                    
0     000091ce  exit                                     
0     0000921e  sqrtf                                    
0     000092a4  Interrupt_initVectorTable                
0     000092c2  __c28xabi_cmpll                          
0     000092d4  __c28xabi_cmpull                         
0     000092e0  memcpy                                   
0     0000934e  SysCtl_getLowSpeedClock                  
0     00009368  _prolog_c28x_1                           
0     0000936c  _prolog_c28x_2                           
0     00009374  _prolog_c28x_3                           
0     00009398  _c_int00                                 
0     000093af  Interrupt_defaultHandler                 
0     0000949f  __TI_zero_init_nomemset                  
0     000094ac  _args_main                               
0     000094b8  _epilog_c28x_1                           
0     000094bc  _epilog_c28x_2                           
0     000094cf  Interrupt_illegalOperationHandler        
0     000094d9  Interrupt_nmiHandler                     
0     000094e3  _register_unlock                         
0     000094e7  _register_lock                           
0     000094eb  _nop                                     
0     000094f4  __TI_decompress_none                     
0     00009503  _system_pre_init                         
0     0000b000  __error__                                
0     0000b003  Example_setResultPass                    
0     0000b008  Example_setResultFail                    
0     0000b00d  Example_done                             
0     0000b00e  Device_enableUnbondedGPIOPullupsFor176Pin
0     0000b021  Device_enableUnbondedGPIOPullupsFor100Pin
0     0000b03e  Device_enableUnbondedGPIOPullups         
0     0000b04e  Device_initGPIO                          
0     0000b08b  Device_configureTMXAnalogTrim            
0     0000b0bf  Device_enableAllPeripherals              
0     0000b1aa  Device_init                              
0     0000b205  Device_bootCPU2                          
0     0000b3cd  EPWM_SetCompareValues                    
0     0000b466  EPWM_Init                                
0     0000b593  EPWM_configureSignal                     
0     0000b7a5  GPIO_setPadConfig                        
1     00000400  __stack                                  
1     00000500  __TI_STACK_END                           
1     0000c2f0  Example_Result                           
1     0000c2f2  Example_PassCount                        
1     0000c2f4  Example_Fail                             
1     0000c2f6  curr_pos_latch                           
1     0000c2f8  last_pos_latch                           
1     0000c2fa  pos_diff                                 
1     0000c2fc  _lock                                    
1     0000c2fe  _unlock                                  
1     0000c300  TBPRD                                    
1     0000c301  overcurrent_fault                        
1     0000c302  encoder_raw_pos                          
1     0000c304  motor_angle_mech_rad                     
1     0000c306  motor_angle_elec_rad                     
1     0000c308  motor_rpm                                
1     0000c30a  Ia_meas                                  
1     0000c30c  Ib_meas                                  
1     0000c30e  Ic_meas                                  
1     0000c310  Id_ref                                   
1     0000c312  Iq_ref                                   
1     0000c314  Id_int                                   
1     0000c316  Iq_int                                   
1     0000c318  KP_ID                                    
1     0000c31a  KI_ID                                    
1     0000c31c  KP_IQ                                    
1     0000c31e  KI_IQ                                    
1     0000c320  motor_speed_rad                          
1     0000c322  svpwm_handle                             
1     0000c338  __TI_enable_exit_profile_output          
1     0000c33a  __TI_cleanup_ptr                         
1     0000c33c  __TI_dtors_ptr                           
1     0000c33e  errno                                    
abs   00000000  Cla1funcsLoadSize                        
abs   00000100  __TI_STACK_SIZE                          
abs   ffffffff  __TI_pprof_out_hndl                      
abs   ffffffff  __TI_prof_data_size                      
abs   ffffffff  __TI_prof_data_start                     
n/a   UNDEFED   __c_args__                               

[137 symbols]
