******************************************************************************
             TMS320C2000 Linker PC v22.6.2                     
******************************************************************************
>> Linked Sat Jan 31 16:01:12 2026

OUTPUT FILE NAME:   <empty_driverlib_4.out>
ENTRY POINT SYMBOL: "code_start"  address: 00000000


MEMORY CONFIGURATION

         name            origin    length      used     unused   attr    fill
----------------------  --------  ---------  --------  --------  ----  --------
PAGE 0:
  BEGIN                 00000000   00000002  00000002  00000000  RWIX
  RAMM0                 00000123   000002dd  00000044  00000299  RWIX
  RAMLS0                00008000   00000800  00000800  00000000  RWIX
  RAMLS1                00008800   00000800  000007ef  00000011  RWIX
  RAMLS2                00009000   00000800  00000000  00000800  RWIX
  RAMLS3                00009800   00000800  00000000  00000800  RWIX
  RAMLS4                0000a000   00000800  00000000  00000800  RWIX
  RAMD0                 0000b000   00000800  00000800  00000000  RWIX
  RAMGS0                0000c000   00001000  00000000  00001000  RWIX
  RAMGS1                0000d000   00001000  00000000  00001000  RWIX
  RAMGS2                0000e000   00001000  00000000  00001000  RWIX
  RAMGS3                0000f000   00001000  00000000  00001000  RWIX
  RAMGS4                00010000   00001000  00000000  00001000  RWIX
  RAMGS5                00011000   00001000  00000000  00001000  RWIX
  FLASHA                00080002   00001ffe  00000000  00001ffe  RWIX
  FLASHB                00082000   00002000  00000000  00002000  RWIX
  FLASHC                00084000   00002000  00000000  00002000  RWIX
  FLASHD                00086000   00002000  00000000  00002000  RWIX
  FLASHE                00088000   00008000  00000000  00008000  RWIX
  FLASHF                00090000   00008000  00000000  00008000  RWIX
  FLASHG                00098000   00008000  00000000  00008000  RWIX
  FLASHH                000a0000   00008000  00000000  00008000  RWIX
  FLASHI                000a8000   00008000  00000000  00008000  RWIX
  FLASHJ                000b0000   00008000  00000000  00008000  RWIX
  FLASHK                000b8000   00002000  00000000  00002000  RWIX
  FLASHL                000ba000   00002000  00000000  00002000  RWIX
  FLASHM                000bc000   00002000  00000000  00002000  RWIX
  FLASHN                000be000   00001ff0  00000000  00001ff0  RWIX
  RESET                 003fffc0   00000002  00000000  00000002  RWIX

PAGE 1:
  BOOT_RSVD             00000002   00000121  00000000  00000121  RWIX
  RAMM1                 00000400   000003f8  00000100  000002f8  RWIX
  Cla1ProgRam           00008000   00000800  00000000  00000800  RWIX
  RAMLS5                0000a800   00000400  00000000  00000400  RWIX
  Cla1DataRam           0000ac00   00000400  00000000  00000400  RWIX
  RAMD1                 0000b800   00000800  00000000  00000800  RWIX
  RAMGS0_PAGE1          0000c000   00001000  00000cab  00000355  RWIX
  RAMGS1_PAGE1          0000d000   00001000  00000003  00000ffd  RWIX
  RAMGS2_PAGE1          0000e000   00001000  00000000  00001000  RWIX
  RAMGS3_PAGE1          0000f000   00001000  00000000  00001000  RWIX
  RAMGS4_PAGE1          00010000   00001000  00000000  00001000  RWIX
  RAMGS5_PAGE1          00011000   00001000  00000000  00001000  RWIX
  RAMGS6                00012000   00001000  00000000  00001000  RWIX
  RAMGS7                00013000   00001000  00000000  00001000  RWIX
  RAMGS8                00014000   00001000  00000000  00001000  RWIX
  RAMGS9                00015000   00001000  00000000  00001000  RWIX
  RAMGS10               00016000   00001000  00000000  00001000  RWIX
  RAMGS11               00017000   00001000  00000000  00001000  RWIX
  RAMGS12               00018000   00001000  00000000  00001000  RWIX
  RAMGS13               00019000   00001000  00000000  00001000  RWIX
  RAMGS14               0001a000   00001000  00000000  00001000  RWIX
  RAMGS15               0001b000   00000ff8  00000000  00000ff8  RWIX
  CPU2TOCPU1RAM         0003f800   00000400  00000000  00000400  RWIX
  CPU1TOCPU2RAM         0003fc00   00000400  00000000  00000400  RWIX
  CANA_MSG_RAM          00049000   00000800  00000000  00000800  RWIX
  CANB_MSG_RAM          0004b000   00000800  00000000  00000800  RWIX


SECTION ALLOCATION MAP

 output                                  attributes/
section   page    origin      length       input sections
--------  ----  ----------  ----------   ----------------
codestart 
*          0    00000000    00000002     
                  00000000    00000002     F2837xD_CodeStartBranch.obj (codestart)

.cinit     0    00000128    00000040     
                  00000128    0000002d     (.cinit..data.load) [load image, compression = lzss]
                  00000155    00000001     --HOLE-- [fill = 0]
                  00000156    00000006     (__TI_handler_table)
                  0000015c    00000004     (.cinit..bss.load) [load image, compression = zero_init]
                  00000160    00000008     (__TI_cinit_table)

.reset     0    003fffc0    00000000     DSECT

.stack     1    00000400    00000100     UNINITIALIZED
                  00000400    00000100     --HOLE--

.data      1    0000c000    00000a8d     UNINITIALIZED
                  0000c000    00000280     FOC_auto_start.obj (.data:id_buffer)
                  0000c280    00000280     FOC_auto_start.obj (.data:iq_buffer)
                  0000c500    00000280     FOC_auto_start.obj (.data:vd_buffer)
                  0000c780    00000280     FOC_auto_start.obj (.data:vq_buffer)
                  0000ca00    0000007c     FOC_auto_start.obj (.data)
                  0000ca7c    00000002     rts2800_fpu32_eabi.lib : _lock.c.obj (.data:_lock)
                  0000ca7e    00000002                            : _lock.c.obj (.data:_unlock)
                  0000ca80    00000006     device.obj (.data)
                  0000ca86    00000006     rts2800_fpu32_eabi.lib : exit.c.obj (.data)
                  0000ca8c    00000001                            : errno.c.obj (.data)

.bss       1    0000d000    00000003     UNINITIALIZED
                  0000d000    00000003     FOC_auto_start.obj (.bss:adcResult)

.init_array 
*          0    00000123    00000000     UNINITIALIZED

.const     1    0000ca8e    0000021e     
                  0000ca8e    000000c2     driverlib_eabi.lib : sysctl.obj (.const:.string)
                  0000cb50    000000bc                        : gpio.obj (.const:.string)
                  0000cc0c    0000005d                        : adc.obj (.const:.string)
                  0000cc69    00000001     --HOLE-- [fill = 0]
                  0000cc6a    0000003e     FOC_auto_start.obj (.const:.string)
                  0000cca8    00000004     rts2800_fpu32_eabi.lib : e_fmodf.c.obj (.const:Zero)

GETBUFFER 
*          0    0003f800    00000000     DSECT

GETWRITEIDX 
*          0    0003f800    00000000     DSECT

PUTREADIDX 
*          0    0003f800    00000000     DSECT

.TI.ramfunc 
*          0    00000123    00000004     
                  00000123    00000004     driverlib_eabi.lib : sysctl.obj (.TI.ramfunc)

Cla1funcs 
*          0    00008000    00000000     UNINITIALIZED

.text.1    0    00008000    00000800     
                  00008000    0000037d     device.obj (.text)
                  0000837d    00000209     driverlib_eabi.lib : sysctl.obj (.text:SysCtl_setClock)
                  00008586    000001e1     FOC_auto_start.obj (.text:retain)
                  00008767    00000090     driverlib_eabi.lib : sysctl.obj (.text:SysCtl_selectXTAL)
                  000087f7    00000009                        : sysctl.obj (.text:SysCtl_serviceWatchdog)

.text.2    0    00008800    000007ef     
                  00008800    000000cf     rts2800_fpu32_eabi.lib : e_fmodf.c.obj (.text)
                  000088cf    0000006f     driverlib_eabi.lib : adc.obj (.text:ADC_setINLTrim)
                  0000893e    00000068                        : sysctl.obj (.text:SysCtl_getDeviceParametric)
                  000089a6    00000066     rts2800_fpu32_eabi.lib : s_sinf.c.obj (.text)
                  00008a0c    00000063                            : s_cosf.c.obj (.text)
                  00008a6f    00000060     driverlib_eabi.lib : adc.obj (.text:ADC_setOffsetTrim)
                  00008acf    00000052                        : gpio.obj (.text:GPIO_setPadConfig)
                  00008b21    00000051                        : sysctl.obj (.text:SysCtl_getClock)
                  00008b72    00000048                        : sysctl.obj (.text:SysCtl_selectOscSource)
                  00008bba    0000003d                        : interrupt.obj (.text:Interrupt_initModule)
                  00008bf7    00000037                        : gpio.obj (.text:GPIO_setControllerCore)
                  00008c2e    00000037                        : gpio.obj (.text:GPIO_setPinConfig)
                  00008c65    00000037                        : gpio.obj (.text:GPIO_setQualificationMode)
                  00008c9c    00000037                        : interrupt.obj (.text:Interrupt_enable)
                  00008cd3    00000031                        : gpio.obj (.text:GPIO_setDirectionMode)
                  00008d04    0000002f                        : adc.obj (.text:ADC_setMode)
                  00008d33    0000002e     rts2800_fpu32_eabi.lib : copy_decompress_lzss.c.obj (.text:decompress:lzss)
                  00008d61    0000002b                            : autoinit.c.obj (.text:__TI_auto_init_nobinit_nopinit)
                  00008d8c    00000029                            : exit.c.obj (.text)
                  00008db5    00000028     driverlib_eabi.lib : sysctl.obj (.text:CPUTimer_selectClockSource)
                  00008ddd    00000001     rts2800_fpu32_eabi.lib : startup.c.obj (.text)
                  00008dde    00000027                            : e_sqrtf.c.obj (.text)
                  00008e05    0000001f     driverlib_eabi.lib : sysctl.obj (.text:CPUTimer_getTimerOverflowStatus)
                  00008e24    0000001e                        : interrupt.obj (.text:Interrupt_initVectorTable)
                  00008e42    0000001d     rts2800_fpu32_eabi.lib : memcpy.c.obj (.text)
                  00008e5f    0000001b     driverlib_eabi.lib : adc.obj (.text:ADC_isBaseValid)
                  00008e7a    0000001a                        : sysctl.obj (.text:CPUTimer_startTimer)
                  00008e94    0000001a                        : sysctl.obj (.text:SysCtl_getLowSpeedClock)
                  00008eae    00000019     rts2800_fpu32_eabi.lib : prolog28.asm.obj (.text)
                  00008ec7    00000017     driverlib_eabi.lib : sysctl.obj (.text:CPUTimer_isBaseValid)
                  00008ede    00000017     rts2800_fpu32_eabi.lib : boot28.asm.obj (.text)
                  00008ef5    00000016     driverlib_eabi.lib : interrupt.obj (.text:Interrupt_defaultHandler)
                  00008f0b    00000014                        : sysctl.obj (.text:CPUTimer_stopTimer)
                  00008f1f    00000012                        : sysctl.obj (.text:CPUTimer_clearOverflowFlag)
                  00008f31    00000012                        : sysctl.obj (.text:CPUTimer_disableInterrupt)
                  00008f43    00000011                        : sysctl.obj (.text:CPUTimer_setPeriod)
                  00008f54    0000000f                        : sysctl.obj (.text:SysCtl_pollCpuTimer)
                  00008f63    0000000e                        : gpio.obj (.text:GPIO_isPinValid)
                  00008f71    0000000d                        : interrupt.obj (.text:Interrupt_disableGlobal)
                  00008f7e    0000000d                        : interrupt.obj (.text:Interrupt_enableGlobal)
                  00008f8b    0000000d     rts2800_fpu32_eabi.lib : copy_zero_init.c.obj (.text:decompress:ZI:__TI_zero_init_nomemset)
                  00008f98    0000000c                            : args_main.c.obj (.text)
                  00008fa4    0000000c                            : epilog28.asm.obj (.text)
                  00008fb0    0000000b     driverlib_eabi.lib : sysctl.obj (.text:SysCtl_isMCDClockFailureDetected)
                  00008fbb    0000000a                        : interrupt.obj (.text:Interrupt_illegalOperationHandler)
                  00008fc5    0000000a                        : interrupt.obj (.text:Interrupt_nmiHandler)
                  00008fcf    00000009     rts2800_fpu32_eabi.lib : _lock.c.obj (.text)
                  00008fd8    00000008     F2837xD_CodeStartBranch.obj (.text)
                  00008fe0    00000008     rts2800_fpu32_eabi.lib : copy_decompress_none.c.obj (.text:decompress:none)
                  00008fe8    00000007     driverlib_eabi.lib : sysctl.obj (.text:SysCtl_resetMCD)

.text.3    0    0000b000    00000800     
                  0000b000    00000776     FOC_auto_start.obj (.text)
                  0000b776    00000088     rts2800_fpu32_eabi.lib : fs_div28.asm.obj (.text)
                  0000b7fe    00000002                            : pre_init.c.obj (.text)

MODULE SUMMARY

       Module                        code   ro data   rw data
       ------                        ----   -------   -------
    .\
       FOC_auto_start.obj            2391   62        2687   
    +--+-----------------------------+------+---------+---------+
       Total:                        2391   62        2687   
                                                             
    .\device\
       device.obj                    893    0         6      
       F2837xD_CodeStartBranch.obj   10     0         0      
    +--+-----------------------------+------+---------+---------+
       Total:                        903    0         6      
                                                             
    C:\TI\C2000Ware_6_00_01_00\driverlib\f2837xd\driverlib\ccs\Debug\driverlib_eabi.lib
       sysctl.obj                    1187   194       0      
       gpio.obj                      310    188       0      
       adc.obj                       281    93        0      
       interrupt.obj                 214    0         0      
    +--+-----------------------------+------+---------+---------+
       Total:                        1992   475       0      
                                                             
    D:\TI\ccs\ccs\tools\compiler\ti-cgt-c2000_22.6.2.LTS\lib\rts2800_fpu32_eabi.lib
       e_fmodf.c.obj                 207    4         0      
       fs_div28.asm.obj              136    0         0      
       s_sinf.c.obj                  102    0         0      
       s_cosf.c.obj                  99     0         0      
       exit.c.obj                    41     0         6      
       copy_decompress_lzss.c.obj    46     0         0      
       autoinit.c.obj                43     0         0      
       e_sqrtf.c.obj                 39     0         0      
       memcpy.c.obj                  29     0         0      
       prolog28.asm.obj              25     0         0      
       boot28.asm.obj                23     0         0      
       _lock.c.obj                   9      0         4      
       copy_zero_init.c.obj          13     0         0      
       args_main.c.obj               12     0         0      
       epilog28.asm.obj              12     0         0      
       copy_decompress_none.c.obj    8      0         0      
       pre_init.c.obj                2      0         0      
       errno.c.obj                   0      0         1      
       startup.c.obj                 1      0         0      
    +--+-----------------------------+------+---------+---------+
       Total:                        847    4         11     
                                                             
       Stack:                        0      0         256    
       Linker Generated:             0      63        0      
    +--+-----------------------------+------+---------+---------+
       Grand Total:                  6133   604       2960   


LINKER GENERATED COPY TABLES

__TI_cinit_table @ 00000160 records: 2, size/record: 4, table size: 8
	.data: load addr=00000128, load size=0000002d bytes, run addr=0000c000, run size=00000a8d bytes, compression=lzss
	.bss: load addr=0000015c, load size=00000004 bytes, run addr=0000d000, run size=00000003 bytes, compression=zero_init


LINKER GENERATED HANDLER TABLE

__TI_handler_table @ 00000156 records: 3, size/record: 2, table size: 6
	index: 0, handler: __TI_zero_init
	index: 1, handler: __TI_decompress_lzss
	index: 2, handler: __TI_decompress_none


GLOBAL DATA SYMBOLS: SORTED BY DATA PAGE

address     data page           name
--------    ----------------    ----
00000400      10 (00000400)     __stack

0000c000     300 (0000c000)     id_buffer

0000c280     30a (0000c280)     iq_buffer

0000c500     314 (0000c500)     vd_buffer

0000c780     31e (0000c780)     vq_buffer

0000ca00     328 (0000ca00)     overcurrent_fault
0000ca01     328 (0000ca00)     g_control_state
0000ca02     328 (0000ca00)     g_encoder_aligned
0000ca03     328 (0000ca00)     monitor_buffer_index
0000ca04     328 (0000ca00)     cl_startup_cnt
0000ca06     328 (0000ca00)     encoder_raw_pos
0000ca08     328 (0000ca00)     motor_angle_mech_rad
0000ca0a     328 (0000ca00)     motor_angle_elec_rad
0000ca0c     328 (0000ca00)     motor_speed_rad
0000ca0e     328 (0000ca00)     motor_rpm
0000ca10     328 (0000ca00)     encoder_continuous_pos
0000ca12     328 (0000ca00)     encoder_angle_elec_continuous
0000ca18     328 (0000ca00)     open_loop_angle_mech_rad
0000ca1a     328 (0000ca00)     open_loop_angle_elec_rad
0000ca1c     328 (0000ca00)     angle_offset_rad
0000ca1e     328 (0000ca00)     open_loop_angle_acc
0000ca20     328 (0000ca00)     g_open_loop_turns
0000ca22     328 (0000ca00)     g_previous_open_loop_angle
0000ca24     328 (0000ca00)     g_open_loop_timeout_counter
0000ca26     328 (0000ca00)     Ia_meas
0000ca28     328 (0000ca00)     Ib_meas
0000ca2a     328 (0000ca00)     Ic_meas
0000ca2c     328 (0000ca00)     Id_ref
0000ca2e     328 (0000ca00)     Iq_ref
0000ca30     328 (0000ca00)     Id_int
0000ca32     328 (0000ca00)     Iq_int
0000ca34     328 (0000ca00)     KP_ID
0000ca36     328 (0000ca00)     KI_ID
0000ca38     328 (0000ca00)     KP_IQ
0000ca3a     328 (0000ca00)     KI_IQ
0000ca3c     328 (0000ca00)     KP_SPEED
0000ca3e     328 (0000ca00)     KI_SPEED

0000ca40     329 (0000ca40)     speed_ref_rpm
0000ca42     329 (0000ca40)     speed_int
0000ca44     329 (0000ca40)     speed_loop_output
0000ca46     329 (0000ca40)     g_alignment_counter
0000ca48     329 (0000ca40)     g_current_motor_angle_elec_rad
0000ca4a     329 (0000ca40)     g_current_encoder_angle_mech_rad
0000ca4c     329 (0000ca40)     g_current_id
0000ca4e     329 (0000ca40)     g_current_iq
0000ca50     329 (0000ca40)     g_current_vd
0000ca52     329 (0000ca40)     g_current_vq
0000ca54     329 (0000ca40)     theta_offset
0000ca56     329 (0000ca40)     theta_align_offset
0000ca58     329 (0000ca40)     Iq_ref_target
0000ca5a     329 (0000ca40)     Iq_ref_step
0000ca5c     329 (0000ca40)     g_debug_cnt
0000ca5e     329 (0000ca40)     closed_loop_timer
0000ca60     329 (0000ca40)     Ia_offset
0000ca62     329 (0000ca40)     Ib_offset
0000ca64     329 (0000ca40)     Ic_offset
0000ca6c     329 (0000ca40)     svpwm_handle
0000ca7c     329 (0000ca40)     _lock
0000ca7e     329 (0000ca40)     _unlock

0000ca80     32a (0000ca80)     Example_Result
0000ca82     32a (0000ca80)     Example_PassCount
0000ca84     32a (0000ca80)     Example_Fail
0000ca86     32a (0000ca80)     __TI_enable_exit_profile_output
0000ca88     32a (0000ca80)     __TI_cleanup_ptr
0000ca8a     32a (0000ca80)     __TI_dtors_ptr
0000ca8c     32a (0000ca80)     errno


GLOBAL SYMBOLS: SORTED ALPHABETICALLY BY Name 

page  address   name                                     
----  -------   ----                                     
0     0000b39a  ADC_Init                                 
0     0000b55a  ADC_Read_Current                         
0     000088cf  ADC_setINLTrim                           
0     00008d04  ADC_setMode                              
0     00008a6f  ADC_setOffsetTrim                        
0     00008d8c  C$$EXIT                                  
abs   00000000  Cla1funcsLoadSize                        
0     00008000  Cla1funcsLoadStart                       
0     00008000  Cla1funcsRunStart                        
0     00008205  Device_bootCPU2                          
0     0000808b  Device_configureTMXAnalogTrim            
0     000080bf  Device_enableAllPeripherals              
0     0000803e  Device_enableUnbondedGPIOPullups         
0     00008021  Device_enableUnbondedGPIOPullupsFor100Pin
0     0000800e  Device_enableUnbondedGPIOPullupsFor176Pin
0     000081aa  Device_init                              
0     0000804e  Device_initGPIO                          
0     0000b1af  EPWM_Init                                
0     0000b6df  EPWM_SetCompareValues                    
0     0000b6d4  Encoder_getElecAngle                     
0     0000b771  Encoder_getMechAngle                     
0     0000b76c  Encoder_getSpeedRPM                      
0     0000b767  Encoder_getSpeedRad                      
0     0000b75c  Encoder_getTurns                         
0     0000b403  Encoder_init                             
0     0000b622  Encoder_update                           
1     0000ca84  Example_Fail                             
1     0000ca82  Example_PassCount                        
1     0000ca80  Example_Result                           
0     0000800d  Example_done                             
0     00008008  Example_setResultFail                    
0     00008003  Example_setResultPass                    
0     00008bf7  GPIO_setControllerCore                   
0     00008cd3  GPIO_setDirectionMode                    
0     00008acf  GPIO_setPadConfig                        
0     00008c2e  GPIO_setPinConfig                        
0     00008c65  GPIO_setQualificationMode                
1     0000ca26  Ia_meas                                  
1     0000ca60  Ia_offset                                
1     0000ca28  Ib_meas                                  
1     0000ca62  Ib_offset                                
1     0000ca2a  Ic_meas                                  
1     0000ca64  Ic_offset                                
1     0000ca30  Id_int                                   
1     0000ca2c  Id_ref                                   
0     0000b469  InitPeripherals                          
0     00008ef5  Interrupt_defaultHandler                 
0     00008c9c  Interrupt_enable                         
0     00008fbb  Interrupt_illegalOperationHandler        
0     00008bba  Interrupt_initModule                     
0     00008e24  Interrupt_initVectorTable                
0     00008fc5  Interrupt_nmiHandler                     
1     0000ca32  Iq_int                                   
1     0000ca2e  Iq_ref                                   
1     0000ca5a  Iq_ref_step                              
1     0000ca58  Iq_ref_target                            
1     0000ca36  KI_ID                                    
1     0000ca3a  KI_IQ                                    
1     0000ca3e  KI_SPEED                                 
1     0000ca34  KP_ID                                    
1     0000ca38  KP_IQ                                    
1     0000ca3c  KP_SPEED                                 
0     0000b711  SwitchControlState                       
0     00000123  SysCtl_delay                             
0     00008b21  SysCtl_getClock                          
0     0000893e  SysCtl_getDeviceParametric               
0     00008e94  SysCtl_getLowSpeedClock                  
0     00008b72  SysCtl_selectOscSource                   
0     00008767  SysCtl_selectXTAL                        
0     0000837d  SysCtl_setClock                          
0     00000160  __TI_CINIT_Base                          
0     00000168  __TI_CINIT_Limit                         
0     00000168  __TI_CINIT_Warm                          
0     00000156  __TI_Handler_Table_Base                  
0     0000015c  __TI_Handler_Table_Limit                 
1     00000500  __TI_STACK_END                           
abs   00000100  __TI_STACK_SIZE                          
0     00008d61  __TI_auto_init_nobinit_nopinit           
1     0000ca88  __TI_cleanup_ptr                         
0     00008d33  __TI_decompress_lzss                     
0     00008fe0  __TI_decompress_none                     
1     0000ca8a  __TI_dtors_ptr                           
1     0000ca86  __TI_enable_exit_profile_output          
abs   ffffffff  __TI_pprof_out_hndl                      
abs   ffffffff  __TI_prof_data_size                      
abs   ffffffff  __TI_prof_data_start                     
0     00008f8b  __TI_zero_init_nomemset                  
0     0000b776  __c28xabi_divf                           
n/a   UNDEFED   __c_args__                               
0     00008000  __error__                                
1     00000400  __stack                                  
0     00008f98  _args_main                               
0     00008ede  _c_int00                                 
0     00008fa4  _epilog_c28x_1                           
0     00008fa8  _epilog_c28x_2                           
1     0000ca7c  _lock                                    
0     00008fd7  _nop                                     
0     00008eae  _prolog_c28x_1                           
0     00008eb2  _prolog_c28x_2                           
0     00008eba  _prolog_c28x_3                           
0     00008fd3  _register_lock                           
0     00008fcf  _register_unlock                         
0     00008ddd  _system_post_cinit                       
0     0000b7fe  _system_pre_init                         
1     0000ca7e  _unlock                                  
0     00008d8c  abort                                    
0     00008586  adc_isr                                  
1     0000ca1c  angle_offset_rad                         
1     0000ca04  cl_startup_cnt                           
0     0000b08f  clampf_val                               
0     0000b52d  clarke_transform                         
1     0000ca5e  closed_loop_timer                        
0     00000000  code_start                               
0     00008a0c  cosf                                     
1     0000ca12  encoder_angle_elec_continuous            
1     0000ca10  encoder_continuous_pos                   
1     0000ca06  encoder_raw_pos                          
1     0000ca8c  errno                                    
0     00008d8e  exit                                     
0     00008800  fmodf                                    
1     0000ca46  g_alignment_counter                      
1     0000ca01  g_control_state                          
1     0000ca4a  g_current_encoder_angle_mech_rad         
1     0000ca4c  g_current_id                             
1     0000ca4e  g_current_iq                             
1     0000ca48  g_current_motor_angle_elec_rad           
1     0000ca50  g_current_vd                             
1     0000ca52  g_current_vq                             
1     0000ca5c  g_debug_cnt                              
1     0000ca02  g_encoder_aligned                        
1     0000ca24  g_open_loop_timeout_counter              
1     0000ca20  g_open_loop_turns                        
1     0000ca22  g_previous_open_loop_angle               
1     0000c000  id_buffer                                
0     0000b4f6  inv_park_transform                       
1     0000c280  iq_buffer                                
0     0000b47b  main                                     
0     00008e42  memcpy                                   
1     0000ca03  monitor_buffer_index                     
1     0000ca0a  motor_angle_elec_rad                     
1     0000ca08  motor_angle_mech_rad                     
1     0000ca0e  motor_rpm                                
1     0000ca0c  motor_speed_rad                          
1     0000ca1e  open_loop_angle_acc                      
1     0000ca1a  open_loop_angle_elec_rad                 
1     0000ca18  open_loop_angle_mech_rad                 
1     0000ca00  overcurrent_fault                        
0     0000b106  park_transform                           
0     0000b0d3  pi_id                                    
0     0000b0a0  pi_iq                                    
0     000089a6  sinf                                     
1     0000ca42  speed_int                                
1     0000ca44  speed_loop_output                        
1     0000ca40  speed_ref_rpm                            
0     00008dde  sqrtf                                    
0     0000b000  svpwm_compute                            
1     0000ca6c  svpwm_handle                             
1     0000ca56  theta_align_offset                       
1     0000ca54  theta_offset                             
1     0000c500  vd_buffer                                
1     0000c780  vq_buffer                                


GLOBAL SYMBOLS: SORTED BY Symbol Address 

page  address   name                                     
----  -------   ----                                     
0     00000000  code_start                               
0     00000123  SysCtl_delay                             
0     00000156  __TI_Handler_Table_Base                  
0     0000015c  __TI_Handler_Table_Limit                 
0     00000160  __TI_CINIT_Base                          
0     00000168  __TI_CINIT_Limit                         
0     00000168  __TI_CINIT_Warm                          
0     00008000  Cla1funcsLoadStart                       
0     00008000  Cla1funcsRunStart                        
0     00008000  __error__                                
0     00008003  Example_setResultPass                    
0     00008008  Example_setResultFail                    
0     0000800d  Example_done                             
0     0000800e  Device_enableUnbondedGPIOPullupsFor176Pin
0     00008021  Device_enableUnbondedGPIOPullupsFor100Pin
0     0000803e  Device_enableUnbondedGPIOPullups         
0     0000804e  Device_initGPIO                          
0     0000808b  Device_configureTMXAnalogTrim            
0     000080bf  Device_enableAllPeripherals              
0     000081aa  Device_init                              
0     00008205  Device_bootCPU2                          
0     0000837d  SysCtl_setClock                          
0     00008586  adc_isr                                  
0     00008767  SysCtl_selectXTAL                        
0     00008800  fmodf                                    
0     000088cf  ADC_setINLTrim                           
0     0000893e  SysCtl_getDeviceParametric               
0     000089a6  sinf                                     
0     00008a0c  cosf                                     
0     00008a6f  ADC_setOffsetTrim                        
0     00008acf  GPIO_setPadConfig                        
0     00008b21  SysCtl_getClock                          
0     00008b72  SysCtl_selectOscSource                   
0     00008bba  Interrupt_initModule                     
0     00008bf7  GPIO_setControllerCore                   
0     00008c2e  GPIO_setPinConfig                        
0     00008c65  GPIO_setQualificationMode                
0     00008c9c  Interrupt_enable                         
0     00008cd3  GPIO_setDirectionMode                    
0     00008d04  ADC_setMode                              
0     00008d33  __TI_decompress_lzss                     
0     00008d61  __TI_auto_init_nobinit_nopinit           
0     00008d8c  C$$EXIT                                  
0     00008d8c  abort                                    
0     00008d8e  exit                                     
0     00008ddd  _system_post_cinit                       
0     00008dde  sqrtf                                    
0     00008e24  Interrupt_initVectorTable                
0     00008e42  memcpy                                   
0     00008e94  SysCtl_getLowSpeedClock                  
0     00008eae  _prolog_c28x_1                           
0     00008eb2  _prolog_c28x_2                           
0     00008eba  _prolog_c28x_3                           
0     00008ede  _c_int00                                 
0     00008ef5  Interrupt_defaultHandler                 
0     00008f8b  __TI_zero_init_nomemset                  
0     00008f98  _args_main                               
0     00008fa4  _epilog_c28x_1                           
0     00008fa8  _epilog_c28x_2                           
0     00008fbb  Interrupt_illegalOperationHandler        
0     00008fc5  Interrupt_nmiHandler                     
0     00008fcf  _register_unlock                         
0     00008fd3  _register_lock                           
0     00008fd7  _nop                                     
0     00008fe0  __TI_decompress_none                     
0     0000b000  svpwm_compute                            
0     0000b08f  clampf_val                               
0     0000b0a0  pi_iq                                    
0     0000b0d3  pi_id                                    
0     0000b106  park_transform                           
0     0000b1af  EPWM_Init                                
0     0000b39a  ADC_Init                                 
0     0000b403  Encoder_init                             
0     0000b469  InitPeripherals                          
0     0000b47b  main                                     
0     0000b4f6  inv_park_transform                       
0     0000b52d  clarke_transform                         
0     0000b55a  ADC_Read_Current                         
0     0000b622  Encoder_update                           
0     0000b6d4  Encoder_getElecAngle                     
0     0000b6df  EPWM_SetCompareValues                    
0     0000b711  SwitchControlState                       
0     0000b75c  Encoder_getTurns                         
0     0000b767  Encoder_getSpeedRad                      
0     0000b76c  Encoder_getSpeedRPM                      
0     0000b771  Encoder_getMechAngle                     
0     0000b776  __c28xabi_divf                           
0     0000b7fe  _system_pre_init                         
1     00000400  __stack                                  
1     00000500  __TI_STACK_END                           
1     0000c000  id_buffer                                
1     0000c280  iq_buffer                                
1     0000c500  vd_buffer                                
1     0000c780  vq_buffer                                
1     0000ca00  overcurrent_fault                        
1     0000ca01  g_control_state                          
1     0000ca02  g_encoder_aligned                        
1     0000ca03  monitor_buffer_index                     
1     0000ca04  cl_startup_cnt                           
1     0000ca06  encoder_raw_pos                          
1     0000ca08  motor_angle_mech_rad                     
1     0000ca0a  motor_angle_elec_rad                     
1     0000ca0c  motor_speed_rad                          
1     0000ca0e  motor_rpm                                
1     0000ca10  encoder_continuous_pos                   
1     0000ca12  encoder_angle_elec_continuous            
1     0000ca18  open_loop_angle_mech_rad                 
1     0000ca1a  open_loop_angle_elec_rad                 
1     0000ca1c  angle_offset_rad                         
1     0000ca1e  open_loop_angle_acc                      
1     0000ca20  g_open_loop_turns                        
1     0000ca22  g_previous_open_loop_angle               
1     0000ca24  g_open_loop_timeout_counter              
1     0000ca26  Ia_meas                                  
1     0000ca28  Ib_meas                                  
1     0000ca2a  Ic_meas                                  
1     0000ca2c  Id_ref                                   
1     0000ca2e  Iq_ref                                   
1     0000ca30  Id_int                                   
1     0000ca32  Iq_int                                   
1     0000ca34  KP_ID                                    
1     0000ca36  KI_ID                                    
1     0000ca38  KP_IQ                                    
1     0000ca3a  KI_IQ                                    
1     0000ca3c  KP_SPEED                                 
1     0000ca3e  KI_SPEED                                 
1     0000ca40  speed_ref_rpm                            
1     0000ca42  speed_int                                
1     0000ca44  speed_loop_output                        
1     0000ca46  g_alignment_counter                      
1     0000ca48  g_current_motor_angle_elec_rad           
1     0000ca4a  g_current_encoder_angle_mech_rad         
1     0000ca4c  g_current_id                             
1     0000ca4e  g_current_iq                             
1     0000ca50  g_current_vd                             
1     0000ca52  g_current_vq                             
1     0000ca54  theta_offset                             
1     0000ca56  theta_align_offset                       
1     0000ca58  Iq_ref_target                            
1     0000ca5a  Iq_ref_step                              
1     0000ca5c  g_debug_cnt                              
1     0000ca5e  closed_loop_timer                        
1     0000ca60  Ia_offset                                
1     0000ca62  Ib_offset                                
1     0000ca64  Ic_offset                                
1     0000ca6c  svpwm_handle                             
1     0000ca7c  _lock                                    
1     0000ca7e  _unlock                                  
1     0000ca80  Example_Result                           
1     0000ca82  Example_PassCount                        
1     0000ca84  Example_Fail                             
1     0000ca86  __TI_enable_exit_profile_output          
1     0000ca88  __TI_cleanup_ptr                         
1     0000ca8a  __TI_dtors_ptr                           
1     0000ca8c  errno                                    
abs   00000000  Cla1funcsLoadSize                        
abs   00000100  __TI_STACK_SIZE                          
abs   ffffffff  __TI_pprof_out_hndl                      
abs   ffffffff  __TI_prof_data_size                      
abs   ffffffff  __TI_prof_data_start                     
n/a   UNDEFED   __c_args__                               

[161 symbols]
