******************************************************************************
             TMS320C2000 Linker PC v22.6.2                     
******************************************************************************
>> Linked Thu Jan 22 21:50:18 2026

OUTPUT FILE NAME:   <empty_driverlib_4.out>
ENTRY POINT SYMBOL: "code_start"  address: 00000000


MEMORY CONFIGURATION

         name            origin    length      used     unused   attr    fill
----------------------  --------  ---------  --------  --------  ----  --------
PAGE 0:
  BEGIN                 00000000   00000002  00000002  00000000  RWIX
  RAMM0                 00000123   000002dd  0000003c  000002a1  RWIX
  RAMLS0                00008000   00000800  00000800  00000000  RWIX
  RAMLS1                00008800   00000800  00000800  00000000  RWIX
  RAMLS2                00009000   00000800  000004d2  0000032e  RWIX
  RAMLS3                00009800   00000800  00000000  00000800  RWIX
  RAMLS4                0000a000   00000800  00000000  00000800  RWIX
  RAMD0                 0000b000   00000800  00000800  00000000  RWIX
  RAMGS0                0000c000   00001000  00000000  00001000  RWIX
  RAMGS1                0000d000   00001000  00000000  00001000  RWIX
  RAMGS2                0000e000   00001000  00000000  00001000  RWIX
  RAMGS3                0000f000   00001000  00000000  00001000  RWIX
  RAMGS4                00010000   00001000  00000000  00001000  RWIX
  RAMGS5                00011000   00001000  00000000  00001000  RWIX
  FLASHA                00080002   00001ffe  00000000  00001ffe  RWIX
  FLASHB                00082000   00002000  00000000  00002000  RWIX
  FLASHC                00084000   00002000  00000000  00002000  RWIX
  FLASHD                00086000   00002000  00000000  00002000  RWIX
  FLASHE                00088000   00008000  00000000  00008000  RWIX
  FLASHF                00090000   00008000  00000000  00008000  RWIX
  FLASHG                00098000   00008000  00000000  00008000  RWIX
  FLASHH                000a0000   00008000  00000000  00008000  RWIX
  FLASHI                000a8000   00008000  00000000  00008000  RWIX
  FLASHJ                000b0000   00008000  00000000  00008000  RWIX
  FLASHK                000b8000   00002000  00000000  00002000  RWIX
  FLASHL                000ba000   00002000  00000000  00002000  RWIX
  FLASHM                000bc000   00002000  00000000  00002000  RWIX
  FLASHN                000be000   00001ff0  00000000  00001ff0  RWIX
  RESET                 003fffc0   00000002  00000000  00000002  RWIX

PAGE 1:
  BOOT_RSVD             00000002   00000121  00000000  00000121  RWIX
  RAMM1                 00000400   000003f8  00000100  000002f8  RWIX
  Cla1ProgRam           00008000   00000800  00000000  00000800  RWIX
  RAMLS5                0000a800   00000400  00000000  00000400  RWIX
  Cla1DataRam           0000ac00   00000400  00000000  00000400  RWIX
  RAMD1                 0000b800   00000800  00000000  00000800  RWIX
  RAMGS0_PAGE1          0000c000   00001000  000002e8  00000d18  RWIX
  RAMGS1_PAGE1          0000d000   00001000  00000003  00000ffd  RWIX
  RAMGS2_PAGE1          0000e000   00001000  00000000  00001000  RWIX
  RAMGS3_PAGE1          0000f000   00001000  00000000  00001000  RWIX
  RAMGS4_PAGE1          00010000   00001000  00000000  00001000  RWIX
  RAMGS5_PAGE1          00011000   00001000  00000000  00001000  RWIX
  RAMGS6                00012000   00001000  00000000  00001000  RWIX
  RAMGS7                00013000   00001000  00000000  00001000  RWIX
  RAMGS8                00014000   00001000  00000000  00001000  RWIX
  RAMGS9                00015000   00001000  00000000  00001000  RWIX
  RAMGS10               00016000   00001000  00000000  00001000  RWIX
  RAMGS11               00017000   00001000  00000000  00001000  RWIX
  RAMGS12               00018000   00001000  00000000  00001000  RWIX
  RAMGS13               00019000   00001000  00000000  00001000  RWIX
  RAMGS14               0001a000   00001000  00000000  00001000  RWIX
  RAMGS15               0001b000   00000ff8  00000000  00000ff8  RWIX
  CPU2TOCPU1RAM         0003f800   00000400  00000000  00000400  RWIX
  CPU1TOCPU2RAM         0003fc00   00000400  00000000  00000400  RWIX
  CANA_MSG_RAM          00049000   00000800  00000000  00000800  RWIX
  CANB_MSG_RAM          0004b000   00000800  00000000  00000800  RWIX


SECTION ALLOCATION MAP

 output                                  attributes/
section   page    origin      length       input sections
--------  ----  ----------  ----------   ----------------
codestart 
*          0    00000000    00000002     
                  00000000    00000002     F2837xD_CodeStartBranch.obj (codestart)

.cinit     0    00000128    00000038     
                  00000128    00000025     (.cinit..data.load) [load image, compression = lzss]
                  0000014d    00000001     --HOLE-- [fill = 0]
                  0000014e    00000006     (__TI_handler_table)
                  00000154    00000004     (.cinit..bss.load) [load image, compression = zero_init]
                  00000158    00000008     (__TI_cinit_table)

.reset     0    003fffc0    00000000     DSECT

.stack     1    00000400    00000100     UNINITIALIZED
                  00000400    00000100     --HOLE--

.bss       1    0000d000    00000003     UNINITIALIZED
                  0000d000    00000003     foc_adc.obj (.bss:adcResult)

.init_array 
*          0    00000123    00000000     UNINITIALIZED

.const     1    0000c000    0000021e     
                  0000c000    000000c2     driverlib_eabi.lib : sysctl.obj (.const:.string)
                  0000c0c2    000000bc                        : gpio.obj (.const:.string)
                  0000c17e    0000005d                        : adc.obj (.const:.string)
                  0000c1db    00000001     --HOLE-- [fill = 0]
                  0000c1dc    0000003e     foc_pwm.obj (.const:.string)
                  0000c21a    00000004     rts2800_fpu32_eabi.lib : e_fmodf.c.obj (.const:Zero)

.data      1    0000c21e    000000ca     UNINITIALIZED
                  0000c21e    0000000c     foc_encoder.obj (.data)
                  0000c22a    00000006     device.obj (.data)
                  0000c230    00000006     rts2800_fpu32_eabi.lib : exit.c.obj (.data)
                  0000c236    00000002                            : _lock.c.obj (.data:_lock)
                  0000c238    00000002                            : _lock.c.obj (.data:_unlock)
                  0000c23a    00000001                            : errno.c.obj (.data)
                  0000c23b    00000005     --HOLE--
                  0000c240    00000070     FOC_auto_start.obj (.data)
                  0000c2b0    00000010     --HOLE--
                  0000c2c0    00000028     foc_core.obj (.data)

GETBUFFER 
*          0    0003f800    00000000     DSECT

GETWRITEIDX 
*          0    0003f800    00000000     DSECT

PUTREADIDX 
*          0    0003f800    00000000     DSECT

.TI.ramfunc 
*          0    00000123    00000004     
                  00000123    00000004     driverlib_eabi.lib : sysctl.obj (.TI.ramfunc)

Cla1funcs 
*          0    00008000    00000000     UNINITIALIZED

.text.1    0    00008000    00000800     
                  00008000    0000037d     device.obj (.text)
                  0000837d    00000209     driverlib_eabi.lib : sysctl.obj (.text:SysCtl_setClock)
                  00008586    000001a8     rts2800_fpu32_eabi.lib : ti_fmax.c.obj (.text)
                  0000872e    000000cf                            : e_fmodf.c.obj (.text)
                  000087fd    00000002                            : pre_init.c.obj (.text)
                  000087ff    00000001                            : startup.c.obj (.text)

.text.2    0    00008800    00000800     
                  00008800    00000140     foc_encoder.obj (.text)
                  00008940    00000100     foc_adc.obj (.text)
                  00008a40    000000fa     foc_core.obj (.text)
                  00008b3a    00000090     driverlib_eabi.lib : sysctl.obj (.text:SysCtl_selectXTAL)
                  00008bca    0000008f     foc_svpwm.obj (.text)
                  00008c59    00000088     rts2800_fpu32_eabi.lib : fs_div28.asm.obj (.text)
                  00008ce1    0000006f     driverlib_eabi.lib : adc.obj (.text:ADC_setINLTrim)
                  00008d50    00000068                        : sysctl.obj (.text:SysCtl_getDeviceParametric)
                  00008db8    00000066     rts2800_fpu32_eabi.lib : s_sinf.c.obj (.text)
                  00008e1e    00000063                            : s_cosf.c.obj (.text)
                  00008e81    00000060     driverlib_eabi.lib : adc.obj (.text:ADC_setOffsetTrim)
                  00008ee1    0000005c                        : adc.obj (.text:ADC_setPPBTripLimits)
                  00008f3d    00000053     FOC_auto_start.obj (.text)
                  00008f90    00000052     driverlib_eabi.lib : gpio.obj (.text:GPIO_setPadConfig)
                  00008fe2    0000001e                        : interrupt.obj (.text:Interrupt_initVectorTable)

.text.3    0    00009000    000004d2     
                  00009000    00000051     driverlib_eabi.lib : sysctl.obj (.text:SysCtl_getClock)
                  00009051    00000048                        : sysctl.obj (.text:SysCtl_selectOscSource)
                  00009099    0000003d                        : interrupt.obj (.text:Interrupt_initModule)
                  000090d6    00000037                        : gpio.obj (.text:GPIO_setControllerCore)
                  0000910d    00000037                        : gpio.obj (.text:GPIO_setPinConfig)
                  00009144    00000037                        : gpio.obj (.text:GPIO_setQualificationMode)
                  0000917b    00000037                        : interrupt.obj (.text:Interrupt_enable)
                  000091b2    00000031                        : gpio.obj (.text:GPIO_setDirectionMode)
                  000091e3    0000002e     rts2800_fpu32_eabi.lib : copy_decompress_lzss.c.obj (.text:decompress:lzss)
                  00009211    0000002b                            : autoinit.c.obj (.text:__TI_auto_init_nobinit_nopinit)
                  0000923c    0000002a                            : fd_cmp28.asm.obj (.text)
                  00009266    00000029                            : exit.c.obj (.text)
                  0000928f    00000028     driverlib_eabi.lib : sysctl.obj (.text:CPUTimer_selectClockSource)
                  000092b7    00000001     --HOLE-- [fill = 0]
                  000092b8    00000027     rts2800_fpu32_eabi.lib : e_sqrtf.c.obj (.text)
                  000092df    0000001f     driverlib_eabi.lib : sysctl.obj (.text:CPUTimer_getTimerOverflowStatus)
                  000092fe    0000001e     rts2800_fpu32_eabi.lib : ll_cmp28.asm.obj (.text)
                  0000931c    0000001d                            : memcpy.c.obj (.text)
                  00009339    0000001b     driverlib_eabi.lib : adc.obj (.text:ADC_isBaseValid)
                  00009354    0000001a                        : sysctl.obj (.text:CPUTimer_startTimer)
                  0000936e    0000001a                        : sysctl.obj (.text:SysCtl_getLowSpeedClock)
                  00009388    00000019     rts2800_fpu32_eabi.lib : prolog28.asm.obj (.text)
                  000093a1    00000017     driverlib_eabi.lib : sysctl.obj (.text:CPUTimer_isBaseValid)
                  000093b8    00000017     rts2800_fpu32_eabi.lib : boot28.asm.obj (.text)
                  000093cf    00000016     driverlib_eabi.lib : interrupt.obj (.text:Interrupt_defaultHandler)
                  000093e5    00000014                        : sysctl.obj (.text:CPUTimer_stopTimer)
                  000093f9    00000012                        : sysctl.obj (.text:CPUTimer_clearOverflowFlag)
                  0000940b    00000012                        : sysctl.obj (.text:CPUTimer_disableInterrupt)
                  0000941d    00000011                        : sysctl.obj (.text:CPUTimer_setPeriod)
                  0000942e    0000000f                        : sysctl.obj (.text:SysCtl_pollCpuTimer)
                  0000943d    0000000e                        : gpio.obj (.text:GPIO_isPinValid)
                  0000944b    0000000d                        : interrupt.obj (.text:Interrupt_disableGlobal)
                  00009458    0000000d                        : interrupt.obj (.text:Interrupt_enableGlobal)
                  00009465    0000000d     rts2800_fpu32_eabi.lib : copy_zero_init.c.obj (.text:decompress:ZI:__TI_zero_init_nomemset)
                  00009472    0000000c                            : args_main.c.obj (.text)
                  0000947e    0000000c                            : epilog28.asm.obj (.text)
                  0000948a    0000000b     driverlib_eabi.lib : sysctl.obj (.text:SysCtl_isMCDClockFailureDetected)
                  00009495    0000000a                        : interrupt.obj (.text:Interrupt_illegalOperationHandler)
                  0000949f    0000000a                        : interrupt.obj (.text:Interrupt_nmiHandler)
                  000094a9    00000009                        : sysctl.obj (.text:SysCtl_serviceWatchdog)
                  000094b2    00000009     rts2800_fpu32_eabi.lib : _lock.c.obj (.text)
                  000094bb    00000008     F2837xD_CodeStartBranch.obj (.text)
                  000094c3    00000008     rts2800_fpu32_eabi.lib : copy_decompress_none.c.obj (.text:decompress:none)
                  000094cb    00000007     driverlib_eabi.lib : sysctl.obj (.text:SysCtl_resetMCD)

.text.4    0    0000b000    00000800     
                  0000b000    00000552     FOC_auto_start.obj (.text:retain)
                  0000b552    0000027f     foc_pwm.obj (.text)
                  0000b7d1    0000002f     driverlib_eabi.lib : adc.obj (.text:ADC_setMode)

MODULE SUMMARY

       Module                        code   ro data   rw data
       ------                        ----   -------   -------
    .\
       FOC_auto_start.obj            1445   0         112    
    +--+-----------------------------+------+---------+---------+
       Total:                        1445   0         112    
                                                             
    .\device\
       device.obj                    893    0         6      
       F2837xD_CodeStartBranch.obj   10     0         0      
    +--+-----------------------------+------+---------+---------+
       Total:                        903    0         6      
                                                             
    .\model\
       foc_pwm.obj                   639    62        0      
       foc_encoder.obj               320    0         12     
       foc_core.obj                  250    0         40     
       foc_adc.obj                   256    0         3      
       foc_svpwm.obj                 143    0         0      
    +--+-----------------------------+------+---------+---------+
       Total:                        1608   62        55     
                                                             
    C:\TI\C2000Ware_6_00_01_00\driverlib\f2837xd\driverlib\ccs\Debug\driverlib_eabi.lib
       sysctl.obj                    1187   194       0      
       gpio.obj                      310    188       0      
       adc.obj                       373    93        0      
       interrupt.obj                 214    0         0      
    +--+-----------------------------+------+---------+---------+
       Total:                        2084   475       0      
                                                             
    D:\TI\ccs\ccs\tools\compiler\ti-cgt-c2000_22.6.2.LTS\lib\rts2800_fpu32_eabi.lib
       ti_fmax.c.obj                 424    0         0      
       e_fmodf.c.obj                 207    4         0      
       fs_div28.asm.obj              136    0         0      
       s_sinf.c.obj                  102    0         0      
       s_cosf.c.obj                  99     0         0      
       exit.c.obj                    41     0         6      
       copy_decompress_lzss.c.obj    46     0         0      
       autoinit.c.obj                43     0         0      
       fd_cmp28.asm.obj              42     0         0      
       e_sqrtf.c.obj                 39     0         0      
       ll_cmp28.asm.obj              30     0         0      
       memcpy.c.obj                  29     0         0      
       prolog28.asm.obj              25     0         0      
       boot28.asm.obj                23     0         0      
       _lock.c.obj                   9      0         4      
       copy_zero_init.c.obj          13     0         0      
       args_main.c.obj               12     0         0      
       epilog28.asm.obj              12     0         0      
       copy_decompress_none.c.obj    8      0         0      
       pre_init.c.obj                2      0         0      
       errno.c.obj                   0      0         1      
       startup.c.obj                 1      0         0      
    +--+-----------------------------+------+---------+---------+
       Total:                        1343   4         11     
                                                             
       Stack:                        0      0         256    
       Linker Generated:             0      55        0      
    +--+-----------------------------+------+---------+---------+
       Grand Total:                  7383   596       440    


LINKER GENERATED COPY TABLES

__TI_cinit_table @ 00000158 records: 2, size/record: 4, table size: 8
	.data: load addr=00000128, load size=00000025 bytes, run addr=0000c21e, run size=000000ca bytes, compression=lzss
	.bss: load addr=00000154, load size=00000004 bytes, run addr=0000d000, run size=00000003 bytes, compression=zero_init


LINKER GENERATED HANDLER TABLE

__TI_handler_table @ 0000014e records: 3, size/record: 2, table size: 6
	index: 0, handler: __TI_zero_init
	index: 1, handler: __TI_decompress_lzss
	index: 2, handler: __TI_decompress_none


GLOBAL DATA SYMBOLS: SORTED BY DATA PAGE

address     data page           name
--------    ----------------    ----
00000400      10 (00000400)     __stack

0000c21e     308 (0000c200)     curr_pos_latch
0000c220     308 (0000c200)     last_pos_latch
0000c222     308 (0000c200)     pos_diff
0000c224     308 (0000c200)     encoder_continuous_pos
0000c226     308 (0000c200)     encoder_angle_elec_continuous
0000c22a     308 (0000c200)     Example_Result
0000c22c     308 (0000c200)     Example_PassCount
0000c22e     308 (0000c200)     Example_Fail
0000c230     308 (0000c200)     __TI_enable_exit_profile_output
0000c232     308 (0000c200)     __TI_cleanup_ptr
0000c234     308 (0000c200)     __TI_dtors_ptr
0000c236     308 (0000c200)     _lock
0000c238     308 (0000c200)     _unlock
0000c23a     308 (0000c200)     errno

0000c240     309 (0000c240)     g_control_state
0000c241     309 (0000c240)     g_encoder_aligned
0000c242     309 (0000c240)     cl_sub
0000c243     309 (0000c240)     cl_cnt
0000c244     309 (0000c240)     cl_startup_cnt
0000c246     309 (0000c240)     g_alignment_counter
0000c248     309 (0000c240)     g_open_loop_turns
0000c24a     309 (0000c240)     g_previous_open_loop_angle
0000c24c     309 (0000c240)     open_loop_angle_acc
0000c24e     309 (0000c240)     g_open_loop_timeout_counter
0000c250     309 (0000c240)     g_current_motor_angle_elec_rad
0000c252     309 (0000c240)     g_current_encoder_angle_mech_rad
0000c254     309 (0000c240)     angle_offset_rad_final
0000c256     309 (0000c240)     Iq_ref_target
0000c258     309 (0000c240)     Iq_ref_step
0000c25a     309 (0000c240)     g_debug_cnt
0000c25c     309 (0000c240)     g_align_angle
0000c25e     309 (0000c240)     g_align_Id_ref
0000c260     309 (0000c240)     g_align_vd
0000c262     309 (0000c240)     g_align_vq
0000c264     309 (0000c240)     g_open_loop_angle_increment
0000c266     309 (0000c240)     g_open_loop_Iq_ref
0000c268     309 (0000c240)     g_open_loop_vd
0000c26a     309 (0000c240)     g_open_loop_vq
0000c26c     309 (0000c240)     g_open_loop_max_current
0000c26e     309 (0000c240)     g_sync_check_angle_diff
0000c270     309 (0000c240)     g_sync_check_angle_diff_deg
0000c272     309 (0000c240)     g_sync_check_omega_ol
0000c274     309 (0000c240)     g_sync_check_omega_enc
0000c276     309 (0000c240)     g_sync_check_speed_diff_percent
0000c278     309 (0000c240)     g_sync_check_current_diff
0000c27a     309 (0000c240)     g_sync_check_vd
0000c27c     309 (0000c240)     g_sync_check_vq
0000c27e     309 (0000c240)     g_sync_check_counter

0000c280     30a (0000c280)     g_closed_loop_theta_elec
0000c282     30a (0000c280)     g_closed_loop_vd
0000c284     30a (0000c280)     g_closed_loop_vq
0000c286     30a (0000c280)     g_closed_loop_Vmax
0000c288     30a (0000c280)     g_alpha
0000c28a     30a (0000c280)     g_beta
0000c28c     30a (0000c280)     g_d
0000c28e     30a (0000c280)     g_q
0000c290     30a (0000c280)     g_valpha
0000c292     30a (0000c280)     g_vbeta
0000c29a     30a (0000c280)     svpwm_handle

0000c2c0     30b (0000c2c0)     TBPRD
0000c2c1     30b (0000c2c0)     overcurrent_fault
0000c2c2     30b (0000c2c0)     encoder_raw_pos
0000c2c4     30b (0000c2c0)     motor_angle_mech_rad
0000c2c6     30b (0000c2c0)     motor_angle_elec_rad
0000c2c8     30b (0000c2c0)     open_loop_angle_mech_rad
0000c2ca     30b (0000c2c0)     open_loop_angle_elec_rad
0000c2cc     30b (0000c2c0)     angle_offset_rad
0000c2ce     30b (0000c2c0)     motor_rpm
0000c2d0     30b (0000c2c0)     Ia_meas
0000c2d2     30b (0000c2c0)     Ib_meas
0000c2d4     30b (0000c2c0)     Ic_meas
0000c2d6     30b (0000c2c0)     Id_ref
0000c2d8     30b (0000c2c0)     Iq_ref
0000c2da     30b (0000c2c0)     Id_int
0000c2dc     30b (0000c2c0)     Iq_int
0000c2de     30b (0000c2c0)     KP_ID
0000c2e0     30b (0000c2c0)     KI_ID
0000c2e2     30b (0000c2c0)     KP_IQ
0000c2e4     30b (0000c2c0)     KI_IQ
0000c2e6     30b (0000c2c0)     motor_speed_rad


GLOBAL SYMBOLS: SORTED ALPHABETICALLY BY Name 

page  address   name                                     
----  -------   ----                                     
0     000089ca  ADC_Init                                 
0     000089bb  ADC_Read_Current                         
0     00008ce1  ADC_setINLTrim                           
0     0000b7d1  ADC_setMode                              
0     00008e81  ADC_setOffsetTrim                        
0     00008ee1  ADC_setPPBTripLimits                     
0     00009266  C$$EXIT                                  
abs   00000000  Cla1funcsLoadSize                        
0     00008000  Cla1funcsLoadStart                       
0     00008000  Cla1funcsRunStart                        
0     00008205  Device_bootCPU2                          
0     0000808b  Device_configureTMXAnalogTrim            
0     000080bf  Device_enableAllPeripherals              
0     0000803e  Device_enableUnbondedGPIOPullups         
0     00008021  Device_enableUnbondedGPIOPullupsFor100Pin
0     0000800e  Device_enableUnbondedGPIOPullupsFor176Pin
0     000081aa  Device_init                              
0     0000804e  Device_initGPIO                          
0     0000b5f2  EPWM_Init                                
0     0000b587  EPWM_SetCompareValues                    
0     0000893b  Encoder_getElecAngle                     
0     00008936  Encoder_getMechAngle                     
0     00008931  Encoder_getSpeedRPM                      
0     0000892c  Encoder_getSpeedRad                      
0     000088c9  Encoder_init                             
0     00008800  Encoder_update                           
1     0000c22e  Example_Fail                             
1     0000c22c  Example_PassCount                        
1     0000c22a  Example_Result                           
0     0000800d  Example_done                             
0     00008008  Example_setResultFail                    
0     00008003  Example_setResultPass                    
0     000090d6  GPIO_setControllerCore                   
0     000091b2  GPIO_setDirectionMode                    
0     00008f90  GPIO_setPadConfig                        
0     0000910d  GPIO_setPinConfig                        
0     00009144  GPIO_setQualificationMode                
1     0000c2d0  Ia_meas                                  
1     0000c2d2  Ib_meas                                  
1     0000c2d4  Ic_meas                                  
1     0000c2da  Id_int                                   
1     0000c2d6  Id_ref                                   
0     00008f3d  InitPeripherals                          
0     000093cf  Interrupt_defaultHandler                 
0     0000917b  Interrupt_enable                         
0     00009495  Interrupt_illegalOperationHandler        
0     00009099  Interrupt_initModule                     
0     00008fe2  Interrupt_initVectorTable                
0     0000949f  Interrupt_nmiHandler                     
1     0000c2dc  Iq_int                                   
1     0000c2d8  Iq_ref                                   
1     0000c258  Iq_ref_step                              
1     0000c256  Iq_ref_target                            
1     0000c2e0  KI_ID                                    
1     0000c2e4  KI_IQ                                    
1     0000c2de  KP_ID                                    
1     0000c2e2  KP_IQ                                    
0     00008f71  SwitchControlState                       
0     00000123  SysCtl_delay                             
0     00009000  SysCtl_getClock                          
0     00008d50  SysCtl_getDeviceParametric               
0     0000936e  SysCtl_getLowSpeedClock                  
0     00009051  SysCtl_selectOscSource                   
0     00008b3a  SysCtl_selectXTAL                        
0     0000837d  SysCtl_setClock                          
1     0000c2c0  TBPRD                                    
0     00000158  __TI_CINIT_Base                          
0     00000160  __TI_CINIT_Limit                         
0     00000160  __TI_CINIT_Warm                          
0     0000014e  __TI_Handler_Table_Base                  
0     00000154  __TI_Handler_Table_Limit                 
1     00000500  __TI_STACK_END                           
abs   00000100  __TI_STACK_SIZE                          
0     00009211  __TI_auto_init_nobinit_nopinit           
1     0000c232  __TI_cleanup_ptr                         
0     000091e3  __TI_decompress_lzss                     
0     000094c3  __TI_decompress_none                     
1     0000c234  __TI_dtors_ptr                           
1     0000c230  __TI_enable_exit_profile_output          
abs   ffffffff  __TI_pprof_out_hndl                      
abs   ffffffff  __TI_prof_data_size                      
abs   ffffffff  __TI_prof_data_start                     
0     00009465  __TI_zero_init_nomemset                  
0     0000923c  __c28xabi_cmpd                           
0     000092fe  __c28xabi_cmpll                          
0     00009310  __c28xabi_cmpull                         
0     00008c59  __c28xabi_divf                           
n/a   UNDEFED   __c_args__                               
0     00008000  __error__                                
1     00000400  __stack                                  
0     00009472  _args_main                               
0     000093b8  _c_int00                                 
0     0000947e  _epilog_c28x_1                           
0     00009482  _epilog_c28x_2                           
1     0000c236  _lock                                    
0     000094ba  _nop                                     
0     00009388  _prolog_c28x_1                           
0     0000938c  _prolog_c28x_2                           
0     00009394  _prolog_c28x_3                           
0     000094b6  _register_lock                           
0     000094b2  _register_unlock                         
0     000087ff  _system_post_cinit                       
0     000087fd  _system_pre_init                         
1     0000c238  _unlock                                  
0     00009266  abort                                    
0     0000b000  adc_isr                                  
1     0000c2cc  angle_offset_rad                         
1     0000c254  angle_offset_rad_final                   
1     0000c243  cl_cnt                                   
1     0000c244  cl_startup_cnt                           
1     0000c242  cl_sub                                   
0     00008a40  clampf_val                               
0     00008b19  clarke_transform                         
0     00000000  code_start                               
0     00008e1e  cosf                                     
1     0000c21e  curr_pos_latch                           
1     0000c226  encoder_angle_elec_continuous            
1     0000c224  encoder_continuous_pos                   
1     0000c2c2  encoder_raw_pos                          
1     0000c23a  errno                                    
0     00009268  exit                                     
0     00008693  fmax                                     
0     0000865a  fmaxf                                    
0     00008693  fmaxl                                    
0     000085bf  fmin                                     
0     00008586  fminf                                    
0     000085bf  fminl                                    
0     0000872e  fmodf                                    
1     0000c25e  g_align_Id_ref                           
1     0000c25c  g_align_angle                            
1     0000c260  g_align_vd                               
1     0000c262  g_align_vq                               
1     0000c246  g_alignment_counter                      
1     0000c288  g_alpha                                  
1     0000c28a  g_beta                                   
1     0000c286  g_closed_loop_Vmax                       
1     0000c280  g_closed_loop_theta_elec                 
1     0000c282  g_closed_loop_vd                         
1     0000c284  g_closed_loop_vq                         
1     0000c240  g_control_state                          
1     0000c252  g_current_encoder_angle_mech_rad         
1     0000c250  g_current_motor_angle_elec_rad           
1     0000c28c  g_d                                      
1     0000c25a  g_debug_cnt                              
1     0000c241  g_encoder_aligned                        
1     0000c266  g_open_loop_Iq_ref                       
1     0000c264  g_open_loop_angle_increment              
1     0000c26c  g_open_loop_max_current                  
1     0000c24e  g_open_loop_timeout_counter              
1     0000c248  g_open_loop_turns                        
1     0000c268  g_open_loop_vd                           
1     0000c26a  g_open_loop_vq                           
1     0000c24a  g_previous_open_loop_angle               
1     0000c28e  g_q                                      
1     0000c26e  g_sync_check_angle_diff                  
1     0000c270  g_sync_check_angle_diff_deg              
1     0000c27e  g_sync_check_counter                     
1     0000c278  g_sync_check_current_diff                
1     0000c274  g_sync_check_omega_enc                   
1     0000c272  g_sync_check_omega_ol                    
1     0000c276  g_sync_check_speed_diff_percent          
1     0000c27a  g_sync_check_vd                          
1     0000c27c  g_sync_check_vq                          
1     0000c290  g_valpha                                 
1     0000c292  g_vbeta                                  
0     00008ae2  inv_park_transform                       
1     0000c220  last_pos_latch                           
0     00008f4f  main                                     
0     0000931c  memcpy                                   
1     0000c2c6  motor_angle_elec_rad                     
1     0000c2c4  motor_angle_mech_rad                     
1     0000c2ce  motor_rpm                                
1     0000c2e6  motor_speed_rad                          
1     0000c24c  open_loop_angle_acc                      
1     0000c2ca  open_loop_angle_elec_rad                 
1     0000c2c8  open_loop_angle_mech_rad                 
1     0000c2c1  overcurrent_fault                        
0     00008aa7  park_transform                           
0     00008a7c  pi_id                                    
0     00008a51  pi_iq                                    
1     0000c222  pos_diff                                 
0     00008db8  sinf                                     
0     000092b8  sqrtf                                    
0     00008bca  svpwm_compute                            
1     0000c29a  svpwm_handle                             


GLOBAL SYMBOLS: SORTED BY Symbol Address 

page  address   name                                     
----  -------   ----                                     
0     00000000  code_start                               
0     00000123  SysCtl_delay                             
0     0000014e  __TI_Handler_Table_Base                  
0     00000154  __TI_Handler_Table_Limit                 
0     00000158  __TI_CINIT_Base                          
0     00000160  __TI_CINIT_Limit                         
0     00000160  __TI_CINIT_Warm                          
0     00008000  Cla1funcsLoadStart                       
0     00008000  Cla1funcsRunStart                        
0     00008000  __error__                                
0     00008003  Example_setResultPass                    
0     00008008  Example_setResultFail                    
0     0000800d  Example_done                             
0     0000800e  Device_enableUnbondedGPIOPullupsFor176Pin
0     00008021  Device_enableUnbondedGPIOPullupsFor100Pin
0     0000803e  Device_enableUnbondedGPIOPullups         
0     0000804e  Device_initGPIO                          
0     0000808b  Device_configureTMXAnalogTrim            
0     000080bf  Device_enableAllPeripherals              
0     000081aa  Device_init                              
0     00008205  Device_bootCPU2                          
0     0000837d  SysCtl_setClock                          
0     00008586  fminf                                    
0     000085bf  fmin                                     
0     000085bf  fminl                                    
0     0000865a  fmaxf                                    
0     00008693  fmax                                     
0     00008693  fmaxl                                    
0     0000872e  fmodf                                    
0     000087fd  _system_pre_init                         
0     000087ff  _system_post_cinit                       
0     00008800  Encoder_update                           
0     000088c9  Encoder_init                             
0     0000892c  Encoder_getSpeedRad                      
0     00008931  Encoder_getSpeedRPM                      
0     00008936  Encoder_getMechAngle                     
0     0000893b  Encoder_getElecAngle                     
0     000089bb  ADC_Read_Current                         
0     000089ca  ADC_Init                                 
0     00008a40  clampf_val                               
0     00008a51  pi_iq                                    
0     00008a7c  pi_id                                    
0     00008aa7  park_transform                           
0     00008ae2  inv_park_transform                       
0     00008b19  clarke_transform                         
0     00008b3a  SysCtl_selectXTAL                        
0     00008bca  svpwm_compute                            
0     00008c59  __c28xabi_divf                           
0     00008ce1  ADC_setINLTrim                           
0     00008d50  SysCtl_getDeviceParametric               
0     00008db8  sinf                                     
0     00008e1e  cosf                                     
0     00008e81  ADC_setOffsetTrim                        
0     00008ee1  ADC_setPPBTripLimits                     
0     00008f3d  InitPeripherals                          
0     00008f4f  main                                     
0     00008f71  SwitchControlState                       
0     00008f90  GPIO_setPadConfig                        
0     00008fe2  Interrupt_initVectorTable                
0     00009000  SysCtl_getClock                          
0     00009051  SysCtl_selectOscSource                   
0     00009099  Interrupt_initModule                     
0     000090d6  GPIO_setControllerCore                   
0     0000910d  GPIO_setPinConfig                        
0     00009144  GPIO_setQualificationMode                
0     0000917b  Interrupt_enable                         
0     000091b2  GPIO_setDirectionMode                    
0     000091e3  __TI_decompress_lzss                     
0     00009211  __TI_auto_init_nobinit_nopinit           
0     0000923c  __c28xabi_cmpd                           
0     00009266  C$$EXIT                                  
0     00009266  abort                                    
0     00009268  exit                                     
0     000092b8  sqrtf                                    
0     000092fe  __c28xabi_cmpll                          
0     00009310  __c28xabi_cmpull                         
0     0000931c  memcpy                                   
0     0000936e  SysCtl_getLowSpeedClock                  
0     00009388  _prolog_c28x_1                           
0     0000938c  _prolog_c28x_2                           
0     00009394  _prolog_c28x_3                           
0     000093b8  _c_int00                                 
0     000093cf  Interrupt_defaultHandler                 
0     00009465  __TI_zero_init_nomemset                  
0     00009472  _args_main                               
0     0000947e  _epilog_c28x_1                           
0     00009482  _epilog_c28x_2                           
0     00009495  Interrupt_illegalOperationHandler        
0     0000949f  Interrupt_nmiHandler                     
0     000094b2  _register_unlock                         
0     000094b6  _register_lock                           
0     000094ba  _nop                                     
0     000094c3  __TI_decompress_none                     
0     0000b000  adc_isr                                  
0     0000b587  EPWM_SetCompareValues                    
0     0000b5f2  EPWM_Init                                
0     0000b7d1  ADC_setMode                              
1     00000400  __stack                                  
1     00000500  __TI_STACK_END                           
1     0000c21e  curr_pos_latch                           
1     0000c220  last_pos_latch                           
1     0000c222  pos_diff                                 
1     0000c224  encoder_continuous_pos                   
1     0000c226  encoder_angle_elec_continuous            
1     0000c22a  Example_Result                           
1     0000c22c  Example_PassCount                        
1     0000c22e  Example_Fail                             
1     0000c230  __TI_enable_exit_profile_output          
1     0000c232  __TI_cleanup_ptr                         
1     0000c234  __TI_dtors_ptr                           
1     0000c236  _lock                                    
1     0000c238  _unlock                                  
1     0000c23a  errno                                    
1     0000c240  g_control_state                          
1     0000c241  g_encoder_aligned                        
1     0000c242  cl_sub                                   
1     0000c243  cl_cnt                                   
1     0000c244  cl_startup_cnt                           
1     0000c246  g_alignment_counter                      
1     0000c248  g_open_loop_turns                        
1     0000c24a  g_previous_open_loop_angle               
1     0000c24c  open_loop_angle_acc                      
1     0000c24e  g_open_loop_timeout_counter              
1     0000c250  g_current_motor_angle_elec_rad           
1     0000c252  g_current_encoder_angle_mech_rad         
1     0000c254  angle_offset_rad_final                   
1     0000c256  Iq_ref_target                            
1     0000c258  Iq_ref_step                              
1     0000c25a  g_debug_cnt                              
1     0000c25c  g_align_angle                            
1     0000c25e  g_align_Id_ref                           
1     0000c260  g_align_vd                               
1     0000c262  g_align_vq                               
1     0000c264  g_open_loop_angle_increment              
1     0000c266  g_open_loop_Iq_ref                       
1     0000c268  g_open_loop_vd                           
1     0000c26a  g_open_loop_vq                           
1     0000c26c  g_open_loop_max_current                  
1     0000c26e  g_sync_check_angle_diff                  
1     0000c270  g_sync_check_angle_diff_deg              
1     0000c272  g_sync_check_omega_ol                    
1     0000c274  g_sync_check_omega_enc                   
1     0000c276  g_sync_check_speed_diff_percent          
1     0000c278  g_sync_check_current_diff                
1     0000c27a  g_sync_check_vd                          
1     0000c27c  g_sync_check_vq                          
1     0000c27e  g_sync_check_counter                     
1     0000c280  g_closed_loop_theta_elec                 
1     0000c282  g_closed_loop_vd                         
1     0000c284  g_closed_loop_vq                         
1     0000c286  g_closed_loop_Vmax                       
1     0000c288  g_alpha                                  
1     0000c28a  g_beta                                   
1     0000c28c  g_d                                      
1     0000c28e  g_q                                      
1     0000c290  g_valpha                                 
1     0000c292  g_vbeta                                  
1     0000c29a  svpwm_handle                             
1     0000c2c0  TBPRD                                    
1     0000c2c1  overcurrent_fault                        
1     0000c2c2  encoder_raw_pos                          
1     0000c2c4  motor_angle_mech_rad                     
1     0000c2c6  motor_angle_elec_rad                     
1     0000c2c8  open_loop_angle_mech_rad                 
1     0000c2ca  open_loop_angle_elec_rad                 
1     0000c2cc  angle_offset_rad                         
1     0000c2ce  motor_rpm                                
1     0000c2d0  Ia_meas                                  
1     0000c2d2  Ib_meas                                  
1     0000c2d4  Ic_meas                                  
1     0000c2d6  Id_ref                                   
1     0000c2d8  Iq_ref                                   
1     0000c2da  Id_int                                   
1     0000c2dc  Iq_int                                   
1     0000c2de  KP_ID                                    
1     0000c2e0  KI_ID                                    
1     0000c2e2  KP_IQ                                    
1     0000c2e4  KI_IQ                                    
1     0000c2e6  motor_speed_rad                          
abs   00000000  Cla1funcsLoadSize                        
abs   00000100  __TI_STACK_SIZE                          
abs   ffffffff  __TI_pprof_out_hndl                      
abs   ffffffff  __TI_prof_data_size                      
abs   ffffffff  __TI_prof_data_start                     
n/a   UNDEFED   __c_args__                               

[185 symbols]
