******************************************************************************
             TMS320C2000 Linker PC v22.6.2                     
******************************************************************************
>> Linked Wed Jan 21 21:39:17 2026

OUTPUT FILE NAME:   <empty_driverlib_4.out>
ENTRY POINT SYMBOL: "code_start"  address: 00000000


MEMORY CONFIGURATION

         name            origin    length      used     unused   attr    fill
----------------------  --------  ---------  --------  --------  ----  --------
PAGE 0:
  BEGIN                 00000000   00000002  00000002  00000000  RWIX
  RAMM0                 00000123   000002dd  00000034  000002a9  RWIX
  RAMLS0                00008000   00000800  00000800  00000000  RWIX
  RAMLS1                00008800   00000800  00000668  00000198  RWIX
  RAMLS2                00009000   00000800  00000000  00000800  RWIX
  RAMLS3                00009800   00000800  00000000  00000800  RWIX
  RAMLS4                0000a000   00000800  00000000  00000800  RWIX
  RAMD0                 0000b000   00000800  00000800  00000000  RWIX
  RAMGS0                0000c000   00001000  00000000  00001000  RWIX
  RAMGS1                0000d000   00001000  00000000  00001000  RWIX
  RAMGS2                0000e000   00001000  00000000  00001000  RWIX
  RAMGS3                0000f000   00001000  00000000  00001000  RWIX
  RAMGS4                00010000   00001000  00000000  00001000  RWIX
  RAMGS5                00011000   00001000  00000000  00001000  RWIX
  FLASHA                00080002   00001ffe  00000000  00001ffe  RWIX
  FLASHB                00082000   00002000  00000000  00002000  RWIX
  FLASHC                00084000   00002000  00000000  00002000  RWIX
  FLASHD                00086000   00002000  00000000  00002000  RWIX
  FLASHE                00088000   00008000  00000000  00008000  RWIX
  FLASHF                00090000   00008000  00000000  00008000  RWIX
  FLASHG                00098000   00008000  00000000  00008000  RWIX
  FLASHH                000a0000   00008000  00000000  00008000  RWIX
  FLASHI                000a8000   00008000  00000000  00008000  RWIX
  FLASHJ                000b0000   00008000  00000000  00008000  RWIX
  FLASHK                000b8000   00002000  00000000  00002000  RWIX
  FLASHL                000ba000   00002000  00000000  00002000  RWIX
  FLASHM                000bc000   00002000  00000000  00002000  RWIX
  FLASHN                000be000   00001ff0  00000000  00001ff0  RWIX
  RESET                 003fffc0   00000002  00000000  00000002  RWIX

PAGE 1:
  BOOT_RSVD             00000002   00000121  00000000  00000121  RWIX
  RAMM1                 00000400   000003f8  00000100  000002f8  RWIX
  Cla1ProgRam           00008000   00000800  00000000  00000800  RWIX
  RAMLS5                0000a800   00000400  00000000  00000400  RWIX
  Cla1DataRam           0000ac00   00000400  00000000  00000400  RWIX
  RAMD1                 0000b800   00000800  00000000  00000800  RWIX
  RAMGS0_PAGE1          0000c000   00001000  00000279  00000d87  RWIX
  RAMGS1_PAGE1          0000d000   00001000  00000003  00000ffd  RWIX
  RAMGS2_PAGE1          0000e000   00001000  00000000  00001000  RWIX
  RAMGS3_PAGE1          0000f000   00001000  00000000  00001000  RWIX
  RAMGS4_PAGE1          00010000   00001000  00000000  00001000  RWIX
  RAMGS5_PAGE1          00011000   00001000  00000000  00001000  RWIX
  RAMGS6                00012000   00001000  00000000  00001000  RWIX
  RAMGS7                00013000   00001000  00000000  00001000  RWIX
  RAMGS8                00014000   00001000  00000000  00001000  RWIX
  RAMGS9                00015000   00001000  00000000  00001000  RWIX
  RAMGS10               00016000   00001000  00000000  00001000  RWIX
  RAMGS11               00017000   00001000  00000000  00001000  RWIX
  RAMGS12               00018000   00001000  00000000  00001000  RWIX
  RAMGS13               00019000   00001000  00000000  00001000  RWIX
  RAMGS14               0001a000   00001000  00000000  00001000  RWIX
  RAMGS15               0001b000   00000ff8  00000000  00000ff8  RWIX
  CPU2TOCPU1RAM         0003f800   00000400  00000000  00000400  RWIX
  CPU1TOCPU2RAM         0003fc00   00000400  00000000  00000400  RWIX
  CANA_MSG_RAM          00049000   00000800  00000000  00000800  RWIX
  CANB_MSG_RAM          0004b000   00000800  00000000  00000800  RWIX


SECTION ALLOCATION MAP

 output                                  attributes/
section   page    origin      length       input sections
--------  ----  ----------  ----------   ----------------
codestart 
*          0    00000000    00000002     
                  00000000    00000002     F2837xD_CodeStartBranch.obj (codestart)

.cinit     0    00000128    00000030     
                  00000128    0000001e     (.cinit..data.load) [load image, compression = lzss]
                  00000146    00000006     (__TI_handler_table)
                  0000014c    00000004     (.cinit..bss.load) [load image, compression = zero_init]
                  00000150    00000008     (__TI_cinit_table)

.reset     0    003fffc0    00000000     DSECT

.stack     1    00000400    00000100     UNINITIALIZED
                  00000400    00000100     --HOLE--

.bss       1    0000d000    00000003     UNINITIALIZED
                  0000d000    00000003     foc_adc.obj (.bss:adcResult)

.init_array 
*          0    00000123    00000000     UNINITIALIZED

.const     1    0000c000    0000021a     
                  0000c000    000000c2     driverlib_eabi.lib : sysctl.obj (.const:.string)
                  0000c0c2    000000bc                        : gpio.obj (.const:.string)
                  0000c17e    0000005d                        : adc.obj (.const:.string)
                  0000c1db    00000001     --HOLE-- [fill = 0]
                  0000c1dc    0000003e     foc_pwm.obj (.const:.string)

.data      1    0000c21a    0000005f     UNINITIALIZED
                  0000c21a    00000020     FOC_auto_start.obj (.data)
                  0000c23a    00000006     device.obj (.data)
                  0000c240    00000028     foc_core.obj (.data)
                  0000c268    00000006     foc_encoder.obj (.data)
                  0000c26e    00000006     rts2800_fpu32_eabi.lib : exit.c.obj (.data)
                  0000c274    00000002                            : _lock.c.obj (.data:_lock)
                  0000c276    00000002                            : _lock.c.obj (.data:_unlock)
                  0000c278    00000001                            : errno.c.obj (.data)

GETBUFFER 
*          0    0003f800    00000000     DSECT

GETWRITEIDX 
*          0    0003f800    00000000     DSECT

PUTREADIDX 
*          0    0003f800    00000000     DSECT

.TI.ramfunc 
*          0    00000123    00000004     
                  00000123    00000004     driverlib_eabi.lib : sysctl.obj (.TI.ramfunc)

Cla1funcs 
*          0    00008000    00000000     UNINITIALIZED

.text.1    0    00008000    00000800     
                  00008000    00000209     driverlib_eabi.lib : sysctl.obj (.text:SysCtl_setClock)
                  00008209    0000010a     foc_encoder.obj (.text)
                  00008313    00000100     foc_adc.obj (.text)
                  00008413    000000fa     foc_core.obj (.text)
                  0000850d    00000090     driverlib_eabi.lib : sysctl.obj (.text:SysCtl_selectXTAL)
                  0000859d    0000008f     foc_svpwm.obj (.text)
                  0000862c    00000088     rts2800_fpu32_eabi.lib : fs_div28.asm.obj (.text)
                  000086b4    0000006f     driverlib_eabi.lib : adc.obj (.text:ADC_setINLTrim)
                  00008723    00000068                        : sysctl.obj (.text:SysCtl_getDeviceParametric)
                  0000878b    00000066     rts2800_fpu32_eabi.lib : s_sinf.c.obj (.text)
                  000087f1    0000000f     driverlib_eabi.lib : sysctl.obj (.text:SysCtl_pollCpuTimer)

.text.2    0    00008800    00000668     
                  00008800    00000063     rts2800_fpu32_eabi.lib : s_cosf.c.obj (.text)
                  00008863    00000060     driverlib_eabi.lib : adc.obj (.text:ADC_setOffsetTrim)
                  000088c3    0000005c                        : adc.obj (.text:ADC_setPPBTripLimits)
                  0000891f    00000052                        : gpio.obj (.text:GPIO_setPadConfig)
                  00008971    00000051                        : sysctl.obj (.text:SysCtl_getClock)
                  000089c2    00000048                        : sysctl.obj (.text:SysCtl_selectOscSource)
                  00008a0a    00000046     FOC_auto_start.obj (.text)
                  00008a50    0000003d     driverlib_eabi.lib : interrupt.obj (.text:Interrupt_initModule)
                  00008a8d    00000037                        : gpio.obj (.text:GPIO_setControllerCore)
                  00008ac4    00000037                        : gpio.obj (.text:GPIO_setPinConfig)
                  00008afb    00000037                        : gpio.obj (.text:GPIO_setQualificationMode)
                  00008b32    00000037                        : interrupt.obj (.text:Interrupt_enable)
                  00008b69    00000031                        : gpio.obj (.text:GPIO_setDirectionMode)
                  00008b9a    0000002f                        : adc.obj (.text:ADC_setMode)
                  00008bc9    0000002e     rts2800_fpu32_eabi.lib : copy_decompress_lzss.c.obj (.text:decompress:lzss)
                  00008bf7    0000002b                            : autoinit.c.obj (.text:__TI_auto_init_nobinit_nopinit)
                  00008c22    00000029                            : exit.c.obj (.text)
                  00008c4b    00000028     driverlib_eabi.lib : sysctl.obj (.text:CPUTimer_selectClockSource)
                  00008c73    00000001     rts2800_fpu32_eabi.lib : startup.c.obj (.text)
                  00008c74    00000027                            : e_sqrtf.c.obj (.text)
                  00008c9b    0000001f     driverlib_eabi.lib : sysctl.obj (.text:CPUTimer_getTimerOverflowStatus)
                  00008cba    0000001e                        : interrupt.obj (.text:Interrupt_initVectorTable)
                  00008cd8    0000001d     rts2800_fpu32_eabi.lib : memcpy.c.obj (.text)
                  00008cf5    0000001b     driverlib_eabi.lib : adc.obj (.text:ADC_isBaseValid)
                  00008d10    0000001a                        : sysctl.obj (.text:CPUTimer_startTimer)
                  00008d2a    0000001a                        : sysctl.obj (.text:SysCtl_getLowSpeedClock)
                  00008d44    00000017                        : sysctl.obj (.text:CPUTimer_isBaseValid)
                  00008d5b    00000017     rts2800_fpu32_eabi.lib : boot28.asm.obj (.text)
                  00008d72    00000016     driverlib_eabi.lib : interrupt.obj (.text:Interrupt_defaultHandler)
                  00008d88    00000014                        : sysctl.obj (.text:CPUTimer_stopTimer)
                  00008d9c    00000012                        : sysctl.obj (.text:CPUTimer_clearOverflowFlag)
                  00008dae    00000012                        : sysctl.obj (.text:CPUTimer_disableInterrupt)
                  00008dc0    00000011                        : sysctl.obj (.text:CPUTimer_setPeriod)
                  00008dd1    0000000e                        : gpio.obj (.text:GPIO_isPinValid)
                  00008ddf    0000000d                        : interrupt.obj (.text:Interrupt_disableGlobal)
                  00008dec    0000000d                        : interrupt.obj (.text:Interrupt_enableGlobal)
                  00008df9    0000000d     rts2800_fpu32_eabi.lib : copy_zero_init.c.obj (.text:decompress:ZI:__TI_zero_init_nomemset)
                  00008e06    0000000c                            : args_main.c.obj (.text)
                  00008e12    0000000c                            : epilog28.asm.obj (.text)
                  00008e1e    0000000b     driverlib_eabi.lib : sysctl.obj (.text:SysCtl_isMCDClockFailureDetected)
                  00008e29    0000000a                        : interrupt.obj (.text:Interrupt_illegalOperationHandler)
                  00008e33    0000000a                        : interrupt.obj (.text:Interrupt_nmiHandler)
                  00008e3d    00000009                        : sysctl.obj (.text:SysCtl_serviceWatchdog)
                  00008e46    00000009     rts2800_fpu32_eabi.lib : _lock.c.obj (.text)
                  00008e4f    00000008     F2837xD_CodeStartBranch.obj (.text)
                  00008e57    00000008     rts2800_fpu32_eabi.lib : copy_decompress_none.c.obj (.text:decompress:none)
                  00008e5f    00000007     driverlib_eabi.lib : sysctl.obj (.text:SysCtl_resetMCD)
                  00008e66    00000002     rts2800_fpu32_eabi.lib : pre_init.c.obj (.text)

.text.3    0    0000b000    00000800     
                  0000b000    0000037d     device.obj (.text)
                  0000b37d    0000027f     foc_pwm.obj (.text)
                  0000b5fc    000001eb     FOC_auto_start.obj (.text:retain)
                  0000b7e7    00000019     rts2800_fpu32_eabi.lib : prolog28.asm.obj (.text)

MODULE SUMMARY

       Module                        code   ro data   rw data
       ------                        ----   -------   -------
    .\
       FOC_auto_start.obj            561    0         32     
    +--+-----------------------------+------+---------+---------+
       Total:                        561    0         32     
                                                             
    .\device\
       device.obj                    893    0         6      
       F2837xD_CodeStartBranch.obj   10     0         0      
    +--+-----------------------------+------+---------+---------+
       Total:                        903    0         6      
                                                             
    .\model\
       foc_pwm.obj                   639    62        0      
       foc_core.obj                  250    0         40     
       foc_encoder.obj               266    0         6      
       foc_adc.obj                   256    0         3      
       foc_svpwm.obj                 143    0         0      
    +--+-----------------------------+------+---------+---------+
       Total:                        1554   62        49     
                                                             
    C:\TI\C2000Ware_6_00_01_00\driverlib\f2837xd\driverlib\ccs\Debug\driverlib_eabi.lib
       sysctl.obj                    1187   194       0      
       gpio.obj                      310    188       0      
       adc.obj                       373    93        0      
       interrupt.obj                 214    0         0      
    +--+-----------------------------+------+---------+---------+
       Total:                        2084   475       0      
                                                             
    D:\TI\ccs\ccs\tools\compiler\ti-cgt-c2000_22.6.2.LTS\lib\rts2800_fpu32_eabi.lib
       fs_div28.asm.obj              136    0         0      
       s_sinf.c.obj                  102    0         0      
       s_cosf.c.obj                  99     0         0      
       exit.c.obj                    41     0         6      
       copy_decompress_lzss.c.obj    46     0         0      
       autoinit.c.obj                43     0         0      
       e_sqrtf.c.obj                 39     0         0      
       memcpy.c.obj                  29     0         0      
       prolog28.asm.obj              25     0         0      
       boot28.asm.obj                23     0         0      
       _lock.c.obj                   9      0         4      
       copy_zero_init.c.obj          13     0         0      
       args_main.c.obj               12     0         0      
       epilog28.asm.obj              12     0         0      
       copy_decompress_none.c.obj    8      0         0      
       pre_init.c.obj                2      0         0      
       errno.c.obj                   0      0         1      
       startup.c.obj                 1      0         0      
    +--+-----------------------------+------+---------+---------+
       Total:                        640    0         11     
                                                             
       Stack:                        0      0         256    
       Linker Generated:             0      48        0      
    +--+-----------------------------+------+---------+---------+
       Grand Total:                  5742   585       354    


LINKER GENERATED COPY TABLES

__TI_cinit_table @ 00000150 records: 2, size/record: 4, table size: 8
	.data: load addr=00000128, load size=0000001e bytes, run addr=0000c21a, run size=0000005f bytes, compression=lzss
	.bss: load addr=0000014c, load size=00000004 bytes, run addr=0000d000, run size=00000003 bytes, compression=zero_init


LINKER GENERATED HANDLER TABLE

__TI_handler_table @ 00000146 records: 3, size/record: 2, table size: 6
	index: 0, handler: __TI_zero_init
	index: 1, handler: __TI_decompress_lzss
	index: 2, handler: __TI_decompress_none


GLOBAL DATA SYMBOLS: SORTED BY DATA PAGE

address     data page           name
--------    ----------------    ----
00000400      10 (00000400)     __stack

0000c21a     308 (0000c200)     g_control_state
0000c21b     308 (0000c200)     g_encoder_aligned
0000c21c     308 (0000c200)     g_alignment_counter
0000c21e     308 (0000c200)     g_open_loop_turns
0000c220     308 (0000c200)     g_previous_open_loop_angle
0000c222     308 (0000c200)     g_open_loop_timeout_counter
0000c224     308 (0000c200)     svpwm_handle
0000c23a     308 (0000c200)     Example_Result
0000c23c     308 (0000c200)     Example_PassCount
0000c23e     308 (0000c200)     Example_Fail

0000c240     309 (0000c240)     TBPRD
0000c241     309 (0000c240)     overcurrent_fault
0000c242     309 (0000c240)     encoder_raw_pos
0000c244     309 (0000c240)     motor_angle_mech_rad
0000c246     309 (0000c240)     motor_angle_elec_rad
0000c248     309 (0000c240)     open_loop_angle_mech_rad
0000c24a     309 (0000c240)     open_loop_angle_elec_rad
0000c24c     309 (0000c240)     angle_offset_rad
0000c24e     309 (0000c240)     motor_rpm
0000c250     309 (0000c240)     Ia_meas
0000c252     309 (0000c240)     Ib_meas
0000c254     309 (0000c240)     Ic_meas
0000c256     309 (0000c240)     Id_ref
0000c258     309 (0000c240)     Iq_ref
0000c25a     309 (0000c240)     Id_int
0000c25c     309 (0000c240)     Iq_int
0000c25e     309 (0000c240)     KP_ID
0000c260     309 (0000c240)     KI_ID
0000c262     309 (0000c240)     KP_IQ
0000c264     309 (0000c240)     KI_IQ
0000c266     309 (0000c240)     motor_speed_rad
0000c268     309 (0000c240)     curr_pos_latch
0000c26a     309 (0000c240)     last_pos_latch
0000c26c     309 (0000c240)     pos_diff
0000c26e     309 (0000c240)     __TI_enable_exit_profile_output
0000c270     309 (0000c240)     __TI_cleanup_ptr
0000c272     309 (0000c240)     __TI_dtors_ptr
0000c274     309 (0000c240)     _lock
0000c276     309 (0000c240)     _unlock
0000c278     309 (0000c240)     errno


GLOBAL SYMBOLS: SORTED ALPHABETICALLY BY Name 

page  address   name                                     
----  -------   ----                                     
0     0000839d  ADC_Init                                 
0     0000838e  ADC_Read_Current                         
0     000086b4  ADC_setINLTrim                           
0     00008b9a  ADC_setMode                              
0     00008863  ADC_setOffsetTrim                        
0     000088c3  ADC_setPPBTripLimits                     
0     00008c22  C$$EXIT                                  
abs   00000000  Cla1funcsLoadSize                        
0     00008000  Cla1funcsLoadStart                       
0     00008000  Cla1funcsRunStart                        
0     0000b205  Device_bootCPU2                          
0     0000b08b  Device_configureTMXAnalogTrim            
0     0000b0bf  Device_enableAllPeripherals              
0     0000b03e  Device_enableUnbondedGPIOPullups         
0     0000b021  Device_enableUnbondedGPIOPullupsFor100Pin
0     0000b00e  Device_enableUnbondedGPIOPullupsFor176Pin
0     0000b1aa  Device_init                              
0     0000b04e  Device_initGPIO                          
0     0000b41d  EPWM_Init                                
0     0000b3b2  EPWM_SetCompareValues                    
0     0000830e  Encoder_getElecAngle                     
0     00008309  Encoder_getMechAngle                     
0     00008304  Encoder_getSpeedRPM                      
0     000082ff  Encoder_getSpeedRad                      
0     0000829c  Encoder_init                             
0     00008209  Encoder_update                           
1     0000c23e  Example_Fail                             
1     0000c23c  Example_PassCount                        
1     0000c23a  Example_Result                           
0     0000b00d  Example_done                             
0     0000b008  Example_setResultFail                    
0     0000b003  Example_setResultPass                    
0     00008a8d  GPIO_setControllerCore                   
0     00008b69  GPIO_setDirectionMode                    
0     0000891f  GPIO_setPadConfig                        
0     00008ac4  GPIO_setPinConfig                        
0     00008afb  GPIO_setQualificationMode                
1     0000c250  Ia_meas                                  
1     0000c252  Ib_meas                                  
1     0000c254  Ic_meas                                  
1     0000c25a  Id_int                                   
1     0000c256  Id_ref                                   
0     00008a0a  InitPeripherals                          
0     00008d72  Interrupt_defaultHandler                 
0     00008b32  Interrupt_enable                         
0     00008e29  Interrupt_illegalOperationHandler        
0     00008a50  Interrupt_initModule                     
0     00008cba  Interrupt_initVectorTable                
0     00008e33  Interrupt_nmiHandler                     
1     0000c25c  Iq_int                                   
1     0000c258  Iq_ref                                   
1     0000c260  KI_ID                                    
1     0000c264  KI_IQ                                    
1     0000c25e  KP_ID                                    
1     0000c262  KP_IQ                                    
0     00008a3f  SwitchControlState                       
0     00000123  SysCtl_delay                             
0     00008971  SysCtl_getClock                          
0     00008723  SysCtl_getDeviceParametric               
0     00008d2a  SysCtl_getLowSpeedClock                  
0     000089c2  SysCtl_selectOscSource                   
0     0000850d  SysCtl_selectXTAL                        
0     00008000  SysCtl_setClock                          
1     0000c240  TBPRD                                    
0     00000150  __TI_CINIT_Base                          
0     00000158  __TI_CINIT_Limit                         
0     00000158  __TI_CINIT_Warm                          
0     00000146  __TI_Handler_Table_Base                  
0     0000014c  __TI_Handler_Table_Limit                 
1     00000500  __TI_STACK_END                           
abs   00000100  __TI_STACK_SIZE                          
0     00008bf7  __TI_auto_init_nobinit_nopinit           
1     0000c270  __TI_cleanup_ptr                         
0     00008bc9  __TI_decompress_lzss                     
0     00008e57  __TI_decompress_none                     
1     0000c272  __TI_dtors_ptr                           
1     0000c26e  __TI_enable_exit_profile_output          
abs   ffffffff  __TI_pprof_out_hndl                      
abs   ffffffff  __TI_prof_data_size                      
abs   ffffffff  __TI_prof_data_start                     
0     00008df9  __TI_zero_init_nomemset                  
0     0000862c  __c28xabi_divf                           
n/a   UNDEFED   __c_args__                               
0     0000b000  __error__                                
1     00000400  __stack                                  
0     00008e06  _args_main                               
0     00008d5b  _c_int00                                 
0     00008e12  _epilog_c28x_1                           
0     00008e16  _epilog_c28x_2                           
1     0000c274  _lock                                    
0     00008e4e  _nop                                     
0     0000b7e7  _prolog_c28x_1                           
0     0000b7eb  _prolog_c28x_2                           
0     0000b7f3  _prolog_c28x_3                           
0     00008e4a  _register_lock                           
0     00008e46  _register_unlock                         
0     00008c73  _system_post_cinit                       
0     00008e66  _system_pre_init                         
1     0000c276  _unlock                                  
0     00008c22  abort                                    
0     0000b5fc  adc_isr                                  
1     0000c24c  angle_offset_rad                         
0     00008413  clampf_val                               
0     000084ec  clarke_transform                         
0     00000000  code_start                               
0     00008800  cosf                                     
1     0000c268  curr_pos_latch                           
1     0000c242  encoder_raw_pos                          
1     0000c278  errno                                    
0     00008c24  exit                                     
1     0000c21c  g_alignment_counter                      
1     0000c21a  g_control_state                          
1     0000c21b  g_encoder_aligned                        
1     0000c222  g_open_loop_timeout_counter              
1     0000c21e  g_open_loop_turns                        
1     0000c220  g_previous_open_loop_angle               
0     000084b5  inv_park_transform                       
1     0000c26a  last_pos_latch                           
0     00008a1c  main                                     
0     00008cd8  memcpy                                   
1     0000c246  motor_angle_elec_rad                     
1     0000c244  motor_angle_mech_rad                     
1     0000c24e  motor_rpm                                
1     0000c266  motor_speed_rad                          
1     0000c24a  open_loop_angle_elec_rad                 
1     0000c248  open_loop_angle_mech_rad                 
1     0000c241  overcurrent_fault                        
0     0000847a  park_transform                           
0     0000844f  pi_id                                    
0     00008424  pi_iq                                    
1     0000c26c  pos_diff                                 
0     0000878b  sinf                                     
0     00008c74  sqrtf                                    
0     0000859d  svpwm_compute                            
1     0000c224  svpwm_handle                             


GLOBAL SYMBOLS: SORTED BY Symbol Address 

page  address   name                                     
----  -------   ----                                     
0     00000000  code_start                               
0     00000123  SysCtl_delay                             
0     00000146  __TI_Handler_Table_Base                  
0     0000014c  __TI_Handler_Table_Limit                 
0     00000150  __TI_CINIT_Base                          
0     00000158  __TI_CINIT_Limit                         
0     00000158  __TI_CINIT_Warm                          
0     00008000  Cla1funcsLoadStart                       
0     00008000  Cla1funcsRunStart                        
0     00008000  SysCtl_setClock                          
0     00008209  Encoder_update                           
0     0000829c  Encoder_init                             
0     000082ff  Encoder_getSpeedRad                      
0     00008304  Encoder_getSpeedRPM                      
0     00008309  Encoder_getMechAngle                     
0     0000830e  Encoder_getElecAngle                     
0     0000838e  ADC_Read_Current                         
0     0000839d  ADC_Init                                 
0     00008413  clampf_val                               
0     00008424  pi_iq                                    
0     0000844f  pi_id                                    
0     0000847a  park_transform                           
0     000084b5  inv_park_transform                       
0     000084ec  clarke_transform                         
0     0000850d  SysCtl_selectXTAL                        
0     0000859d  svpwm_compute                            
0     0000862c  __c28xabi_divf                           
0     000086b4  ADC_setINLTrim                           
0     00008723  SysCtl_getDeviceParametric               
0     0000878b  sinf                                     
0     00008800  cosf                                     
0     00008863  ADC_setOffsetTrim                        
0     000088c3  ADC_setPPBTripLimits                     
0     0000891f  GPIO_setPadConfig                        
0     00008971  SysCtl_getClock                          
0     000089c2  SysCtl_selectOscSource                   
0     00008a0a  InitPeripherals                          
0     00008a1c  main                                     
0     00008a3f  SwitchControlState                       
0     00008a50  Interrupt_initModule                     
0     00008a8d  GPIO_setControllerCore                   
0     00008ac4  GPIO_setPinConfig                        
0     00008afb  GPIO_setQualificationMode                
0     00008b32  Interrupt_enable                         
0     00008b69  GPIO_setDirectionMode                    
0     00008b9a  ADC_setMode                              
0     00008bc9  __TI_decompress_lzss                     
0     00008bf7  __TI_auto_init_nobinit_nopinit           
0     00008c22  C$$EXIT                                  
0     00008c22  abort                                    
0     00008c24  exit                                     
0     00008c73  _system_post_cinit                       
0     00008c74  sqrtf                                    
0     00008cba  Interrupt_initVectorTable                
0     00008cd8  memcpy                                   
0     00008d2a  SysCtl_getLowSpeedClock                  
0     00008d5b  _c_int00                                 
0     00008d72  Interrupt_defaultHandler                 
0     00008df9  __TI_zero_init_nomemset                  
0     00008e06  _args_main                               
0     00008e12  _epilog_c28x_1                           
0     00008e16  _epilog_c28x_2                           
0     00008e29  Interrupt_illegalOperationHandler        
0     00008e33  Interrupt_nmiHandler                     
0     00008e46  _register_unlock                         
0     00008e4a  _register_lock                           
0     00008e4e  _nop                                     
0     00008e57  __TI_decompress_none                     
0     00008e66  _system_pre_init                         
0     0000b000  __error__                                
0     0000b003  Example_setResultPass                    
0     0000b008  Example_setResultFail                    
0     0000b00d  Example_done                             
0     0000b00e  Device_enableUnbondedGPIOPullupsFor176Pin
0     0000b021  Device_enableUnbondedGPIOPullupsFor100Pin
0     0000b03e  Device_enableUnbondedGPIOPullups         
0     0000b04e  Device_initGPIO                          
0     0000b08b  Device_configureTMXAnalogTrim            
0     0000b0bf  Device_enableAllPeripherals              
0     0000b1aa  Device_init                              
0     0000b205  Device_bootCPU2                          
0     0000b3b2  EPWM_SetCompareValues                    
0     0000b41d  EPWM_Init                                
0     0000b5fc  adc_isr                                  
0     0000b7e7  _prolog_c28x_1                           
0     0000b7eb  _prolog_c28x_2                           
0     0000b7f3  _prolog_c28x_3                           
1     00000400  __stack                                  
1     00000500  __TI_STACK_END                           
1     0000c21a  g_control_state                          
1     0000c21b  g_encoder_aligned                        
1     0000c21c  g_alignment_counter                      
1     0000c21e  g_open_loop_turns                        
1     0000c220  g_previous_open_loop_angle               
1     0000c222  g_open_loop_timeout_counter              
1     0000c224  svpwm_handle                             
1     0000c23a  Example_Result                           
1     0000c23c  Example_PassCount                        
1     0000c23e  Example_Fail                             
1     0000c240  TBPRD                                    
1     0000c241  overcurrent_fault                        
1     0000c242  encoder_raw_pos                          
1     0000c244  motor_angle_mech_rad                     
1     0000c246  motor_angle_elec_rad                     
1     0000c248  open_loop_angle_mech_rad                 
1     0000c24a  open_loop_angle_elec_rad                 
1     0000c24c  angle_offset_rad                         
1     0000c24e  motor_rpm                                
1     0000c250  Ia_meas                                  
1     0000c252  Ib_meas                                  
1     0000c254  Ic_meas                                  
1     0000c256  Id_ref                                   
1     0000c258  Iq_ref                                   
1     0000c25a  Id_int                                   
1     0000c25c  Iq_int                                   
1     0000c25e  KP_ID                                    
1     0000c260  KI_ID                                    
1     0000c262  KP_IQ                                    
1     0000c264  KI_IQ                                    
1     0000c266  motor_speed_rad                          
1     0000c268  curr_pos_latch                           
1     0000c26a  last_pos_latch                           
1     0000c26c  pos_diff                                 
1     0000c26e  __TI_enable_exit_profile_output          
1     0000c270  __TI_cleanup_ptr                         
1     0000c272  __TI_dtors_ptr                           
1     0000c274  _lock                                    
1     0000c276  _unlock                                  
1     0000c278  errno                                    
abs   00000000  Cla1funcsLoadSize                        
abs   00000100  __TI_STACK_SIZE                          
abs   ffffffff  __TI_pprof_out_hndl                      
abs   ffffffff  __TI_prof_data_size                      
abs   ffffffff  __TI_prof_data_start                     
n/a   UNDEFED   __c_args__                               

[135 symbols]
