<?xml version="1.0" encoding="ISO-8859-1" ?>
<link_info>
   <banner>TMS320C2000 Linker PC v22.6.2.LTS</banner>
   <copyright>Copyright (c) 1996-2018 Texas Instruments Incorporated</copyright>
   <link_time>0x69722b1a</link_time>
   <link_errors>0x0</link_errors>
   <output_file>empty_driverlib_4.out</output_file>
   <entry_point>
      <name>code_start</name>
      <address>0x0</address>
   </entry_point>
   <input_file_list>
      <input_file id="fl-2">
         <path>.\</path>
         <kind>object</kind>
         <file>FOC_auto_start.obj</file>
         <name>FOC_auto_start.obj</name>
      </input_file>
      <input_file id="fl-3">
         <path>.\syscfg\</path>
         <kind>object</kind>
         <file>board.obj</file>
         <name>board.obj</name>
      </input_file>
      <input_file id="fl-4">
         <path>.\syscfg\</path>
         <kind>object</kind>
         <file>c2000ware_libraries.obj</file>
         <name>c2000ware_libraries.obj</name>
      </input_file>
      <input_file id="fl-5">
         <path>.\device\</path>
         <kind>object</kind>
         <file>F2837xD_CodeStartBranch.obj</file>
         <name>F2837xD_CodeStartBranch.obj</name>
      </input_file>
      <input_file id="fl-6">
         <path>.\device\</path>
         <kind>object</kind>
         <file>device.obj</file>
         <name>device.obj</name>
      </input_file>
      <input_file id="fl-7">
         <path>.\model\</path>
         <kind>object</kind>
         <file>foc_adc.obj</file>
         <name>foc_adc.obj</name>
      </input_file>
      <input_file id="fl-8">
         <path>.\model\</path>
         <kind>object</kind>
         <file>foc_core.obj</file>
         <name>foc_core.obj</name>
      </input_file>
      <input_file id="fl-9">
         <path>.\model\</path>
         <kind>object</kind>
         <file>foc_encoder.obj</file>
         <name>foc_encoder.obj</name>
      </input_file>
      <input_file id="fl-a">
         <path>.\model\</path>
         <kind>object</kind>
         <file>foc_pwm.obj</file>
         <name>foc_pwm.obj</name>
      </input_file>
      <input_file id="fl-b">
         <path>.\model\</path>
         <kind>object</kind>
         <file>foc_svpwm.obj</file>
         <name>foc_svpwm.obj</name>
      </input_file>
      <input_file id="fl-10">
         <kind>object</kind>
         <file>&lt;internal&gt;</file>
         <name>&lt;internal&gt;</name>
      </input_file>
      <input_file id="fl-14">
         <path>C:\TI\C2000Ware_6_00_01_00\driverlib\f2837xd\driverlib\ccs\Debug\</path>
         <kind>archive</kind>
         <file>driverlib_eabi.lib</file>
         <name>adc.obj</name>
      </input_file>
      <input_file id="fl-15">
         <path>C:\TI\C2000Ware_6_00_01_00\driverlib\f2837xd\driverlib\ccs\Debug\</path>
         <kind>archive</kind>
         <file>driverlib_eabi.lib</file>
         <name>gpio.obj</name>
      </input_file>
      <input_file id="fl-16">
         <path>C:\TI\C2000Ware_6_00_01_00\driverlib\f2837xd\driverlib\ccs\Debug\</path>
         <kind>archive</kind>
         <file>driverlib_eabi.lib</file>
         <name>interrupt.obj</name>
      </input_file>
      <input_file id="fl-17">
         <path>C:\TI\C2000Ware_6_00_01_00\driverlib\f2837xd\driverlib\ccs\Debug\</path>
         <kind>archive</kind>
         <file>driverlib_eabi.lib</file>
         <name>sysctl.obj</name>
      </input_file>
      <input_file id="fl-23">
         <path>D:\TI\ccs\ccs\tools\compiler\ti-cgt-c2000_22.6.2.LTS\lib\</path>
         <kind>archive</kind>
         <file>rts2800_fpu32_eabi.lib</file>
         <name>e_fmodf.c.obj</name>
      </input_file>
      <input_file id="fl-24">
         <path>D:\TI\ccs\ccs\tools\compiler\ti-cgt-c2000_22.6.2.LTS\lib\</path>
         <kind>archive</kind>
         <file>rts2800_fpu32_eabi.lib</file>
         <name>e_sqrtf.c.obj</name>
      </input_file>
      <input_file id="fl-25">
         <path>D:\TI\ccs\ccs\tools\compiler\ti-cgt-c2000_22.6.2.LTS\lib\</path>
         <kind>archive</kind>
         <file>rts2800_fpu32_eabi.lib</file>
         <name>s_cosf.c.obj</name>
      </input_file>
      <input_file id="fl-26">
         <path>D:\TI\ccs\ccs\tools\compiler\ti-cgt-c2000_22.6.2.LTS\lib\</path>
         <kind>archive</kind>
         <file>rts2800_fpu32_eabi.lib</file>
         <name>s_sinf.c.obj</name>
      </input_file>
      <input_file id="fl-27">
         <path>D:\TI\ccs\ccs\tools\compiler\ti-cgt-c2000_22.6.2.LTS\lib\</path>
         <kind>archive</kind>
         <file>rts2800_fpu32_eabi.lib</file>
         <name>ti_fmax.c.obj</name>
      </input_file>
      <input_file id="fl-28">
         <path>D:\TI\ccs\ccs\tools\compiler\ti-cgt-c2000_22.6.2.LTS\lib\</path>
         <kind>archive</kind>
         <file>rts2800_fpu32_eabi.lib</file>
         <name>boot28.asm.obj</name>
      </input_file>
      <input_file id="fl-29">
         <path>D:\TI\ccs\ccs\tools\compiler\ti-cgt-c2000_22.6.2.LTS\lib\</path>
         <kind>archive</kind>
         <file>rts2800_fpu32_eabi.lib</file>
         <name>epilog28.asm.obj</name>
      </input_file>
      <input_file id="fl-2a">
         <path>D:\TI\ccs\ccs\tools\compiler\ti-cgt-c2000_22.6.2.LTS\lib\</path>
         <kind>archive</kind>
         <file>rts2800_fpu32_eabi.lib</file>
         <name>fd_cmp28.asm.obj</name>
      </input_file>
      <input_file id="fl-2b">
         <path>D:\TI\ccs\ccs\tools\compiler\ti-cgt-c2000_22.6.2.LTS\lib\</path>
         <kind>archive</kind>
         <file>rts2800_fpu32_eabi.lib</file>
         <name>fs_div28.asm.obj</name>
      </input_file>
      <input_file id="fl-2c">
         <path>D:\TI\ccs\ccs\tools\compiler\ti-cgt-c2000_22.6.2.LTS\lib\</path>
         <kind>archive</kind>
         <file>rts2800_fpu32_eabi.lib</file>
         <name>ll_cmp28.asm.obj</name>
      </input_file>
      <input_file id="fl-2d">
         <path>D:\TI\ccs\ccs\tools\compiler\ti-cgt-c2000_22.6.2.LTS\lib\</path>
         <kind>archive</kind>
         <file>rts2800_fpu32_eabi.lib</file>
         <name>prolog28.asm.obj</name>
      </input_file>
      <input_file id="fl-2e">
         <path>D:\TI\ccs\ccs\tools\compiler\ti-cgt-c2000_22.6.2.LTS\lib\</path>
         <kind>archive</kind>
         <file>rts2800_fpu32_eabi.lib</file>
         <name>pre_init.c.obj</name>
      </input_file>
      <input_file id="fl-2f">
         <path>D:\TI\ccs\ccs\tools\compiler\ti-cgt-c2000_22.6.2.LTS\lib\</path>
         <kind>archive</kind>
         <file>rts2800_fpu32_eabi.lib</file>
         <name>autoinit.c.obj</name>
      </input_file>
      <input_file id="fl-30">
         <path>D:\TI\ccs\ccs\tools\compiler\ti-cgt-c2000_22.6.2.LTS\lib\</path>
         <kind>archive</kind>
         <file>rts2800_fpu32_eabi.lib</file>
         <name>copy_zero_init.c.obj</name>
      </input_file>
      <input_file id="fl-31">
         <path>D:\TI\ccs\ccs\tools\compiler\ti-cgt-c2000_22.6.2.LTS\lib\</path>
         <kind>archive</kind>
         <file>rts2800_fpu32_eabi.lib</file>
         <name>copy_decompress_none.c.obj</name>
      </input_file>
      <input_file id="fl-32">
         <path>D:\TI\ccs\ccs\tools\compiler\ti-cgt-c2000_22.6.2.LTS\lib\</path>
         <kind>archive</kind>
         <file>rts2800_fpu32_eabi.lib</file>
         <name>copy_decompress_lzss.c.obj</name>
      </input_file>
      <input_file id="fl-33">
         <path>D:\TI\ccs\ccs\tools\compiler\ti-cgt-c2000_22.6.2.LTS\lib\</path>
         <kind>archive</kind>
         <file>rts2800_fpu32_eabi.lib</file>
         <name>exit.c.obj</name>
      </input_file>
      <input_file id="fl-34">
         <path>D:\TI\ccs\ccs\tools\compiler\ti-cgt-c2000_22.6.2.LTS\lib\</path>
         <kind>archive</kind>
         <file>rts2800_fpu32_eabi.lib</file>
         <name>_lock.c.obj</name>
      </input_file>
      <input_file id="fl-35">
         <path>D:\TI\ccs\ccs\tools\compiler\ti-cgt-c2000_22.6.2.LTS\lib\</path>
         <kind>archive</kind>
         <file>rts2800_fpu32_eabi.lib</file>
         <name>args_main.c.obj</name>
      </input_file>
      <input_file id="fl-36">
         <path>D:\TI\ccs\ccs\tools\compiler\ti-cgt-c2000_22.6.2.LTS\lib\</path>
         <kind>archive</kind>
         <file>rts2800_fpu32_eabi.lib</file>
         <name>memset.c.obj</name>
      </input_file>
      <input_file id="fl-37">
         <path>D:\TI\ccs\ccs\tools\compiler\ti-cgt-c2000_22.6.2.LTS\lib\</path>
         <kind>archive</kind>
         <file>rts2800_fpu32_eabi.lib</file>
         <name>errno.c.obj</name>
      </input_file>
      <input_file id="fl-38">
         <path>D:\TI\ccs\ccs\tools\compiler\ti-cgt-c2000_22.6.2.LTS\lib\</path>
         <kind>archive</kind>
         <file>rts2800_fpu32_eabi.lib</file>
         <name>cpy_tbl.c.obj</name>
      </input_file>
      <input_file id="fl-39">
         <path>D:\TI\ccs\ccs\tools\compiler\ti-cgt-c2000_22.6.2.LTS\lib\</path>
         <kind>archive</kind>
         <file>rts2800_fpu32_eabi.lib</file>
         <name>memcpy.c.obj</name>
      </input_file>
      <input_file id="fl-3a">
         <path>D:\TI\ccs\ccs\tools\compiler\ti-cgt-c2000_22.6.2.LTS\lib\</path>
         <kind>archive</kind>
         <file>rts2800_fpu32_eabi.lib</file>
         <name>startup.c.obj</name>
      </input_file>
   </input_file_list>
   <object_component_list>
      <object_component id="oc-31">
         <name>codestart</name>
         <load_address>0x0</load_address>
         <run_address>0x0</run_address>
         <size>0x2</size>
         <input_file_ref idref="fl-5"/>
      </object_component>
      <object_component id="oc-b5">
         <name>.text</name>
         <load_address>0x8000</load_address>
         <run_address>0x8000</run_address>
         <size>0x37d</size>
         <input_file_ref idref="fl-6"/>
      </object_component>
      <object_component id="oc-bb">
         <name>.text:SysCtl_setClock</name>
         <load_address>0x837d</load_address>
         <run_address>0x837d</run_address>
         <size>0x209</size>
         <input_file_ref idref="fl-17"/>
      </object_component>
      <object_component id="oc-a9">
         <name>.text</name>
         <load_address>0x8586</load_address>
         <run_address>0x8586</run_address>
         <size>0x1a8</size>
         <input_file_ref idref="fl-27"/>
      </object_component>
      <object_component id="oc-86">
         <name>.text</name>
         <load_address>0x872e</load_address>
         <run_address>0x872e</run_address>
         <size>0xcf</size>
         <input_file_ref idref="fl-23"/>
      </object_component>
      <object_component id="oc-19c">
         <name>.text</name>
         <load_address>0x87fd</load_address>
         <run_address>0x87fd</run_address>
         <size>0x2</size>
         <input_file_ref idref="fl-2e"/>
      </object_component>
      <object_component id="oc-29a">
         <name>.text</name>
         <load_address>0x87ff</load_address>
         <run_address>0x87ff</run_address>
         <size>0x1</size>
         <input_file_ref idref="fl-3a"/>
      </object_component>
      <object_component id="oc-80">
         <name>.text</name>
         <load_address>0x8800</load_address>
         <run_address>0x8800</run_address>
         <size>0x140</size>
         <input_file_ref idref="fl-9"/>
      </object_component>
      <object_component id="oc-8c">
         <name>.text</name>
         <load_address>0x8940</load_address>
         <run_address>0x8940</run_address>
         <size>0x100</size>
         <input_file_ref idref="fl-7"/>
      </object_component>
      <object_component id="oc-92">
         <name>.text</name>
         <load_address>0x8a40</load_address>
         <run_address>0x8a40</run_address>
         <size>0xfa</size>
         <input_file_ref idref="fl-8"/>
      </object_component>
      <object_component id="oc-206">
         <name>.text:SysCtl_selectXTAL</name>
         <load_address>0x8b3a</load_address>
         <run_address>0x8b3a</run_address>
         <size>0x90</size>
         <input_file_ref idref="fl-17"/>
      </object_component>
      <object_component id="oc-9d">
         <name>.text</name>
         <load_address>0x8bca</load_address>
         <run_address>0x8bca</run_address>
         <size>0x8f</size>
         <input_file_ref idref="fl-b"/>
      </object_component>
      <object_component id="oc-98">
         <name>.text</name>
         <load_address>0x8c59</load_address>
         <run_address>0x8c59</run_address>
         <size>0x88</size>
         <input_file_ref idref="fl-2b"/>
      </object_component>
      <object_component id="oc-1d1">
         <name>.text:ADC_setINLTrim</name>
         <load_address>0x8ce1</load_address>
         <run_address>0x8ce1</run_address>
         <size>0x6f</size>
         <input_file_ref idref="fl-14"/>
      </object_component>
      <object_component id="oc-158">
         <name>.text:SysCtl_getDeviceParametric</name>
         <load_address>0x8d50</load_address>
         <run_address>0x8d50</run_address>
         <size>0x68</size>
         <input_file_ref idref="fl-17"/>
      </object_component>
      <object_component id="oc-11f">
         <name>.text</name>
         <load_address>0x8db8</load_address>
         <run_address>0x8db8</run_address>
         <size>0x66</size>
         <input_file_ref idref="fl-26"/>
      </object_component>
      <object_component id="oc-119">
         <name>.text</name>
         <load_address>0x8e1e</load_address>
         <run_address>0x8e1e</run_address>
         <size>0x63</size>
         <input_file_ref idref="fl-25"/>
      </object_component>
      <object_component id="oc-1d7">
         <name>.text:ADC_setOffsetTrim</name>
         <load_address>0x8e81</load_address>
         <run_address>0x8e81</run_address>
         <size>0x60</size>
         <input_file_ref idref="fl-14"/>
      </object_component>
      <object_component id="oc-110">
         <name>.text:ADC_setPPBTripLimits</name>
         <load_address>0x8ee1</load_address>
         <run_address>0x8ee1</run_address>
         <size>0x5c</size>
         <input_file_ref idref="fl-14"/>
      </object_component>
      <object_component id="oc-3a">
         <name>.text</name>
         <load_address>0x8f3d</load_address>
         <run_address>0x8f3d</run_address>
         <size>0x53</size>
         <input_file_ref idref="fl-2"/>
      </object_component>
      <object_component id="oc-f4">
         <name>.text:GPIO_setPadConfig</name>
         <load_address>0x8f90</load_address>
         <run_address>0x8f90</run_address>
         <size>0x52</size>
         <input_file_ref idref="fl-15"/>
      </object_component>
      <object_component id="oc-4b">
         <name>.text:Interrupt_initVectorTable</name>
         <load_address>0x8fe2</load_address>
         <run_address>0x8fe2</run_address>
         <size>0x1e</size>
         <input_file_ref idref="fl-16"/>
      </object_component>
      <object_component id="oc-15e">
         <name>.text:SysCtl_getClock</name>
         <load_address>0x9000</load_address>
         <run_address>0x9000</run_address>
         <size>0x51</size>
         <input_file_ref idref="fl-17"/>
      </object_component>
      <object_component id="oc-17f">
         <name>.text:SysCtl_selectOscSource</name>
         <load_address>0x9051</load_address>
         <run_address>0x9051</run_address>
         <size>0x48</size>
         <input_file_ref idref="fl-17"/>
      </object_component>
      <object_component id="oc-c1">
         <name>.text:Interrupt_initModule</name>
         <load_address>0x9099</load_address>
         <run_address>0x9099</run_address>
         <size>0x3d</size>
         <input_file_ref idref="fl-16"/>
      </object_component>
      <object_component id="oc-16a">
         <name>.text:GPIO_setControllerCore</name>
         <load_address>0x90d6</load_address>
         <run_address>0x90d6</run_address>
         <size>0x37</size>
         <input_file_ref idref="fl-15"/>
      </object_component>
      <object_component id="oc-ee">
         <name>.text:GPIO_setPinConfig</name>
         <load_address>0x910d</load_address>
         <run_address>0x910d</run_address>
         <size>0x37</size>
         <input_file_ref idref="fl-15"/>
      </object_component>
      <object_component id="oc-170">
         <name>.text:GPIO_setQualificationMode</name>
         <load_address>0x9144</load_address>
         <run_address>0x9144</run_address>
         <size>0x37</size>
         <input_file_ref idref="fl-15"/>
      </object_component>
      <object_component id="oc-af">
         <name>.text:Interrupt_enable</name>
         <load_address>0x917b</load_address>
         <run_address>0x917b</run_address>
         <size>0x37</size>
         <input_file_ref idref="fl-16"/>
      </object_component>
      <object_component id="oc-fa">
         <name>.text:GPIO_setDirectionMode</name>
         <load_address>0x91b2</load_address>
         <run_address>0x91b2</run_address>
         <size>0x31</size>
         <input_file_ref idref="fl-15"/>
      </object_component>
      <object_component id="oc-24">
         <name>.text:decompress:lzss</name>
         <load_address>0x91e3</load_address>
         <run_address>0x91e3</run_address>
         <size>0x2e</size>
         <input_file_ref idref="fl-32"/>
      </object_component>
      <object_component id="oc-216">
         <name>.text:__TI_auto_init_nobinit_nopinit</name>
         <load_address>0x9211</load_address>
         <run_address>0x9211</run_address>
         <size>0x2b</size>
         <input_file_ref idref="fl-2f"/>
      </object_component>
      <object_component id="oc-141">
         <name>.text</name>
         <load_address>0x923c</load_address>
         <run_address>0x923c</run_address>
         <size>0x2a</size>
         <input_file_ref idref="fl-2a"/>
      </object_component>
      <object_component id="oc-1a9">
         <name>.text</name>
         <load_address>0x9266</load_address>
         <run_address>0x9266</run_address>
         <size>0x29</size>
         <input_file_ref idref="fl-33"/>
      </object_component>
      <object_component id="oc-278">
         <name>.text:CPUTimer_selectClockSource</name>
         <load_address>0x928f</load_address>
         <run_address>0x928f</run_address>
         <size>0x28</size>
         <input_file_ref idref="fl-17"/>
      </object_component>
      <object_component id="oc-125">
         <name>.text</name>
         <load_address>0x92b8</load_address>
         <run_address>0x92b8</run_address>
         <size>0x27</size>
         <input_file_ref idref="fl-24"/>
      </object_component>
      <object_component id="oc-2cf">
         <name>.text:CPUTimer_getTimerOverflowStatus</name>
         <load_address>0x92df</load_address>
         <run_address>0x92df</run_address>
         <size>0x1f</size>
         <input_file_ref idref="fl-17"/>
      </object_component>
      <object_component id="oc-13c">
         <name>.text</name>
         <load_address>0x92fe</load_address>
         <run_address>0x92fe</run_address>
         <size>0x1e</size>
         <input_file_ref idref="fl-2c"/>
      </object_component>
      <object_component id="oc-60">
         <name>.text</name>
         <load_address>0x931c</load_address>
         <run_address>0x931c</run_address>
         <size>0x1d</size>
         <input_file_ref idref="fl-39"/>
      </object_component>
      <object_component id="oc-1ca">
         <name>.text:ADC_isBaseValid</name>
         <load_address>0x9339</load_address>
         <run_address>0x9339</run_address>
         <size>0x1b</size>
         <input_file_ref idref="fl-14"/>
      </object_component>
      <object_component id="oc-284">
         <name>.text:CPUTimer_startTimer</name>
         <load_address>0x9354</load_address>
         <run_address>0x9354</run_address>
         <size>0x1a</size>
         <input_file_ref idref="fl-17"/>
      </object_component>
      <object_component id="oc-164">
         <name>.text:SysCtl_getLowSpeedClock</name>
         <load_address>0x936e</load_address>
         <run_address>0x936e</run_address>
         <size>0x1a</size>
         <input_file_ref idref="fl-17"/>
      </object_component>
      <object_component id="oc-12f">
         <name>.text</name>
         <load_address>0x9388</load_address>
         <run_address>0x9388</run_address>
         <size>0x19</size>
         <input_file_ref idref="fl-2d"/>
      </object_component>
      <object_component id="oc-2c3">
         <name>.text:CPUTimer_isBaseValid</name>
         <load_address>0x93a1</load_address>
         <run_address>0x93a1</run_address>
         <size>0x17</size>
         <input_file_ref idref="fl-17"/>
      </object_component>
      <object_component id="oc-e0">
         <name>.text</name>
         <load_address>0x93b8</load_address>
         <run_address>0x93b8</run_address>
         <size>0x17</size>
         <input_file_ref idref="fl-28"/>
      </object_component>
      <object_component id="oc-45">
         <name>.text:Interrupt_defaultHandler</name>
         <load_address>0x93cf</load_address>
         <run_address>0x93cf</run_address>
         <size>0x16</size>
         <input_file_ref idref="fl-16"/>
      </object_component>
      <object_component id="oc-26c">
         <name>.text:CPUTimer_stopTimer</name>
         <load_address>0x93e5</load_address>
         <run_address>0x93e5</run_address>
         <size>0x14</size>
         <input_file_ref idref="fl-17"/>
      </object_component>
      <object_component id="oc-27e">
         <name>.text:CPUTimer_clearOverflowFlag</name>
         <load_address>0x93f9</load_address>
         <run_address>0x93f9</run_address>
         <size>0x12</size>
         <input_file_ref idref="fl-17"/>
      </object_component>
      <object_component id="oc-266">
         <name>.text:CPUTimer_disableInterrupt</name>
         <load_address>0x940b</load_address>
         <run_address>0x940b</run_address>
         <size>0x12</size>
         <input_file_ref idref="fl-17"/>
      </object_component>
      <object_component id="oc-272">
         <name>.text:CPUTimer_setPeriod</name>
         <load_address>0x941d</load_address>
         <run_address>0x941d</run_address>
         <size>0x11</size>
         <input_file_ref idref="fl-17"/>
      </object_component>
      <object_component id="oc-28a">
         <name>.text:SysCtl_pollCpuTimer</name>
         <load_address>0x942e</load_address>
         <run_address>0x942e</run_address>
         <size>0xf</size>
         <input_file_ref idref="fl-17"/>
      </object_component>
      <object_component id="oc-1b7">
         <name>.text:GPIO_isPinValid</name>
         <load_address>0x943d</load_address>
         <run_address>0x943d</run_address>
         <size>0xe</size>
         <input_file_ref idref="fl-15"/>
      </object_component>
      <object_component id="oc-148">
         <name>.text:Interrupt_disableGlobal</name>
         <load_address>0x944b</load_address>
         <run_address>0x944b</run_address>
         <size>0xd</size>
         <input_file_ref idref="fl-16"/>
      </object_component>
      <object_component id="oc-14e">
         <name>.text:Interrupt_enableGlobal</name>
         <load_address>0x9458</load_address>
         <run_address>0x9458</run_address>
         <size>0xd</size>
         <input_file_ref idref="fl-16"/>
      </object_component>
      <object_component id="oc-68">
         <name>.text:decompress:ZI:__TI_zero_init_nomemset</name>
         <load_address>0x9465</load_address>
         <run_address>0x9465</run_address>
         <size>0xd</size>
         <input_file_ref idref="fl-30"/>
      </object_component>
      <object_component id="oc-1a3">
         <name>.text</name>
         <load_address>0x9472</load_address>
         <run_address>0x9472</run_address>
         <size>0xc</size>
         <input_file_ref idref="fl-35"/>
      </object_component>
      <object_component id="oc-135">
         <name>.text</name>
         <load_address>0x947e</load_address>
         <run_address>0x947e</run_address>
         <size>0xc</size>
         <input_file_ref idref="fl-29"/>
      </object_component>
      <object_component id="oc-179">
         <name>.text:SysCtl_isMCDClockFailureDetected</name>
         <load_address>0x948a</load_address>
         <run_address>0x948a</run_address>
         <size>0xb</size>
         <input_file_ref idref="fl-17"/>
      </object_component>
      <object_component id="oc-51">
         <name>.text:Interrupt_illegalOperationHandler</name>
         <load_address>0x9495</load_address>
         <run_address>0x9495</run_address>
         <size>0xa</size>
         <input_file_ref idref="fl-16"/>
      </object_component>
      <object_component id="oc-57">
         <name>.text:Interrupt_nmiHandler</name>
         <load_address>0x949f</load_address>
         <run_address>0x949f</run_address>
         <size>0xa</size>
         <input_file_ref idref="fl-16"/>
      </object_component>
      <object_component id="oc-185">
         <name>.text:SysCtl_serviceWatchdog</name>
         <load_address>0x94a9</load_address>
         <run_address>0x94a9</run_address>
         <size>0x9</size>
         <input_file_ref idref="fl-17"/>
      </object_component>
      <object_component id="oc-2b4">
         <name>.text</name>
         <load_address>0x94b2</load_address>
         <run_address>0x94b2</run_address>
         <size>0x9</size>
         <input_file_ref idref="fl-34"/>
      </object_component>
      <object_component id="oc-74">
         <name>.text</name>
         <load_address>0x94bb</load_address>
         <run_address>0x94bb</run_address>
         <size>0x8</size>
         <input_file_ref idref="fl-5"/>
      </object_component>
      <object_component id="oc-2a">
         <name>.text:decompress:none</name>
         <load_address>0x94c3</load_address>
         <run_address>0x94c3</run_address>
         <size>0x8</size>
         <input_file_ref idref="fl-31"/>
      </object_component>
      <object_component id="oc-290">
         <name>.text:SysCtl_resetMCD</name>
         <load_address>0x94cb</load_address>
         <run_address>0x94cb</run_address>
         <size>0x7</size>
         <input_file_ref idref="fl-17"/>
      </object_component>
      <object_component id="oc-39">
         <name>.text:retain</name>
         <load_address>0xb000</load_address>
         <run_address>0xb000</run_address>
         <size>0x552</size>
         <input_file_ref idref="fl-2"/>
      </object_component>
      <object_component id="oc-a3">
         <name>.text</name>
         <load_address>0xb552</load_address>
         <run_address>0xb552</run_address>
         <size>0x27f</size>
         <input_file_ref idref="fl-a"/>
      </object_component>
      <object_component id="oc-10a">
         <name>.text:ADC_setMode</name>
         <load_address>0xb7d1</load_address>
         <run_address>0xb7d1</run_address>
         <size>0x2f</size>
         <input_file_ref idref="fl-14"/>
      </object_component>
      <object_component id="oc-327">
         <name>.cinit..data.load</name>
         <load_address>0x128</load_address>
         <run_address>0x128</run_address>
         <size>0x25</size>
      </object_component>
      <object_component id="oc-324">
         <name>__TI_handler_table</name>
         <load_address>0x14e</load_address>
         <run_address>0x14e</run_address>
         <size>0x6</size>
      </object_component>
      <object_component id="oc-326">
         <name>.cinit..bss.load</name>
         <load_address>0x154</load_address>
         <run_address>0x154</run_address>
         <size>0x4</size>
      </object_component>
      <object_component id="oc-325">
         <name>__TI_cinit_table</name>
         <load_address>0x158</load_address>
         <run_address>0x158</run_address>
         <size>0x8</size>
      </object_component>
      <object_component id="oc-5d">
         <name>.stack</name>
         <uninitialized>true</uninitialized>
         <run_address>0x400</run_address>
         <size>0x0</size>
         <input_file_ref idref="fl-28"/>
      </object_component>
      <object_component id="oc-328">
         <name>.stack</name>
         <uninitialized>true</uninitialized>
         <run_address>0x400</run_address>
         <size>0x0</size>
      </object_component>
      <object_component id="oc-107">
         <name>.bss:adcResult</name>
         <uninitialized>true</uninitialized>
         <run_address>0xd000</run_address>
         <size>0x3</size>
         <input_file_ref idref="fl-7"/>
      </object_component>
      <object_component id="oc-178">
         <name>.const:.string</name>
         <load_address>0xc000</load_address>
         <run_address>0xc000</run_address>
         <size>0xc2</size>
         <input_file_ref idref="fl-17"/>
      </object_component>
      <object_component id="oc-1bd">
         <name>.const:.string</name>
         <load_address>0xc0c2</load_address>
         <run_address>0xc0c2</run_address>
         <size>0xbc</size>
         <input_file_ref idref="fl-15"/>
      </object_component>
      <object_component id="oc-1d0">
         <name>.const:.string</name>
         <load_address>0xc17e</load_address>
         <run_address>0xc17e</run_address>
         <size>0x5d</size>
         <input_file_ref idref="fl-14"/>
      </object_component>
      <object_component id="oc-134">
         <name>.const:.string</name>
         <load_address>0xc1dc</load_address>
         <run_address>0xc1dc</run_address>
         <size>0x3e</size>
         <input_file_ref idref="fl-a"/>
      </object_component>
      <object_component id="oc-102">
         <name>.const:Zero</name>
         <load_address>0xc21a</load_address>
         <run_address>0xc21a</run_address>
         <size>0x4</size>
         <input_file_ref idref="fl-23"/>
      </object_component>
      <object_component id="oc-7a">
         <name>.data</name>
         <load_address>0xc240</load_address>
         <run_address>0xc240</run_address>
         <size>0x70</size>
         <input_file_ref idref="fl-2"/>
      </object_component>
      <object_component id="oc-155">
         <name>.data</name>
         <load_address>0xc22a</load_address>
         <run_address>0xc22a</run_address>
         <size>0x6</size>
         <input_file_ref idref="fl-6"/>
      </object_component>
      <object_component id="oc-7d">
         <name>.data</name>
         <load_address>0xc2c0</load_address>
         <run_address>0xc2c0</run_address>
         <size>0x28</size>
         <input_file_ref idref="fl-8"/>
      </object_component>
      <object_component id="oc-eb">
         <name>.data</name>
         <load_address>0xc21e</load_address>
         <run_address>0xc21e</run_address>
         <size>0xc</size>
         <input_file_ref idref="fl-9"/>
      </object_component>
      <object_component id="oc-248">
         <name>.data</name>
         <load_address>0xc230</load_address>
         <run_address>0xc230</run_address>
         <size>0x6</size>
         <input_file_ref idref="fl-33"/>
      </object_component>
      <object_component id="oc-24b">
         <name>.data:_lock</name>
         <load_address>0xc236</load_address>
         <run_address>0xc236</run_address>
         <size>0x2</size>
         <input_file_ref idref="fl-34"/>
      </object_component>
      <object_component id="oc-2de">
         <name>.data:_unlock</name>
         <load_address>0xc238</load_address>
         <run_address>0xc238</run_address>
         <size>0x2</size>
         <input_file_ref idref="fl-34"/>
      </object_component>
      <object_component id="oc-1e7">
         <name>.data</name>
         <load_address>0xc23a</load_address>
         <run_address>0xc23a</run_address>
         <size>0x1</size>
         <input_file_ref idref="fl-37"/>
      </object_component>
      <object_component id="oc-116">
         <name>.TI.ramfunc</name>
         <load_address>0x123</load_address>
         <run_address>0x123</run_address>
         <size>0x4</size>
         <input_file_ref idref="fl-17"/>
      </object_component>
      <object_component id="oc-c8">
         <name>.debug_types</name>
         <load_address>0x0</load_address>
         <run_address>0x0</run_address>
         <size>0x98e</size>
         <input_file_ref idref="fl-2"/>
      </object_component>
      <object_component id="oc-177">
         <name>.debug_types</name>
         <load_address>0x98e</load_address>
         <run_address>0x98e</run_address>
         <size>0x109b</size>
         <input_file_ref idref="fl-6"/>
      </object_component>
      <object_component id="oc-118">
         <name>.debug_types</name>
         <load_address>0x1a29</load_address>
         <run_address>0x1a29</run_address>
         <size>0x10a2</size>
         <input_file_ref idref="fl-7"/>
      </object_component>
      <object_component id="oc-ea">
         <name>.debug_types</name>
         <load_address>0x2acb</load_address>
         <run_address>0x2acb</run_address>
         <size>0x5e</size>
         <input_file_ref idref="fl-8"/>
      </object_component>
      <object_component id="oc-101">
         <name>.debug_types</name>
         <load_address>0x2b29</load_address>
         <run_address>0x2b29</run_address>
         <size>0xf8</size>
         <input_file_ref idref="fl-9"/>
      </object_component>
      <object_component id="oc-13b">
         <name>.debug_types</name>
         <load_address>0x2c21</load_address>
         <run_address>0x2c21</run_address>
         <size>0xaeb</size>
         <input_file_ref idref="fl-a"/>
      </object_component>
      <object_component id="oc-12e">
         <name>.debug_types</name>
         <load_address>0x370c</load_address>
         <run_address>0x370c</run_address>
         <size>0x2f</size>
         <input_file_ref idref="fl-b"/>
      </object_component>
      <object_component id="oc-1de">
         <name>.debug_types</name>
         <load_address>0x0</load_address>
         <run_address>0x0</run_address>
         <size>0x0</size>
         <input_file_ref idref="fl-14"/>
      </object_component>
      <object_component id="oc-1b6">
         <name>.debug_types</name>
         <load_address>0x373b</load_address>
         <run_address>0x373b</run_address>
         <size>0x2c4</size>
         <input_file_ref idref="fl-15"/>
      </object_component>
      <object_component id="oc-cb">
         <name>.debug_types</name>
         <load_address>0x0</load_address>
         <run_address>0x0</run_address>
         <size>0x0</size>
         <input_file_ref idref="fl-16"/>
      </object_component>
      <object_component id="oc-18c">
         <name>.debug_types</name>
         <load_address>0x39ff</load_address>
         <run_address>0x39ff</run_address>
         <size>0x254</size>
         <input_file_ref idref="fl-17"/>
      </object_component>
      <object_component id="oc-106">
         <name>.debug_types</name>
         <load_address>0x3c53</load_address>
         <run_address>0x3c53</run_address>
         <size>0x32</size>
         <input_file_ref idref="fl-23"/>
      </object_component>
      <object_component id="oc-1eb">
         <name>.debug_types</name>
         <load_address>0x0</load_address>
         <run_address>0x0</run_address>
         <size>0x0</size>
         <input_file_ref idref="fl-24"/>
      </object_component>
      <object_component id="oc-1e4">
         <name>.debug_types</name>
         <load_address>0x0</load_address>
         <run_address>0x0</run_address>
         <size>0x0</size>
         <input_file_ref idref="fl-25"/>
      </object_component>
      <object_component id="oc-1e6">
         <name>.debug_types</name>
         <load_address>0x0</load_address>
         <run_address>0x0</run_address>
         <size>0x0</size>
         <input_file_ref idref="fl-26"/>
      </object_component>
      <object_component id="oc-147">
         <name>.debug_types</name>
         <load_address>0x0</load_address>
         <run_address>0x0</run_address>
         <size>0x0</size>
         <input_file_ref idref="fl-27"/>
      </object_component>
      <object_component id="oc-215">
         <name>.debug_types</name>
         <load_address>0x0</load_address>
         <run_address>0x0</run_address>
         <size>0x0</size>
         <input_file_ref idref="fl-2e"/>
      </object_component>
      <object_component id="oc-2a1">
         <name>.debug_types</name>
         <load_address>0x3c85</load_address>
         <run_address>0x3c85</run_address>
         <size>0x4e8</size>
         <input_file_ref idref="fl-2f"/>
      </object_component>
      <object_component id="oc-d8">
         <name>.debug_types</name>
         <load_address>0x416d</load_address>
         <run_address>0x416d</run_address>
         <size>0x1f3</size>
         <input_file_ref idref="fl-30"/>
      </object_component>
      <object_component id="oc-67">
         <name>.debug_types</name>
         <load_address>0x0</load_address>
         <run_address>0x0</run_address>
         <size>0x0</size>
         <input_file_ref idref="fl-31"/>
      </object_component>
      <object_component id="oc-5f">
         <name>.debug_types</name>
         <load_address>0x4360</load_address>
         <run_address>0x4360</run_address>
         <size>0x191</size>
         <input_file_ref idref="fl-32"/>
      </object_component>
      <object_component id="oc-24f">
         <name>.debug_types</name>
         <load_address>0x44f1</load_address>
         <run_address>0x44f1</run_address>
         <size>0xbf</size>
         <input_file_ref idref="fl-33"/>
      </object_component>
      <object_component id="oc-2bc">
         <name>.debug_types</name>
         <load_address>0x45b0</load_address>
         <run_address>0x45b0</run_address>
         <size>0x2f</size>
         <input_file_ref idref="fl-34"/>
      </object_component>
      <object_component id="oc-247">
         <name>.debug_types</name>
         <load_address>0x45df</load_address>
         <run_address>0x45df</run_address>
         <size>0xe1</size>
         <input_file_ref idref="fl-35"/>
      </object_component>
      <object_component id="oc-262">
         <name>.debug_types</name>
         <load_address>0x0</load_address>
         <run_address>0x0</run_address>
         <size>0x0</size>
         <input_file_ref idref="fl-37"/>
      </object_component>
      <object_component id="oc-d3">
         <name>.debug_types</name>
         <load_address>0x46c0</load_address>
         <run_address>0x46c0</run_address>
         <size>0xb8</size>
         <input_file_ref idref="fl-39"/>
      </object_component>
      <object_component id="oc-2d8">
         <name>.debug_types</name>
         <load_address>0x0</load_address>
         <run_address>0x0</run_address>
         <size>0x0</size>
         <input_file_ref idref="fl-3a"/>
      </object_component>
      <object_component id="oc-7b">
         <name>.debug_info</name>
         <load_address>0x0</load_address>
         <run_address>0x0</run_address>
         <size>0xa24</size>
         <input_file_ref idref="fl-2"/>
      </object_component>
      <object_component id="oc-3b">
         <name>.debug_info</name>
         <load_address>0xa24</load_address>
         <run_address>0xa24</run_address>
         <size>0x2ca</size>
         <input_file_ref idref="fl-2"/>
      </object_component>
      <object_component id="oc-40">
         <name>.debug_info</name>
         <load_address>0xcee</load_address>
         <run_address>0xcee</run_address>
         <size>0x8d5</size>
         <input_file_ref idref="fl-2"/>
      </object_component>
      <object_component id="oc-33">
         <name>.debug_info</name>
         <load_address>0x15c3</load_address>
         <run_address>0x15c3</run_address>
         <size>0x110</size>
         <input_file_ref idref="fl-5"/>
      </object_component>
      <object_component id="oc-75">
         <name>.debug_info</name>
         <load_address>0x16d3</load_address>
         <run_address>0x16d3</run_address>
         <size>0x111</size>
         <input_file_ref idref="fl-5"/>
      </object_component>
      <object_component id="oc-156">
         <name>.debug_info</name>
         <load_address>0x17e4</load_address>
         <run_address>0x17e4</run_address>
         <size>0x15b</size>
         <input_file_ref idref="fl-6"/>
      </object_component>
      <object_component id="oc-b8">
         <name>.debug_info</name>
         <load_address>0x193f</load_address>
         <run_address>0x193f</run_address>
         <size>0x1533</size>
         <input_file_ref idref="fl-6"/>
      </object_component>
      <object_component id="oc-108">
         <name>.debug_info</name>
         <load_address>0x2e72</load_address>
         <run_address>0x2e72</run_address>
         <size>0xef</size>
         <input_file_ref idref="fl-7"/>
      </object_component>
      <object_component id="oc-8d">
         <name>.debug_info</name>
         <load_address>0x2f61</load_address>
         <run_address>0x2f61</run_address>
         <size>0x207</size>
         <input_file_ref idref="fl-7"/>
      </object_component>
      <object_component id="oc-7e">
         <name>.debug_info</name>
         <load_address>0x3168</load_address>
         <run_address>0x3168</run_address>
         <size>0x43a</size>
         <input_file_ref idref="fl-8"/>
      </object_component>
      <object_component id="oc-95">
         <name>.debug_info</name>
         <load_address>0x35a2</load_address>
         <run_address>0x35a2</run_address>
         <size>0x5d4</size>
         <input_file_ref idref="fl-8"/>
      </object_component>
      <object_component id="oc-ec">
         <name>.debug_info</name>
         <load_address>0x3b76</load_address>
         <run_address>0x3b76</run_address>
         <size>0x21b</size>
         <input_file_ref idref="fl-9"/>
      </object_component>
      <object_component id="oc-81">
         <name>.debug_info</name>
         <load_address>0x3d91</load_address>
         <run_address>0x3d91</run_address>
         <size>0x448</size>
         <input_file_ref idref="fl-9"/>
      </object_component>
      <object_component id="oc-a5">
         <name>.debug_info</name>
         <load_address>0x41d9</load_address>
         <run_address>0x41d9</run_address>
         <size>0x91e</size>
         <input_file_ref idref="fl-a"/>
      </object_component>
      <object_component id="oc-a0">
         <name>.debug_info</name>
         <load_address>0x4af7</load_address>
         <run_address>0x4af7</run_address>
         <size>0x211</size>
         <input_file_ref idref="fl-b"/>
      </object_component>
      <object_component id="oc-1cb">
         <name>.debug_info</name>
         <load_address>0x4d08</load_address>
         <run_address>0x4d08</run_address>
         <size>0x207</size>
         <input_file_ref idref="fl-14"/>
      </object_component>
      <object_component id="oc-10d">
         <name>.debug_info</name>
         <load_address>0x4f0f</load_address>
         <run_address>0x4f0f</run_address>
         <size>0x2bc</size>
         <input_file_ref idref="fl-14"/>
      </object_component>
      <object_component id="oc-1d5">
         <name>.debug_info</name>
         <load_address>0x51cb</load_address>
         <run_address>0x51cb</run_address>
         <size>0x24a</size>
         <input_file_ref idref="fl-14"/>
      </object_component>
      <object_component id="oc-1d8">
         <name>.debug_info</name>
         <load_address>0x5415</load_address>
         <run_address>0x5415</run_address>
         <size>0x288</size>
         <input_file_ref idref="fl-14"/>
      </object_component>
      <object_component id="oc-114">
         <name>.debug_info</name>
         <load_address>0x569d</load_address>
         <run_address>0x569d</run_address>
         <size>0x2d6</size>
         <input_file_ref idref="fl-14"/>
      </object_component>
      <object_component id="oc-1bb">
         <name>.debug_info</name>
         <load_address>0x5973</load_address>
         <run_address>0x5973</run_address>
         <size>0x205</size>
         <input_file_ref idref="fl-15"/>
      </object_component>
      <object_component id="oc-fb">
         <name>.debug_info</name>
         <load_address>0x5b78</load_address>
         <run_address>0x5b78</run_address>
         <size>0x27d</size>
         <input_file_ref idref="fl-15"/>
      </object_component>
      <object_component id="oc-f6">
         <name>.debug_info</name>
         <load_address>0x5df5</load_address>
         <run_address>0x5df5</run_address>
         <size>0x266</size>
         <input_file_ref idref="fl-15"/>
      </object_component>
      <object_component id="oc-173">
         <name>.debug_info</name>
         <load_address>0x605b</load_address>
         <run_address>0x605b</run_address>
         <size>0x2ae</size>
         <input_file_ref idref="fl-15"/>
      </object_component>
      <object_component id="oc-16b">
         <name>.debug_info</name>
         <load_address>0x6309</load_address>
         <run_address>0x6309</run_address>
         <size>0x296</size>
         <input_file_ref idref="fl-15"/>
      </object_component>
      <object_component id="oc-f0">
         <name>.debug_info</name>
         <load_address>0x659f</load_address>
         <run_address>0x659f</run_address>
         <size>0x24f</size>
         <input_file_ref idref="fl-15"/>
      </object_component>
      <object_component id="oc-152">
         <name>.debug_info</name>
         <load_address>0x67ee</load_address>
         <run_address>0x67ee</run_address>
         <size>0x1fe</size>
         <input_file_ref idref="fl-16"/>
      </object_component>
      <object_component id="oc-149">
         <name>.debug_info</name>
         <load_address>0x69ec</load_address>
         <run_address>0x69ec</run_address>
         <size>0x200</size>
         <input_file_ref idref="fl-16"/>
      </object_component>
      <object_component id="oc-c5">
         <name>.debug_info</name>
         <load_address>0x6bec</load_address>
         <run_address>0x6bec</run_address>
         <size>0x20f</size>
         <input_file_ref idref="fl-16"/>
      </object_component>
      <object_component id="oc-47">
         <name>.debug_info</name>
         <load_address>0x6dfb</load_address>
         <run_address>0x6dfb</run_address>
         <size>0x21c</size>
         <input_file_ref idref="fl-16"/>
      </object_component>
      <object_component id="oc-55">
         <name>.debug_info</name>
         <load_address>0x7017</load_address>
         <run_address>0x7017</run_address>
         <size>0x202</size>
         <input_file_ref idref="fl-16"/>
      </object_component>
      <object_component id="oc-5a">
         <name>.debug_info</name>
         <load_address>0x7219</load_address>
         <run_address>0x7219</run_address>
         <size>0x1e8</size>
         <input_file_ref idref="fl-16"/>
      </object_component>
      <object_component id="oc-4f">
         <name>.debug_info</name>
         <load_address>0x7401</load_address>
         <run_address>0x7401</run_address>
         <size>0x20c</size>
         <input_file_ref idref="fl-16"/>
      </object_component>
      <object_component id="oc-b2">
         <name>.debug_info</name>
         <load_address>0x760d</load_address>
         <run_address>0x760d</run_address>
         <size>0x2b3</size>
         <input_file_ref idref="fl-16"/>
      </object_component>
      <object_component id="oc-186">
         <name>.debug_info</name>
         <load_address>0x78c0</load_address>
         <run_address>0x78c0</run_address>
         <size>0x1f2</size>
         <input_file_ref idref="fl-17"/>
      </object_component>
      <object_component id="oc-17a">
         <name>.debug_info</name>
         <load_address>0x7ab2</load_address>
         <run_address>0x7ab2</run_address>
         <size>0x20e</size>
         <input_file_ref idref="fl-17"/>
      </object_component>
      <object_component id="oc-291">
         <name>.debug_info</name>
         <load_address>0x7cc0</load_address>
         <run_address>0x7cc0</run_address>
         <size>0x1e4</size>
         <input_file_ref idref="fl-17"/>
      </object_component>
      <object_component id="oc-2c5">
         <name>.debug_info</name>
         <load_address>0x7ea4</load_address>
         <run_address>0x7ea4</run_address>
         <size>0x217</size>
         <input_file_ref idref="fl-17"/>
      </object_component>
      <object_component id="oc-280">
         <name>.debug_info</name>
         <load_address>0x80bb</load_address>
         <run_address>0x80bb</run_address>
         <size>0x244</size>
         <input_file_ref idref="fl-17"/>
      </object_component>
      <object_component id="oc-267">
         <name>.debug_info</name>
         <load_address>0x82ff</load_address>
         <run_address>0x82ff</run_address>
         <size>0x242</size>
         <input_file_ref idref="fl-17"/>
      </object_component>
      <object_component id="oc-26d">
         <name>.debug_info</name>
         <load_address>0x8541</load_address>
         <run_address>0x8541</run_address>
         <size>0x24a</size>
         <input_file_ref idref="fl-17"/>
      </object_component>
      <object_component id="oc-285">
         <name>.debug_info</name>
         <load_address>0x878b</load_address>
         <run_address>0x878b</run_address>
         <size>0x24d</size>
         <input_file_ref idref="fl-17"/>
      </object_component>
      <object_component id="oc-274">
         <name>.debug_info</name>
         <load_address>0x89d8</load_address>
         <run_address>0x89d8</run_address>
         <size>0x24e</size>
         <input_file_ref idref="fl-17"/>
      </object_component>
      <object_component id="oc-2d1">
         <name>.debug_info</name>
         <load_address>0x8c26</load_address>
         <run_address>0x8c26</run_address>
         <size>0x258</size>
         <input_file_ref idref="fl-17"/>
      </object_component>
      <object_component id="oc-27a">
         <name>.debug_info</name>
         <load_address>0x8e7e</load_address>
         <run_address>0x8e7e</run_address>
         <size>0x27c</size>
         <input_file_ref idref="fl-17"/>
      </object_component>
      <object_component id="oc-28c">
         <name>.debug_info</name>
         <load_address>0x90fa</load_address>
         <run_address>0x90fa</run_address>
         <size>0x241</size>
         <input_file_ref idref="fl-17"/>
      </object_component>
      <object_component id="oc-15f">
         <name>.debug_info</name>
         <load_address>0x933b</load_address>
         <run_address>0x933b</run_address>
         <size>0x277</size>
         <input_file_ref idref="fl-17"/>
      </object_component>
      <object_component id="oc-bc">
         <name>.debug_info</name>
         <load_address>0x95b2</load_address>
         <run_address>0x95b2</run_address>
         <size>0x519</size>
         <input_file_ref idref="fl-17"/>
      </object_component>
      <object_component id="oc-207">
         <name>.debug_info</name>
         <load_address>0x9acb</load_address>
         <run_address>0x9acb</run_address>
         <size>0x3ba</size>
         <input_file_ref idref="fl-17"/>
      </object_component>
      <object_component id="oc-181">
         <name>.debug_info</name>
         <load_address>0x9e85</load_address>
         <run_address>0x9e85</run_address>
         <size>0x243</size>
         <input_file_ref idref="fl-17"/>
      </object_component>
      <object_component id="oc-165">
         <name>.debug_info</name>
         <load_address>0xa0c8</load_address>
         <run_address>0xa0c8</run_address>
         <size>0x251</size>
         <input_file_ref idref="fl-17"/>
      </object_component>
      <object_component id="oc-15a">
         <name>.debug_info</name>
         <load_address>0xa319</load_address>
         <run_address>0xa319</run_address>
         <size>0x241</size>
         <input_file_ref idref="fl-17"/>
      </object_component>
      <object_component id="oc-103">
         <name>.debug_info</name>
         <load_address>0xa55a</load_address>
         <run_address>0xa55a</run_address>
         <size>0xf6</size>
         <input_file_ref idref="fl-23"/>
      </object_component>
      <object_component id="oc-8a">
         <name>.debug_info</name>
         <load_address>0xa650</load_address>
         <run_address>0xa650</run_address>
         <size>0x1f6</size>
         <input_file_ref idref="fl-23"/>
      </object_component>
      <object_component id="oc-126">
         <name>.debug_info</name>
         <load_address>0xa846</load_address>
         <run_address>0xa846</run_address>
         <size>0x14f</size>
         <input_file_ref idref="fl-24"/>
      </object_component>
      <object_component id="oc-11b">
         <name>.debug_info</name>
         <load_address>0xa995</load_address>
         <run_address>0xa995</run_address>
         <size>0x15e</size>
         <input_file_ref idref="fl-25"/>
      </object_component>
      <object_component id="oc-120">
         <name>.debug_info</name>
         <load_address>0xaaf3</load_address>
         <run_address>0xaaf3</run_address>
         <size>0x16e</size>
         <input_file_ref idref="fl-26"/>
      </object_component>
      <object_component id="oc-ad">
         <name>.debug_info</name>
         <load_address>0xac61</load_address>
         <run_address>0xac61</run_address>
         <size>0x404</size>
         <input_file_ref idref="fl-27"/>
      </object_component>
      <object_component id="oc-e1">
         <name>.debug_info</name>
         <load_address>0xb065</load_address>
         <run_address>0xb065</run_address>
         <size>0x147</size>
         <input_file_ref idref="fl-28"/>
      </object_component>
      <object_component id="oc-138">
         <name>.debug_info</name>
         <load_address>0xb1ac</load_address>
         <run_address>0xb1ac</run_address>
         <size>0x153</size>
         <input_file_ref idref="fl-29"/>
      </object_component>
      <object_component id="oc-142">
         <name>.debug_info</name>
         <load_address>0xb2ff</load_address>
         <run_address>0xb2ff</run_address>
         <size>0x120</size>
         <input_file_ref idref="fl-2a"/>
      </object_component>
      <object_component id="oc-99">
         <name>.debug_info</name>
         <load_address>0xb41f</load_address>
         <run_address>0xb41f</run_address>
         <size>0x116</size>
         <input_file_ref idref="fl-2b"/>
      </object_component>
      <object_component id="oc-13f">
         <name>.debug_info</name>
         <load_address>0xb535</load_address>
         <run_address>0xb535</run_address>
         <size>0x15e</size>
         <input_file_ref idref="fl-2c"/>
      </object_component>
      <object_component id="oc-130">
         <name>.debug_info</name>
         <load_address>0xb693</load_address>
         <run_address>0xb693</run_address>
         <size>0x190</size>
         <input_file_ref idref="fl-2d"/>
      </object_component>
      <object_component id="oc-19e">
         <name>.debug_info</name>
         <load_address>0xb823</load_address>
         <run_address>0xb823</run_address>
         <size>0x13c</size>
         <input_file_ref idref="fl-2e"/>
      </object_component>
      <object_component id="oc-21a">
         <name>.debug_info</name>
         <load_address>0xb95f</load_address>
         <run_address>0xb95f</run_address>
         <size>0x1ae</size>
         <input_file_ref idref="fl-2f"/>
      </object_component>
      <object_component id="oc-6a">
         <name>.debug_info</name>
         <load_address>0xbb0d</load_address>
         <run_address>0xbb0d</run_address>
         <size>0x1a5</size>
         <input_file_ref idref="fl-30"/>
      </object_component>
      <object_component id="oc-2d">
         <name>.debug_info</name>
         <load_address>0xbcb2</load_address>
         <run_address>0xbcb2</run_address>
         <size>0x1a6</size>
         <input_file_ref idref="fl-31"/>
      </object_component>
      <object_component id="oc-25">
         <name>.debug_info</name>
         <load_address>0xbe58</load_address>
         <run_address>0xbe58</run_address>
         <size>0x1fb</size>
         <input_file_ref idref="fl-32"/>
      </object_component>
      <object_component id="oc-249">
         <name>.debug_info</name>
         <load_address>0xc053</load_address>
         <run_address>0xc053</run_address>
         <size>0x18d</size>
         <input_file_ref idref="fl-33"/>
      </object_component>
      <object_component id="oc-1ac">
         <name>.debug_info</name>
         <load_address>0xc1e0</load_address>
         <run_address>0xc1e0</run_address>
         <size>0x198</size>
         <input_file_ref idref="fl-33"/>
      </object_component>
      <object_component id="oc-24c">
         <name>.debug_info</name>
         <load_address>0xc378</load_address>
         <run_address>0xc378</run_address>
         <size>0xf6</size>
         <input_file_ref idref="fl-34"/>
      </object_component>
      <object_component id="oc-2df">
         <name>.debug_info</name>
         <load_address>0xc46e</load_address>
         <run_address>0xc46e</run_address>
         <size>0xfa</size>
         <input_file_ref idref="fl-34"/>
      </object_component>
      <object_component id="oc-2b5">
         <name>.debug_info</name>
         <load_address>0xc568</load_address>
         <run_address>0xc568</run_address>
         <size>0x1f2</size>
         <input_file_ref idref="fl-34"/>
      </object_component>
      <object_component id="oc-1a5">
         <name>.debug_info</name>
         <load_address>0xc75a</load_address>
         <run_address>0xc75a</run_address>
         <size>0x14c</size>
         <input_file_ref idref="fl-35"/>
      </object_component>
      <object_component id="oc-1e8">
         <name>.debug_info</name>
         <load_address>0xc8a6</load_address>
         <run_address>0xc8a6</run_address>
         <size>0xf5</size>
         <input_file_ref idref="fl-37"/>
      </object_component>
      <object_component id="oc-63">
         <name>.debug_info</name>
         <load_address>0xc99b</load_address>
         <run_address>0xc99b</run_address>
         <size>0x18a</size>
         <input_file_ref idref="fl-39"/>
      </object_component>
      <object_component id="oc-29b">
         <name>.debug_info</name>
         <load_address>0xcb25</load_address>
         <run_address>0xcb25</run_address>
         <size>0x136</size>
         <input_file_ref idref="fl-3a"/>
      </object_component>
      <object_component id="oc-32d">
         <name>.debug_info</name>
         <load_address>0xcc5b</load_address>
         <run_address>0xcc5b</run_address>
         <size>0xb0</size>
      </object_component>
      <object_component id="oc-e7">
         <name>.debug_line</name>
         <load_address>0x0</load_address>
         <run_address>0x0</run_address>
         <size>0x38</size>
         <input_file_ref idref="fl-2"/>
      </object_component>
      <object_component id="oc-3e">
         <name>.debug_line</name>
         <load_address>0x38</load_address>
         <run_address>0x38</run_address>
         <size>0xf5</size>
         <input_file_ref idref="fl-2"/>
      </object_component>
      <object_component id="oc-44">
         <name>.debug_line</name>
         <load_address>0x12d</load_address>
         <run_address>0x12d</run_address>
         <size>0x4da</size>
         <input_file_ref idref="fl-2"/>
      </object_component>
      <object_component id="oc-18f">
         <name>.debug_line</name>
         <load_address>0x607</load_address>
         <run_address>0x607</run_address>
         <size>0x246</size>
         <input_file_ref idref="fl-2"/>
      </object_component>
      <object_component id="oc-32">
         <name>.debug_line</name>
         <load_address>0x84d</load_address>
         <run_address>0x84d</run_address>
         <size>0x55</size>
         <input_file_ref idref="fl-5"/>
      </object_component>
      <object_component id="oc-78">
         <name>.debug_line</name>
         <load_address>0x8a2</load_address>
         <run_address>0x8a2</run_address>
         <size>0x5d</size>
         <input_file_ref idref="fl-5"/>
      </object_component>
      <object_component id="oc-1fc">
         <name>.debug_line</name>
         <load_address>0x8ff</load_address>
         <run_address>0x8ff</run_address>
         <size>0x37</size>
         <input_file_ref idref="fl-6"/>
      </object_component>
      <object_component id="oc-ba">
         <name>.debug_line</name>
         <load_address>0x936</load_address>
         <run_address>0x936</run_address>
         <size>0x4c4</size>
         <input_file_ref idref="fl-6"/>
      </object_component>
      <object_component id="oc-203">
         <name>.debug_line</name>
         <load_address>0xdfa</load_address>
         <run_address>0xdfa</run_address>
         <size>0xa5</size>
         <input_file_ref idref="fl-6"/>
      </object_component>
      <object_component id="oc-1c9">
         <name>.debug_line</name>
         <load_address>0xe9f</load_address>
         <run_address>0xe9f</run_address>
         <size>0x37</size>
         <input_file_ref idref="fl-7"/>
      </object_component>
      <object_component id="oc-91">
         <name>.debug_line</name>
         <load_address>0xed6</load_address>
         <run_address>0xed6</run_address>
         <size>0x1c8</size>
         <input_file_ref idref="fl-7"/>
      </object_component>
      <object_component id="oc-1e1">
         <name>.debug_line</name>
         <load_address>0x109e</load_address>
         <run_address>0x109e</run_address>
         <size>0xa3</size>
         <input_file_ref idref="fl-7"/>
      </object_component>
      <object_component id="oc-e9">
         <name>.debug_line</name>
         <load_address>0x1141</load_address>
         <run_address>0x1141</run_address>
         <size>0x38</size>
         <input_file_ref idref="fl-8"/>
      </object_component>
      <object_component id="oc-93">
         <name>.debug_line</name>
         <load_address>0x1179</load_address>
         <run_address>0x1179</run_address>
         <size>0xf4</size>
         <input_file_ref idref="fl-8"/>
      </object_component>
      <object_component id="oc-1b1">
         <name>.debug_line</name>
         <load_address>0x126d</load_address>
         <run_address>0x126d</run_address>
         <size>0x21</size>
         <input_file_ref idref="fl-8"/>
      </object_component>
      <object_component id="oc-1b4">
         <name>.debug_line</name>
         <load_address>0x128e</load_address>
         <run_address>0x128e</run_address>
         <size>0x3b</size>
         <input_file_ref idref="fl-9"/>
      </object_component>
      <object_component id="oc-84">
         <name>.debug_line</name>
         <load_address>0x12c9</load_address>
         <run_address>0x12c9</run_address>
         <size>0x1e1</size>
         <input_file_ref idref="fl-9"/>
      </object_component>
      <object_component id="oc-1c1">
         <name>.debug_line</name>
         <load_address>0x14aa</load_address>
         <run_address>0x14aa</run_address>
         <size>0x15e</size>
         <input_file_ref idref="fl-9"/>
      </object_component>
      <object_component id="oc-a4">
         <name>.debug_line</name>
         <load_address>0x1608</load_address>
         <run_address>0x1608</run_address>
         <size>0x26d</size>
         <input_file_ref idref="fl-a"/>
      </object_component>
      <object_component id="oc-1f2">
         <name>.debug_line</name>
         <load_address>0x1875</load_address>
         <run_address>0x1875</run_address>
         <size>0x186</size>
         <input_file_ref idref="fl-a"/>
      </object_component>
      <object_component id="oc-9f">
         <name>.debug_line</name>
         <load_address>0x19fb</load_address>
         <run_address>0x19fb</run_address>
         <size>0xec</size>
         <input_file_ref idref="fl-b"/>
      </object_component>
      <object_component id="oc-1ed">
         <name>.debug_line</name>
         <load_address>0x1ae7</load_address>
         <run_address>0x1ae7</run_address>
         <size>0x99</size>
         <input_file_ref idref="fl-b"/>
      </object_component>
      <object_component id="oc-1cf">
         <name>.debug_line</name>
         <load_address>0x1b80</load_address>
         <run_address>0x1b80</run_address>
         <size>0x97</size>
         <input_file_ref idref="fl-14"/>
      </object_component>
      <object_component id="oc-10b">
         <name>.debug_line</name>
         <load_address>0x1c17</load_address>
         <run_address>0x1c17</run_address>
         <size>0xa3</size>
         <input_file_ref idref="fl-14"/>
      </object_component>
      <object_component id="oc-1d2">
         <name>.debug_line</name>
         <load_address>0x1cba</load_address>
         <run_address>0x1cba</run_address>
         <size>0xe2</size>
         <input_file_ref idref="fl-14"/>
      </object_component>
      <object_component id="oc-1dc">
         <name>.debug_line</name>
         <load_address>0x1d9c</load_address>
         <run_address>0x1d9c</run_address>
         <size>0xc3</size>
         <input_file_ref idref="fl-14"/>
      </object_component>
      <object_component id="oc-111">
         <name>.debug_line</name>
         <load_address>0x1e5f</load_address>
         <run_address>0x1e5f</run_address>
         <size>0x9f</size>
         <input_file_ref idref="fl-14"/>
      </object_component>
      <object_component id="oc-258">
         <name>.debug_line</name>
         <load_address>0x1efe</load_address>
         <run_address>0x1efe</run_address>
         <size>0xe3</size>
         <input_file_ref idref="fl-14"/>
      </object_component>
      <object_component id="oc-1b8">
         <name>.debug_line</name>
         <load_address>0x1fe1</load_address>
         <run_address>0x1fe1</run_address>
         <size>0x98</size>
         <input_file_ref idref="fl-15"/>
      </object_component>
      <object_component id="oc-ff">
         <name>.debug_line</name>
         <load_address>0x2079</load_address>
         <run_address>0x2079</run_address>
         <size>0xa2</size>
         <input_file_ref idref="fl-15"/>
      </object_component>
      <object_component id="oc-f9">
         <name>.debug_line</name>
         <load_address>0x211b</load_address>
         <run_address>0x211b</run_address>
         <size>0xb1</size>
         <input_file_ref idref="fl-15"/>
      </object_component>
      <object_component id="oc-171">
         <name>.debug_line</name>
         <load_address>0x21cc</load_address>
         <run_address>0x21cc</run_address>
         <size>0x9f</size>
         <input_file_ref idref="fl-15"/>
      </object_component>
      <object_component id="oc-16e">
         <name>.debug_line</name>
         <load_address>0x226b</load_address>
         <run_address>0x226b</run_address>
         <size>0x9f</size>
         <input_file_ref idref="fl-15"/>
      </object_component>
      <object_component id="oc-f3">
         <name>.debug_line</name>
         <load_address>0x230a</load_address>
         <run_address>0x230a</run_address>
         <size>0x9f</size>
         <input_file_ref idref="fl-15"/>
      </object_component>
      <object_component id="oc-251">
         <name>.debug_line</name>
         <load_address>0x23a9</load_address>
         <run_address>0x23a9</run_address>
         <size>0xe4</size>
         <input_file_ref idref="fl-15"/>
      </object_component>
      <object_component id="oc-14f">
         <name>.debug_line</name>
         <load_address>0x248d</load_address>
         <run_address>0x248d</run_address>
         <size>0x9d</size>
         <input_file_ref idref="fl-16"/>
      </object_component>
      <object_component id="oc-14c">
         <name>.debug_line</name>
         <load_address>0x252a</load_address>
         <run_address>0x252a</run_address>
         <size>0x9d</size>
         <input_file_ref idref="fl-16"/>
      </object_component>
      <object_component id="oc-c4">
         <name>.debug_line</name>
         <load_address>0x25c7</load_address>
         <run_address>0x25c7</run_address>
         <size>0xb8</size>
         <input_file_ref idref="fl-16"/>
      </object_component>
      <object_component id="oc-49">
         <name>.debug_line</name>
         <load_address>0x267f</load_address>
         <run_address>0x267f</run_address>
         <size>0xa3</size>
         <input_file_ref idref="fl-16"/>
      </object_component>
      <object_component id="oc-53">
         <name>.debug_line</name>
         <load_address>0x2722</load_address>
         <run_address>0x2722</run_address>
         <size>0x9b</size>
         <input_file_ref idref="fl-16"/>
      </object_component>
      <object_component id="oc-5c">
         <name>.debug_line</name>
         <load_address>0x27bd</load_address>
         <run_address>0x27bd</run_address>
         <size>0x9b</size>
         <input_file_ref idref="fl-16"/>
      </object_component>
      <object_component id="oc-4d">
         <name>.debug_line</name>
         <load_address>0x2858</load_address>
         <run_address>0x2858</run_address>
         <size>0xb1</size>
         <input_file_ref idref="fl-16"/>
      </object_component>
      <object_component id="oc-b4">
         <name>.debug_line</name>
         <load_address>0x2909</load_address>
         <run_address>0x2909</run_address>
         <size>0xb1</size>
         <input_file_ref idref="fl-16"/>
      </object_component>
      <object_component id="oc-192">
         <name>.debug_line</name>
         <load_address>0x29ba</load_address>
         <run_address>0x29ba</run_address>
         <size>0x21</size>
         <input_file_ref idref="fl-16"/>
      </object_component>
      <object_component id="oc-18a">
         <name>.debug_line</name>
         <load_address>0x29db</load_address>
         <run_address>0x29db</run_address>
         <size>0x9d</size>
         <input_file_ref idref="fl-17"/>
      </object_component>
      <object_component id="oc-17e">
         <name>.debug_line</name>
         <load_address>0x2a78</load_address>
         <run_address>0x2a78</run_address>
         <size>0x9a</size>
         <input_file_ref idref="fl-17"/>
      </object_component>
      <object_component id="oc-294">
         <name>.debug_line</name>
         <load_address>0x2b12</load_address>
         <run_address>0x2b12</run_address>
         <size>0x9c</size>
         <input_file_ref idref="fl-17"/>
      </object_component>
      <object_component id="oc-2c4">
         <name>.debug_line</name>
         <load_address>0x2bae</load_address>
         <run_address>0x2bae</run_address>
         <size>0x9c</size>
         <input_file_ref idref="fl-17"/>
      </object_component>
      <object_component id="oc-27f">
         <name>.debug_line</name>
         <load_address>0x2c4a</load_address>
         <run_address>0x2c4a</run_address>
         <size>0x9d</size>
         <input_file_ref idref="fl-17"/>
      </object_component>
      <object_component id="oc-26a">
         <name>.debug_line</name>
         <load_address>0x2ce7</load_address>
         <run_address>0x2ce7</run_address>
         <size>0x9d</size>
         <input_file_ref idref="fl-17"/>
      </object_component>
      <object_component id="oc-271">
         <name>.debug_line</name>
         <load_address>0x2d84</load_address>
         <run_address>0x2d84</run_address>
         <size>0xa1</size>
         <input_file_ref idref="fl-17"/>
      </object_component>
      <object_component id="oc-289">
         <name>.debug_line</name>
         <load_address>0x2e25</load_address>
         <run_address>0x2e25</run_address>
         <size>0xa2</size>
         <input_file_ref idref="fl-17"/>
      </object_component>
      <object_component id="oc-273">
         <name>.debug_line</name>
         <load_address>0x2ec7</load_address>
         <run_address>0x2ec7</run_address>
         <size>0x9d</size>
         <input_file_ref idref="fl-17"/>
      </object_component>
      <object_component id="oc-2d4">
         <name>.debug_line</name>
         <load_address>0x2f64</load_address>
         <run_address>0x2f64</run_address>
         <size>0x9d</size>
         <input_file_ref idref="fl-17"/>
      </object_component>
      <object_component id="oc-27d">
         <name>.debug_line</name>
         <load_address>0x3001</load_address>
         <run_address>0x3001</run_address>
         <size>0xa7</size>
         <input_file_ref idref="fl-17"/>
      </object_component>
      <object_component id="oc-28f">
         <name>.debug_line</name>
         <load_address>0x30a8</load_address>
         <run_address>0x30a8</run_address>
         <size>0xa1</size>
         <input_file_ref idref="fl-17"/>
      </object_component>
      <object_component id="oc-162">
         <name>.debug_line</name>
         <load_address>0x3149</load_address>
         <run_address>0x3149</run_address>
         <size>0xb4</size>
         <input_file_ref idref="fl-17"/>
      </object_component>
      <object_component id="oc-bf">
         <name>.debug_line</name>
         <load_address>0x31fd</load_address>
         <run_address>0x31fd</run_address>
         <size>0x19e</size>
         <input_file_ref idref="fl-17"/>
      </object_component>
      <object_component id="oc-20a">
         <name>.debug_line</name>
         <load_address>0x339b</load_address>
         <run_address>0x339b</run_address>
         <size>0xd2</size>
         <input_file_ref idref="fl-17"/>
      </object_component>
      <object_component id="oc-180">
         <name>.debug_line</name>
         <load_address>0x346d</load_address>
         <run_address>0x346d</run_address>
         <size>0xbe</size>
         <input_file_ref idref="fl-17"/>
      </object_component>
      <object_component id="oc-168">
         <name>.debug_line</name>
         <load_address>0x352b</load_address>
         <run_address>0x352b</run_address>
         <size>0xa1</size>
         <input_file_ref idref="fl-17"/>
      </object_component>
      <object_component id="oc-159">
         <name>.debug_line</name>
         <load_address>0x35cc</load_address>
         <run_address>0x35cc</run_address>
         <size>0xc7</size>
         <input_file_ref idref="fl-17"/>
      </object_component>
      <object_component id="oc-20f">
         <name>.debug_line</name>
         <load_address>0x3693</load_address>
         <run_address>0x3693</run_address>
         <size>0x14b</size>
         <input_file_ref idref="fl-17"/>
      </object_component>
      <object_component id="oc-1c4">
         <name>.debug_line</name>
         <load_address>0x37de</load_address>
         <run_address>0x37de</run_address>
         <size>0x2e</size>
         <input_file_ref idref="fl-23"/>
      </object_component>
      <object_component id="oc-89">
         <name>.debug_line</name>
         <load_address>0x380c</load_address>
         <run_address>0x380c</run_address>
         <size>0xb4</size>
         <input_file_ref idref="fl-23"/>
      </object_component>
      <object_component id="oc-1c6">
         <name>.debug_line</name>
         <load_address>0x38c0</load_address>
         <run_address>0x38c0</run_address>
         <size>0x21</size>
         <input_file_ref idref="fl-23"/>
      </object_component>
      <object_component id="oc-129">
         <name>.debug_line</name>
         <load_address>0x38e1</load_address>
         <run_address>0x38e1</run_address>
         <size>0x58</size>
         <input_file_ref idref="fl-24"/>
      </object_component>
      <object_component id="oc-264">
         <name>.debug_line</name>
         <load_address>0x3939</load_address>
         <run_address>0x3939</run_address>
         <size>0x21</size>
         <input_file_ref idref="fl-24"/>
      </object_component>
      <object_component id="oc-11d">
         <name>.debug_line</name>
         <load_address>0x395a</load_address>
         <run_address>0x395a</run_address>
         <size>0x51</size>
         <input_file_ref idref="fl-25"/>
      </object_component>
      <object_component id="oc-25b">
         <name>.debug_line</name>
         <load_address>0x39ab</load_address>
         <run_address>0x39ab</run_address>
         <size>0x21</size>
         <input_file_ref idref="fl-25"/>
      </object_component>
      <object_component id="oc-124">
         <name>.debug_line</name>
         <load_address>0x39cc</load_address>
         <run_address>0x39cc</run_address>
         <size>0x61</size>
         <input_file_ref idref="fl-26"/>
      </object_component>
      <object_component id="oc-25e">
         <name>.debug_line</name>
         <load_address>0x3a2d</load_address>
         <run_address>0x3a2d</run_address>
         <size>0x21</size>
         <input_file_ref idref="fl-26"/>
      </object_component>
      <object_component id="oc-ac">
         <name>.debug_line</name>
         <load_address>0x3a4e</load_address>
         <run_address>0x3a4e</run_address>
         <size>0x1a9</size>
         <input_file_ref idref="fl-27"/>
      </object_component>
      <object_component id="oc-1f7">
         <name>.debug_line</name>
         <load_address>0x3bf7</load_address>
         <run_address>0x3bf7</run_address>
         <size>0x21</size>
         <input_file_ref idref="fl-27"/>
      </object_component>
      <object_component id="oc-e4">
         <name>.debug_line</name>
         <load_address>0x3c18</load_address>
         <run_address>0x3c18</run_address>
         <size>0x4f</size>
         <input_file_ref idref="fl-28"/>
      </object_component>
      <object_component id="oc-137">
         <name>.debug_line</name>
         <load_address>0x3c67</load_address>
         <run_address>0x3c67</run_address>
         <size>0x53</size>
         <input_file_ref idref="fl-29"/>
      </object_component>
      <object_component id="oc-145">
         <name>.debug_line</name>
         <load_address>0x3cba</load_address>
         <run_address>0x3cba</run_address>
         <size>0x61</size>
         <input_file_ref idref="fl-2a"/>
      </object_component>
      <object_component id="oc-9c">
         <name>.debug_line</name>
         <load_address>0x3d1b</load_address>
         <run_address>0x3d1b</run_address>
         <size>0xae</size>
         <input_file_ref idref="fl-2b"/>
      </object_component>
      <object_component id="oc-13d">
         <name>.debug_line</name>
         <load_address>0x3dc9</load_address>
         <run_address>0x3dc9</run_address>
         <size>0x64</size>
         <input_file_ref idref="fl-2c"/>
      </object_component>
      <object_component id="oc-133">
         <name>.debug_line</name>
         <load_address>0x3e2d</load_address>
         <run_address>0x3e2d</run_address>
         <size>0x6e</size>
         <input_file_ref idref="fl-2d"/>
      </object_component>
      <object_component id="oc-19d">
         <name>.debug_line</name>
         <load_address>0x3e9b</load_address>
         <run_address>0x3e9b</run_address>
         <size>0x3f</size>
         <input_file_ref idref="fl-2e"/>
      </object_component>
      <object_component id="oc-298">
         <name>.debug_line</name>
         <load_address>0x3eda</load_address>
         <run_address>0x3eda</run_address>
         <size>0x21</size>
         <input_file_ref idref="fl-2e"/>
      </object_component>
      <object_component id="oc-218">
         <name>.debug_line</name>
         <load_address>0x3efb</load_address>
         <run_address>0x3efb</run_address>
         <size>0x74</size>
         <input_file_ref idref="fl-2f"/>
      </object_component>
      <object_component id="oc-2da">
         <name>.debug_line</name>
         <load_address>0x3f6f</load_address>
         <run_address>0x3f6f</run_address>
         <size>0x21</size>
         <input_file_ref idref="fl-2f"/>
      </object_component>
      <object_component id="oc-6c">
         <name>.debug_line</name>
[...]
         <name>g_open_loop_Iq_ref</name>
         <value>0xc266</value>
         <object_component_ref idref="oc-7a"/>
      </symbol>
      <symbol id="sm-a4">
         <name>adc_isr</name>
         <value>0xb000</value>
         <object_component_ref idref="oc-39"/>
      </symbol>
      <symbol id="sm-a5">
         <name>g_sync_check_angle_diff</name>
         <value>0xc26e</value>
         <object_component_ref idref="oc-7a"/>
      </symbol>
      <symbol id="sm-b6">
         <name>code_start</name>
         <value>0x0</value>
         <object_component_ref idref="oc-31"/>
      </symbol>
      <symbol id="sm-dd">
         <name>Device_enableAllPeripherals</name>
         <value>0x80bf</value>
         <object_component_ref idref="oc-b5"/>
      </symbol>
      <symbol id="sm-de">
         <name>Device_initGPIO</name>
         <value>0x804e</value>
         <object_component_ref idref="oc-b5"/>
      </symbol>
      <symbol id="sm-df">
         <name>Example_Fail</name>
         <value>0xc22e</value>
         <object_component_ref idref="oc-155"/>
      </symbol>
      <symbol id="sm-e0">
         <name>Example_setResultFail</name>
         <value>0x8008</value>
         <object_component_ref idref="oc-b5"/>
      </symbol>
      <symbol id="sm-e1">
         <name>Device_bootCPU2</name>
         <value>0x8205</value>
         <object_component_ref idref="oc-b5"/>
      </symbol>
      <symbol id="sm-e2">
         <name>Device_init</name>
         <value>0x81aa</value>
         <object_component_ref idref="oc-b5"/>
      </symbol>
      <symbol id="sm-e3">
         <name>Example_Result</name>
         <value>0xc22a</value>
         <object_component_ref idref="oc-155"/>
      </symbol>
      <symbol id="sm-e4">
         <name>Device_enableUnbondedGPIOPullups</name>
         <value>0x803e</value>
         <object_component_ref idref="oc-b5"/>
      </symbol>
      <symbol id="sm-e5">
         <name>__error__</name>
         <value>0x8000</value>
         <object_component_ref idref="oc-b5"/>
      </symbol>
      <symbol id="sm-e6">
         <name>Example_setResultPass</name>
         <value>0x8003</value>
         <object_component_ref idref="oc-b5"/>
      </symbol>
      <symbol id="sm-e7">
         <name>Device_configureTMXAnalogTrim</name>
         <value>0x808b</value>
         <object_component_ref idref="oc-b5"/>
      </symbol>
      <symbol id="sm-e8">
         <name>Device_enableUnbondedGPIOPullupsFor176Pin</name>
         <value>0x800e</value>
         <object_component_ref idref="oc-b5"/>
      </symbol>
      <symbol id="sm-e9">
         <name>Example_done</name>
         <value>0x800d</value>
         <object_component_ref idref="oc-b5"/>
      </symbol>
      <symbol id="sm-ea">
         <name>Example_PassCount</name>
         <value>0xc22c</value>
         <object_component_ref idref="oc-155"/>
      </symbol>
      <symbol id="sm-eb">
         <name>Device_enableUnbondedGPIOPullupsFor100Pin</name>
         <value>0x8021</value>
         <object_component_ref idref="oc-b5"/>
      </symbol>
      <symbol id="sm-102">
         <name>ADC_Init</name>
         <value>0x89ca</value>
         <object_component_ref idref="oc-8c"/>
      </symbol>
      <symbol id="sm-103">
         <name>ADC_Read_Current</name>
         <value>0x89bb</value>
         <object_component_ref idref="oc-8c"/>
      </symbol>
      <symbol id="sm-116">
         <name>KP_IQ</name>
         <value>0xc2e2</value>
         <object_component_ref idref="oc-7d"/>
      </symbol>
      <symbol id="sm-117">
         <name>KP_ID</name>
         <value>0xc2de</value>
         <object_component_ref idref="oc-7d"/>
      </symbol>
      <symbol id="sm-118">
         <name>Id_int</name>
         <value>0xc2da</value>
         <object_component_ref idref="oc-7d"/>
      </symbol>
      <symbol id="sm-119">
         <name>motor_rpm</name>
         <value>0xc2ce</value>
         <object_component_ref idref="oc-7d"/>
      </symbol>
      <symbol id="sm-11a">
         <name>angle_offset_rad</name>
         <value>0xc2cc</value>
         <object_component_ref idref="oc-7d"/>
      </symbol>
      <symbol id="sm-11b">
         <name>open_loop_angle_mech_rad</name>
         <value>0xc2c8</value>
         <object_component_ref idref="oc-7d"/>
      </symbol>
      <symbol id="sm-11c">
         <name>motor_speed_rad</name>
         <value>0xc2e6</value>
         <object_component_ref idref="oc-7d"/>
      </symbol>
      <symbol id="sm-11d">
         <name>motor_angle_mech_rad</name>
         <value>0xc2c4</value>
         <object_component_ref idref="oc-7d"/>
      </symbol>
      <symbol id="sm-11e">
         <name>KI_IQ</name>
         <value>0xc2e4</value>
         <object_component_ref idref="oc-7d"/>
      </symbol>
      <symbol id="sm-11f">
         <name>open_loop_angle_elec_rad</name>
         <value>0xc2ca</value>
         <object_component_ref idref="oc-7d"/>
      </symbol>
      <symbol id="sm-120">
         <name>KI_ID</name>
         <value>0xc2e0</value>
         <object_component_ref idref="oc-7d"/>
      </symbol>
      <symbol id="sm-121">
         <name>Ia_meas</name>
         <value>0xc2d0</value>
         <object_component_ref idref="oc-7d"/>
      </symbol>
      <symbol id="sm-122">
         <name>Ic_meas</name>
         <value>0xc2d4</value>
         <object_component_ref idref="oc-7d"/>
      </symbol>
      <symbol id="sm-123">
         <name>Ib_meas</name>
         <value>0xc2d2</value>
         <object_component_ref idref="oc-7d"/>
      </symbol>
      <symbol id="sm-124">
         <name>clampf_val</name>
         <value>0x8a40</value>
         <object_component_ref idref="oc-92"/>
      </symbol>
      <symbol id="sm-125">
         <name>Iq_ref</name>
         <value>0xc2d8</value>
         <object_component_ref idref="oc-7d"/>
      </symbol>
      <symbol id="sm-126">
         <name>overcurrent_fault</name>
         <value>0xc2c1</value>
         <object_component_ref idref="oc-7d"/>
      </symbol>
      <symbol id="sm-127">
         <name>park_transform</name>
         <value>0x8aa7</value>
         <object_component_ref idref="oc-92"/>
      </symbol>
      <symbol id="sm-128">
         <name>encoder_raw_pos</name>
         <value>0xc2c2</value>
         <object_component_ref idref="oc-7d"/>
      </symbol>
      <symbol id="sm-129">
         <name>motor_angle_elec_rad</name>
         <value>0xc2c6</value>
         <object_component_ref idref="oc-7d"/>
      </symbol>
      <symbol id="sm-12a">
         <name>pi_iq</name>
         <value>0x8a51</value>
         <object_component_ref idref="oc-92"/>
      </symbol>
      <symbol id="sm-12b">
         <name>pi_id</name>
         <value>0x8a7c</value>
         <object_component_ref idref="oc-92"/>
      </symbol>
      <symbol id="sm-12c">
         <name>clarke_transform</name>
         <value>0x8b19</value>
         <object_component_ref idref="oc-92"/>
      </symbol>
      <symbol id="sm-12d">
         <name>TBPRD</name>
         <value>0xc2c0</value>
         <object_component_ref idref="oc-7d"/>
      </symbol>
      <symbol id="sm-12e">
         <name>Iq_int</name>
         <value>0xc2dc</value>
         <object_component_ref idref="oc-7d"/>
      </symbol>
      <symbol id="sm-12f">
         <name>Id_ref</name>
         <value>0xc2d6</value>
         <object_component_ref idref="oc-7d"/>
      </symbol>
      <symbol id="sm-130">
         <name>inv_park_transform</name>
         <value>0x8ae2</value>
         <object_component_ref idref="oc-92"/>
      </symbol>
      <symbol id="sm-14b">
         <name>pos_diff</name>
         <value>0xc222</value>
         <object_component_ref idref="oc-eb"/>
      </symbol>
      <symbol id="sm-14c">
         <name>curr_pos_latch</name>
         <value>0xc21e</value>
         <object_component_ref idref="oc-eb"/>
      </symbol>
      <symbol id="sm-14d">
         <name>Encoder_getSpeedRad</name>
         <value>0x892c</value>
         <object_component_ref idref="oc-80"/>
      </symbol>
      <symbol id="sm-14e">
         <name>Encoder_getElecAngle</name>
         <value>0x893b</value>
         <object_component_ref idref="oc-80"/>
      </symbol>
      <symbol id="sm-14f">
         <name>encoder_continuous_pos</name>
         <value>0xc224</value>
         <object_component_ref idref="oc-eb"/>
      </symbol>
      <symbol id="sm-150">
         <name>Encoder_getSpeedRPM</name>
         <value>0x8931</value>
         <object_component_ref idref="oc-80"/>
      </symbol>
      <symbol id="sm-151">
         <name>encoder_angle_elec_continuous</name>
         <value>0xc226</value>
         <object_component_ref idref="oc-eb"/>
      </symbol>
      <symbol id="sm-152">
         <name>last_pos_latch</name>
         <value>0xc220</value>
         <object_component_ref idref="oc-eb"/>
      </symbol>
      <symbol id="sm-153">
         <name>Encoder_update</name>
         <value>0x8800</value>
         <object_component_ref idref="oc-80"/>
      </symbol>
      <symbol id="sm-154">
         <name>Encoder_getMechAngle</name>
         <value>0x8936</value>
         <object_component_ref idref="oc-80"/>
      </symbol>
      <symbol id="sm-155">
         <name>Encoder_init</name>
         <value>0x88c9</value>
         <object_component_ref idref="oc-80"/>
      </symbol>
      <symbol id="sm-17f">
         <name>EPWM_Init</name>
         <value>0xb5f2</value>
         <object_component_ref idref="oc-a3"/>
      </symbol>
      <symbol id="sm-180">
         <name>EPWM_SetCompareValues</name>
         <value>0xb587</value>
         <object_component_ref idref="oc-a3"/>
      </symbol>
      <symbol id="sm-18d">
         <name>svpwm_compute</name>
         <value>0x8bca</value>
         <object_component_ref idref="oc-9d"/>
      </symbol>
      <symbol id="sm-1da">
         <name>ADC_setOffsetTrim</name>
         <value>0x8e81</value>
         <object_component_ref idref="oc-1d7"/>
      </symbol>
      <symbol id="sm-1db">
         <name>ADC_setMode</name>
         <value>0xb7d1</value>
         <object_component_ref idref="oc-10a"/>
      </symbol>
      <symbol id="sm-1dc">
         <name>ADC_setINLTrim</name>
         <value>0x8ce1</value>
         <object_component_ref idref="oc-1d1"/>
      </symbol>
      <symbol id="sm-1dd">
         <name>ADC_setPPBTripLimits</name>
         <value>0x8ee1</value>
         <object_component_ref idref="oc-110"/>
      </symbol>
      <symbol id="sm-21f">
         <name>GPIO_setQualificationMode</name>
         <value>0x9144</value>
         <object_component_ref idref="oc-170"/>
      </symbol>
      <symbol id="sm-220">
         <name>GPIO_setPadConfig</name>
         <value>0x8f90</value>
         <object_component_ref idref="oc-f4"/>
      </symbol>
      <symbol id="sm-221">
         <name>GPIO_setDirectionMode</name>
         <value>0x91b2</value>
         <object_component_ref idref="oc-fa"/>
      </symbol>
      <symbol id="sm-222">
         <name>GPIO_setPinConfig</name>
         <value>0x910d</value>
         <object_component_ref idref="oc-ee"/>
      </symbol>
      <symbol id="sm-223">
         <name>GPIO_setControllerCore</name>
         <value>0x90d6</value>
         <object_component_ref idref="oc-16a"/>
      </symbol>
      <symbol id="sm-272">
         <name>Interrupt_defaultHandler</name>
         <value>0x93cf</value>
         <object_component_ref idref="oc-45"/>
      </symbol>
      <symbol id="sm-273">
         <name>Interrupt_initModule</name>
         <value>0x9099</value>
         <object_component_ref idref="oc-c1"/>
      </symbol>
      <symbol id="sm-274">
         <name>Interrupt_nmiHandler</name>
         <value>0x949f</value>
         <object_component_ref idref="oc-57"/>
      </symbol>
      <symbol id="sm-275">
         <name>Interrupt_enable</name>
         <value>0x917b</value>
         <object_component_ref idref="oc-af"/>
      </symbol>
      <symbol id="sm-276">
         <name>Interrupt_initVectorTable</name>
         <value>0x8fe2</value>
         <object_component_ref idref="oc-4b"/>
      </symbol>
      <symbol id="sm-277">
         <name>Interrupt_illegalOperationHandler</name>
         <value>0x9495</value>
         <object_component_ref idref="oc-51"/>
      </symbol>
      <symbol id="sm-350">
         <name>SysCtl_delay</name>
         <value>0x123</value>
         <object_component_ref idref="oc-116"/>
      </symbol>
      <symbol id="sm-351">
         <name>SysCtl_getDeviceParametric</name>
         <value>0x8d50</value>
         <object_component_ref idref="oc-158"/>
      </symbol>
      <symbol id="sm-352">
         <name>SysCtl_selectXTAL</name>
         <value>0x8b3a</value>
         <object_component_ref idref="oc-206"/>
      </symbol>
      <symbol id="sm-353">
         <name>SysCtl_selectOscSource</name>
         <value>0x9051</value>
         <object_component_ref idref="oc-17f"/>
      </symbol>
      <symbol id="sm-354">
         <name>SysCtl_getLowSpeedClock</name>
         <value>0x936e</value>
         <object_component_ref idref="oc-164"/>
      </symbol>
      <symbol id="sm-355">
         <name>SysCtl_setClock</name>
         <value>0x837d</value>
         <object_component_ref idref="oc-bb"/>
      </symbol>
      <symbol id="sm-356">
         <name>SysCtl_getClock</name>
         <value>0x9000</value>
         <object_component_ref idref="oc-15e"/>
      </symbol>
      <symbol id="sm-383">
         <name>fmodf</name>
         <value>0x872e</value>
         <object_component_ref idref="oc-86"/>
      </symbol>
      <symbol id="sm-394">
         <name>sqrtf</name>
         <value>0x92b8</value>
         <object_component_ref idref="oc-125"/>
      </symbol>
      <symbol id="sm-3a3">
         <name>cosf</name>
         <value>0x8e1e</value>
         <object_component_ref idref="oc-119"/>
      </symbol>
      <symbol id="sm-3b1">
         <name>sinf</name>
         <value>0x8db8</value>
         <object_component_ref idref="oc-11f"/>
      </symbol>
      <symbol id="sm-3d6">
         <name>fmin</name>
         <value>0x85bf</value>
         <object_component_ref idref="oc-a9"/>
      </symbol>
      <symbol id="sm-3d7">
         <name>fmax</name>
         <value>0x8693</value>
         <object_component_ref idref="oc-a9"/>
      </symbol>
      <symbol id="sm-3d8">
         <name>fmaxl</name>
         <value>0x8693</value>
         <object_component_ref idref="oc-a9"/>
      </symbol>
      <symbol id="sm-3d9">
         <name>fmaxf</name>
         <value>0x865a</value>
         <object_component_ref idref="oc-a9"/>
      </symbol>
      <symbol id="sm-3da">
         <name>fminl</name>
         <value>0x85bf</value>
         <object_component_ref idref="oc-a9"/>
      </symbol>
      <symbol id="sm-3db">
         <name>fminf</name>
         <value>0x8586</value>
         <object_component_ref idref="oc-a9"/>
      </symbol>
      <symbol id="sm-3e5">
         <name>_c_int00</name>
         <value>0x93b8</value>
         <object_component_ref idref="oc-e0"/>
      </symbol>
      <symbol id="sm-3e6">
         <name>__stack</name>
         <value>0x400</value>
         <object_component_ref idref="oc-5d"/>
      </symbol>
      <symbol id="sm-3ee">
         <name>_epilog_c28x_1</name>
         <value>0x947e</value>
         <object_component_ref idref="oc-135"/>
      </symbol>
      <symbol id="sm-3ef">
         <name>_epilog_c28x_2</name>
         <value>0x9482</value>
         <object_component_ref idref="oc-135"/>
      </symbol>
      <symbol id="sm-3fb">
         <name>__c28xabi_cmpd</name>
         <value>0x923c</value>
         <object_component_ref idref="oc-141"/>
      </symbol>
      <symbol id="sm-408">
         <name>__c28xabi_divf</name>
         <value>0x8c59</value>
         <object_component_ref idref="oc-98"/>
      </symbol>
      <symbol id="sm-412">
         <name>__c28xabi_cmpll</name>
         <value>0x92fe</value>
         <object_component_ref idref="oc-13c"/>
      </symbol>
      <symbol id="sm-413">
         <name>__c28xabi_cmpull</name>
         <value>0x9310</value>
         <object_component_ref idref="oc-13c"/>
      </symbol>
      <symbol id="sm-41b">
         <name>_prolog_c28x_1</name>
         <value>0x9388</value>
         <object_component_ref idref="oc-12f"/>
      </symbol>
      <symbol id="sm-41c">
         <name>_prolog_c28x_2</name>
         <value>0x938c</value>
         <object_component_ref idref="oc-12f"/>
      </symbol>
      <symbol id="sm-41d">
         <name>_prolog_c28x_3</name>
         <value>0x9394</value>
         <object_component_ref idref="oc-12f"/>
      </symbol>
      <symbol id="sm-42a">
         <name>_system_pre_init</name>
         <value>0x87fd</value>
         <object_component_ref idref="oc-19c"/>
      </symbol>
      <symbol id="sm-439">
         <name>__TI_auto_init_nobinit_nopinit</name>
         <value>0x9211</value>
         <object_component_ref idref="oc-216"/>
      </symbol>
      <symbol id="sm-448">
         <name>__TI_zero_init_nomemset</name>
         <value>0x9465</value>
         <object_component_ref idref="oc-68"/>
      </symbol>
      <symbol id="sm-455">
         <name>__TI_decompress_none</name>
         <value>0x94c3</value>
         <object_component_ref idref="oc-2a"/>
      </symbol>
      <symbol id="sm-469">
         <name>__TI_decompress_lzss</name>
         <value>0x91e3</value>
         <object_component_ref idref="oc-24"/>
      </symbol>
      <symbol id="sm-47f">
         <name>C$$EXIT</name>
         <value>0x9266</value>
         <object_component_ref idref="oc-1a9"/>
      </symbol>
      <symbol id="sm-480">
         <name>abort</name>
         <value>0x9266</value>
         <object_component_ref idref="oc-1a9"/>
      </symbol>
      <symbol id="sm-481">
         <name>exit</name>
         <value>0x9268</value>
         <object_component_ref idref="oc-1a9"/>
      </symbol>
      <symbol id="sm-482">
         <name>__TI_dtors_ptr</name>
         <value>0xc234</value>
         <object_component_ref idref="oc-248"/>
      </symbol>
      <symbol id="sm-483">
         <name>__TI_cleanup_ptr</name>
         <value>0xc232</value>
         <object_component_ref idref="oc-248"/>
      </symbol>
      <symbol id="sm-484">
         <name>__TI_enable_exit_profile_output</name>
         <value>0xc230</value>
         <object_component_ref idref="oc-248"/>
      </symbol>
      <symbol id="sm-49b">
         <name>_nop</name>
         <value>0x94ba</value>
         <object_component_ref idref="oc-2b4"/>
      </symbol>
      <symbol id="sm-49c">
         <name>_lock</name>
         <value>0xc236</value>
         <object_component_ref idref="oc-24b"/>
      </symbol>
      <symbol id="sm-49d">
         <name>_unlock</name>
         <value>0xc238</value>
         <object_component_ref idref="oc-2de"/>
      </symbol>
      <symbol id="sm-49e">
         <name>_register_lock</name>
         <value>0x94b6</value>
         <object_component_ref idref="oc-2b4"/>
      </symbol>
      <symbol id="sm-49f">
         <name>_register_unlock</name>
         <value>0x94b2</value>
         <object_component_ref idref="oc-2b4"/>
      </symbol>
      <symbol id="sm-4ae">
         <name>_args_main</name>
         <value>0x9472</value>
         <object_component_ref idref="oc-1a3"/>
      </symbol>
      <symbol id="sm-4ba">
         <name>errno</name>
         <value>0xc23a</value>
         <object_component_ref idref="oc-1e7"/>
      </symbol>
      <symbol id="sm-4cd">
         <name>memcpy</name>
         <value>0x931c</value>
         <object_component_ref idref="oc-60"/>
      </symbol>
      <symbol id="sm-4da">
         <name>_system_post_cinit</name>
         <value>0x87ff</value>
         <object_component_ref idref="oc-29a"/>
      </symbol>
      <symbol id="sm-4dc">
         <name>__c_args__</name>
         <value>0x0</value>
      </symbol>
   </symbol_table>
   <title>Link successful</title>
</link_info>
