******************************************************************************
             TMS320C2000 Linker PC v22.6.2                     
******************************************************************************
>> Linked Thu Jan 29 11:29:00 2026

OUTPUT FILE NAME:   <empty_driverlib_4.out>
ENTRY POINT SYMBOL: "code_start"  address: 00000000


MEMORY CONFIGURATION

         name            origin    length      used     unused   attr    fill
----------------------  --------  ---------  --------  --------  ----  --------
PAGE 0:
  BEGIN                 00000000   00000002  00000002  00000000  RWIX
  RAMM0                 00000123   000002dd  0000003c  000002a1  RWIX
  RAMLS0                00008000   00000800  000007ff  00000001  RWIX
  RAMLS1                00008800   00000800  00000800  00000000  RWIX
  RAMLS2                00009000   00000800  00000018  000007e8  RWIX
  RAMLS3                00009800   00000800  00000000  00000800  RWIX
  RAMLS4                0000a000   00000800  00000000  00000800  RWIX
  RAMD0                 0000b000   00000800  00000800  00000000  RWIX
  RAMGS0                0000c000   00001000  00000000  00001000  RWIX
  RAMGS1                0000d000   00001000  00000000  00001000  RWIX
  RAMGS2                0000e000   00001000  00000000  00001000  RWIX
  RAMGS3                0000f000   00001000  00000000  00001000  RWIX
  RAMGS4                00010000   00001000  00000000  00001000  RWIX
  RAMGS5                00011000   00001000  00000000  00001000  RWIX
  FLASHA                00080002   00001ffe  00000000  00001ffe  RWIX
  FLASHB                00082000   00002000  00000000  00002000  RWIX
  FLASHC                00084000   00002000  00000000  00002000  RWIX
  FLASHD                00086000   00002000  00000000  00002000  RWIX
  FLASHE                00088000   00008000  00000000  00008000  RWIX
  FLASHF                00090000   00008000  00000000  00008000  RWIX
  FLASHG                00098000   00008000  00000000  00008000  RWIX
  FLASHH                000a0000   00008000  00000000  00008000  RWIX
  FLASHI                000a8000   00008000  00000000  00008000  RWIX
  FLASHJ                000b0000   00008000  00000000  00008000  RWIX
  FLASHK                000b8000   00002000  00000000  00002000  RWIX
  FLASHL                000ba000   00002000  00000000  00002000  RWIX
  FLASHM                000bc000   00002000  00000000  00002000  RWIX
  FLASHN                000be000   00001ff0  00000000  00001ff0  RWIX
  RESET                 003fffc0   00000002  00000000  00000002  RWIX

PAGE 1:
  BOOT_RSVD             00000002   00000121  00000000  00000121  RWIX
  RAMM1                 00000400   000003f8  00000100  000002f8  RWIX
  Cla1ProgRam           00008000   00000800  00000000  00000800  RWIX
  RAMLS5                0000a800   00000400  00000000  00000400  RWIX
  Cla1DataRam           0000ac00   00000400  00000000  00000400  RWIX
  RAMD1                 0000b800   00000800  00000000  00000800  RWIX
  RAMGS0_PAGE1          0000c000   00001000  000002be  00000d42  RWIX
  RAMGS1_PAGE1          0000d000   00001000  00000003  00000ffd  RWIX
  RAMGS2_PAGE1          0000e000   00001000  00000000  00001000  RWIX
  RAMGS3_PAGE1          0000f000   00001000  00000000  00001000  RWIX
  RAMGS4_PAGE1          00010000   00001000  00000000  00001000  RWIX
  RAMGS5_PAGE1          00011000   00001000  00000000  00001000  RWIX
  RAMGS6                00012000   00001000  00000000  00001000  RWIX
  RAMGS7                00013000   00001000  00000000  00001000  RWIX
  RAMGS8                00014000   00001000  00000000  00001000  RWIX
  RAMGS9                00015000   00001000  00000000  00001000  RWIX
  RAMGS10               00016000   00001000  00000000  00001000  RWIX
  RAMGS11               00017000   00001000  00000000  00001000  RWIX
  RAMGS12               00018000   00001000  00000000  00001000  RWIX
  RAMGS13               00019000   00001000  00000000  00001000  RWIX
  RAMGS14               0001a000   00001000  00000000  00001000  RWIX
  RAMGS15               0001b000   00000ff8  00000000  00000ff8  RWIX
  CPU2TOCPU1RAM         0003f800   00000400  00000000  00000400  RWIX
  CPU1TOCPU2RAM         0003fc00   00000400  00000000  00000400  RWIX
  CANA_MSG_RAM          00049000   00000800  00000000  00000800  RWIX
  CANB_MSG_RAM          0004b000   00000800  00000000  00000800  RWIX


SECTION ALLOCATION MAP

 output                                  attributes/
section   page    origin      length       input sections
--------  ----  ----------  ----------   ----------------
codestart 
*          0    00000000    00000002     
                  00000000    00000002     F2837xD_CodeStartBranch.obj (codestart)

.cinit     0    00000128    00000038     
                  00000128    00000026     (.cinit..data.load) [load image, compression = lzss]
                  0000014e    00000006     (__TI_handler_table)
                  00000154    00000004     (.cinit..bss.load) [load image, compression = zero_init]
                  00000158    00000008     (__TI_cinit_table)

.reset     0    003fffc0    00000000     DSECT

.stack     1    00000400    00000100     UNINITIALIZED
                  00000400    00000100     --HOLE--

.bss       1    0000d000    00000003     UNINITIALIZED
                  0000d000    00000003     FOC_auto_start.obj (.bss:adcResult)

.init_array 
*          0    00000123    00000000     UNINITIALIZED

.const     1    0000c000    0000021e     
                  0000c000    000000c2     driverlib_eabi.lib : sysctl.obj (.const:.string)
                  0000c0c2    000000bc                        : gpio.obj (.const:.string)
                  0000c17e    0000005d                        : adc.obj (.const:.string)
                  0000c1db    00000001     --HOLE-- [fill = 0]
                  0000c1dc    0000003e     FOC_auto_start.obj (.const:.string)
                  0000c21a    00000004     rts2800_fpu32_eabi.lib : e_fmodf.c.obj (.const:Zero)

.data      1    0000c21e    000000a0     UNINITIALIZED
                  0000c21e    00000006     device.obj (.data)
                  0000c224    00000006     rts2800_fpu32_eabi.lib : exit.c.obj (.data)
                  0000c22a    00000002                            : _lock.c.obj (.data:_lock)
                  0000c22c    00000002                            : _lock.c.obj (.data:_unlock)
                  0000c22e    00000001                            : errno.c.obj (.data)
                  0000c22f    00000011     --HOLE--
                  0000c240    0000007e     FOC_auto_start.obj (.data)

GETBUFFER 
*          0    0003f800    00000000     DSECT

GETWRITEIDX 
*          0    0003f800    00000000     DSECT

PUTREADIDX 
*          0    0003f800    00000000     DSECT

.TI.ramfunc 
*          0    00000123    00000004     
                  00000123    00000004     driverlib_eabi.lib : sysctl.obj (.TI.ramfunc)

Cla1funcs 
*          0    00008000    00000000     UNINITIALIZED

.text.1    0    00008000    000007ff     
                  00008000    0000037d     device.obj (.text)
                  0000837d    0000023a     FOC_auto_start.obj (.text:retain)
                  000085b7    00000209     driverlib_eabi.lib : sysctl.obj (.text:SysCtl_setClock)
                  000087c0    0000003d                        : interrupt.obj (.text:Interrupt_initModule)
                  000087fd    00000002     rts2800_fpu32_eabi.lib : pre_init.c.obj (.text)

.text.2    0    00008800    00000800     
                  00008800    000000cf     rts2800_fpu32_eabi.lib : e_fmodf.c.obj (.text)
                  000088cf    00000088                            : fs_div28.asm.obj (.text)
                  00008957    0000006f     driverlib_eabi.lib : adc.obj (.text:ADC_setINLTrim)
                  000089c6    00000068                        : sysctl.obj (.text:SysCtl_getDeviceParametric)
                  00008a2e    00000066     rts2800_fpu32_eabi.lib : s_sinf.c.obj (.text)
                  00008a94    00000063                            : s_cosf.c.obj (.text)
                  00008af7    00000060     driverlib_eabi.lib : adc.obj (.text:ADC_setOffsetTrim)
                  00008b57    00000052                        : gpio.obj (.text:GPIO_setPadConfig)
                  00008ba9    00000051                        : sysctl.obj (.text:SysCtl_getClock)
                  00008bfa    00000048                        : sysctl.obj (.text:SysCtl_selectOscSource)
                  00008c42    00000037                        : gpio.obj (.text:GPIO_setControllerCore)
                  00008c79    00000037                        : gpio.obj (.text:GPIO_setPinConfig)
                  00008cb0    00000037                        : gpio.obj (.text:GPIO_setQualificationMode)
                  00008ce7    00000037                        : interrupt.obj (.text:Interrupt_enable)
                  00008d1e    00000031                        : gpio.obj (.text:GPIO_setDirectionMode)
                  00008d4f    0000002f                        : adc.obj (.text:ADC_setMode)
                  00008d7e    0000002e     rts2800_fpu32_eabi.lib : copy_decompress_lzss.c.obj (.text:decompress:lzss)
                  00008dac    00000029                            : exit.c.obj (.text)
                  00008dd5    00000028     driverlib_eabi.lib : sysctl.obj (.text:CPUTimer_selectClockSource)
                  00008dfd    00000001     --HOLE-- [fill = 0]
                  00008dfe    00000027     rts2800_fpu32_eabi.lib : e_sqrtf.c.obj (.text)
                  00008e25    0000001f     driverlib_eabi.lib : sysctl.obj (.text:CPUTimer_getTimerOverflowStatus)
                  00008e44    0000001e                        : interrupt.obj (.text:Interrupt_initVectorTable)
                  00008e62    0000001d     rts2800_fpu32_eabi.lib : memcpy.c.obj (.text)
                  00008e7f    0000001b     driverlib_eabi.lib : adc.obj (.text:ADC_isBaseValid)
                  00008e9a    0000001a                        : sysctl.obj (.text:CPUTimer_startTimer)
                  00008eb4    0000001a                        : sysctl.obj (.text:SysCtl_getLowSpeedClock)
                  00008ece    00000019     rts2800_fpu32_eabi.lib : prolog28.asm.obj (.text)
                  00008ee7    00000017     driverlib_eabi.lib : sysctl.obj (.text:CPUTimer_isBaseValid)
                  00008efe    00000017     rts2800_fpu32_eabi.lib : boot28.asm.obj (.text)
                  00008f15    00000016     driverlib_eabi.lib : interrupt.obj (.text:Interrupt_defaultHandler)
                  00008f2b    00000014                        : sysctl.obj (.text:CPUTimer_stopTimer)
                  00008f3f    00000012                        : sysctl.obj (.text:CPUTimer_clearOverflowFlag)
                  00008f51    00000012                        : sysctl.obj (.text:CPUTimer_disableInterrupt)
                  00008f63    00000011                        : sysctl.obj (.text:CPUTimer_setPeriod)
                  00008f74    0000000f                        : sysctl.obj (.text:SysCtl_pollCpuTimer)
                  00008f83    0000000e                        : gpio.obj (.text:GPIO_isPinValid)
                  00008f91    0000000d                        : interrupt.obj (.text:Interrupt_disableGlobal)
                  00008f9e    0000000d                        : interrupt.obj (.text:Interrupt_enableGlobal)
                  00008fab    0000000d     rts2800_fpu32_eabi.lib : copy_zero_init.c.obj (.text:decompress:ZI:__TI_zero_init_nomemset)
                  00008fb8    0000000c                            : args_main.c.obj (.text)
                  00008fc4    0000000c                            : epilog28.asm.obj (.text)
                  00008fd0    0000000b     driverlib_eabi.lib : sysctl.obj (.text:SysCtl_isMCDClockFailureDetected)
                  00008fdb    0000000a                        : interrupt.obj (.text:Interrupt_illegalOperationHandler)
                  00008fe5    0000000a                        : interrupt.obj (.text:Interrupt_nmiHandler)
                  00008fef    00000009                        : sysctl.obj (.text:SysCtl_serviceWatchdog)
                  00008ff8    00000008     F2837xD_CodeStartBranch.obj (.text)

.text.3    0    00009000    00000018     
                  00009000    00000009     rts2800_fpu32_eabi.lib : _lock.c.obj (.text)
                  00009009    00000008                            : copy_decompress_none.c.obj (.text:decompress:none)
                  00009011    00000007     driverlib_eabi.lib : sysctl.obj (.text:SysCtl_resetMCD)

.text.4    0    0000b000    00000800     
                  0000b000    00000744     FOC_auto_start.obj (.text)
                  0000b744    00000090     driverlib_eabi.lib : sysctl.obj (.text:SysCtl_selectXTAL)
                  0000b7d4    0000002b     rts2800_fpu32_eabi.lib : autoinit.c.obj (.text:__TI_auto_init_nobinit_nopinit)
                  0000b7ff    00000001                            : startup.c.obj (.text)

MODULE SUMMARY

       Module                        code   ro data   rw data
       ------                        ----   -------   -------
    .\
       FOC_auto_start.obj            2430   62        129    
    +--+-----------------------------+------+---------+---------+
       Total:                        2430   62        129    
                                                             
    .\device\
       device.obj                    893    0         6      
       F2837xD_CodeStartBranch.obj   10     0         0      
    +--+-----------------------------+------+---------+---------+
       Total:                        903    0         6      
                                                             
    C:\TI\C2000Ware_6_00_01_00\driverlib\f2837xd\driverlib\ccs\Debug\driverlib_eabi.lib
       sysctl.obj                    1187   194       0      
       gpio.obj                      310    188       0      
       adc.obj                       281    93        0      
       interrupt.obj                 214    0         0      
    +--+-----------------------------+------+---------+---------+
       Total:                        1992   475       0      
                                                             
    D:\TI\ccs\ccs\tools\compiler\ti-cgt-c2000_22.6.2.LTS\lib\rts2800_fpu32_eabi.lib
       e_fmodf.c.obj                 207    4         0      
       fs_div28.asm.obj              136    0         0      
       s_sinf.c.obj                  102    0         0      
       s_cosf.c.obj                  99     0         0      
       exit.c.obj                    41     0         6      
       copy_decompress_lzss.c.obj    46     0         0      
       autoinit.c.obj                43     0         0      
       e_sqrtf.c.obj                 39     0         0      
       memcpy.c.obj                  29     0         0      
       prolog28.asm.obj              25     0         0      
       boot28.asm.obj                23     0         0      
       _lock.c.obj                   9      0         4      
       copy_zero_init.c.obj          13     0         0      
       args_main.c.obj               12     0         0      
       epilog28.asm.obj              12     0         0      
       copy_decompress_none.c.obj    8      0         0      
       pre_init.c.obj                2      0         0      
       errno.c.obj                   0      0         1      
       startup.c.obj                 1      0         0      
    +--+-----------------------------+------+---------+---------+
       Total:                        847    4         11     
                                                             
       Stack:                        0      0         256    
       Linker Generated:             0      56        0      
    +--+-----------------------------+------+---------+---------+
       Grand Total:                  6172   597       402    


LINKER GENERATED COPY TABLES

__TI_cinit_table @ 00000158 records: 2, size/record: 4, table size: 8
	.data: load addr=00000128, load size=00000026 bytes, run addr=0000c21e, run size=000000a0 bytes, compression=lzss
	.bss: load addr=00000154, load size=00000004 bytes, run addr=0000d000, run size=00000003 bytes, compression=zero_init


LINKER GENERATED HANDLER TABLE

__TI_handler_table @ 0000014e records: 3, size/record: 2, table size: 6
	index: 0, handler: __TI_zero_init
	index: 1, handler: __TI_decompress_lzss
	index: 2, handler: __TI_decompress_none


GLOBAL DATA SYMBOLS: SORTED BY DATA PAGE

address     data page           name
--------    ----------------    ----
00000400      10 (00000400)     __stack

0000c21e     308 (0000c200)     Example_Result
0000c220     308 (0000c200)     Example_PassCount
0000c222     308 (0000c200)     Example_Fail
0000c224     308 (0000c200)     __TI_enable_exit_profile_output
0000c226     308 (0000c200)     __TI_cleanup_ptr
0000c228     308 (0000c200)     __TI_dtors_ptr
0000c22a     308 (0000c200)     _lock
0000c22c     308 (0000c200)     _unlock
0000c22e     308 (0000c200)     errno

0000c240     309 (0000c240)     overcurrent_fault
0000c241     309 (0000c240)     g_control_state
0000c242     309 (0000c240)     g_encoder_aligned
0000c243     309 (0000c240)     cl_startup_cnt
0000c244     309 (0000c240)     encoder_raw_pos
0000c246     309 (0000c240)     motor_angle_mech_rad
0000c248     309 (0000c240)     motor_angle_elec_rad
0000c24a     309 (0000c240)     motor_speed_rad
0000c24c     309 (0000c240)     motor_rpm
0000c24e     309 (0000c240)     encoder_continuous_pos
0000c250     309 (0000c240)     encoder_angle_elec_continuous
0000c256     309 (0000c240)     open_loop_angle_mech_rad
0000c258     309 (0000c240)     open_loop_angle_elec_rad
0000c25a     309 (0000c240)     angle_offset_rad
0000c25c     309 (0000c240)     open_loop_angle_acc
0000c25e     309 (0000c240)     g_open_loop_turns
0000c260     309 (0000c240)     g_previous_open_loop_angle
0000c262     309 (0000c240)     g_open_loop_timeout_counter
0000c264     309 (0000c240)     Ia_meas
0000c266     309 (0000c240)     Ib_meas
0000c268     309 (0000c240)     Ic_meas
0000c26a     309 (0000c240)     Id_ref
0000c26c     309 (0000c240)     Iq_ref
0000c26e     309 (0000c240)     Id_int
0000c270     309 (0000c240)     Iq_int
0000c272     309 (0000c240)     KP_ID
0000c274     309 (0000c240)     KI_ID
0000c276     309 (0000c240)     KP_IQ
0000c278     309 (0000c240)     KI_IQ
0000c27a     309 (0000c240)     g_alignment_counter
0000c27c     309 (0000c240)     g_current_motor_angle_elec_rad
0000c27e     309 (0000c240)     g_current_encoder_angle_mech_rad

0000c280     30a (0000c280)     g_current_id
0000c282     30a (0000c280)     g_current_iq
0000c284     30a (0000c280)     g_current_vd
0000c286     30a (0000c280)     g_current_vq
0000c288     30a (0000c280)     angle_offset_rad_final
0000c28a     30a (0000c280)     theta_offset
0000c28c     30a (0000c280)     g_current_angle_fusion_weight
0000c28e     30a (0000c280)     closed_loop_turns
0000c290     30a (0000c280)     closed_loop_start_turns
0000c292     30a (0000c280)     angle_fusion_weight
0000c294     30a (0000c280)     g_current_encoder_turns
0000c296     30a (0000c280)     g_turns_since_start
0000c298     30a (0000c280)     g_target_weight
0000c29a     30a (0000c280)     Iq_ref_target
0000c29c     30a (0000c280)     Iq_ref_step
0000c29e     30a (0000c280)     g_debug_cnt
0000c2a0     30a (0000c280)     closed_loop_timer
0000c2a2     30a (0000c280)     Ia_offset
0000c2a4     30a (0000c280)     Ib_offset
0000c2a6     30a (0000c280)     Ic_offset
0000c2ae     30a (0000c280)     svpwm_handle


GLOBAL SYMBOLS: SORTED ALPHABETICALLY BY Name 

page  address   name                                     
----  -------   ----                                     
0     0000b39a  ADC_Init                                 
0     0000b507  ADC_Read_Current                         
0     00008957  ADC_setINLTrim                           
0     00008d4f  ADC_setMode                              
0     00008af7  ADC_setOffsetTrim                        
0     00008dac  C$$EXIT                                  
abs   00000000  Cla1funcsLoadSize                        
0     00008000  Cla1funcsLoadStart                       
0     00008000  Cla1funcsRunStart                        
0     00008205  Device_bootCPU2                          
0     0000808b  Device_configureTMXAnalogTrim            
0     000080bf  Device_enableAllPeripherals              
0     0000803e  Device_enableUnbondedGPIOPullups         
0     00008021  Device_enableUnbondedGPIOPullupsFor100Pin
0     0000800e  Device_enableUnbondedGPIOPullupsFor176Pin
0     000081aa  Device_init                              
0     0000804e  Device_initGPIO                          
0     0000b1af  EPWM_Init                                
0     0000b683  EPWM_SetCompareValues                    
0     0000b673  Encoder_getElecAngle                     
0     0000b6b5  Encoder_getMechAngle                     
0     0000b73f  Encoder_getSpeedRPM                      
0     0000b73a  Encoder_getSpeedRad                      
0     0000b678  Encoder_getTurns                         
0     0000b403  Encoder_init                             
0     0000b5c1  Encoder_update                           
1     0000c222  Example_Fail                             
1     0000c220  Example_PassCount                        
1     0000c21e  Example_Result                           
0     0000800d  Example_done                             
0     00008008  Example_setResultFail                    
0     00008003  Example_setResultPass                    
0     00008c42  GPIO_setControllerCore                   
0     00008d1e  GPIO_setDirectionMode                    
0     00008b57  GPIO_setPadConfig                        
0     00008c79  GPIO_setPinConfig                        
0     00008cb0  GPIO_setQualificationMode                
1     0000c264  Ia_meas                                  
1     0000c2a2  Ia_offset                                
1     0000c266  Ib_meas                                  
1     0000c2a4  Ib_offset                                
1     0000c268  Ic_meas                                  
1     0000c2a6  Ic_offset                                
1     0000c26e  Id_int                                   
1     0000c26a  Id_ref                                   
0     0000b469  InitPeripherals                          
0     00008f15  Interrupt_defaultHandler                 
0     00008ce7  Interrupt_enable                         
0     00008fdb  Interrupt_illegalOperationHandler        
0     000087c0  Interrupt_initModule                     
0     00008e44  Interrupt_initVectorTable                
0     00008fe5  Interrupt_nmiHandler                     
1     0000c270  Iq_int                                   
1     0000c26c  Iq_ref                                   
1     0000c29c  Iq_ref_step                              
1     0000c29a  Iq_ref_target                            
1     0000c274  KI_ID                                    
1     0000c278  KI_IQ                                    
1     0000c272  KP_ID                                    
1     0000c276  KP_IQ                                    
0     0000b6ba  SwitchControlState                       
0     00000123  SysCtl_delay                             
0     00008ba9  SysCtl_getClock                          
0     000089c6  SysCtl_getDeviceParametric               
0     00008eb4  SysCtl_getLowSpeedClock                  
0     00008bfa  SysCtl_selectOscSource                   
0     0000b744  SysCtl_selectXTAL                        
0     000085b7  SysCtl_setClock                          
0     00000158  __TI_CINIT_Base                          
0     00000160  __TI_CINIT_Limit                         
0     00000160  __TI_CINIT_Warm                          
0     0000014e  __TI_Handler_Table_Base                  
0     00000154  __TI_Handler_Table_Limit                 
1     00000500  __TI_STACK_END                           
abs   00000100  __TI_STACK_SIZE                          
0     0000b7d4  __TI_auto_init_nobinit_nopinit           
1     0000c226  __TI_cleanup_ptr                         
0     00008d7e  __TI_decompress_lzss                     
0     00009009  __TI_decompress_none                     
1     0000c228  __TI_dtors_ptr                           
1     0000c224  __TI_enable_exit_profile_output          
abs   ffffffff  __TI_pprof_out_hndl                      
abs   ffffffff  __TI_prof_data_size                      
abs   ffffffff  __TI_prof_data_start                     
0     00008fab  __TI_zero_init_nomemset                  
0     000088cf  __c28xabi_divf                           
n/a   UNDEFED   __c_args__                               
0     00008000  __error__                                
1     00000400  __stack                                  
0     00008fb8  _args_main                               
0     00008efe  _c_int00                                 
0     00008fc4  _epilog_c28x_1                           
0     00008fc8  _epilog_c28x_2                           
1     0000c22a  _lock                                    
0     00009008  _nop                                     
0     00008ece  _prolog_c28x_1                           
0     00008ed2  _prolog_c28x_2                           
0     00008eda  _prolog_c28x_3                           
0     00009004  _register_lock                           
0     00009000  _register_unlock                         
0     0000b7ff  _system_post_cinit                       
0     000087fd  _system_pre_init                         
1     0000c22c  _unlock                                  
0     00008dac  abort                                    
0     0000837d  adc_isr                                  
1     0000c292  angle_fusion_weight                      
1     0000c25a  angle_offset_rad                         
1     0000c288  angle_offset_rad_final                   
1     0000c243  cl_startup_cnt                           
0     0000b08f  clampf_val                               
0     0000b4da  clarke_transform                         
1     0000c290  closed_loop_start_turns                  
1     0000c2a0  closed_loop_timer                        
1     0000c28e  closed_loop_turns                        
0     00000000  code_start                               
0     00008a94  cosf                                     
1     0000c250  encoder_angle_elec_continuous            
1     0000c24e  encoder_continuous_pos                   
1     0000c244  encoder_raw_pos                          
1     0000c22e  errno                                    
0     00008dae  exit                                     
0     00008800  fmodf                                    
1     0000c27a  g_alignment_counter                      
1     0000c241  g_control_state                          
1     0000c28c  g_current_angle_fusion_weight            
1     0000c27e  g_current_encoder_angle_mech_rad         
1     0000c294  g_current_encoder_turns                  
1     0000c280  g_current_id                             
1     0000c282  g_current_iq                             
1     0000c27c  g_current_motor_angle_elec_rad           
1     0000c284  g_current_vd                             
1     0000c286  g_current_vq                             
1     0000c29e  g_debug_cnt                              
1     0000c242  g_encoder_aligned                        
1     0000c262  g_open_loop_timeout_counter              
1     0000c25e  g_open_loop_turns                        
1     0000c260  g_previous_open_loop_angle               
1     0000c298  g_target_weight                          
1     0000c296  g_turns_since_start                      
0     0000b4a3  inv_park_transform                       
0     0000b47b  main                                     
0     00008e62  memcpy                                   
1     0000c248  motor_angle_elec_rad                     
1     0000c246  motor_angle_mech_rad                     
1     0000c24c  motor_rpm                                
1     0000c24a  motor_speed_rad                          
1     0000c25c  open_loop_angle_acc                      
1     0000c258  open_loop_angle_elec_rad                 
1     0000c256  open_loop_angle_mech_rad                 
1     0000c240  overcurrent_fault                        
0     0000b106  park_transform                           
0     0000b0d3  pi_id                                    
0     0000b0a0  pi_iq                                    
0     00008a2e  sinf                                     
0     00008dfe  sqrtf                                    
0     0000b000  svpwm_compute                            
1     0000c2ae  svpwm_handle                             
1     0000c28a  theta_offset                             


GLOBAL SYMBOLS: SORTED BY Symbol Address 

page  address   name                                     
----  -------   ----                                     
0     00000000  code_start                               
0     00000123  SysCtl_delay                             
0     0000014e  __TI_Handler_Table_Base                  
0     00000154  __TI_Handler_Table_Limit                 
0     00000158  __TI_CINIT_Base                          
0     00000160  __TI_CINIT_Limit                         
0     00000160  __TI_CINIT_Warm                          
0     00008000  Cla1funcsLoadStart                       
0     00008000  Cla1funcsRunStart                        
0     00008000  __error__                                
0     00008003  Example_setResultPass                    
0     00008008  Example_setResultFail                    
0     0000800d  Example_done                             
0     0000800e  Device_enableUnbondedGPIOPullupsFor176Pin
0     00008021  Device_enableUnbondedGPIOPullupsFor100Pin
0     0000803e  Device_enableUnbondedGPIOPullups         
0     0000804e  Device_initGPIO                          
0     0000808b  Device_configureTMXAnalogTrim            
0     000080bf  Device_enableAllPeripherals              
0     000081aa  Device_init                              
0     00008205  Device_bootCPU2                          
0     0000837d  adc_isr                                  
0     000085b7  SysCtl_setClock                          
0     000087c0  Interrupt_initModule                     
0     000087fd  _system_pre_init                         
0     00008800  fmodf                                    
0     000088cf  __c28xabi_divf                           
0     00008957  ADC_setINLTrim                           
0     000089c6  SysCtl_getDeviceParametric               
0     00008a2e  sinf                                     
0     00008a94  cosf                                     
0     00008af7  ADC_setOffsetTrim                        
0     00008b57  GPIO_setPadConfig                        
0     00008ba9  SysCtl_getClock                          
0     00008bfa  SysCtl_selectOscSource                   
0     00008c42  GPIO_setControllerCore                   
0     00008c79  GPIO_setPinConfig                        
0     00008cb0  GPIO_setQualificationMode                
0     00008ce7  Interrupt_enable                         
0     00008d1e  GPIO_setDirectionMode                    
0     00008d4f  ADC_setMode                              
0     00008d7e  __TI_decompress_lzss                     
0     00008dac  C$$EXIT                                  
0     00008dac  abort                                    
0     00008dae  exit                                     
0     00008dfe  sqrtf                                    
0     00008e44  Interrupt_initVectorTable                
0     00008e62  memcpy                                   
0     00008eb4  SysCtl_getLowSpeedClock                  
0     00008ece  _prolog_c28x_1                           
0     00008ed2  _prolog_c28x_2                           
0     00008eda  _prolog_c28x_3                           
0     00008efe  _c_int00                                 
0     00008f15  Interrupt_defaultHandler                 
0     00008fab  __TI_zero_init_nomemset                  
0     00008fb8  _args_main                               
0     00008fc4  _epilog_c28x_1                           
0     00008fc8  _epilog_c28x_2                           
0     00008fdb  Interrupt_illegalOperationHandler        
0     00008fe5  Interrupt_nmiHandler                     
0     00009000  _register_unlock                         
0     00009004  _register_lock                           
0     00009008  _nop                                     
0     00009009  __TI_decompress_none                     
0     0000b000  svpwm_compute                            
0     0000b08f  clampf_val                               
0     0000b0a0  pi_iq                                    
0     0000b0d3  pi_id                                    
0     0000b106  park_transform                           
0     0000b1af  EPWM_Init                                
0     0000b39a  ADC_Init                                 
0     0000b403  Encoder_init                             
0     0000b469  InitPeripherals                          
0     0000b47b  main                                     
0     0000b4a3  inv_park_transform                       
0     0000b4da  clarke_transform                         
0     0000b507  ADC_Read_Current                         
0     0000b5c1  Encoder_update                           
0     0000b673  Encoder_getElecAngle                     
0     0000b678  Encoder_getTurns                         
0     0000b683  EPWM_SetCompareValues                    
0     0000b6b5  Encoder_getMechAngle                     
0     0000b6ba  SwitchControlState                       
0     0000b73a  Encoder_getSpeedRad                      
0     0000b73f  Encoder_getSpeedRPM                      
0     0000b744  SysCtl_selectXTAL                        
0     0000b7d4  __TI_auto_init_nobinit_nopinit           
0     0000b7ff  _system_post_cinit                       
1     00000400  __stack                                  
1     00000500  __TI_STACK_END                           
1     0000c21e  Example_Result                           
1     0000c220  Example_PassCount                        
1     0000c222  Example_Fail                             
1     0000c224  __TI_enable_exit_profile_output          
1     0000c226  __TI_cleanup_ptr                         
1     0000c228  __TI_dtors_ptr                           
1     0000c22a  _lock                                    
1     0000c22c  _unlock                                  
1     0000c22e  errno                                    
1     0000c240  overcurrent_fault                        
1     0000c241  g_control_state                          
1     0000c242  g_encoder_aligned                        
1     0000c243  cl_startup_cnt                           
1     0000c244  encoder_raw_pos                          
1     0000c246  motor_angle_mech_rad                     
1     0000c248  motor_angle_elec_rad                     
1     0000c24a  motor_speed_rad                          
1     0000c24c  motor_rpm                                
1     0000c24e  encoder_continuous_pos                   
1     0000c250  encoder_angle_elec_continuous            
1     0000c256  open_loop_angle_mech_rad                 
1     0000c258  open_loop_angle_elec_rad                 
1     0000c25a  angle_offset_rad                         
1     0000c25c  open_loop_angle_acc                      
1     0000c25e  g_open_loop_turns                        
1     0000c260  g_previous_open_loop_angle               
1     0000c262  g_open_loop_timeout_counter              
1     0000c264  Ia_meas                                  
1     0000c266  Ib_meas                                  
1     0000c268  Ic_meas                                  
1     0000c26a  Id_ref                                   
1     0000c26c  Iq_ref                                   
1     0000c26e  Id_int                                   
1     0000c270  Iq_int                                   
1     0000c272  KP_ID                                    
1     0000c274  KI_ID                                    
1     0000c276  KP_IQ                                    
1     0000c278  KI_IQ                                    
1     0000c27a  g_alignment_counter                      
1     0000c27c  g_current_motor_angle_elec_rad           
1     0000c27e  g_current_encoder_angle_mech_rad         
1     0000c280  g_current_id                             
1     0000c282  g_current_iq                             
1     0000c284  g_current_vd                             
1     0000c286  g_current_vq                             
1     0000c288  angle_offset_rad_final                   
1     0000c28a  theta_offset                             
1     0000c28c  g_current_angle_fusion_weight            
1     0000c28e  closed_loop_turns                        
1     0000c290  closed_loop_start_turns                  
1     0000c292  angle_fusion_weight                      
1     0000c294  g_current_encoder_turns                  
1     0000c296  g_turns_since_start                      
1     0000c298  g_target_weight                          
1     0000c29a  Iq_ref_target                            
1     0000c29c  Iq_ref_step                              
1     0000c29e  g_debug_cnt                              
1     0000c2a0  closed_loop_timer                        
1     0000c2a2  Ia_offset                                
1     0000c2a4  Ib_offset                                
1     0000c2a6  Ic_offset                                
1     0000c2ae  svpwm_handle                             
abs   00000000  Cla1funcsLoadSize                        
abs   00000100  __TI_STACK_SIZE                          
abs   ffffffff  __TI_pprof_out_hndl                      
abs   ffffffff  __TI_prof_data_size                      
abs   ffffffff  __TI_prof_data_start                     
n/a   UNDEFED   __c_args__                               

[158 symbols]
