******************************************************************************
             TMS320C2000 Linker PC v22.6.2                     
******************************************************************************
>> Linked Sat Dec 20 17:06:53 2025

OUTPUT FILE NAME:   <empty_driverlib_4.out>
ENTRY POINT SYMBOL: "code_start"  address: 00000000


MEMORY CONFIGURATION

         name            origin    length      used     unused   attr    fill
----------------------  --------  ---------  --------  --------  ----  --------
PAGE 0:
  BEGIN                 00000000   00000002  00000002  00000000  RWIX
  RAMM0                 00000123   000002dd  00000026  000002b7  RWIX
  RAMLS0                00008000   00000800  00000800  00000000  RWIX
  RAMLS1                00008800   00000800  00000800  00000000  RWIX
  RAMLS2                00009000   00000800  000007ff  00000001  RWIX
  RAMLS3                00009800   00000800  00000800  00000000  RWIX
  RAMLS4                0000a000   00000800  00000375  0000048b  RWIX
  RAMD0                 0000b000   00000800  00000800  00000000  RWIX
  RAMGS0                0000c000   00001000  00000000  00001000  RWIX
  RAMGS1                0000d000   00001000  00000000  00001000  RWIX
  RAMGS2                0000e000   00001000  00000000  00001000  RWIX
  RAMGS3                0000f000   00001000  00000000  00001000  RWIX
  RAMGS4                00010000   00001000  00000000  00001000  RWIX
  RAMGS5                00011000   00001000  00000000  00001000  RWIX
  FLASHA                00080002   00001ffe  00000000  00001ffe  RWIX
  FLASHB                00082000   00002000  00000000  00002000  RWIX
  FLASHC                00084000   00002000  00000000  00002000  RWIX
  FLASHD                00086000   00002000  00000000  00002000  RWIX
  FLASHE                00088000   00008000  00000000  00008000  RWIX
  FLASHF                00090000   00008000  00000000  00008000  RWIX
  FLASHG                00098000   00008000  00000000  00008000  RWIX
  FLASHH                000a0000   00008000  00000000  00008000  RWIX
  FLASHI                000a8000   00008000  00000000  00008000  RWIX
  FLASHJ                000b0000   00008000  00000000  00008000  RWIX
  FLASHK                000b8000   00002000  00000000  00002000  RWIX
  FLASHL                000ba000   00002000  00000000  00002000  RWIX
  FLASHM                000bc000   00002000  00000000  00002000  RWIX
  FLASHN                000be000   00001ff0  00000000  00001ff0  RWIX
  RESET                 003fffc0   00000002  00000000  00000002  RWIX

PAGE 1:
  BOOT_RSVD             00000002   00000121  00000000  00000121  RWIX
  RAMM1                 00000400   000003f8  00000100  000002f8  RWIX
  Cla1ProgRam           00008000   00000800  00000000  00000800  RWIX
  RAMLS5                0000a800   00000400  000003fd  00000003  RWIX
  Cla1DataRam           0000ac00   00000400  00000000  00000400  RWIX
  RAMD1                 0000b800   00000800  00000000  00000800  RWIX
  RAMGS0_PAGE1          0000c000   00001000  00000000  00001000  RWIX
  RAMGS1_PAGE1          0000d000   00001000  00000000  00001000  RWIX
  RAMGS2_PAGE1          0000e000   00001000  00000000  00001000  RWIX
  RAMGS3_PAGE1          0000f000   00001000  00000000  00001000  RWIX
  RAMGS4_PAGE1          00010000   00001000  00000000  00001000  RWIX
  RAMGS5_PAGE1          00011000   00001000  00000000  00001000  RWIX
  RAMGS6                00012000   00001000  00000000  00001000  RWIX
  RAMGS7                00013000   00001000  00000000  00001000  RWIX
  RAMGS8                00014000   00001000  00000000  00001000  RWIX
  RAMGS9                00015000   00001000  00000000  00001000  RWIX
  RAMGS10               00016000   00001000  00000000  00001000  RWIX
  RAMGS11               00017000   00001000  00000000  00001000  RWIX
  RAMGS12               00018000   00001000  00000000  00001000  RWIX
  RAMGS13               00019000   00001000  00000000  00001000  RWIX
  RAMGS14               0001a000   00001000  00000000  00001000  RWIX
  RAMGS15               0001b000   00000ff8  00000000  00000ff8  RWIX
  CPU2TOCPU1RAM         0003f800   00000400  00000000  00000400  RWIX
  CPU1TOCPU2RAM         0003fc00   00000400  00000000  00000400  RWIX
  CANA_MSG_RAM          00049000   00000800  00000000  00000800  RWIX
  CANB_MSG_RAM          0004b000   00000800  00000000  00000800  RWIX


SECTION ALLOCATION MAP

 output                                  attributes/
section   page    origin      length       input sections
--------  ----  ----------  ----------   ----------------
codestart 
*          0    00000000    00000002     
                  00000000    00000002     F2837xD_CodeStartBranch.obj (codestart)

.cinit     0    00000128    00000022     
                  00000128    0000000f     (.cinit..data.load) [load image, compression = lzss]
                  00000137    00000001     --HOLE-- [fill = 0]
                  00000138    00000006     (__TI_handler_table)
                  0000013e    00000004     (.cinit..bss.load) [load image, compression = zero_init]
                  00000142    00000008     (__TI_cinit_table)

.reset     0    003fffc0    00000000     DSECT

.data      1    00000000    00000041     FAILED TO ALLOCATE
.stack     1    00000400    00000100     UNINITIALIZED
                  00000400    00000100     --HOLE--

.bss       1    0000abfa    00000003     UNINITIALIZED
                  0000abfa    00000003     foc_adc.obj (.bss:adcResult)

.init_array 
*          0    00000123    00000000     UNINITIALIZED

.const     1    0000a800    000003fa     
                  0000a800    000000c2     driverlib_eabi.lib : sysctl.obj (.const:.string)
                  0000a8c2    000000bc                        : gpio.obj (.const:.string)
                  0000a97e    00000084     rts2800_fpu32_eabi.lib : k_rem_pio2.c.obj (.const:ipio2)
                  0000aa02    0000003c                            : k_cos.c.obj (.const)
                  0000aa3e    00000002     --HOLE-- [fill = 0]
                  0000aa40    00000064                            : e_rem_pio2.c.obj (.const)
                  0000aaa4    0000005d     driverlib_eabi.lib : adc.obj (.const:.string)
                  0000ab01    00000001     --HOLE-- [fill = 0]
                  0000ab02    00000038     rts2800_fpu32_eabi.lib : k_sin.c.obj (.const)
                  0000ab3a    00000004                            : k_rem_pio2.c.obj (.const:init_jk)
                  0000ab3e    00000002     --HOLE-- [fill = 0]
                  0000ab40    0000002c                            : k_rem_pio2.c.obj (.const)
                  0000ab6c    00000020                            : k_rem_pio2.c.obj (.const:PIo2)
                  0000ab8c    0000001c                            : s_scalbn.c.obj (.const)
                  0000aba8    00000010     foc_svpwm.obj (.const)
                  0000abb8    0000000c     rts2800_fpu32_eabi.lib : e_sqrt.c.obj (.const)
                  0000abc4    0000000c                            : s_floor.c.obj (.const)
                  0000abd0    0000000a                            : s_atanf.c.obj (.const:aT)
                  0000abda    00000008                            : s_atanf.c.obj (.const:atanhi)
                  0000abe2    00000008                            : s_atanf.c.obj (.const:atanlo)
                  0000abea    00000008     foc_encoder.obj (.const)
                  0000abf2    00000004     rts2800_fpu32_eabi.lib : s_cos.c.obj (.const)
                  0000abf6    00000004                            : s_sin.c.obj (.const)

GETBUFFER 
*          0    0003f800    00000000     DSECT

GETWRITEIDX 
*          0    0003f800    00000000     DSECT

PUTREADIDX 
*          0    0003f800    00000000     DSECT

.TI.ramfunc 
*          0    00000123    00000004     
                  00000123    00000004     driverlib_eabi.lib : sysctl.obj (.TI.ramfunc)

Cla1funcs 
*          0    00008000    00000000     UNINITIALIZED

.text.1    0    00008000    00000800     
                  00008000    00000431     rts2800_fpu32_eabi.lib : e_rem_pio2.c.obj (.text)
                  00008431    00000358     device.obj (.text)
                  00008789    0000006f     driverlib_eabi.lib : adc.obj (.text:ADC_setINLTrim)
                  000087f8    00000008     F2837xD_CodeStartBranch.obj (.text)

.text.2    0    00008800    00000800     
                  00008800    00000408     foc_svpwm.obj (.text)
                  00008c08    00000209     driverlib_eabi.lib : sysctl.obj (.text:SysCtl_setClock)
                  00008e11    0000012c     foc_core.obj (.text)
                  00008f3d    000000aa     FOC_sensor_test1.obj (.text:retain)
                  00008fe7    00000018     rts2800_fpu32_eabi.lib : ll_aox28.asm.obj (.text)
                  00008fff    00000001                            : startup.c.obj (.text)

.text.3    0    00009000    000007ff     
                  00009000    00000125     rts2800_fpu32_eabi.lib : k_sin.c.obj (.text)
                  00009125    00000113                            : k_cos.c.obj (.text)
                  00009238    000000e8                            : s_floor.c.obj (.text)
                  00009320    000000e6     foc_encoder.obj (.text)
                  00009406    000000de     rts2800_fpu32_eabi.lib : e_sqrt.c.obj (.text)
                  000094e4    000000d6     foc_adc.obj (.text)
                  000095ba    000000d2     rts2800_fpu32_eabi.lib : e_atan2f.c.obj (.text)
                  0000968c    000000ce                            : s_cos.c.obj (.text)
                  0000975a    000000a5     foc_adc.obj (.text:retain)

.text.4    0    00009800    00000800     
                  00009800    000000cb     rts2800_fpu32_eabi.lib : s_sin.c.obj (.text)
                  000098cb    000000ca                            : s_atanf.c.obj (.text)
                  00009995    000000a9                            : s_scalbn.c.obj (.text)
                  00009a3e    0000009c                            : fd_add28.asm.obj (.text)
                  00009ada    00000090     driverlib_eabi.lib : sysctl.obj (.text:SysCtl_selectXTAL)
                  00009b6a    0000008b     rts2800_fpu32_eabi.lib : fd_div28.asm.obj (.text)
                  00009bf5    00000088                            : fs_div28.asm.obj (.text)
                  00009c7d    00000083                            : fd_mpy28.asm.obj (.text)
                  00009d00    00000068     driverlib_eabi.lib : sysctl.obj (.text:SysCtl_getDeviceParametric)
                  00009d68    00000060                        : adc.obj (.text:ADC_setOffsetTrim)
                  00009dc8    00000051                        : sysctl.obj (.text:SysCtl_getClock)
                  00009e19    00000048                        : sysctl.obj (.text:SysCtl_selectOscSource)
                  00009e61    0000003d                        : interrupt.obj (.text:Interrupt_initModule)
                  00009e9e    00000037                        : gpio.obj (.text:GPIO_setControllerCore)
                  00009ed5    00000037                        : gpio.obj (.text:GPIO_setPinConfig)
                  00009f0c    00000037                        : gpio.obj (.text:GPIO_setQualificationMode)
                  00009f43    00000037                        : interrupt.obj (.text:Interrupt_enable)
                  00009f7a    00000031                        : gpio.obj (.text:GPIO_setDirectionMode)
                  00009fab    0000002f                        : adc.obj (.text:ADC_setMode)
                  00009fda    00000024     rts2800_fpu32_eabi.lib : s_copysign.c.obj (.text)
                  00009ffe    00000002                            : pre_init.c.obj (.text)

.text.5    0    0000a000    00000375     
                  0000a000    0000002e     rts2800_fpu32_eabi.lib : copy_decompress_lzss.c.obj (.text:decompress:lzss)
                  0000a02e    0000002b                            : autoinit.c.obj (.text:__TI_auto_init_nobinit_nopinit)
                  0000a059    0000002a                            : fd_cmp28.asm.obj (.text)
                  0000a083    00000029                            : exit.c.obj (.text)
                  0000a0ac    00000028     driverlib_eabi.lib : sysctl.obj (.text:CPUTimer_selectClockSource)
                  0000a0d4    00000028     FOC_sensor_test1.obj (.text)
                  0000a0fc    00000023     rts2800_fpu32_eabi.lib : fd_tofsfpu32.asm.obj (.text)
                  0000a11f    00000022                            : i_div28.asm.obj (.text)
                  0000a141    0000001f     driverlib_eabi.lib : sysctl.obj (.text:CPUTimer_getTimerOverflowStatus)
                  0000a160    0000001f     rts2800_fpu32_eabi.lib : fd_tol28.asm.obj (.text)
                  0000a17f    0000001e     driverlib_eabi.lib : interrupt.obj (.text:Interrupt_initVectorTable)
                  0000a19d    0000001d     rts2800_fpu32_eabi.lib : memcpy.c.obj (.text)
                  0000a1ba    0000001c                            : fs_tofdfpu32.asm.obj (.text)
                  0000a1d6    0000001c                            : l_tofd28.asm.obj (.text)
                  0000a1f2    0000001b     driverlib_eabi.lib : adc.obj (.text:ADC_isBaseValid)
                  0000a20d    0000001a                        : sysctl.obj (.text:CPUTimer_startTimer)
                  0000a227    0000001a                        : sysctl.obj (.text:SysCtl_getLowSpeedClock)
                  0000a241    00000017                        : sysctl.obj (.text:CPUTimer_isBaseValid)
                  0000a258    00000017     rts2800_fpu32_eabi.lib : boot28.asm.obj (.text)
                  0000a26f    00000016     driverlib_eabi.lib : interrupt.obj (.text:Interrupt_defaultHandler)
                  0000a285    00000014                        : sysctl.obj (.text:CPUTimer_stopTimer)
                  0000a299    00000012                        : sysctl.obj (.text:CPUTimer_clearOverflowFlag)
                  0000a2ab    00000012                        : sysctl.obj (.text:CPUTimer_disableInterrupt)
                  0000a2bd    00000011                        : sysctl.obj (.text:CPUTimer_setPeriod)
                  0000a2ce    0000000f                        : sysctl.obj (.text:SysCtl_pollCpuTimer)
                  0000a2dd    0000000e                        : gpio.obj (.text:GPIO_isPinValid)
                  0000a2eb    0000000e     rts2800_fpu32_eabi.lib : fd_sub28.asm.obj (.text)
                  0000a2f9    0000000d     driverlib_eabi.lib : interrupt.obj (.text:Interrupt_disableGlobal)
                  0000a306    0000000d                        : interrupt.obj (.text:Interrupt_enableGlobal)
                  0000a313    0000000d     rts2800_fpu32_eabi.lib : copy_zero_init.c.obj (.text:decompress:ZI:__TI_zero_init_nomemset)
                  0000a320    0000000c                            : args_main.c.obj (.text)
                  0000a32c    0000000b     driverlib_eabi.lib : sysctl.obj (.text:SysCtl_isMCDClockFailureDetected)
                  0000a337    0000000a                        : interrupt.obj (.text:Interrupt_illegalOperationHandler)
                  0000a341    0000000a                        : interrupt.obj (.text:Interrupt_nmiHandler)
                  0000a34b    00000009                        : sysctl.obj (.text:SysCtl_serviceWatchdog)
                  0000a354    00000009     rts2800_fpu32_eabi.lib : _lock.c.obj (.text)
                  0000a35d    00000009                            : fd_neg28.asm.obj (.text)
                  0000a366    00000008                            : copy_decompress_none.c.obj (.text:decompress:none)
                  0000a36e    00000007     driverlib_eabi.lib : sysctl.obj (.text:SysCtl_resetMCD)

.text.6    0    0000b000    00000800     
                  0000b000    0000067d     rts2800_fpu32_eabi.lib : k_rem_pio2.c.obj (.text)
                  0000b67d    00000162     foc_pwm.obj (.text)
                  0000b7df    00000021     rts2800_fpu32_eabi.lib : fd_toi28.asm.obj (.text)

MODULE SUMMARY

       Module                        code    ro data   rw data
       ------                        ----    -------   -------
    .\
       FOC_sensor_test1.obj          210     0         0      
    +--+-----------------------------+-------+---------+---------+
       Total:                        210     0         0      
                                                              
    .\device\
       device.obj                    856     0         0      
       F2837xD_CodeStartBranch.obj   10      0         0      
    +--+-----------------------------+-------+---------+---------+
       Total:                        866     0         0      
                                                              
    .\model\
       foc_svpwm.obj                 1032    16        0      
       foc_adc.obj                   379     0         3      
       foc_pwm.obj                   354     0         0      
       foc_core.obj                  300     0         0      
       foc_encoder.obj               230     8         0      
    +--+-----------------------------+-------+---------+---------+
       Total:                        2295    24        3      
                                                              
    C:\TI\C2000Ware_6_00_01_00\driverlib\f2837xd\driverlib\ccs\Debug\driverlib_eabi.lib
       sysctl.obj                    1187    194       0      
       gpio.obj                      228     188       0      
       adc.obj                       281     93        0      
       interrupt.obj                 214     0         0      
    +--+-----------------------------+-------+---------+---------+
       Total:                        1910    475       0      
                                                              
    D:\TI\ccs\tools\compiler\ti-cgt-c2000_22.6.2.LTS\lib\rts2800_fpu32_eabi.lib
       k_rem_pio2.c.obj              1661    212       0      
       e_rem_pio2.c.obj              1073    100       0      
       k_sin.c.obj                   293     56        0      
       k_cos.c.obj                   275     60        0      
       s_floor.c.obj                 232     12        0      
       e_sqrt.c.obj                  222     12        0      
       s_atanf.c.obj                 202     26        0      
       e_atan2f.c.obj                210     0         0      
       s_cos.c.obj                   206     4         0      
       s_sin.c.obj                   203     4         0      
       s_scalbn.c.obj                169     28        0      
       fd_add28.asm.obj              156     0         0      
       fd_div28.asm.obj              139     0         0      
       fs_div28.asm.obj              136     0         0      
       fd_mpy28.asm.obj              131     0         0      
       copy_decompress_lzss.c.obj    46      0         0      
       autoinit.c.obj                43      0         0      
       fd_cmp28.asm.obj              42      0         0      
       exit.c.obj                    41      0         0      
       s_copysign.c.obj              36      0         0      
       fd_tofsfpu32.asm.obj          35      0         0      
       i_div28.asm.obj               34      0         0      
       fd_toi28.asm.obj              33      0         0      
       fd_tol28.asm.obj              31      0         0      
       memcpy.c.obj                  29      0         0      
       fs_tofdfpu32.asm.obj          28      0         0      
       l_tofd28.asm.obj              28      0         0      
       ll_aox28.asm.obj              24      0         0      
       boot28.asm.obj                23      0         0      
       fd_sub28.asm.obj              14      0         0      
       copy_zero_init.c.obj          13      0         0      
       args_main.c.obj               12      0         0      
       _lock.c.obj                   9       0         0      
       fd_neg28.asm.obj              9       0         0      
       copy_decompress_none.c.obj    8       0         0      
       pre_init.c.obj                2       0         0      
       startup.c.obj                 1       0         0      
    +--+-----------------------------+-------+---------+---------+
       Total:                        5849    514       0      
                                                              
       Stack:                        0       0         256    
       Linker Generated:             0       33        0      
    +--+-----------------------------+-------+---------+---------+
       Grand Total:                  11130   1046      259    


LINKER GENERATED COPY TABLES

__TI_cinit_table @ 00000142 records: 2, size/record: 4, table size: 8
	.data: load addr=00000128, load size=0000000f bytes, run addr=00000000, run size=00000041 bytes, compression=lzss
	.bss: load addr=0000013e, load size=00000004 bytes, run addr=0000abfa, run size=00000003 bytes, compression=zero_init


LINKER GENERATED HANDLER TABLE

__TI_handler_table @ 00000138 records: 3, size/record: 2, table size: 6
	index: 0, handler: __TI_zero_init
	index: 1, handler: __TI_decompress_lzss
	index: 2, handler: __TI_decompress_none


GLOBAL DATA SYMBOLS: SORTED BY DATA PAGE

address     data page           name
--------    ----------------    ----
00000000       0 (00000000)     index_detected
00000001       0 (00000000)     encoder_calibrated
00000002       0 (00000000)     overcurrent_fault
00000004       0 (00000000)     encoder_raw_pos
00000006       0 (00000000)     motor_angle_mech_rad
00000008       0 (00000000)     motor_angle_elec_rad
0000000a       0 (00000000)     motor_rpm
0000000c       0 (00000000)     Ia_meas
0000000e       0 (00000000)     Ib_meas
00000010       0 (00000000)     Ic_meas
00000012       0 (00000000)     Id_ref
00000014       0 (00000000)     Iq_ref
0000001a       0 (00000000)     svpwm_handle
00000030       0 (00000000)     Example_Result
00000032       0 (00000000)     Example_PassCount
00000034       0 (00000000)     Example_Fail
00000036       0 (00000000)     __TI_enable_exit_profile_output
00000038       0 (00000000)     __TI_cleanup_ptr
0000003a       0 (00000000)     __TI_dtors_ptr
0000003c       0 (00000000)     _lock
0000003e       0 (00000000)     _unlock

00000040       1 (00000040)     errno

00000400      10 (00000400)     __stack


GLOBAL SYMBOLS: SORTED ALPHABETICALLY BY Name 

page  address   name                                     
----  -------   ----                                     
0     0000956d  ADC_Init                                 
0     0000975a  ADC_Isr                                  
0     000094e4  ADC_Read_Current                         
0     00008789  ADC_setINLTrim                           
0     00009fab  ADC_setMode                              
0     00009d68  ADC_setOffsetTrim                        
0     0000a083  C$$EXIT                                  
abs   00000000  Cla1funcsLoadSize                        
0     00008000  Cla1funcsLoadStart                       
0     00008000  Cla1funcsRunStart                        
0     00008619  Device_bootCPU2                          
0     000084ad  Device_configureTMXAnalogTrim            
0     000084e0  Device_enableAllPeripherals              
0     0000846f  Device_enableUnbondedGPIOPullups         
0     00008452  Device_enableUnbondedGPIOPullupsFor100Pin
0     0000843f  Device_enableUnbondedGPIOPullupsFor176Pin
0     000085be  Device_init                              
0     0000848f  Device_initGPIO                          
0     0000a0e6  DoElectricalAlignment                    
0     0000b6d2  EPWM_Init                                
0     0000b67d  EPWM_SetDuty                             
0     000093c6  Encoder_Init                             
0     0000932b  Encoder_Read                             
0     00009320  Encoder_Reset                            
0     00000034  Example_Fail                             
0     00000032  Example_PassCount                        
0     00000030  Example_Result                           
0     0000843e  Example_done                             
0     00008439  Example_setResultFail                    
0     00008434  Example_setResultPass                    
0     00009e9e  GPIO_setControllerCore                   
0     00009f7a  GPIO_setDirectionMode                    
0     00009ed5  GPIO_setPinConfig                        
0     00009f0c  GPIO_setQualificationMode                
0     0000000c  Ia_meas                                  
0     0000000e  Ib_meas                                  
0     00000010  Ic_meas                                  
0     00000012  Id_ref                                   
0     0000a0d4  InitPeripherals                          
0     0000a26f  Interrupt_defaultHandler                 
0     00009f43  Interrupt_enable                         
0     0000a337  Interrupt_illegalOperationHandler        
0     00009e61  Interrupt_initModule                     
0     0000a17f  Interrupt_initVectorTable                
0     0000a341  Interrupt_nmiHandler                     
0     00000014  Iq_ref                                   
0     00000123  SysCtl_delay                             
0     00009dc8  SysCtl_getClock                          
0     00009d00  SysCtl_getDeviceParametric               
0     0000a227  SysCtl_getLowSpeedClock                  
0     00009e19  SysCtl_selectOscSource                   
0     00009ada  SysCtl_selectXTAL                        
0     00008c08  SysCtl_setClock                          
0     00000142  __TI_CINIT_Base                          
0     0000014a  __TI_CINIT_Limit                         
0     0000014a  __TI_CINIT_Warm                          
0     00000138  __TI_Handler_Table_Base                  
0     0000013e  __TI_Handler_Table_Limit                 
1     00000500  __TI_STACK_END                           
abs   00000100  __TI_STACK_SIZE                          
0     0000a02e  __TI_auto_init_nobinit_nopinit           
0     00000038  __TI_cleanup_ptr                         
0     0000a000  __TI_decompress_lzss                     
0     0000a366  __TI_decompress_none                     
0     0000003a  __TI_dtors_ptr                           
0     00000036  __TI_enable_exit_profile_output          
abs   ffffffff  __TI_pprof_out_hndl                      
abs   ffffffff  __TI_prof_data_size                      
abs   ffffffff  __TI_prof_data_start                     
0     0000a313  __TI_zero_init_nomemset                  
0     00009a3e  __c28xabi_addd                           
0     00008fe7  __c28xabi_andll                          
0     0000a059  __c28xabi_cmpd                           
0     00009b6a  __c28xabi_divd                           
0     00009bf5  __c28xabi_divf                           
0     0000a11f  __c28xabi_divi                           
0     0000a0fc  __c28xabi_dtof                           
0     0000b7df  __c28xabi_dtoi                           
0     0000a160  __c28xabi_dtol                           
0     0000a1ba  __c28xabi_ftod                           
0     0000a1d6  __c28xabi_ltod                           
0     0000a130  __c28xabi_modi                           
0     00009c7d  __c28xabi_mpyd                           
0     0000a35d  __c28xabi_negd                           
0     00008fef  __c28xabi_orll                           
0     0000a2eb  __c28xabi_subd                           
0     00008ff7  __c28xabi_xorll                          
n/a   UNDEFED   __c_args__                               
0     00008431  __error__                                
0     00009125  __kernel_cos                             
0     0000b000  __kernel_rem_pio2                        
0     00009000  __kernel_sin                             
0     00008000  __rem_pio2                               
1     00000400  __stack                                  
0     0000a320  _args_main                               
0     0000a258  _c_int00                                 
0     0000003c  _lock                                    
0     0000a35c  _nop                                     
0     0000a358  _register_lock                           
0     0000a354  _register_unlock                         
0     00008fff  _system_post_cinit                       
0     00009ffe  _system_pre_init                         
0     0000003e  _unlock                                  
0     0000a083  abort                                    
0     00008f55  adc_isr                                  
0     000095ba  atan2f                                   
0     000098cb  atanf                                    
0     00008e11  clampf_val                               
0     00008f2d  clarke_transform                         
0     00000000  code_start                               
0     00009fda  copysign                                 
0     00009fda  copysignl                                
0     0000968c  cos                                      
0     0000968c  cosl                                     
0     00000001  encoder_calibrated                       
0     00000004  encoder_raw_pos                          
0     00008f3d  eqep_index_isr                           
0     00000040  errno                                    
0     0000a085  exit                                     
0     00009238  floor                                    
0     00009238  floorl                                   
0     00000000  index_detected                           
0     00008eda  inv_park_transform                       
0     00009995  ldexp                                    
0     00009995  ldexpl                                   
0     0000a0eb  main                                     
0     0000a19d  memcpy                                   
0     00000008  motor_angle_elec_rad                     
0     00000006  motor_angle_mech_rad                     
0     0000000a  motor_rpm                                
0     00000002  overcurrent_fault                        
0     00008e82  park_transform                           
0     00008e52  pi_id                                    
0     00008e22  pi_iq                                    
0     00009995  scalbn                                   
0     00009995  scalbnl                                  
0     00009800  sin                                      
0     00009800  sinl                                     
0     00009406  sqrt                                     
0     00009406  sqrtl                                    
0     00008800  svpwm_compute                            
0     0000001a  svpwm_handle                             


GLOBAL SYMBOLS: SORTED BY Symbol Address 

page  address   name                                     
----  -------   ----                                     
0     00000000  code_start                               
0     00000000  index_detected                           
0     00000001  encoder_calibrated                       
0     00000002  overcurrent_fault                        
0     00000004  encoder_raw_pos                          
0     00000006  motor_angle_mech_rad                     
0     00000008  motor_angle_elec_rad                     
0     0000000a  motor_rpm                                
0     0000000c  Ia_meas                                  
0     0000000e  Ib_meas                                  
0     00000010  Ic_meas                                  
0     00000012  Id_ref                                   
0     00000014  Iq_ref                                   
0     0000001a  svpwm_handle                             
0     00000030  Example_Result                           
0     00000032  Example_PassCount                        
0     00000034  Example_Fail                             
0     00000036  __TI_enable_exit_profile_output          
0     00000038  __TI_cleanup_ptr                         
0     0000003a  __TI_dtors_ptr                           
0     0000003c  _lock                                    
0     0000003e  _unlock                                  
0     00000040  errno                                    
0     00000123  SysCtl_delay                             
0     00000138  __TI_Handler_Table_Base                  
0     0000013e  __TI_Handler_Table_Limit                 
0     00000142  __TI_CINIT_Base                          
0     0000014a  __TI_CINIT_Limit                         
0     0000014a  __TI_CINIT_Warm                          
0     00008000  Cla1funcsLoadStart                       
0     00008000  Cla1funcsRunStart                        
0     00008000  __rem_pio2                               
0     00008431  __error__                                
0     00008434  Example_setResultPass                    
0     00008439  Example_setResultFail                    
0     0000843e  Example_done                             
0     0000843f  Device_enableUnbondedGPIOPullupsFor176Pin
0     00008452  Device_enableUnbondedGPIOPullupsFor100Pin
0     0000846f  Device_enableUnbondedGPIOPullups         
0     0000848f  Device_initGPIO                          
0     000084ad  Device_configureTMXAnalogTrim            
0     000084e0  Device_enableAllPeripherals              
0     000085be  Device_init                              
0     00008619  Device_bootCPU2                          
0     00008789  ADC_setINLTrim                           
0     00008800  svpwm_compute                            
0     00008c08  SysCtl_setClock                          
0     00008e11  clampf_val                               
0     00008e22  pi_iq                                    
0     00008e52  pi_id                                    
0     00008e82  park_transform                           
0     00008eda  inv_park_transform                       
0     00008f2d  clarke_transform                         
0     00008f3d  eqep_index_isr                           
0     00008f55  adc_isr                                  
0     00008fe7  __c28xabi_andll                          
0     00008fef  __c28xabi_orll                           
0     00008ff7  __c28xabi_xorll                          
0     00008fff  _system_post_cinit                       
0     00009000  __kernel_sin                             
0     00009125  __kernel_cos                             
0     00009238  floor                                    
0     00009238  floorl                                   
0     00009320  Encoder_Reset                            
0     0000932b  Encoder_Read                             
0     000093c6  Encoder_Init                             
0     00009406  sqrt                                     
0     00009406  sqrtl                                    
0     000094e4  ADC_Read_Current                         
0     0000956d  ADC_Init                                 
0     000095ba  atan2f                                   
0     0000968c  cos                                      
0     0000968c  cosl                                     
0     0000975a  ADC_Isr                                  
0     00009800  sin                                      
0     00009800  sinl                                     
0     000098cb  atanf                                    
0     00009995  ldexp                                    
0     00009995  ldexpl                                   
0     00009995  scalbn                                   
0     00009995  scalbnl                                  
0     00009a3e  __c28xabi_addd                           
0     00009ada  SysCtl_selectXTAL                        
0     00009b6a  __c28xabi_divd                           
0     00009bf5  __c28xabi_divf                           
0     00009c7d  __c28xabi_mpyd                           
0     00009d00  SysCtl_getDeviceParametric               
0     00009d68  ADC_setOffsetTrim                        
0     00009dc8  SysCtl_getClock                          
0     00009e19  SysCtl_selectOscSource                   
0     00009e61  Interrupt_initModule                     
0     00009e9e  GPIO_setControllerCore                   
0     00009ed5  GPIO_setPinConfig                        
0     00009f0c  GPIO_setQualificationMode                
0     00009f43  Interrupt_enable                         
0     00009f7a  GPIO_setDirectionMode                    
0     00009fab  ADC_setMode                              
0     00009fda  copysign                                 
0     00009fda  copysignl                                
0     00009ffe  _system_pre_init                         
0     0000a000  __TI_decompress_lzss                     
0     0000a02e  __TI_auto_init_nobinit_nopinit           
0     0000a059  __c28xabi_cmpd                           
0     0000a083  C$$EXIT                                  
0     0000a083  abort                                    
0     0000a085  exit                                     
0     0000a0d4  InitPeripherals                          
0     0000a0e6  DoElectricalAlignment                    
0     0000a0eb  main                                     
0     0000a0fc  __c28xabi_dtof                           
0     0000a11f  __c28xabi_divi                           
0     0000a130  __c28xabi_modi                           
0     0000a160  __c28xabi_dtol                           
0     0000a17f  Interrupt_initVectorTable                
0     0000a19d  memcpy                                   
0     0000a1ba  __c28xabi_ftod                           
0     0000a1d6  __c28xabi_ltod                           
0     0000a227  SysCtl_getLowSpeedClock                  
0     0000a258  _c_int00                                 
0     0000a26f  Interrupt_defaultHandler                 
0     0000a2eb  __c28xabi_subd                           
0     0000a313  __TI_zero_init_nomemset                  
0     0000a320  _args_main                               
0     0000a337  Interrupt_illegalOperationHandler        
0     0000a341  Interrupt_nmiHandler                     
0     0000a354  _register_unlock                         
0     0000a358  _register_lock                           
0     0000a35c  _nop                                     
0     0000a35d  __c28xabi_negd                           
0     0000a366  __TI_decompress_none                     
0     0000b000  __kernel_rem_pio2                        
0     0000b67d  EPWM_SetDuty                             
0     0000b6d2  EPWM_Init                                
0     0000b7df  __c28xabi_dtoi                           
1     00000400  __stack                                  
1     00000500  __TI_STACK_END                           
abs   00000000  Cla1funcsLoadSize                        
abs   00000100  __TI_STACK_SIZE                          
abs   ffffffff  __TI_pprof_out_hndl                      
abs   ffffffff  __TI_prof_data_size                      
abs   ffffffff  __TI_prof_data_start                     
n/a   UNDEFED   __c_args__                               

[142 symbols]
