******************************************************************************
             TMS320C2000 Linker PC v22.6.2                     
******************************************************************************
>> Linked Wed Dec 17 21:01:57 2025

OUTPUT FILE NAME:   <empty_driverlib.out>
ENTRY POINT SYMBOL: "code_start"  address: 00000000


MEMORY CONFIGURATION

         name            origin    length      used     unused   attr    fill
----------------------  --------  ---------  --------  --------  ----  --------
PAGE 0:
  BEGIN                 00000000   00000002  00000002  00000000  RWIX
  RAMM0                 00000123   000002dd  00000020  000002bd  RWIX
  RAMLS0                00008000   00000800  00000565  0000029b  RWIX
  RAMLS1                00008800   00000800  00000000  00000800  RWIX
  RAMLS2                00009000   00000800  00000000  00000800  RWIX
  RAMLS3                00009800   00000800  00000000  00000800  RWIX
  RAMLS4                0000a000   00000800  00000000  00000800  RWIX
  RAMD0                 0000b000   00000800  00000800  00000000  RWIX
  RAMGS0                0000c000   00001000  00000000  00001000  RWIX
  RAMGS1                0000d000   00001000  00000000  00001000  RWIX
  RAMGS2                0000e000   00001000  00000000  00001000  RWIX
  RAMGS3                0000f000   00001000  00000000  00001000  RWIX
  RAMGS4                00010000   00001000  00000000  00001000  RWIX
  RAMGS5                00011000   00001000  00000000  00001000  RWIX
  FLASHA                00080002   00001ffe  00000000  00001ffe  RWIX
  FLASHB                00082000   00002000  00000000  00002000  RWIX
  FLASHC                00084000   00002000  00000000  00002000  RWIX
  FLASHD                00086000   00002000  00000000  00002000  RWIX
  FLASHE                00088000   00008000  00000000  00008000  RWIX
  FLASHF                00090000   00008000  00000000  00008000  RWIX
  FLASHG                00098000   00008000  00000000  00008000  RWIX
  FLASHH                000a0000   00008000  00000000  00008000  RWIX
  FLASHI                000a8000   00008000  00000000  00008000  RWIX
  FLASHJ                000b0000   00008000  00000000  00008000  RWIX
  FLASHK                000b8000   00002000  00000000  00002000  RWIX
  FLASHL                000ba000   00002000  00000000  00002000  RWIX
  FLASHM                000bc000   00002000  00000000  00002000  RWIX
  FLASHN                000be000   00001ff0  00000000  00001ff0  RWIX
  RESET                 003fffc0   00000002  00000000  00000002  RWIX

PAGE 1:
  BOOT_RSVD             00000002   00000121  00000000  00000121  RWIX
  RAMM1                 00000400   000003f8  00000100  000002f8  RWIX
  RAMLS5                0000a800   00000800  000001fa  00000606  RWIX
  RAMD1                 0000b800   00000800  00000000  00000800  RWIX
  RAMGS0_PAGE1          0000c000   00001000  00000000  00001000  RWIX
  RAMGS1_PAGE1          0000d000   00001000  00000000  00001000  RWIX
  RAMGS2_PAGE1          0000e000   00001000  00000000  00001000  RWIX
  RAMGS3_PAGE1          0000f000   00001000  00000000  00001000  RWIX
  RAMGS4_PAGE1          00010000   00001000  00000000  00001000  RWIX
  RAMGS5_PAGE1          00011000   00001000  00000000  00001000  RWIX
  RAMGS6                00012000   00001000  00000000  00001000  RWIX
  RAMGS7                00013000   00001000  00000000  00001000  RWIX
  RAMGS8                00014000   00001000  00000000  00001000  RWIX
  RAMGS9                00015000   00001000  00000000  00001000  RWIX
  RAMGS10               00016000   00001000  00000000  00001000  RWIX
  RAMGS11               00017000   00001000  00000000  00001000  RWIX
  RAMGS12               00018000   00001000  00000000  00001000  RWIX
  RAMGS13               00019000   00001000  00000000  00001000  RWIX
  RAMGS14               0001a000   00001000  00000000  00001000  RWIX
  RAMGS15               0001b000   00000ff8  00000000  00000ff8  RWIX
  CPU2TOCPU1RAM         0003f800   00000400  00000000  00000400  RWIX
  CPU1TOCPU2RAM         0003fc00   00000400  00000000  00000400  RWIX
  CANA_MSG_RAM          00049000   00000800  00000000  00000800  RWIX
  CANB_MSG_RAM          0004b000   00000800  00000000  00000800  RWIX


SECTION ALLOCATION MAP

 output                                  attributes/
section   page    origin      length       input sections
--------  ----  ----------  ----------   ----------------
codestart 
*          0    00000000    00000002     
                  00000000    00000002     F2837xD_CodeStartBranch.obj (codestart)

.cinit     0    00000128    0000001c     
                  00000128    00000009     (.cinit..data.load) [load image, compression = lzss]
                  00000131    00000001     --HOLE-- [fill = 0]
                  00000132    00000006     (__TI_handler_table)
                  00000138    00000004     (.cinit..bss.load) [load image, compression = zero_init]
                  0000013c    00000008     (__TI_cinit_table)

.reset     0    003fffc0    00000000     DSECT

.stack     1    00000400    00000100     UNINITIALIZED
                  00000400    00000100     --HOLE--

.bss       1    0000a9ec    0000000e     UNINITIALIZED
                  0000a9ec    0000000e     FOC_EQEP.obj (.bss)

.init_array 
*          0    00000123    00000000     UNINITIALIZED

.const     1    0000a800    000001dc     
                  0000a800    000000c2     driverlib_eabi.lib : sysctl.obj (.const:.string)
                  0000a8c2    000000bc                        : gpio.obj (.const:.string)
                  0000a97e    0000005e                        : eqep.obj (.const:.string)

.data      1    0000a9dc    00000010     UNINITIALIZED
                  0000a9dc    00000006     device.obj (.data)
                  0000a9e2    00000006     rts2800_fpu32_eabi.lib : exit.c.obj (.data)
                  0000a9e8    00000002                            : _lock.c.obj (.data:_lock)
                  0000a9ea    00000002                            : _lock.c.obj (.data:_unlock)

GETBUFFER 
*          0    0003f800    00000000     DSECT

GETWRITEIDX 
*          0    0003f800    00000000     DSECT

PUTREADIDX 
*          0    0003f800    00000000     DSECT

.TI.ramfunc 
*          0    00000123    00000004     
                  00000123    00000004     driverlib_eabi.lib : sysctl.obj (.TI.ramfunc)

.text.1    0    00008000    00000565     
                  00008000    00000088     rts2800_fpu32_eabi.lib : fs_div28.asm.obj (.text)
                  00008088    00000052     driverlib_eabi.lib : gpio.obj (.text:GPIO_setPadConfig)
                  000080da    00000051                        : sysctl.obj (.text:SysCtl_getClock)
                  0000812b    00000048                        : sysctl.obj (.text:SysCtl_selectOscSource)
                  00008173    00000043                        : eqep.obj (.text:EQEP_setInputPolarity)
                  000081b6    0000003d                        : interrupt.obj (.text:Interrupt_initModule)
                  000081f3    00000037                        : gpio.obj (.text:GPIO_setControllerCore)
                  0000822a    00000037                        : gpio.obj (.text:GPIO_setPinConfig)
                  00008261    00000037                        : gpio.obj (.text:GPIO_setQualificationMode)
                  00008298    00000037                        : interrupt.obj (.text:Interrupt_enable)
                  000082cf    00000031                        : gpio.obj (.text:GPIO_setDirectionMode)
                  00008300    0000002e     rts2800_fpu32_eabi.lib : copy_decompress_lzss.c.obj (.text:decompress:lzss)
                  0000832e    0000002b                            : autoinit.c.obj (.text:__TI_auto_init_nobinit_nopinit)
                  00008359    00000029                            : exit.c.obj (.text)
                  00008382    00000028     driverlib_eabi.lib : sysctl.obj (.text:CPUTimer_selectClockSource)
                  000083aa    0000001f                        : sysctl.obj (.text:CPUTimer_getTimerOverflowStatus)
                  000083c9    0000001e                        : interrupt.obj (.text:Interrupt_initVectorTable)
                  000083e7    0000001d     rts2800_fpu32_eabi.lib : memcpy.c.obj (.text)
                  00008404    0000001a     driverlib_eabi.lib : sysctl.obj (.text:CPUTimer_startTimer)
                  0000841e    0000001a                        : sysctl.obj (.text:SysCtl_getLowSpeedClock)
                  00008438    00000017                        : sysctl.obj (.text:CPUTimer_isBaseValid)
                  0000844f    00000017                        : eqep.obj (.text:EQEP_isBaseValid)
                  00008466    00000017     rts2800_fpu32_eabi.lib : boot28.asm.obj (.text)
                  0000847d    00000016     driverlib_eabi.lib : interrupt.obj (.text:Interrupt_defaultHandler)
                  00008493    00000014                        : sysctl.obj (.text:CPUTimer_stopTimer)
                  000084a7    00000012                        : sysctl.obj (.text:CPUTimer_disableInterrupt)
                  000084b9    00000011                        : sysctl.obj (.text:CPUTimer_setPeriod)
                  000084ca    0000000f                        : sysctl.obj (.text:SysCtl_pollCpuTimer)
                  000084d9    0000000e                        : gpio.obj (.text:GPIO_isPinValid)
                  000084e7    0000000d                        : interrupt.obj (.text:Interrupt_disableGlobal)
                  000084f4    0000000d                        : interrupt.obj (.text:Interrupt_enableGlobal)
                  00008501    0000000d     rts2800_fpu32_eabi.lib : copy_zero_init.c.obj (.text:decompress:ZI:__TI_zero_init_nomemset)
                  0000850e    0000000c                            : args_main.c.obj (.text)
                  0000851a    0000000b     driverlib_eabi.lib : sysctl.obj (.text:SysCtl_isMCDClockFailureDetected)
                  00008525    0000000a                        : interrupt.obj (.text:Interrupt_illegalOperationHandler)
                  0000852f    0000000a                        : interrupt.obj (.text:Interrupt_nmiHandler)
                  00008539    00000009                        : sysctl.obj (.text:SysCtl_serviceWatchdog)
                  00008542    00000009     rts2800_fpu32_eabi.lib : _lock.c.obj (.text)
                  0000854b    00000008     F2837xD_CodeStartBranch.obj (.text)
                  00008553    00000008     rts2800_fpu32_eabi.lib : copy_decompress_none.c.obj (.text:decompress:none)
                  0000855b    00000007     driverlib_eabi.lib : sysctl.obj (.text:SysCtl_resetMCD)
                  00008562    00000002     rts2800_fpu32_eabi.lib : pre_init.c.obj (.text)
                  00008564    00000001                            : startup.c.obj (.text)

.text.2    0    0000b000    00000800     
                  0000b000    00000358     device.obj (.text)
                  0000b358    00000209     driverlib_eabi.lib : sysctl.obj (.text:SysCtl_setClock)
                  0000b561    000000fc     FOC_EQEP.obj (.text)
                  0000b65d    00000099     FOC_EQEP.obj (.text:retain)
                  0000b6f6    00000090     driverlib_eabi.lib : sysctl.obj (.text:SysCtl_selectXTAL)
                  0000b786    00000068                        : sysctl.obj (.text:SysCtl_getDeviceParametric)
                  0000b7ee    00000012                        : sysctl.obj (.text:CPUTimer_clearOverflowFlag)

MODULE SUMMARY

       Module                        code   ro data   rw data
       ------                        ----   -------   -------
    .\
       FOC_EQEP.obj                  405    0         14     
    +--+-----------------------------+------+---------+---------+
       Total:                        405    0         14     
                                                             
    .\device\
       device.obj                    856    0         6      
       F2837xD_CodeStartBranch.obj   10     0         0      
    +--+-----------------------------+------+---------+---------+
       Total:                        866    0         6      
                                                             
    C:\TI\C2000Ware_6_00_01_00\driverlib\f2837xd\driverlib\ccs\Debug\driverlib_eabi.lib
       sysctl.obj                    1187   194       0      
       gpio.obj                      310    188       0      
       interrupt.obj                 214    0         0      
       eqep.obj                      90     94        0      
    +--+-----------------------------+------+---------+---------+
       Total:                        1801   476       0      
                                                             
    D:\TI\ccs\tools\compiler\ti-cgt-c2000_22.6.2.LTS\lib\rts2800_fpu32_eabi.lib
       fs_div28.asm.obj              136    0         0      
       exit.c.obj                    41     0         6      
       copy_decompress_lzss.c.obj    46     0         0      
       autoinit.c.obj                43     0         0      
       memcpy.c.obj                  29     0         0      
       boot28.asm.obj                23     0         0      
       _lock.c.obj                   9      0         4      
       copy_zero_init.c.obj          13     0         0      
       args_main.c.obj               12     0         0      
       copy_decompress_none.c.obj    8      0         0      
       pre_init.c.obj                2      0         0      
       startup.c.obj                 1      0         0      
    +--+-----------------------------+------+---------+---------+
       Total:                        363    0         10     
                                                             
       Stack:                        0      0         256    
       Linker Generated:             0      27        0      
    +--+-----------------------------+------+---------+---------+
       Grand Total:                  3435   503       286    


LINKER GENERATED COPY TABLES

__TI_cinit_table @ 0000013c records: 2, size/record: 4, table size: 8
	.data: load addr=00000128, load size=00000009 bytes, run addr=0000a9dc, run size=00000010 bytes, compression=lzss
	.bss: load addr=00000138, load size=00000004 bytes, run addr=0000a9ec, run size=0000000e bytes, compression=zero_init


LINKER GENERATED HANDLER TABLE

__TI_handler_table @ 00000132 records: 3, size/record: 2, table size: 6
	index: 0, handler: __TI_zero_init
	index: 1, handler: __TI_decompress_lzss
	index: 2, handler: __TI_decompress_none


GLOBAL DATA SYMBOLS: SORTED BY DATA PAGE

address     data page           name
--------    ----------------    ----
00000400      10 (00000400)     __stack

0000a9dc     2a7 (0000a9c0)     Example_Result
0000a9de     2a7 (0000a9c0)     Example_PassCount
0000a9e0     2a7 (0000a9c0)     Example_Fail
0000a9e2     2a7 (0000a9c0)     __TI_enable_exit_profile_output
0000a9e4     2a7 (0000a9c0)     __TI_cleanup_ptr
0000a9e6     2a7 (0000a9c0)     __TI_dtors_ptr
0000a9e8     2a7 (0000a9c0)     _lock
0000a9ea     2a7 (0000a9c0)     _unlock


GLOBAL SYMBOLS: SORTED ALPHABETICALLY BY Name 

page  address   name                                     
----  -------   ----                                     
0     00008359  C$$EXIT                                  
0     0000b1e8  Device_bootCPU2                          
0     0000b07c  Device_configureTMXAnalogTrim            
0     0000b0af  Device_enableAllPeripherals              
0     0000b03e  Device_enableUnbondedGPIOPullups         
0     0000b021  Device_enableUnbondedGPIOPullupsFor100Pin
0     0000b00e  Device_enableUnbondedGPIOPullupsFor176Pin
0     0000b18d  Device_init                              
0     0000b05e  Device_initGPIO                          
0     00008173  EQEP_setInputPolarity                    
1     0000a9e0  Example_Fail                             
1     0000a9de  Example_PassCount                        
1     0000a9dc  Example_Result                           
0     0000b00d  Example_done                             
0     0000b008  Example_setResultFail                    
0     0000b003  Example_setResultPass                    
0     000081f3  GPIO_setControllerCore                   
0     000082cf  GPIO_setDirectionMode                    
0     00008088  GPIO_setPadConfig                        
0     0000822a  GPIO_setPinConfig                        
0     00008261  GPIO_setQualificationMode                
0     0000847d  Interrupt_defaultHandler                 
0     00008298  Interrupt_enable                         
0     00008525  Interrupt_illegalOperationHandler        
0     000081b6  Interrupt_initModule                     
0     000083c9  Interrupt_initVectorTable                
0     0000852f  Interrupt_nmiHandler                     
0     00000123  SysCtl_delay                             
0     000080da  SysCtl_getClock                          
0     0000b786  SysCtl_getDeviceParametric               
0     0000841e  SysCtl_getLowSpeedClock                  
0     0000812b  SysCtl_selectOscSource                   
0     0000b6f6  SysCtl_selectXTAL                        
0     0000b358  SysCtl_setClock                          
0     0000013c  __TI_CINIT_Base                          
0     00000144  __TI_CINIT_Limit                         
0     00000144  __TI_CINIT_Warm                          
0     00000132  __TI_Handler_Table_Base                  
0     00000138  __TI_Handler_Table_Limit                 
1     00000500  __TI_STACK_END                           
abs   00000100  __TI_STACK_SIZE                          
0     0000832e  __TI_auto_init_nobinit_nopinit           
1     0000a9e4  __TI_cleanup_ptr                         
0     00008300  __TI_decompress_lzss                     
0     00008553  __TI_decompress_none                     
1     0000a9e6  __TI_dtors_ptr                           
1     0000a9e2  __TI_enable_exit_profile_output          
abs   ffffffff  __TI_pprof_out_hndl                      
abs   ffffffff  __TI_prof_data_size                      
abs   ffffffff  __TI_prof_data_start                     
0     00008501  __TI_zero_init_nomemset                  
0     00008000  __c28xabi_divf                           
n/a   UNDEFED   __c_args__                               
0     0000b000  __error__                                
1     00000400  __stack                                  
0     0000850e  _args_main                               
0     00008466  _c_int00                                 
1     0000a9e8  _lock                                    
0     0000854a  _nop                                     
0     00008546  _register_lock                           
0     00008542  _register_unlock                         
0     00008564  _system_post_cinit                       
0     00008562  _system_pre_init                         
1     0000a9ea  _unlock                                  
0     00008359  abort                                    
0     00000000  code_start                               
0     0000b65d  eqepISR                                  
0     0000835b  exit                                     
0     0000b612  main                                     
0     000083e7  memcpy                                   


GLOBAL SYMBOLS: SORTED BY Symbol Address 

page  address   name                                     
----  -------   ----                                     
0     00000000  code_start                               
0     00000123  SysCtl_delay                             
0     00000132  __TI_Handler_Table_Base                  
0     00000138  __TI_Handler_Table_Limit                 
0     0000013c  __TI_CINIT_Base                          
0     00000144  __TI_CINIT_Limit                         
0     00000144  __TI_CINIT_Warm                          
0     00008000  __c28xabi_divf                           
0     00008088  GPIO_setPadConfig                        
0     000080da  SysCtl_getClock                          
0     0000812b  SysCtl_selectOscSource                   
0     00008173  EQEP_setInputPolarity                    
0     000081b6  Interrupt_initModule                     
0     000081f3  GPIO_setControllerCore                   
0     0000822a  GPIO_setPinConfig                        
0     00008261  GPIO_setQualificationMode                
0     00008298  Interrupt_enable                         
0     000082cf  GPIO_setDirectionMode                    
0     00008300  __TI_decompress_lzss                     
0     0000832e  __TI_auto_init_nobinit_nopinit           
0     00008359  C$$EXIT                                  
0     00008359  abort                                    
0     0000835b  exit                                     
0     000083c9  Interrupt_initVectorTable                
0     000083e7  memcpy                                   
0     0000841e  SysCtl_getLowSpeedClock                  
0     00008466  _c_int00                                 
0     0000847d  Interrupt_defaultHandler                 
0     00008501  __TI_zero_init_nomemset                  
0     0000850e  _args_main                               
0     00008525  Interrupt_illegalOperationHandler        
0     0000852f  Interrupt_nmiHandler                     
0     00008542  _register_unlock                         
0     00008546  _register_lock                           
0     0000854a  _nop                                     
0     00008553  __TI_decompress_none                     
0     00008562  _system_pre_init                         
0     00008564  _system_post_cinit                       
0     0000b000  __error__                                
0     0000b003  Example_setResultPass                    
0     0000b008  Example_setResultFail                    
0     0000b00d  Example_done                             
0     0000b00e  Device_enableUnbondedGPIOPullupsFor176Pin
0     0000b021  Device_enableUnbondedGPIOPullupsFor100Pin
0     0000b03e  Device_enableUnbondedGPIOPullups         
0     0000b05e  Device_initGPIO                          
0     0000b07c  Device_configureTMXAnalogTrim            
0     0000b0af  Device_enableAllPeripherals              
0     0000b18d  Device_init                              
0     0000b1e8  Device_bootCPU2                          
0     0000b358  SysCtl_setClock                          
0     0000b612  main                                     
0     0000b65d  eqepISR                                  
0     0000b6f6  SysCtl_selectXTAL                        
0     0000b786  SysCtl_getDeviceParametric               
1     00000400  __stack                                  
1     00000500  __TI_STACK_END                           
1     0000a9dc  Example_Result                           
1     0000a9de  Example_PassCount                        
1     0000a9e0  Example_Fail                             
1     0000a9e2  __TI_enable_exit_profile_output          
1     0000a9e4  __TI_cleanup_ptr                         
1     0000a9e6  __TI_dtors_ptr                           
1     0000a9e8  _lock                                    
1     0000a9ea  _unlock                                  
abs   00000100  __TI_STACK_SIZE                          
abs   ffffffff  __TI_pprof_out_hndl                      
abs   ffffffff  __TI_prof_data_size                      
abs   ffffffff  __TI_prof_data_start                     
n/a   UNDEFED   __c_args__                               

[70 symbols]
