******************************************************************************
             TMS320C2000 Linker PC v22.6.2                     
******************************************************************************
>> Linked Thu Dec 18 13:55:09 2025

OUTPUT FILE NAME:   <empty_driverlib.out>
ENTRY POINT SYMBOL: "code_start"  address: 00000000


MEMORY CONFIGURATION

         name            origin    length      used     unused   attr    fill
----------------------  --------  ---------  --------  --------  ----  --------
PAGE 0:
  BEGIN                 00000000   00000002  00000002  00000000  RWIX
  RAMM0                 00000123   000002dd  00000016  000002c7  RWIX
  RAMLS0                00008000   00000800  0000050f  000002f1  RWIX
  RAMLS1                00008800   00000800  00000000  00000800  RWIX
  RAMLS2                00009000   00000800  00000000  00000800  RWIX
  RAMLS3                00009800   00000800  00000000  00000800  RWIX
  RAMLS4                0000a000   00000800  00000000  00000800  RWIX
  RAMD0                 0000b000   00000800  00000800  00000000  RWIX
  RAMGS0                0000c000   00001000  00000000  00001000  RWIX
  RAMGS1                0000d000   00001000  00000000  00001000  RWIX
  RAMGS2                0000e000   00001000  00000000  00001000  RWIX
  RAMGS3                0000f000   00001000  00000000  00001000  RWIX
  RAMGS4                00010000   00001000  00000000  00001000  RWIX
  RAMGS5                00011000   00001000  00000000  00001000  RWIX
  FLASHA                00080002   00001ffe  00000000  00001ffe  RWIX
  FLASHB                00082000   00002000  00000000  00002000  RWIX
  FLASHC                00084000   00002000  00000000  00002000  RWIX
  FLASHD                00086000   00002000  00000000  00002000  RWIX
  FLASHE                00088000   00008000  00000000  00008000  RWIX
  FLASHF                00090000   00008000  00000000  00008000  RWIX
  FLASHG                00098000   00008000  00000000  00008000  RWIX
  FLASHH                000a0000   00008000  00000000  00008000  RWIX
  FLASHI                000a8000   00008000  00000000  00008000  RWIX
  FLASHJ                000b0000   00008000  00000000  00008000  RWIX
  FLASHK                000b8000   00002000  00000000  00002000  RWIX
  FLASHL                000ba000   00002000  00000000  00002000  RWIX
  FLASHM                000bc000   00002000  00000000  00002000  RWIX
  FLASHN                000be000   00001ff0  00000000  00001ff0  RWIX
  RESET                 003fffc0   00000002  00000000  00000002  RWIX

PAGE 1:
  BOOT_RSVD             00000002   00000121  00000000  00000121  RWIX
  RAMM1                 00000400   000003f8  00000100  000002f8  RWIX
  RAMLS5                0000a800   00000800  000001fc  00000604  RWIX
  RAMD1                 0000b800   00000800  00000000  00000800  RWIX
  RAMGS0_PAGE1          0000c000   00001000  00000000  00001000  RWIX
  RAMGS1_PAGE1          0000d000   00001000  00000000  00001000  RWIX
  RAMGS2_PAGE1          0000e000   00001000  00000000  00001000  RWIX
  RAMGS3_PAGE1          0000f000   00001000  00000000  00001000  RWIX
  RAMGS4_PAGE1          00010000   00001000  00000000  00001000  RWIX
  RAMGS5_PAGE1          00011000   00001000  00000000  00001000  RWIX
  RAMGS6                00012000   00001000  00000000  00001000  RWIX
  RAMGS7                00013000   00001000  00000000  00001000  RWIX
  RAMGS8                00014000   00001000  00000000  00001000  RWIX
  RAMGS9                00015000   00001000  00000000  00001000  RWIX
  RAMGS10               00016000   00001000  00000000  00001000  RWIX
  RAMGS11               00017000   00001000  00000000  00001000  RWIX
  RAMGS12               00018000   00001000  00000000  00001000  RWIX
  RAMGS13               00019000   00001000  00000000  00001000  RWIX
  RAMGS14               0001a000   00001000  00000000  00001000  RWIX
  RAMGS15               0001b000   00000ff8  00000000  00000ff8  RWIX
  CPU2TOCPU1RAM         0003f800   00000400  00000000  00000400  RWIX
  CPU1TOCPU2RAM         0003fc00   00000400  00000000  00000400  RWIX
  CANA_MSG_RAM          00049000   00000800  00000000  00000800  RWIX
  CANB_MSG_RAM          0004b000   00000800  00000000  00000800  RWIX


SECTION ALLOCATION MAP

 output                                  attributes/
section   page    origin      length       input sections
--------  ----  ----------  ----------   ----------------
codestart 
*          0    00000000    00000002     
                  00000000    00000002     F2837xD_CodeStartBranch.obj (codestart)

.cinit     0    00000128    00000012     
                  00000128    00000009     (.cinit..data.load) [load image, compression = lzss]
                  00000131    00000001     --HOLE-- [fill = 0]
                  00000132    00000004     (__TI_handler_table)
                  00000136    00000004     (__TI_cinit_table)

.reset     0    003fffc0    00000000     DSECT

.stack     1    00000400    00000100     UNINITIALIZED
                  00000400    00000100     --HOLE--

.init_array 
*          0    00000123    00000000     UNINITIALIZED

.const     1    0000a800    000001dc     
                  0000a800    000000c2     driverlib_eabi.lib : sysctl.obj (.const:.string)
                  0000a8c2    000000bc                        : gpio.obj (.const:.string)
                  0000a97e    0000005e                        : eqep.obj (.const:.string)

.data      1    0000a9dc    00000020     UNINITIALIZED
                  0000a9dc    00000010     FOC_EQEP.obj (.data)
                  0000a9ec    00000006     device.obj (.data)
                  0000a9f2    00000006     rts2800_fpu32_eabi.lib : exit.c.obj (.data)
                  0000a9f8    00000002                            : _lock.c.obj (.data:_lock)
                  0000a9fa    00000002                            : _lock.c.obj (.data:_unlock)

GETBUFFER 
*          0    0003f800    00000000     DSECT

GETWRITEIDX 
*          0    0003f800    00000000     DSECT

PUTREADIDX 
*          0    0003f800    00000000     DSECT

.TI.ramfunc 
*          0    00000123    00000004     
                  00000123    00000004     driverlib_eabi.lib : sysctl.obj (.TI.ramfunc)

.text.1    0    00008000    0000050f     
                  00008000    00000068     driverlib_eabi.lib : sysctl.obj (.text:SysCtl_getDeviceParametric)
                  00008068    00000051                        : sysctl.obj (.text:SysCtl_getClock)
                  000080b9    00000048                        : sysctl.obj (.text:SysCtl_selectOscSource)
                  00008101    00000043                        : eqep.obj (.text:EQEP_setInputPolarity)
                  00008144    0000003d                        : interrupt.obj (.text:Interrupt_initModule)
                  00008181    00000037                        : gpio.obj (.text:GPIO_setControllerCore)
                  000081b8    00000037                        : gpio.obj (.text:GPIO_setPinConfig)
                  000081ef    00000037                        : gpio.obj (.text:GPIO_setQualificationMode)
                  00008226    00000037                        : interrupt.obj (.text:Interrupt_enable)
                  0000825d    00000031                        : gpio.obj (.text:GPIO_setDirectionMode)
                  0000828e    0000002e     rts2800_fpu32_eabi.lib : copy_decompress_lzss.c.obj (.text:decompress:lzss)
                  000082bc    0000002b                            : autoinit.c.obj (.text:__TI_auto_init_nobinit_nopinit)
                  000082e7    0000002a                            : l_div28.asm.obj (.text)
                  00008311    00000029                            : exit.c.obj (.text)
                  0000833a    00000028     driverlib_eabi.lib : sysctl.obj (.text:CPUTimer_selectClockSource)
                  00008362    0000001f                        : sysctl.obj (.text:CPUTimer_getTimerOverflowStatus)
                  00008381    0000001e                        : interrupt.obj (.text:Interrupt_initVectorTable)
                  0000839f    0000001d     rts2800_fpu32_eabi.lib : memcpy.c.obj (.text)
                  000083bc    0000001a     driverlib_eabi.lib : sysctl.obj (.text:CPUTimer_startTimer)
                  000083d6    0000001a                        : sysctl.obj (.text:SysCtl_getLowSpeedClock)
                  000083f0    00000017                        : sysctl.obj (.text:CPUTimer_isBaseValid)
                  00008407    00000017                        : eqep.obj (.text:EQEP_isBaseValid)
                  0000841e    00000017     rts2800_fpu32_eabi.lib : boot28.asm.obj (.text)
                  00008435    00000016     driverlib_eabi.lib : interrupt.obj (.text:Interrupt_defaultHandler)
                  0000844b    00000014                        : sysctl.obj (.text:CPUTimer_stopTimer)
                  0000845f    00000012                        : sysctl.obj (.text:CPUTimer_disableInterrupt)
                  00008471    00000011                        : sysctl.obj (.text:CPUTimer_setPeriod)
                  00008482    0000000f                        : sysctl.obj (.text:SysCtl_pollCpuTimer)
                  00008491    0000000e                        : gpio.obj (.text:GPIO_isPinValid)
                  0000849f    0000000d                        : interrupt.obj (.text:Interrupt_disableGlobal)
                  000084ac    0000000d                        : interrupt.obj (.text:Interrupt_enableGlobal)
                  000084b9    0000000c     rts2800_fpu32_eabi.lib : args_main.c.obj (.text)
                  000084c5    0000000b     driverlib_eabi.lib : sysctl.obj (.text:SysCtl_isMCDClockFailureDetected)
                  000084d0    0000000a                        : interrupt.obj (.text:Interrupt_illegalOperationHandler)
                  000084da    0000000a                        : interrupt.obj (.text:Interrupt_nmiHandler)
                  000084e4    00000009                        : sysctl.obj (.text:SysCtl_serviceWatchdog)
                  000084ed    00000009     rts2800_fpu32_eabi.lib : _lock.c.obj (.text)
                  000084f6    00000008     F2837xD_CodeStartBranch.obj (.text)
                  000084fe    00000008     rts2800_fpu32_eabi.lib : copy_decompress_none.c.obj (.text:decompress:none)
                  00008506    00000007     driverlib_eabi.lib : sysctl.obj (.text:SysCtl_resetMCD)
                  0000850d    00000002     rts2800_fpu32_eabi.lib : pre_init.c.obj (.text)

.text.2    0    0000b000    00000800     
                  0000b000    00000358     device.obj (.text)
                  0000b358    00000209     driverlib_eabi.lib : sysctl.obj (.text:SysCtl_setClock)
                  0000b561    00000093     FOC_EQEP.obj (.text)
                  0000b5f4    00000090     driverlib_eabi.lib : sysctl.obj (.text:SysCtl_selectXTAL)
                  0000b684    0000008f     FOC_EQEP.obj (.text:retain)
                  0000b713    00000088     rts2800_fpu32_eabi.lib : fs_div28.asm.obj (.text)
                  0000b79b    00000052     driverlib_eabi.lib : gpio.obj (.text:GPIO_setPadConfig)
                  0000b7ed    00000012                        : sysctl.obj (.text:CPUTimer_clearOverflowFlag)
                  0000b7ff    00000001     rts2800_fpu32_eabi.lib : startup.c.obj (.text)

MODULE SUMMARY

       Module                        code   ro data   rw data
       ------                        ----   -------   -------
    .\
       FOC_EQEP.obj                  290    0         16     
    +--+-----------------------------+------+---------+---------+
       Total:                        290    0         16     
                                                             
    .\device\
       device.obj                    856    0         6      
       F2837xD_CodeStartBranch.obj   10     0         0      
    +--+-----------------------------+------+---------+---------+
       Total:                        866    0         6      
                                                             
    C:\TI\C2000Ware_6_00_01_00\driverlib\f2837xd\driverlib\ccs\Debug\driverlib_eabi.lib
       sysctl.obj                    1187   194       0      
       gpio.obj                      310    188       0      
       interrupt.obj                 214    0         0      
       eqep.obj                      90     94        0      
    +--+-----------------------------+------+---------+---------+
       Total:                        1801   476       0      
                                                             
    D:\TI\ccs\tools\compiler\ti-cgt-c2000_22.6.2.LTS\lib\rts2800_fpu32_eabi.lib
       fs_div28.asm.obj              136    0         0      
       exit.c.obj                    41     0         6      
       copy_decompress_lzss.c.obj    46     0         0      
       autoinit.c.obj                43     0         0      
       l_div28.asm.obj               42     0         0      
       memcpy.c.obj                  29     0         0      
       boot28.asm.obj                23     0         0      
       _lock.c.obj                   9      0         4      
       args_main.c.obj               12     0         0      
       copy_decompress_none.c.obj    8      0         0      
       pre_init.c.obj                2      0         0      
       startup.c.obj                 1      0         0      
    +--+-----------------------------+------+---------+---------+
       Total:                        392    0         10     
                                                             
       Stack:                        0      0         256    
       Linker Generated:             0      17        0      
    +--+-----------------------------+------+---------+---------+
       Grand Total:                  3349   493       288    


LINKER GENERATED COPY TABLES

__TI_cinit_table @ 00000136 records: 1, size/record: 4, table size: 4
	.data: load addr=00000128, load size=00000009 bytes, run addr=0000a9dc, run size=00000020 bytes, compression=lzss


LINKER GENERATED HANDLER TABLE

__TI_handler_table @ 00000132 records: 2, size/record: 2, table size: 4
	index: 0, handler: __TI_decompress_lzss
	index: 1, handler: __TI_decompress_none


GLOBAL DATA SYMBOLS: SORTED BY DATA PAGE

address     data page           name
--------    ----------------    ----
00000400      10 (00000400)     __stack

0000a9ec     2a7 (0000a9c0)     Example_Result
0000a9ee     2a7 (0000a9c0)     Example_PassCount
0000a9f0     2a7 (0000a9c0)     Example_Fail
0000a9f2     2a7 (0000a9c0)     __TI_enable_exit_profile_output
0000a9f4     2a7 (0000a9c0)     __TI_cleanup_ptr
0000a9f6     2a7 (0000a9c0)     __TI_dtors_ptr
0000a9f8     2a7 (0000a9c0)     _lock
0000a9fa     2a7 (0000a9c0)     _unlock


GLOBAL SYMBOLS: SORTED ALPHABETICALLY BY Name 

page  address   name                                     
----  -------   ----                                     
0     00008311  C$$EXIT                                  
0     0000b1e8  Device_bootCPU2                          
0     0000b07c  Device_configureTMXAnalogTrim            
0     0000b0af  Device_enableAllPeripherals              
0     0000b03e  Device_enableUnbondedGPIOPullups         
0     0000b021  Device_enableUnbondedGPIOPullupsFor100Pin
0     0000b00e  Device_enableUnbondedGPIOPullupsFor176Pin
0     0000b18d  Device_init                              
0     0000b05e  Device_initGPIO                          
0     00008101  EQEP_setInputPolarity                    
1     0000a9f0  Example_Fail                             
1     0000a9ee  Example_PassCount                        
1     0000a9ec  Example_Result                           
0     0000b00d  Example_done                             
0     0000b008  Example_setResultFail                    
0     0000b003  Example_setResultPass                    
0     00008181  GPIO_setControllerCore                   
0     0000825d  GPIO_setDirectionMode                    
0     0000b79b  GPIO_setPadConfig                        
0     000081b8  GPIO_setPinConfig                        
0     000081ef  GPIO_setQualificationMode                
0     00008435  Interrupt_defaultHandler                 
0     00008226  Interrupt_enable                         
0     000084d0  Interrupt_illegalOperationHandler        
0     00008144  Interrupt_initModule                     
0     00008381  Interrupt_initVectorTable                
0     000084da  Interrupt_nmiHandler                     
0     00000123  SysCtl_delay                             
0     00008068  SysCtl_getClock                          
0     00008000  SysCtl_getDeviceParametric               
0     000083d6  SysCtl_getLowSpeedClock                  
0     000080b9  SysCtl_selectOscSource                   
0     0000b5f4  SysCtl_selectXTAL                        
0     0000b358  SysCtl_setClock                          
0     00000136  __TI_CINIT_Base                          
0     0000013a  __TI_CINIT_Limit                         
0     0000013a  __TI_CINIT_Warm                          
0     00000132  __TI_Handler_Table_Base                  
0     00000136  __TI_Handler_Table_Limit                 
1     00000500  __TI_STACK_END                           
abs   00000100  __TI_STACK_SIZE                          
0     000082bc  __TI_auto_init_nobinit_nopinit           
1     0000a9f4  __TI_cleanup_ptr                         
0     0000828e  __TI_decompress_lzss                     
0     000084fe  __TI_decompress_none                     
1     0000a9f6  __TI_dtors_ptr                           
1     0000a9f2  __TI_enable_exit_profile_output          
abs   ffffffff  __TI_pprof_out_hndl                      
abs   ffffffff  __TI_prof_data_size                      
abs   ffffffff  __TI_prof_data_start                     
0     0000b713  __c28xabi_divf                           
0     000082e7  __c28xabi_divl                           
0     00008304  __c28xabi_divul                          
0     000082f6  __c28xabi_modl                           
0     0000830b  __c28xabi_modul                          
n/a   UNDEFED   __c_args__                               
0     0000b000  __error__                                
1     00000400  __stack                                  
0     000084b9  _args_main                               
0     0000841e  _c_int00                                 
1     0000a9f8  _lock                                    
0     000084f5  _nop                                     
0     000084f1  _register_lock                           
0     000084ed  _register_unlock                         
0     0000b7ff  _system_post_cinit                       
0     0000850d  _system_pre_init                         
1     0000a9fa  _unlock                                  
0     00008311  abort                                    
0     00000000  code_start                               
0     0000b684  eqepISR                                  
0     00008313  exit                                     
0     0000b5ad  main                                     
0     0000839f  memcpy                                   


GLOBAL SYMBOLS: SORTED BY Symbol Address 

page  address   name                                     
----  -------   ----                                     
0     00000000  code_start                               
0     00000123  SysCtl_delay                             
0     00000132  __TI_Handler_Table_Base                  
0     00000136  __TI_CINIT_Base                          
0     00000136  __TI_Handler_Table_Limit                 
0     0000013a  __TI_CINIT_Limit                         
0     0000013a  __TI_CINIT_Warm                          
0     00008000  SysCtl_getDeviceParametric               
0     00008068  SysCtl_getClock                          
0     000080b9  SysCtl_selectOscSource                   
0     00008101  EQEP_setInputPolarity                    
0     00008144  Interrupt_initModule                     
0     00008181  GPIO_setControllerCore                   
0     000081b8  GPIO_setPinConfig                        
0     000081ef  GPIO_setQualificationMode                
0     00008226  Interrupt_enable                         
0     0000825d  GPIO_setDirectionMode                    
0     0000828e  __TI_decompress_lzss                     
0     000082bc  __TI_auto_init_nobinit_nopinit           
0     000082e7  __c28xabi_divl                           
0     000082f6  __c28xabi_modl                           
0     00008304  __c28xabi_divul                          
0     0000830b  __c28xabi_modul                          
0     00008311  C$$EXIT                                  
0     00008311  abort                                    
0     00008313  exit                                     
0     00008381  Interrupt_initVectorTable                
0     0000839f  memcpy                                   
0     000083d6  SysCtl_getLowSpeedClock                  
0     0000841e  _c_int00                                 
0     00008435  Interrupt_defaultHandler                 
0     000084b9  _args_main                               
0     000084d0  Interrupt_illegalOperationHandler        
0     000084da  Interrupt_nmiHandler                     
0     000084ed  _register_unlock                         
0     000084f1  _register_lock                           
0     000084f5  _nop                                     
0     000084fe  __TI_decompress_none                     
0     0000850d  _system_pre_init                         
0     0000b000  __error__                                
0     0000b003  Example_setResultPass                    
0     0000b008  Example_setResultFail                    
0     0000b00d  Example_done                             
0     0000b00e  Device_enableUnbondedGPIOPullupsFor176Pin
0     0000b021  Device_enableUnbondedGPIOPullupsFor100Pin
0     0000b03e  Device_enableUnbondedGPIOPullups         
0     0000b05e  Device_initGPIO                          
0     0000b07c  Device_configureTMXAnalogTrim            
0     0000b0af  Device_enableAllPeripherals              
0     0000b18d  Device_init                              
0     0000b1e8  Device_bootCPU2                          
0     0000b358  SysCtl_setClock                          
0     0000b5ad  main                                     
0     0000b5f4  SysCtl_selectXTAL                        
0     0000b684  eqepISR                                  
0     0000b713  __c28xabi_divf                           
0     0000b79b  GPIO_setPadConfig                        
0     0000b7ff  _system_post_cinit                       
1     00000400  __stack                                  
1     00000500  __TI_STACK_END                           
1     0000a9ec  Example_Result                           
1     0000a9ee  Example_PassCount                        
1     0000a9f0  Example_Fail                             
1     0000a9f2  __TI_enable_exit_profile_output          
1     0000a9f4  __TI_cleanup_ptr                         
1     0000a9f6  __TI_dtors_ptr                           
1     0000a9f8  _lock                                    
1     0000a9fa  _unlock                                  
abs   00000100  __TI_STACK_SIZE                          
abs   ffffffff  __TI_pprof_out_hndl                      
abs   ffffffff  __TI_prof_data_size                      
abs   ffffffff  __TI_prof_data_start                     
n/a   UNDEFED   __c_args__                               

[73 symbols]
