TMS320C2000 Assembler PC v22.6.2 Sun Jan 25 20:51:26 2026

Copyright (c) 1996-2018 Texas Instruments Incorporated
fcl_f2837x_tmdxiddk_cla_tasks.asm                                    PAGE    1

       1              ;***************************************************************
       2              ;* TMS320x280xx Control Law Accelerator G3 C/C++ Codegen                               PC v22.6.2.LTS *
       3              ;* Date/Time created: Sun Jan 25 20:51:25 2026                 *
       4              ;***************************************************************
       5                      .compiler_opts --abi=eabi --cla_support=cla1 --diag_wrap=off --float_support=fpu32 --hll_source=on --
       6              
       7              $C$DW$CU        .dwtag  DW_TAG_compile_unit
       8                      .dwattr $C$DW$CU, DW_AT_name("../sources/fcl_f2837x_tmdxiddk_cla_tasks.cla")
       9                      .dwattr $C$DW$CU, DW_AT_producer("TI TMS320x280xx Control Law Accelerator G3 C/C++ Codegen PC v22.6.2
      10                      .dwattr $C$DW$CU, DW_AT_TI_version(0x01)
      11                      .dwattr $C$DW$CU, DW_AT_comp_dir("C:\Users\JUNLI\workspace_ccstheia\fcl_f2837x_tmdxiddk\f2837x_RAM")
      12              ;       D:\TI\ccs\ccs\tools\compiler\ti-cgt-c2000_22.6.2.LTS\bin\optcla.exe C:\\Users\\JUNLI\\AppData\\Local\
      13              ;       D:\TI\ccs\ccs\tools\compiler\ti-cgt-c2000_22.6.2.LTS\bin\aciacla.exe -@C:\\Users\\JUNLI\\AppData\\Loc
      14 00000000               .sect   "Cla1Prog:Cla1Task8"
      15                      .align   2
      16                      .clink
      17                      .global Cla1Task8
      18              
      19              $C$DW$1 .dwtag  DW_TAG_subprogram
      20                      .dwattr $C$DW$1, DW_AT_name("Cla1Task8")
      21                      .dwattr $C$DW$1, DW_AT_low_pc(Cla1Task8)
      22                      .dwattr $C$DW$1, DW_AT_high_pc(0x00)
      23                      .dwattr $C$DW$1, DW_AT_linkage_name("Cla1Task8")
      24                      .dwattr $C$DW$1, DW_AT_external
      25                      .dwattr $C$DW$1, DW_AT_decl_file("../sources/fcl_f2837x_tmdxiddk_cla_tasks.cla")
      26                      .dwattr $C$DW$1, DW_AT_decl_line(0x4e)
      27                      .dwattr $C$DW$1, DW_AT_decl_column(0x10)
      28                      .dwattr $C$DW$1, DW_AT_TI_interrupt
      29                      .dwattr $C$DW$1, DW_AT_TI_max_frame_size(0x00)
      30                      .dwpsn  file "../sources/fcl_f2837x_tmdxiddk_cla_tasks.cla",line 79,column 1,is_stmt,address Cla1Task
      31              
      32                      .dwfde $C$DW$CIE, Cla1Task8
      33              
      34              ;***************************************************************
      35              ;* FNAME: Cla1Task8                     FR SIZE:   0           *
      36              ;*                                                             *
      37              ;* FUNCTION ENVIRONMENT                                        *
      38              ;*                                                             *
      39              ;* FUNCTION PROPERTIES                                         *
      40              ;*                            0 Auto,  0 SOE     *
      41              ;***************************************************************
      42              
      43 00000000       Cla1Task8:
      44 00000000 0000          MNOP      ; [CPU_FPU] 
         00000001 7FA0 
      45 00000002 0000          MNOP      ; [CPU_FPU] 
         00000003 7FA0 
      46 00000004 0000          MNOP      ; [CPU_FPU] 
         00000005 7FA0 
      47              $C$DW$2 .dwtag  DW_TAG_TI_branch
      48                      .dwattr $C$DW$2, DW_AT_low_pc(0x00)
      49                      .dwattr $C$DW$2, DW_AT_TI_return
      50              
      51 00000006 0000          MSTOP     ; [CPU_FPU] 
         00000007 7F80 
TMS320C2000 Assembler PC v22.6.2 Sun Jan 25 20:51:26 2026

Copyright (c) 1996-2018 Texas Instruments Incorporated
fcl_f2837x_tmdxiddk_cla_tasks.asm                                    PAGE    2

      52                      ; ireturn occurs ; [] 
      53                      .dwattr $C$DW$1, DW_AT_TI_end_file("../sources/fcl_f2837x_tmdxiddk_cla_tasks.cla")
      54                      .dwattr $C$DW$1, DW_AT_TI_end_line(0x51)
      55                      .dwattr $C$DW$1, DW_AT_TI_end_column(0x01)
      56                      .dwendentry
      57                      .dwendtag $C$DW$1
      58              
      59 00000000               .sect   "Cla1Prog:Cla1Task7"
      60                      .align   2
      61                      .clink
      62                      .global Cla1Task7
      63              
      64              $C$DW$3 .dwtag  DW_TAG_subprogram
      65                      .dwattr $C$DW$3, DW_AT_name("Cla1Task7")
      66                      .dwattr $C$DW$3, DW_AT_low_pc(Cla1Task7)
      67                      .dwattr $C$DW$3, DW_AT_high_pc(0x00)
      68                      .dwattr $C$DW$3, DW_AT_linkage_name("Cla1Task7")
      69                      .dwattr $C$DW$3, DW_AT_external
      70                      .dwattr $C$DW$3, DW_AT_decl_file("../sources/fcl_f2837x_tmdxiddk_cla_tasks.cla")
      71                      .dwattr $C$DW$3, DW_AT_decl_line(0x48)
      72                      .dwattr $C$DW$3, DW_AT_decl_column(0x10)
      73                      .dwattr $C$DW$3, DW_AT_TI_interrupt
      74                      .dwattr $C$DW$3, DW_AT_TI_max_frame_size(0x00)
      75                      .dwpsn  file "../sources/fcl_f2837x_tmdxiddk_cla_tasks.cla",line 73,column 1,is_stmt,address Cla1Task
      76              
      77                      .dwfde $C$DW$CIE, Cla1Task7
      78              
      79              ;***************************************************************
      80              ;* FNAME: Cla1Task7                     FR SIZE:   0           *
      81              ;*                                                             *
      82              ;* FUNCTION ENVIRONMENT                                        *
      83              ;*                                                             *
      84              ;* FUNCTION PROPERTIES                                         *
      85              ;*                            0 Auto,  0 SOE     *
      86              ;***************************************************************
      87              
      88 00000000       Cla1Task7:
      89 00000000 0000          MNOP      ; [CPU_FPU] 
         00000001 7FA0 
      90 00000002 0000          MNOP      ; [CPU_FPU] 
         00000003 7FA0 
      91 00000004 0000          MNOP      ; [CPU_FPU] 
         00000005 7FA0 
      92              $C$DW$4 .dwtag  DW_TAG_TI_branch
      93                      .dwattr $C$DW$4, DW_AT_low_pc(0x00)
      94                      .dwattr $C$DW$4, DW_AT_TI_return
      95              
      96 00000006 0000          MSTOP     ; [CPU_FPU] 
         00000007 7F80 
      97                      ; ireturn occurs ; [] 
      98                      .dwattr $C$DW$3, DW_AT_TI_end_file("../sources/fcl_f2837x_tmdxiddk_cla_tasks.cla")
      99                      .dwattr $C$DW$3, DW_AT_TI_end_line(0x4b)
     100                      .dwattr $C$DW$3, DW_AT_TI_end_column(0x01)
     101                      .dwendentry
     102                      .dwendtag $C$DW$3
TMS320C2000 Assembler PC v22.6.2 Sun Jan 25 20:51:26 2026

Copyright (c) 1996-2018 Texas Instruments Incorporated
fcl_f2837x_tmdxiddk_cla_tasks.asm                                    PAGE    3

     103              
     104 00000000               .sect   "Cla1Prog:Cla1Task6"
     105                      .align   2
     106                      .clink
     107                      .global Cla1Task6
     108              
     109              $C$DW$5 .dwtag  DW_TAG_subprogram
     110                      .dwattr $C$DW$5, DW_AT_name("Cla1Task6")
     111                      .dwattr $C$DW$5, DW_AT_low_pc(Cla1Task6)
     112                      .dwattr $C$DW$5, DW_AT_high_pc(0x00)
     113                      .dwattr $C$DW$5, DW_AT_linkage_name("Cla1Task6")
     114                      .dwattr $C$DW$5, DW_AT_external
     115                      .dwattr $C$DW$5, DW_AT_decl_file("../sources/fcl_f2837x_tmdxiddk_cla_tasks.cla")
     116                      .dwattr $C$DW$5, DW_AT_decl_line(0x42)
     117                      .dwattr $C$DW$5, DW_AT_decl_column(0x10)
     118                      .dwattr $C$DW$5, DW_AT_TI_interrupt
     119                      .dwattr $C$DW$5, DW_AT_TI_max_frame_size(0x00)
     120                      .dwpsn  file "../sources/fcl_f2837x_tmdxiddk_cla_tasks.cla",line 67,column 1,is_stmt,address Cla1Task
     121              
     122                      .dwfde $C$DW$CIE, Cla1Task6
     123              
     124              ;***************************************************************
     125              ;* FNAME: Cla1Task6                     FR SIZE:   0           *
     126              ;*                                                             *
     127              ;* FUNCTION ENVIRONMENT                                        *
     128              ;*                                                             *
     129              ;* FUNCTION PROPERTIES                                         *
     130              ;*                            0 Auto,  0 SOE     *
     131              ;***************************************************************
     132              
     133 00000000       Cla1Task6:
     134 00000000 0000          MNOP      ; [CPU_FPU] 
         00000001 7FA0 
     135 00000002 0000          MNOP      ; [CPU_FPU] 
         00000003 7FA0 
     136 00000004 0000          MNOP      ; [CPU_FPU] 
         00000005 7FA0 
     137              $C$DW$6 .dwtag  DW_TAG_TI_branch
     138                      .dwattr $C$DW$6, DW_AT_low_pc(0x00)
     139                      .dwattr $C$DW$6, DW_AT_TI_return
     140              
     141 00000006 0000          MSTOP     ; [CPU_FPU] 
         00000007 7F80 
     142                      ; ireturn occurs ; [] 
     143                      .dwattr $C$DW$5, DW_AT_TI_end_file("../sources/fcl_f2837x_tmdxiddk_cla_tasks.cla")
     144                      .dwattr $C$DW$5, DW_AT_TI_end_line(0x45)
     145                      .dwattr $C$DW$5, DW_AT_TI_end_column(0x01)
     146                      .dwendentry
     147                      .dwendtag $C$DW$5
     148              
     149 00000000               .sect   "Cla1Prog:Cla1Task5"
     150                      .align   2
     151                      .clink
     152                      .global Cla1Task5
     153              
TMS320C2000 Assembler PC v22.6.2 Sun Jan 25 20:51:26 2026

Copyright (c) 1996-2018 Texas Instruments Incorporated
fcl_f2837x_tmdxiddk_cla_tasks.asm                                    PAGE    4

     154              $C$DW$7 .dwtag  DW_TAG_subprogram
     155                      .dwattr $C$DW$7, DW_AT_name("Cla1Task5")
     156                      .dwattr $C$DW$7, DW_AT_low_pc(Cla1Task5)
     157                      .dwattr $C$DW$7, DW_AT_high_pc(0x00)
     158                      .dwattr $C$DW$7, DW_AT_linkage_name("Cla1Task5")
     159                      .dwattr $C$DW$7, DW_AT_external
     160                      .dwattr $C$DW$7, DW_AT_decl_file("../sources/fcl_f2837x_tmdxiddk_cla_tasks.cla")
     161                      .dwattr $C$DW$7, DW_AT_decl_line(0x3c)
     162                      .dwattr $C$DW$7, DW_AT_decl_column(0x10)
     163                      .dwattr $C$DW$7, DW_AT_TI_interrupt
     164                      .dwattr $C$DW$7, DW_AT_TI_max_frame_size(0x00)
     165                      .dwpsn  file "../sources/fcl_f2837x_tmdxiddk_cla_tasks.cla",line 61,column 1,is_stmt,address Cla1Task
     166              
     167                      .dwfde $C$DW$CIE, Cla1Task5
     168              
     169              ;***************************************************************
     170              ;* FNAME: Cla1Task5                     FR SIZE:   0           *
     171              ;*                                                             *
     172              ;* FUNCTION ENVIRONMENT                                        *
     173              ;*                                                             *
     174              ;* FUNCTION PROPERTIES                                         *
     175              ;*                            0 Auto,  0 SOE     *
     176              ;***************************************************************
     177              
     178 00000000       Cla1Task5:
     179 00000000 0000          MNOP      ; [CPU_FPU] 
         00000001 7FA0 
     180 00000002 0000          MNOP      ; [CPU_FPU] 
         00000003 7FA0 
     181 00000004 0000          MNOP      ; [CPU_FPU] 
         00000005 7FA0 
     182              $C$DW$8 .dwtag  DW_TAG_TI_branch
     183                      .dwattr $C$DW$8, DW_AT_low_pc(0x00)
     184                      .dwattr $C$DW$8, DW_AT_TI_return
     185              
     186 00000006 0000          MSTOP     ; [CPU_FPU] 
         00000007 7F80 
     187                      ; ireturn occurs ; [] 
     188                      .dwattr $C$DW$7, DW_AT_TI_end_file("../sources/fcl_f2837x_tmdxiddk_cla_tasks.cla")
     189                      .dwattr $C$DW$7, DW_AT_TI_end_line(0x3f)
     190                      .dwattr $C$DW$7, DW_AT_TI_end_column(0x01)
     191                      .dwendentry
     192                      .dwendtag $C$DW$7
     193              
     194                      .dwattr $C$DW$CU, DW_AT_language(DW_LANG_C)
     195              
     196              ;***************************************************************
     197              ;* DWARF CIE ENTRIES                                           *
     198              ;***************************************************************
     199              
     200              $C$DW$CIE       .dwcie 7
     201                      .dwcfi  cfa_register, 10
     202                      .dwcfi  cfa_offset, 0
     203                      .dwcfi  same_value, 5
     204                      .dwendentry
TMS320C2000 Assembler PC v22.6.2 Sun Jan 25 20:51:26 2026

Copyright (c) 1996-2018 Texas Instruments Incorporated
fcl_f2837x_tmdxiddk_cla_tasks.asm                                    PAGE    5

     205                      .dwendtag $C$DW$CU
     206              
     207              
     208              ;***************************************************************
     209              ;* TYPE INFORMATION                                            *
     210              ;***************************************************************
     211              
     212              $C$DW$TU$2      .dwtag  DW_TAG_type_unit
     213                      .dwmtype  $C$DW$T$2
     214              $C$DW$T$2       .dwtag  DW_TAG_unspecified_type
     215                      .dwattr $C$DW$T$2, DW_AT_name("void")
     216              
     217                      .dwendtag $C$DW$TU$2
     218              
     219              
     220              $C$DW$TU$4      .dwtag  DW_TAG_type_unit
     221                      .dwmtype  $C$DW$T$4
     222              $C$DW$T$4       .dwtag  DW_TAG_base_type
     223                      .dwattr $C$DW$T$4, DW_AT_encoding(DW_ATE_boolean)
     224                      .dwattr $C$DW$T$4, DW_AT_name("bool")
     225                      .dwattr $C$DW$T$4, DW_AT_byte_size(0x02)
     226              
     227                      .dwendtag $C$DW$TU$4
     228              
     229              
     230              $C$DW$TU$5      .dwtag  DW_TAG_type_unit
     231                      .dwmtype  $C$DW$T$5
     232              $C$DW$T$5       .dwtag  DW_TAG_base_type
     233                      .dwattr $C$DW$T$5, DW_AT_encoding(DW_ATE_signed_char)
     234                      .dwattr $C$DW$T$5, DW_AT_name("signed char")
     235                      .dwattr $C$DW$T$5, DW_AT_byte_size(0x01)
     236              
     237                      .dwendtag $C$DW$TU$5
     238              
     239              
     240              $C$DW$TU$6      .dwtag  DW_TAG_type_unit
     241                      .dwmtype  $C$DW$T$6
     242              $C$DW$T$6       .dwtag  DW_TAG_base_type
     243                      .dwattr $C$DW$T$6, DW_AT_encoding(DW_ATE_unsigned_char)
     244                      .dwattr $C$DW$T$6, DW_AT_name("unsigned char")
     245                      .dwattr $C$DW$T$6, DW_AT_byte_size(0x01)
     246              
     247                      .dwendtag $C$DW$TU$6
     248              
     249              
     250              $C$DW$TU$7      .dwtag  DW_TAG_type_unit
     251                      .dwmtype  $C$DW$T$7
     252              $C$DW$T$7       .dwtag  DW_TAG_base_type
     253                      .dwattr $C$DW$T$7, DW_AT_encoding(DW_ATE_signed_char)
     254                      .dwattr $C$DW$T$7, DW_AT_name("wchar_t")
     255                      .dwattr $C$DW$T$7, DW_AT_byte_size(0x01)
     256              
     257                      .dwendtag $C$DW$TU$7
     258              
     259              
TMS320C2000 Assembler PC v22.6.2 Sun Jan 25 20:51:26 2026

Copyright (c) 1996-2018 Texas Instruments Incorporated
fcl_f2837x_tmdxiddk_cla_tasks.asm                                    PAGE    6

     260              $C$DW$TU$8      .dwtag  DW_TAG_type_unit
     261                      .dwmtype  $C$DW$T$8
     262              $C$DW$T$8       .dwtag  DW_TAG_base_type
     263                      .dwattr $C$DW$T$8, DW_AT_encoding(DW_ATE_signed)
     264                      .dwattr $C$DW$T$8, DW_AT_name("short")
     265                      .dwattr $C$DW$T$8, DW_AT_byte_size(0x01)
     266              
     267                      .dwendtag $C$DW$TU$8
     268              
     269              
     270              $C$DW$TU$9      .dwtag  DW_TAG_type_unit
     271                      .dwmtype  $C$DW$T$9
     272              $C$DW$T$9       .dwtag  DW_TAG_base_type
     273                      .dwattr $C$DW$T$9, DW_AT_encoding(DW_ATE_unsigned)
     274                      .dwattr $C$DW$T$9, DW_AT_name("unsigned short")
     275                      .dwattr $C$DW$T$9, DW_AT_byte_size(0x01)
     276              
     277                      .dwendtag $C$DW$TU$9
     278              
     279              
     280              $C$DW$TU$10     .dwtag  DW_TAG_type_unit
     281                      .dwmtype  $C$DW$T$10
     282              $C$DW$T$10      .dwtag  DW_TAG_base_type
     283                      .dwattr $C$DW$T$10, DW_AT_encoding(DW_ATE_signed)
     284                      .dwattr $C$DW$T$10, DW_AT_name("int")
     285                      .dwattr $C$DW$T$10, DW_AT_byte_size(0x02)
     286              
     287                      .dwendtag $C$DW$TU$10
     288              
     289              
     290              $C$DW$TU$11     .dwtag  DW_TAG_type_unit
     291                      .dwmtype  $C$DW$T$11
     292              $C$DW$T$11      .dwtag  DW_TAG_base_type
     293                      .dwattr $C$DW$T$11, DW_AT_encoding(DW_ATE_unsigned)
     294                      .dwattr $C$DW$T$11, DW_AT_name("unsigned int")
     295                      .dwattr $C$DW$T$11, DW_AT_byte_size(0x02)
     296              
     297                      .dwendtag $C$DW$TU$11
     298              
     299              
     300              $C$DW$TU$12     .dwtag  DW_TAG_type_unit
     301                      .dwmtype  $C$DW$T$12
     302              $C$DW$T$12      .dwtag  DW_TAG_base_type
     303                      .dwattr $C$DW$T$12, DW_AT_encoding(DW_ATE_signed)
     304                      .dwattr $C$DW$T$12, DW_AT_name("long")
     305                      .dwattr $C$DW$T$12, DW_AT_byte_size(0x02)
     306              
     307                      .dwendtag $C$DW$TU$12
     308              
     309              
     310              $C$DW$TU$13     .dwtag  DW_TAG_type_unit
     311                      .dwmtype  $C$DW$T$13
     312              $C$DW$T$13      .dwtag  DW_TAG_base_type
     313                      .dwattr $C$DW$T$13, DW_AT_encoding(DW_ATE_unsigned)
     314                      .dwattr $C$DW$T$13, DW_AT_name("unsigned long")
TMS320C2000 Assembler PC v22.6.2 Sun Jan 25 20:51:26 2026

Copyright (c) 1996-2018 Texas Instruments Incorporated
fcl_f2837x_tmdxiddk_cla_tasks.asm                                    PAGE    7

     315                      .dwattr $C$DW$T$13, DW_AT_byte_size(0x02)
     316              
     317                      .dwendtag $C$DW$TU$13
     318              
     319              
     320              $C$DW$TU$14     .dwtag  DW_TAG_type_unit
     321                      .dwmtype  $C$DW$T$14
     322              $C$DW$T$14      .dwtag  DW_TAG_base_type
     323                      .dwattr $C$DW$T$14, DW_AT_encoding(DW_ATE_signed)
     324                      .dwattr $C$DW$T$14, DW_AT_name("long long")
     325                      .dwattr $C$DW$T$14, DW_AT_byte_size(0x04)
     326              
     327                      .dwendtag $C$DW$TU$14
     328              
     329              
     330              $C$DW$TU$15     .dwtag  DW_TAG_type_unit
     331                      .dwmtype  $C$DW$T$15
     332              $C$DW$T$15      .dwtag  DW_TAG_base_type
     333                      .dwattr $C$DW$T$15, DW_AT_encoding(DW_ATE_unsigned)
     334                      .dwattr $C$DW$T$15, DW_AT_name("unsigned long long")
     335                      .dwattr $C$DW$T$15, DW_AT_byte_size(0x04)
     336              
     337                      .dwendtag $C$DW$TU$15
     338              
     339              
     340              $C$DW$TU$16     .dwtag  DW_TAG_type_unit
     341                      .dwmtype  $C$DW$T$16
     342              $C$DW$T$16      .dwtag  DW_TAG_base_type
     343                      .dwattr $C$DW$T$16, DW_AT_encoding(DW_ATE_float)
     344                      .dwattr $C$DW$T$16, DW_AT_name("float")
     345                      .dwattr $C$DW$T$16, DW_AT_byte_size(0x02)
     346              
     347                      .dwendtag $C$DW$TU$16
     348              
     349              
     350              $C$DW$TU$17     .dwtag  DW_TAG_type_unit
     351                      .dwmtype  $C$DW$T$17
     352              $C$DW$T$17      .dwtag  DW_TAG_base_type
     353                      .dwattr $C$DW$T$17, DW_AT_encoding(DW_ATE_float)
     354                      .dwattr $C$DW$T$17, DW_AT_name("double")
     355                      .dwattr $C$DW$T$17, DW_AT_byte_size(0x04)
     356              
     357                      .dwendtag $C$DW$TU$17
     358              
     359              
     360              $C$DW$TU$18     .dwtag  DW_TAG_type_unit
     361                      .dwmtype  $C$DW$T$18
     362              $C$DW$T$18      .dwtag  DW_TAG_base_type
     363                      .dwattr $C$DW$T$18, DW_AT_encoding(DW_ATE_float)
     364                      .dwattr $C$DW$T$18, DW_AT_name("long double")
     365                      .dwattr $C$DW$T$18, DW_AT_byte_size(0x04)
     366              
     367                      .dwendtag $C$DW$TU$18
     368              

No Assembly Errors, No Assembly Warnings
